Archive member included to satisfy reference by file (symbol)

c:/program files (x86)/atollic/truestudio for stm32 9.0.1/armtools/bin/../lib/gcc/arm-atollic-eabi/6.3.1/../../../../arm-atollic-eabi/lib/armv7e-m/fpu\libc_nano.a(lib_a-init.o)
                              startup\startup_stm32f429xx.o (__libc_init_array)
c:/program files (x86)/atollic/truestudio for stm32 9.0.1/armtools/bin/../lib/gcc/arm-atollic-eabi/6.3.1/../../../../arm-atollic-eabi/lib/armv7e-m/fpu\libc_nano.a(lib_a-malloc.o)
                              Middlewares\ST\STM32_USB_Device_Library\Class\CDC\Src\usbd_cdc.o (malloc)
c:/program files (x86)/atollic/truestudio for stm32 9.0.1/armtools/bin/../lib/gcc/arm-atollic-eabi/6.3.1/../../../../arm-atollic-eabi/lib/armv7e-m/fpu\libc_nano.a(lib_a-memcpy-stub.o)
                              Core\Src\process.o (memcpy)
c:/program files (x86)/atollic/truestudio for stm32 9.0.1/armtools/bin/../lib/gcc/arm-atollic-eabi/6.3.1/../../../../arm-atollic-eabi/lib/armv7e-m/fpu\libc_nano.a(lib_a-memset.o)
                              Core\Src\process.o (memset)
c:/program files (x86)/atollic/truestudio for stm32 9.0.1/armtools/bin/../lib/gcc/arm-atollic-eabi/6.3.1/../../../../arm-atollic-eabi/lib/armv7e-m/fpu\libc_nano.a(lib_a-nano-freer.o)
                              c:/program files (x86)/atollic/truestudio for stm32 9.0.1/armtools/bin/../lib/gcc/arm-atollic-eabi/6.3.1/../../../../arm-atollic-eabi/lib/armv7e-m/fpu\libc_nano.a(lib_a-malloc.o) (_free_r)
c:/program files (x86)/atollic/truestudio for stm32 9.0.1/armtools/bin/../lib/gcc/arm-atollic-eabi/6.3.1/../../../../arm-atollic-eabi/lib/armv7e-m/fpu\libc_nano.a(lib_a-nano-mallocr.o)
                              c:/program files (x86)/atollic/truestudio for stm32 9.0.1/armtools/bin/../lib/gcc/arm-atollic-eabi/6.3.1/../../../../arm-atollic-eabi/lib/armv7e-m/fpu\libc_nano.a(lib_a-malloc.o) (_malloc_r)
c:/program files (x86)/atollic/truestudio for stm32 9.0.1/armtools/bin/../lib/gcc/arm-atollic-eabi/6.3.1/../../../../arm-atollic-eabi/lib/armv7e-m/fpu\libc_nano.a(lib_a-sbrkr.o)
                              c:/program files (x86)/atollic/truestudio for stm32 9.0.1/armtools/bin/../lib/gcc/arm-atollic-eabi/6.3.1/../../../../arm-atollic-eabi/lib/armv7e-m/fpu\libc_nano.a(lib_a-nano-mallocr.o) (_sbrk_r)
c:/program files (x86)/atollic/truestudio for stm32 9.0.1/armtools/bin/../lib/gcc/arm-atollic-eabi/6.3.1/../../../../arm-atollic-eabi/lib/armv7e-m/fpu\libc_nano.a(lib_a-strlen.o)
                              Drivers\BSP\src\bsp_usb.o (strlen)
c:/program files (x86)/atollic/truestudio for stm32 9.0.1/armtools/bin/../lib/gcc/arm-atollic-eabi/6.3.1/../../../../arm-atollic-eabi/lib/armv7e-m/fpu\libc_nano.a(lib_a-impure.o)
                              c:/program files (x86)/atollic/truestudio for stm32 9.0.1/armtools/bin/../lib/gcc/arm-atollic-eabi/6.3.1/../../../../arm-atollic-eabi/lib/armv7e-m/fpu\libc_nano.a(lib_a-malloc.o) (_impure_ptr)
c:/program files (x86)/atollic/truestudio for stm32 9.0.1/armtools/bin/../lib/gcc/arm-atollic-eabi/6.3.1/../../../../arm-atollic-eabi/lib/armv7e-m/fpu\libc_nano.a(lib_a-mlock.o)
                              c:/program files (x86)/atollic/truestudio for stm32 9.0.1/armtools/bin/../lib/gcc/arm-atollic-eabi/6.3.1/../../../../arm-atollic-eabi/lib/armv7e-m/fpu\libc_nano.a(lib_a-nano-freer.o) (__malloc_lock)
c:/program files (x86)/atollic/truestudio for stm32 9.0.1/armtools/bin/../lib/gcc/arm-atollic-eabi/6.3.1/../../../../arm-atollic-eabi/lib/armv7e-m/fpu\libc_nano.a(lib_a-reent.o)
                              c:/program files (x86)/atollic/truestudio for stm32 9.0.1/armtools/bin/../lib/gcc/arm-atollic-eabi/6.3.1/../../../../arm-atollic-eabi/lib/armv7e-m/fpu\libc_nano.a(lib_a-sbrkr.o) (errno)
c:/program files (x86)/atollic/truestudio for stm32 9.0.1/armtools/bin/../lib/gcc/arm-atollic-eabi/6.3.1/../../../../arm-atollic-eabi/lib/armv7e-m/fpu\libm.a(lib_a-w_log10.o)
                              Core\Src\process.o (log10)
c:/program files (x86)/atollic/truestudio for stm32 9.0.1/armtools/bin/../lib/gcc/arm-atollic-eabi/6.3.1/../../../../arm-atollic-eabi/lib/armv7e-m/fpu\libm.a(lib_a-e_log10.o)
                              c:/program files (x86)/atollic/truestudio for stm32 9.0.1/armtools/bin/../lib/gcc/arm-atollic-eabi/6.3.1/../../../../arm-atollic-eabi/lib/armv7e-m/fpu\libm.a(lib_a-w_log10.o) (__ieee754_log10)
c:/program files (x86)/atollic/truestudio for stm32 9.0.1/armtools/bin/../lib/gcc/arm-atollic-eabi/6.3.1/../../../../arm-atollic-eabi/lib/armv7e-m/fpu\libm.a(lib_a-s_lib_ver.o)
                              c:/program files (x86)/atollic/truestudio for stm32 9.0.1/armtools/bin/../lib/gcc/arm-atollic-eabi/6.3.1/../../../../arm-atollic-eabi/lib/armv7e-m/fpu\libm.a(lib_a-w_log10.o) (__fdlib_version)
c:/program files (x86)/atollic/truestudio for stm32 9.0.1/armtools/bin/../lib/gcc/arm-atollic-eabi/6.3.1/../../../../arm-atollic-eabi/lib/armv7e-m/fpu\libm.a(lib_a-s_matherr.o)
[...]
Memory Configuration

Name             Origin             Length             Attributes
RAM              0x20000000         0x00030000         xrw
CCMRAM           0x10000000         0x00010000         rw
FLASH            0x08000000         0x000fc000         xr
*default*        0x00000000         0xffffffff

Linker script and memory map

LOAD c:/program files (x86)/atollic/truestudio for stm32 9.0.1/armtools/bin/../lib/gcc/arm-atollic-eabi/6.3.1/armv7e-m/fpu/crti.o
LOAD c:/program files (x86)/atollic/truestudio for stm32 9.0.1/armtools/bin/../lib/gcc/arm-atollic-eabi/6.3.1/armv7e-m/fpu/crtbegin.o
LOAD Core\Src\main.o
LOAD Core\Src\process.o
LOAD Core\Src\protocol.o
LOAD Core\Src\stm32f4xx_hal_msp.o
LOAD Core\Src\stm32f4xx_hal_timebase_TIM.o
LOAD Core\Src\stm32f4xx_it.o
LOAD Core\Src\system_stm32f4xx.o
LOAD Core\Src\tcd1304ap.o
LOAD Drivers\BSP\src\bsp_adc.o
LOAD Drivers\BSP\src\bsp_flash.o
LOAD Drivers\BSP\src\bsp_timers.o
LOAD Drivers\BSP\src\bsp_usb.o
LOAD Drivers\STM32F4xx_HAL_Driver\Src\stm32f4xx_hal.o
LOAD Drivers\STM32F4xx_HAL_Driver\Src\stm32f4xx_hal_adc.o
LOAD Drivers\STM32F4xx_HAL_Driver\Src\stm32f4xx_hal_adc_ex.o
LOAD Drivers\STM32F4xx_HAL_Driver\Src\stm32f4xx_hal_can.o
LOAD Drivers\STM32F4xx_HAL_Driver\Src\stm32f4xx_hal_cortex.o
LOAD Drivers\STM32F4xx_HAL_Driver\Src\stm32f4xx_hal_dma.o
LOAD Drivers\STM32F4xx_HAL_Driver\Src\stm32f4xx_hal_dma_ex.o
LOAD Drivers\STM32F4xx_HAL_Driver\Src\stm32f4xx_hal_flash.o
LOAD Drivers\STM32F4xx_HAL_Driver\Src\stm32f4xx_hal_flash_ex.o
LOAD Drivers\STM32F4xx_HAL_Driver\Src\stm32f4xx_hal_flash_ramfunc.o
LOAD Drivers\STM32F4xx_HAL_Driver\Src\stm32f4xx_hal_gpio.o
LOAD Drivers\STM32F4xx_HAL_Driver\Src\stm32f4xx_hal_pcd.o
LOAD Drivers\STM32F4xx_HAL_Driver\Src\stm32f4xx_hal_pcd_ex.o
LOAD Drivers\STM32F4xx_HAL_Driver\Src\stm32f4xx_hal_pwr.o
LOAD Drivers\STM32F4xx_HAL_Driver\Src\stm32f4xx_hal_pwr_ex.o
LOAD Drivers\STM32F4xx_HAL_Driver\Src\stm32f4xx_hal_rcc.o
LOAD Drivers\STM32F4xx_HAL_Driver\Src\stm32f4xx_hal_rcc_ex.o
LOAD Drivers\STM32F4xx_HAL_Driver\Src\stm32f4xx_hal_spi.o
LOAD Drivers\STM32F4xx_HAL_Driver\Src\stm32f4xx_hal_tim.o
LOAD Drivers\STM32F4xx_HAL_Driver\Src\stm32f4xx_hal_tim_ex.o
LOAD Drivers\STM32F4xx_HAL_Driver\Src\stm32f4xx_ll_usb.o
LOAD Middlewares\ST\STM32_USB_Device_Library\Class\CDC\Src\usbd_cdc.o
LOAD Middlewares\ST\STM32_USB_Device_Library\Core\Src\usb_device.o
LOAD Middlewares\ST\STM32_USB_Device_Library\Core\Src\usbd_cdc_if.o
LOAD Middlewares\ST\STM32_USB_Device_Library\Core\Src\usbd_conf.o
LOAD Middlewares\ST\STM32_USB_Device_Library\Core\Src\usbd_core.o
LOAD Middlewares\ST\STM32_USB_Device_Library\Core\Src\usbd_ctlreq.o
LOAD Middlewares\ST\STM32_USB_Device_Library\Core\Src\usbd_desc.o
LOAD Middlewares\ST\STM32_USB_Device_Library\Core\Src\usbd_ioreq.o
LOAD Middlewares\Third_Party\FreeRTOS\Source\CMSIS_RTOS\cmsis_os.o
LOAD Middlewares\Third_Party\FreeRTOS\Source\croutine.o
LOAD Middlewares\Third_Party\FreeRTOS\Source\event_groups.o
LOAD Middlewares\Third_Party\FreeRTOS\Source\freertos.o
LOAD Middlewares\Third_Party\FreeRTOS\Source\list.o
LOAD Middlewares\Third_Party\FreeRTOS\Source\portable\MemMang\heap_4.o
LOAD Middlewares\Third_Party\FreeRTOS\Source\portable\RVDS\ARM_CM4F\port.o
LOAD Middlewares\Third_Party\FreeRTOS\Source\queue.o
LOAD Middlewares\Third_Party\FreeRTOS\Source\tasks.o
LOAD Middlewares\Third_Party\FreeRTOS\Source\timers.o
LOAD startup\startup_stm32f429xx.o
                0x00000080                malloc_getpagesize_P = 0x80
START GROUP
LOAD c:/program files (x86)/atollic/truestudio for stm32 9.0.1/armtools/bin/../lib/gcc/arm-atollic-eabi/6.3.1/../../../../arm-atollic-eabi/lib/armv7e-m/fpu\libc_nano.a
LOAD c:/program files (x86)/atollic/truestudio for stm32 9.0.1/armtools/bin/../lib/gcc/arm-atollic-eabi/6.3.1/../../../../arm-atollic-eabi/lib/armv7e-m/fpu\libm.a
END GROUP
START GROUP
LOAD c:/program files (x86)/atollic/truestudio for stm32 9.0.1/armtools/bin/../lib/gcc/arm-atollic-eabi/6.3.1/armv7e-m/fpu\libgcc.a
LOAD c:/program files (x86)/atollic/truestudio for stm32 9.0.1/armtools/bin/../lib/gcc/arm-atollic-eabi/6.3.1/../../../../arm-atollic-eabi/lib/armv7e-m/fpu\libc_nano.a
END GROUP
START GROUP
LOAD c:/program files (x86)/atollic/truestudio for stm32 9.0.1/armtools/bin/../lib/gcc/arm-atollic-eabi/6.3.1/armv7e-m/fpu\libgcc.a
LOAD c:/program files (x86)/atollic/truestudio for stm32 9.0.1/armtools/bin/../lib/gcc/arm-atollic-eabi/6.3.1/../../../../arm-atollic-eabi/lib/armv7e-m/fpu\libc_nano.a
LOAD c:/program files (x86)/atollic/truestudio for stm32 9.0.1/armtools/bin/../lib/gcc/arm-atollic-eabi/6.3.1/../../../../arm-atollic-eabi/lib/armv7e-m/fpu\libnosys.a
END GROUP
START GROUP
LOAD c:/program files (x86)/atollic/truestudio for stm32 9.0.1/armtools/bin/../lib/gcc/arm-atollic-eabi/6.3.1/armv7e-m/fpu\libgcc.a
LOAD c:/program files (x86)/atollic/truestudio for stm32 9.0.1/armtools/bin/../lib/gcc/arm-atollic-eabi/6.3.1/../../../../arm-atollic-eabi/lib/armv7e-m/fpu\libc_nano.a
LOAD c:/program files (x86)/atollic/truestudio for stm32 9.0.1/armtools/bin/../lib/gcc/arm-atollic-eabi/6.3.1/../../../../arm-atollic-eabi/lib/armv7e-m/fpu\libnosys.a
END GROUP
LOAD c:/program files (x86)/atollic/truestudio for stm32 9.0.1/armtools/bin/../lib/gcc/arm-atollic-eabi/6.3.1/armv7e-m/fpu/crtend.o
LOAD c:/program files (x86)/atollic/truestudio for stm32 9.0.1/armtools/bin/../lib/gcc/arm-atollic-eabi/6.3.1/armv7e-m/fpu/crtn.o
                0x20030000                _estack = 0x20030000
                0x00000000                _Min_Heap_Size = 0x0
                0x00000400                _Min_Stack_Size = 0x400

.isr_vector     0x08000000      0x1ac
                0x08000000                . = ALIGN (0x4)
 *(.isr_vector)
 .isr_vector    0x08000000      0x1ac startup\startup_stm32f429xx.o
                0x08000000                g_pfnVectors
                0x080001ac                . = ALIGN (0x4)

.text           0x080001b0     0x7428
                0x080001b0                . = ALIGN (0x4)
 *(.text)
 .text          0x080001b0       0x40 c:/program files (x86)/atollic/truestudio for stm32 9.0.1/armtools/bin/../lib/gcc/arm-atollic-eabi/6.3.1/armv7e-m/fpu/crtbegin.o
 .text          0x080001f0      0x370 c:/program files (x86)/atollic/truestudio for stm32 9.0.1/armtools/bin/../lib/gcc/arm-atollic-eabi/6.3.1/armv7e-m/fpu\libgcc.a(_arm_addsubdf3.o)
                0x080001f0                __aeabi_drsub
                0x080001f8                __aeabi_dsub
                0x080001f8                __subdf3
                0x080001fc                __aeabi_dadd
                0x080001fc                __adddf3
                0x08000474                __floatunsidf
                0x08000474                __aeabi_ui2d
                0x08000494                __floatsidf
                0x08000494                __aeabi_i2d
                0x080004b8                __aeabi_f2d
                0x080004b8                __extendsfdf2
                0x080004f4                __floatundidf
                0x080004f4                __aeabi_ul2d
                0x08000504                __floatdidf
                0x08000504                __aeabi_l2d
 .text          0x08000560      0x424 c:/program files (x86)/atollic/truestudio for stm32 9.0.1/armtools/bin/../lib/gcc/arm-atollic-eabi/6.3.1/armv7e-m/fpu\libgcc.a(_arm_muldivdf3.o)
                0x08000560                __aeabi_dmul
                0x08000560                __muldf3
                0x080007b4                __divdf3
                0x080007b4                __aeabi_ddiv
 .text          0x08000984      0x110 c:/program files (x86)/atollic/truestudio for stm32 9.0.1/armtools/bin/../lib/gcc/arm-atollic-eabi/6.3.1/armv7e-m/fpu\libgcc.a(_arm_cmpdf2.o)
                0x08000984                __gtdf2
                0x08000984                __gedf2
                0x0800098c                __ltdf2
                0x0800098c                __ledf2
                0x08000994                __nedf2
                0x08000994                __eqdf2
                0x08000994                __cmpdf2
                0x08000a10                __aeabi_cdrcmple
                0x08000a20                __aeabi_cdcmpeq
                0x08000a20                __aeabi_cdcmple
                0x08000a30                __aeabi_dcmpeq
                0x08000a44                __aeabi_dcmplt
                0x08000a58                __aeabi_dcmple
                0x08000a6c                __aeabi_dcmpge
                0x08000a80                __aeabi_dcmpgt
 .text          0x08000a94       0x2c c:/program files (x86)/atollic/truestudio for stm32 9.0.1/armtools/bin/../lib/gcc/arm-atollic-eabi/6.3.1/armv7e-m/fpu\libgcc.a(_arm_unorddf2.o)
                0x08000a94                __unorddf2
                0x08000a94                __aeabi_dcmpun
 .text          0x08000ac0       0xa0 c:/program files (x86)/atollic/truestudio for stm32 9.0.1/armtools/bin/../lib/gcc/arm-atollic-eabi/6.3.1/armv7e-m/fpu\libgcc.a(_arm_truncdfsf2.o)
                0x08000ac0                __truncdfsf2
                0x08000ac0                __aeabi_d2f
 .text          0x08000b60       0x30 c:/program files (x86)/atollic/truestudio for stm32 9.0.1/armtools/bin/../lib/gcc/arm-atollic-eabi/6.3.1/armv7e-m/fpu\libgcc.a(_aeabi_uldivmod.o)
                0x08000b60                __aeabi_uldivmod
 .text          0x08000b90      0x2dc c:/program files (x86)/atollic/truestudio for stm32 9.0.1/armtools/bin/../lib/gcc/arm-atollic-eabi/6.3.1/armv7e-m/fpu\libgcc.a(_udivmoddi4.o)
                0x08000b90                __udivmoddi4
 .text          0x08000e6c        0x4 c:/program files (x86)/atollic/truestudio for stm32 9.0.1/armtools/bin/../lib/gcc/arm-atollic-eabi/6.3.1/armv7e-m/fpu\libgcc.a(_dvmd_tls.o)
                0x08000e6c                __aeabi_idiv0
                0x08000e6c                __aeabi_ldiv0
 *(.text*)
 .text.mainTask
                0x08000e70       0x56 Core\Src\main.o
                0x08000e70                mainTask
 *fill*         0x08000ec6        0x2 
 .text.systemClock_Config
                0x08000ec8       0xb8 Core\Src\main.o
                0x08000ec8                systemClock_Config
 .text.portClkInit
                0x08000f80       0x60 Core\Src\main.o
                0x08000f80                portClkInit
 .text.startup.main
                0x08000fe0       0x3c Core\Src\main.o
                0x08000fe0                main
 .text.HAL_TIM_PeriodElapsedCallback
                0x0800101c       0x44 Core\Src\main.o
                0x0800101c                HAL_TIM_PeriodElapsedCallback
 .text.GetRunTimeStatsValue
                0x08001060        0xc Core\Src\main.o
                0x08001060                GetRunTimeStatsValue
 .text.SetupRunTimeStatsTimer
                0x0800106c       0x78 Core\Src\main.o
                0x0800106c                SetupRunTimeStatsTimer
 .text._Error_Handler
                0x080010e4        0x2 Core\Src\main.o
                0x080010e4                _Error_Handler
 *fill*         0x080010e6        0x2 
 .text.Process_Init
                0x080010e8       0x10 Core\Src\process.o
                0x080010e8                Process_Init
 .text.Process_BackgroundUpdate
                0x080010f8       0x48 Core\Src\process.o
                0x080010f8                Process_BackgroundUpdate
 .text.Process_OpticalDensityCalculate
                0x08001140       0x7c Core\Src\process.o
                0x08001140                Process_OpticalDensityCalculate
 .text.Process_Update
                0x080011bc       0xe4 Core\Src\process.o
                0x080011bc                Process_Update
 .text.Process_GetSourcelData
                0x080012a0       0x1c Core\Src\process.o
                0x080012a0                Process_GetSourcelData
 .text.Process_GetOpticalData
                0x080012bc       0x1c Core\Src\process.o
                0x080012bc                Process_GetOpticalData
 .text.Protocol_CreatePacket
                0x080012d8       0x54 Core\Src\protocol.o
                0x080012d8                Protocol_CreatePacket
 .text.Protocol_GetPacketFromStream
                0x0800132c       0xc8 Core\Src\protocol.o
                0x0800132c                Protocol_GetPacketFromStream
 .text.Protocol_SendLinearSensorDataPack
                0x080013f4       0x5c Core\Src\protocol.o
                0x080013f4                Protocol_SendLinearSensorDataPack
 .text.Protocol_SendLinearSensorData
                0x08001450       0x46 Core\Src\protocol.o
                0x08001450                Protocol_SendLinearSensorData
 .text.Protocol_SendPingResponse
                0x08001496       0x22 Core\Src\protocol.o
                0x08001496                Protocol_SendPingResponse
 .text.Protocol_RxPackageAnalysis
                0x080014b8       0x4a Core\Src\protocol.o
                0x080014b8                Protocol_RxPackageAnalysis
 .text.HAL_MspInit
                0x08001502       0x60 Core\Src\stm32f4xx_hal_msp.o
                0x08001502                HAL_MspInit
 *fill*         0x08001562        0x2 
 .text.HAL_TIM_PWM_MspInit
                0x08001564       0xc8 Core\Src\stm32f4xx_hal_msp.o
                0x08001564                HAL_TIM_PWM_MspInit
 .text.HAL_TIM_Base_MspInit
                0x0800162c       0x70 Core\Src\stm32f4xx_hal_msp.o
                0x0800162c                HAL_TIM_Base_MspInit
 .text.HAL_ADC_MspInit
                0x0800169c      0x1a0 Core\Src\stm32f4xx_hal_msp.o
                0x0800169c                HAL_ADC_MspInit
 .text.HAL_InitTick
                0x0800183c       0x7c Core\Src\stm32f4xx_hal_timebase_TIM.o
                0x0800183c                HAL_InitTick
 .text.NMI_Handler
                0x080018b8        0x2 Core\Src\stm32f4xx_it.o
                0x080018b8                NMI_Handler
 .text.HardFault_Handler
                0x080018ba        0x2 Core\Src\stm32f4xx_it.o
                0x080018ba                HardFault_Handler
 .text.MemManage_Handler
                0x080018bc        0x2 Core\Src\stm32f4xx_it.o
                0x080018bc                MemManage_Handler
 .text.BusFault_Handler
                0x080018be        0x2 Core\Src\stm32f4xx_it.o
                0x080018be                BusFault_Handler
 .text.UsageFault_Handler
                0x080018c0        0x2 Core\Src\stm32f4xx_it.o
                0x080018c0                UsageFault_Handler
 .text.DebugMon_Handler
                0x080018c2        0x2 Core\Src\stm32f4xx_it.o
                0x080018c2                DebugMon_Handler
 .text.SysTick_Handler
                0x080018c4        0x4 Core\Src\stm32f4xx_it.o
                0x080018c4                SysTick_Handler
 .text.TIM1_UP_TIM10_IRQHandler
                0x080018c8        0xc Core\Src\stm32f4xx_it.o
                0x080018c8                TIM1_UP_TIM10_IRQHandler
 .text.OTG_FS_IRQHandler
                0x080018d4        0xc Core\Src\stm32f4xx_it.o
                0x080018d4                OTG_FS_IRQHandler
 .text.TIM7_IRQHandler
                0x080018e0        0xc Core\Src\stm32f4xx_it.o
                0x080018e0                TIM7_IRQHandler
 .text.TIM2_IRQHandler
                0x080018ec        0xc Core\Src\stm32f4xx_it.o
                0x080018ec                TIM2_IRQHandler
 .text.TIM3_IRQHandler
                0x080018f8        0xc Core\Src\stm32f4xx_it.o
                0x080018f8                TIM3_IRQHandler
 .text.TIM4_IRQHandler
                0x08001904        0xc Core\Src\stm32f4xx_it.o
                0x08001904                TIM4_IRQHandler
 .text.DMA2_Stream0_IRQHandler
                0x08001910        0xc Core\Src\stm32f4xx_it.o
                0x08001910                DMA2_Stream0_IRQHandler
 .text.DMA2_Stream2_IRQHandler
                0x0800191c        0xc Core\Src\stm32f4xx_it.o
                0x0800191c                DMA2_Stream2_IRQHandler
 .text.ADC_IRQHandler
                0x08001928        0xc Core\Src\stm32f4xx_it.o
                0x08001928                ADC_IRQHandler
 .text.SystemInit
                0x08001934       0x4c Core\Src\system_stm32f4xx.o
                0x08001934                SystemInit
 .text.TCD1304_Task
                0x08001980       0x58 Core\Src\tcd1304ap.o
                0x08001980                TCD1304_Task
 .text.TCD1304_Init
                0x080019d8       0x98 Core\Src\tcd1304ap.o
                0x080019d8                TCD1304_Init
 .text.TCD1304_Start
                0x08001a70       0x34 Core\Src\tcd1304ap.o
                0x08001a70                TCD1304_Start
 .text.TCD1304_DataCallback
                0x08001aa4       0x38 Core\Src\tcd1304ap.o
                0x08001aa4                TCD1304_DataCallback
 .text.HAL_TIM_PWM_PulseFinishedCallback
                0x08001adc       0x4c Core\Src\tcd1304ap.o
                0x08001adc                HAL_TIM_PWM_PulseFinishedCallback
 .text.TCD1304_SampleTimerCallback
                0x08001b28       0x74 Core\Src\tcd1304ap.o
                0x08001b28                TCD1304_SampleTimerCallback
 .text.BSP_ADC_Init
                0x08001b9c      0x14c Drivers\BSP\src\bsp_adc.o
                0x08001b9c                BSP_ADC_Init
 .text.BSP_ADC_Start
                0x08001ce8       0x44 Drivers\BSP\src\bsp_adc.o
                0x08001ce8                BSP_ADC_Start
 .text.HAL_ADC_ConvCpltCallback
                0x08001d2c        0x2 Drivers\BSP\src\bsp_adc.o
                0x08001d2c                HAL_ADC_ConvCpltCallback
 *fill*         0x08001d2e        0x2 
 .text.BSP_GetADCBuf1Value
                0x08001d30        0x8 Drivers\BSP\src\bsp_adc.o
                0x08001d30                BSP_GetADCBuf1Value
 .text.BSP_GetADCBuf2Value
                0x08001d38        0x8 Drivers\BSP\src\bsp_adc.o
                0x08001d38                BSP_GetADCBuf2Value
 .text.BSP_TIM2PWM_Init
                0x08001d40       0x90 Drivers\BSP\src\bsp_timers.o
                0x08001d40                BSP_TIM2PWM_Init
 .text.BSP_TIM4ADC_Init
                0x08001dd0       0x48 Drivers\BSP\src\bsp_timers.o
                0x08001dd0                BSP_TIM4ADC_Init
 .text.BSP_TIM4ADC_Start
                0x08001e18       0x20 Drivers\BSP\src\bsp_timers.o
                0x08001e18                BSP_TIM4ADC_Start
 .text.BSP_TIM4ADC_Stop
                0x08001e38       0x20 Drivers\BSP\src\bsp_timers.o
                0x08001e38                BSP_TIM4ADC_Stop
 .text.BSP_Usb_TxTask
                0x08001e58       0x40 Drivers\BSP\src\bsp_usb.o
                0x08001e58                BSP_Usb_TxTask
 .text.BSP_Usb_RxTask
                0x08001e98       0x48 Drivers\BSP\src\bsp_usb.o
                0x08001e98                BSP_Usb_RxTask
 .text.BSP_Usb_Init
                0x08001ee0       0x84 Drivers\BSP\src\bsp_usb.o
                0x08001ee0                BSP_Usb_Init
 .text.BSP_Usb_ReceiveCallback
                0x08001f64       0x60 Drivers\BSP\src\bsp_usb.o
                0x08001f64                BSP_Usb_ReceiveCallback
 .text.BSP_Usb_SendPackage
                0x08001fc4       0x24 Drivers\BSP\src\bsp_usb.o
                0x08001fc4                BSP_Usb_SendPackage
 .text.HAL_Init
                0x08001fe8       0x34 Drivers\STM32F4xx_HAL_Driver\Src\stm32f4xx_hal.o
                0x08001fe8                HAL_Init
 .text.HAL_IncTick
                0x0800201c       0x18 Drivers\STM32F4xx_HAL_Driver\Src\stm32f4xx_hal.o
                0x0800201c                HAL_IncTick
 .text.HAL_GetTick
                0x08002034        0xc Drivers\STM32F4xx_HAL_Driver\Src\stm32f4xx_hal.o
                0x08002034                HAL_GetTick
 .text.HAL_Delay
                0x08002040       0x28 Drivers\STM32F4xx_HAL_Driver\Src\stm32f4xx_hal.o
                0x08002040                HAL_Delay
 .text.HAL_ADC_Init
                0x08002068      0x148 Drivers\STM32F4xx_HAL_Driver\Src\stm32f4xx_hal_adc.o
                0x08002068                HAL_ADC_Init
 .text.HAL_ADC_Start_DMA
                0x080021b0      0x100 Drivers\STM32F4xx_HAL_Driver\Src\stm32f4xx_hal_adc.o
                0x080021b0                HAL_ADC_Start_DMA
 .text.ADC_DMAConvCplt
                0x080022b0       0x60 Drivers\STM32F4xx_HAL_Driver\Src\stm32f4xx_hal_adc.o
 .text.HAL_ADC_ConvHalfCpltCallback
                0x08002310        0x2 Drivers\STM32F4xx_HAL_Driver\Src\stm32f4xx_hal_adc.o
                0x08002310                HAL_ADC_ConvHalfCpltCallback
 .text.ADC_DMAHalfConvCplt
                0x08002312        0xa Drivers\STM32F4xx_HAL_Driver\Src\stm32f4xx_hal_adc.o
 .text.HAL_ADC_LevelOutOfWindowCallback
                0x0800231c        0x2 Drivers\STM32F4xx_HAL_Driver\Src\stm32f4xx_hal_adc.o
                0x0800231c                HAL_ADC_LevelOutOfWindowCallback
 .text.HAL_ADC_ErrorCallback
                0x0800231e        0x2 Drivers\STM32F4xx_HAL_Driver\Src\stm32f4xx_hal_adc.o
                0x0800231e                HAL_ADC_ErrorCallback
 .text.HAL_ADC_IRQHandler
                0x08002320      0x128 Drivers\STM32F4xx_HAL_Driver\Src\stm32f4xx_hal_adc.o
                0x08002320                HAL_ADC_IRQHandler
 .text.ADC_DMAError
                0x08002448       0x16 Drivers\STM32F4xx_HAL_Driver\Src\stm32f4xx_hal_adc.o
 *fill*         0x0800245e        0x2 
 .text.HAL_ADC_ConfigChannel
                0x08002460      0x130 Drivers\STM32F4xx_HAL_Driver\Src\stm32f4xx_hal_adc.o
                0x08002460                HAL_ADC_ConfigChannel
 .text.HAL_ADCEx_InjectedConvCpltCallback
                0x08002590        0x2 Drivers\STM32F4xx_HAL_Driver\Src\stm32f4xx_hal_adc_ex.o
                0x08002590                HAL_ADCEx_InjectedConvCpltCallback
 *fill*         0x08002592        0x2 
 .text.HAL_NVIC_SetPriorityGrouping
                0x08002594       0x24 Drivers\STM32F4xx_HAL_Driver\Src\stm32f4xx_hal_cortex.o
                0x08002594                HAL_NVIC_SetPriorityGrouping
 .text.HAL_NVIC_SetPriority
                0x080025b8       0x68 Drivers\STM32F4xx_HAL_Driver\Src\stm32f4xx_hal_cortex.o
                0x080025b8                HAL_NVIC_SetPriority
 .text.HAL_NVIC_EnableIRQ
                0x08002620       0x18 Drivers\STM32F4xx_HAL_Driver\Src\stm32f4xx_hal_cortex.o
                0x08002620                HAL_NVIC_EnableIRQ
 .text.HAL_SYSTICK_Config
                0x08002638       0x2c Drivers\STM32F4xx_HAL_Driver\Src\stm32f4xx_hal_cortex.o
                0x08002638                HAL_SYSTICK_Config
 .text.HAL_SYSTICK_CLKSourceConfig
                0x08002664       0x18 Drivers\STM32F4xx_HAL_Driver\Src\stm32f4xx_hal_cortex.o
                0x08002664                HAL_SYSTICK_CLKSourceConfig
 .text.DMA_CalcBaseAndBitshift
                0x0800267c       0x2c Drivers\STM32F4xx_HAL_Driver\Src\stm32f4xx_hal_dma.o
 .text.HAL_DMA_Init
                0x080026a8       0xfc Drivers\STM32F4xx_HAL_Driver\Src\stm32f4xx_hal_dma.o
                0x080026a8                HAL_DMA_Init
 .text.HAL_DMA_Start_IT
                0x080027a4       0x7c Drivers\STM32F4xx_HAL_Driver\Src\stm32f4xx_hal_dma.o
                0x080027a4                HAL_DMA_Start_IT
 .text.HAL_DMA_IRQHandler
                0x08002820      0x174 Drivers\STM32F4xx_HAL_Driver\Src\stm32f4xx_hal_dma.o
                0x08002820                HAL_DMA_IRQHandler
 .text.HAL_GPIO_Init
                0x08002994      0x1d8 Drivers\STM32F4xx_HAL_Driver\Src\stm32f4xx_hal_gpio.o
                0x08002994                HAL_GPIO_Init
 .text.HAL_GPIO_WritePin
                0x08002b6c        0xa Drivers\STM32F4xx_HAL_Driver\Src\stm32f4xx_hal_gpio.o
                0x08002b6c                HAL_GPIO_WritePin
 .text.HAL_PCD_Init
                0x08002b76       0xd8 Drivers\STM32F4xx_HAL_Driver\Src\stm32f4xx_hal_pcd.o
                0x08002b76                HAL_PCD_Init
 .text.HAL_PCD_Start
                0x08002c4e       0x2a Drivers\STM32F4xx_HAL_Driver\Src\stm32f4xx_hal_pcd.o
                0x08002c4e                HAL_PCD_Start
 .text.HAL_PCD_IRQHandler
                0x08002c78      0x558 Drivers\STM32F4xx_HAL_Driver\Src\stm32f4xx_hal_pcd.o
                0x08002c78                HAL_PCD_IRQHandler
 .text.HAL_PCD_SetAddress
                0x080031d0       0x24 Drivers\STM32F4xx_HAL_Driver\Src\stm32f4xx_hal_pcd.o
                0x080031d0                HAL_PCD_SetAddress
 .text.HAL_PCD_EP_Open
                0x080031f4       0x5c Drivers\STM32F4xx_HAL_Driver\Src\stm32f4xx_hal_pcd.o
                0x080031f4                HAL_PCD_EP_Open
 .text.HAL_PCD_EP_Close
                0x08003250       0x46 Drivers\STM32F4xx_HAL_Driver\Src\stm32f4xx_hal_pcd.o
                0x08003250                HAL_PCD_EP_Close
 .text.HAL_PCD_EP_Receive
                0x08003296       0x48 Drivers\STM32F4xx_HAL_Driver\Src\stm32f4xx_hal_pcd.o
                0x08003296                HAL_PCD_EP_Receive
 .text.HAL_PCD_EP_GetRxCount
                0x080032de       0x10 Drivers\STM32F4xx_HAL_Driver\Src\stm32f4xx_hal_pcd.o
                0x080032de                HAL_PCD_EP_GetRxCount
 .text.HAL_PCD_EP_Transmit
                0x080032ee       0x40 Drivers\STM32F4xx_HAL_Driver\Src\stm32f4xx_hal_pcd.o
                0x080032ee                HAL_PCD_EP_Transmit
 .text.HAL_PCD_EP_SetStall
                0x0800332e       0x58 Drivers\STM32F4xx_HAL_Driver\Src\stm32f4xx_hal_pcd.o
                0x0800332e                HAL_PCD_EP_SetStall
 .text.HAL_PCD_EP_ClrStall
                0x08003386       0x4a Drivers\STM32F4xx_HAL_Driver\Src\stm32f4xx_hal_pcd.o
                0x08003386                HAL_PCD_EP_ClrStall
 .text.HAL_PCDEx_SetTxFiFo
                0x080033d0       0x42 Drivers\STM32F4xx_HAL_Driver\Src\stm32f4xx_hal_pcd_ex.o
                0x080033d0                HAL_PCDEx_SetTxFiFo
 .text.HAL_PCDEx_SetRxFiFo
                0x08003412        0x8 Drivers\STM32F4xx_HAL_Driver\Src\stm32f4xx_hal_pcd_ex.o
                0x08003412                HAL_PCDEx_SetRxFiFo
 *fill*         0x0800341a        0x2 
 .text.HAL_RCC_OscConfig
                0x0800341c      0x304 Drivers\STM32F4xx_HAL_Driver\Src\stm32f4xx_hal_rcc.o
                0x0800341c                HAL_RCC_OscConfig
 .text.HAL_RCC_MCOConfig
                0x08003720       0x98 Drivers\STM32F4xx_HAL_Driver\Src\stm32f4xx_hal_rcc.o
                0x08003720                HAL_RCC_MCOConfig
 .text.HAL_RCC_GetSysClockFreq
                0x080037b8       0x5c Drivers\STM32F4xx_HAL_Driver\Src\stm32f4xx_hal_rcc.o
                0x080037b8                HAL_RCC_GetSysClockFreq
 .text.HAL_RCC_ClockConfig
                0x08003814      0x134 Drivers\STM32F4xx_HAL_Driver\Src\stm32f4xx_hal_rcc.o
                0x08003814                HAL_RCC_ClockConfig
 .text.HAL_RCC_GetHCLKFreq
                0x08003948        0xc Drivers\STM32F4xx_HAL_Driver\Src\stm32f4xx_hal_rcc.o
                0x08003948                HAL_RCC_GetHCLKFreq
 .text.HAL_RCC_GetPCLK2Freq
                0x08003954       0x20 Drivers\STM32F4xx_HAL_Driver\Src\stm32f4xx_hal_rcc.o
                0x08003954                HAL_RCC_GetPCLK2Freq
 .text.HAL_RCC_GetClockConfig
                0x08003974       0x3c Drivers\STM32F4xx_HAL_Driver\Src\stm32f4xx_hal_rcc.o
                0x08003974                HAL_RCC_GetClockConfig
 .text.TIM_OC1_SetConfig
                0x080039b0       0x58 Drivers\STM32F4xx_HAL_Driver\Src\stm32f4xx_hal_tim.o
 .text.TIM_OC3_SetConfig
                0x08003a08       0x60 Drivers\STM32F4xx_HAL_Driver\Src\stm32f4xx_hal_tim.o
 .text.TIM_OC4_SetConfig
                0x08003a68       0x50 Drivers\STM32F4xx_HAL_Driver\Src\stm32f4xx_hal_tim.o
 .text.HAL_TIM_Base_Start_IT
                0x08003ab8       0x16 Drivers\STM32F4xx_HAL_Driver\Src\stm32f4xx_hal_tim.o
                0x08003ab8                HAL_TIM_Base_Start_IT
 .text.HAL_TIM_Base_Stop_IT
                0x08003ace       0x2a Drivers\STM32F4xx_HAL_Driver\Src\stm32f4xx_hal_tim.o
                0x08003ace                HAL_TIM_Base_Stop_IT
 .text.HAL_TIM_OC_DelayElapsedCallback
                0x08003af8        0x2 Drivers\STM32F4xx_HAL_Driver\Src\stm32f4xx_hal_tim.o
                0x08003af8                HAL_TIM_OC_DelayElapsedCallback
 .text.HAL_TIM_IC_CaptureCallback
                0x08003afa        0x2 Drivers\STM32F4xx_HAL_Driver\Src\stm32f4xx_hal_tim.o
                0x08003afa                HAL_TIM_IC_CaptureCallback
 .text.HAL_TIM_TriggerCallback
                0x08003afc        0x2 Drivers\STM32F4xx_HAL_Driver\Src\stm32f4xx_hal_tim.o
                0x08003afc                HAL_TIM_TriggerCallback
 .text.HAL_TIM_IRQHandler
                0x08003afe      0x144 Drivers\STM32F4xx_HAL_Driver\Src\stm32f4xx_hal_tim.o
                0x08003afe                HAL_TIM_IRQHandler
 *fill*         0x08003c42        0x2 
 .text.TIM_Base_SetConfig
                0x08003c44       0xc8 Drivers\STM32F4xx_HAL_Driver\Src\stm32f4xx_hal_tim.o
                0x08003c44                TIM_Base_SetConfig
 .text.HAL_TIM_Base_Init
                0x08003d0c       0x34 Drivers\STM32F4xx_HAL_Driver\Src\stm32f4xx_hal_tim.o
                0x08003d0c                HAL_TIM_Base_Init
 .text.HAL_TIM_PWM_Init
                0x08003d40       0x34 Drivers\STM32F4xx_HAL_Driver\Src\stm32f4xx_hal_tim.o
                0x08003d40                HAL_TIM_PWM_Init
 .text.TIM_OC2_SetConfig
                0x08003d74       0x60 Drivers\STM32F4xx_HAL_Driver\Src\stm32f4xx_hal_tim.o
                0x08003d74                TIM_OC2_SetConfig
 .text.HAL_TIM_PWM_ConfigChannel
                0x08003dd4       0xc4 Drivers\STM32F4xx_HAL_Driver\Src\stm32f4xx_hal_tim.o
                0x08003dd4                HAL_TIM_PWM_ConfigChannel
 .text.TIM_CCxChannelCmd
                0x08003e98       0x18 Drivers\STM32F4xx_HAL_Driver\Src\stm32f4xx_hal_tim.o
                0x08003e98                TIM_CCxChannelCmd
 .text.HAL_TIM_PWM_Start_IT
                0x08003eb0       0x74 Drivers\STM32F4xx_HAL_Driver\Src\stm32f4xx_hal_tim.o
                0x08003eb0                HAL_TIM_PWM_Start_IT
 .text.HAL_TIMEx_CommutationCallback
                0x08003f24        0x2 Drivers\STM32F4xx_HAL_Driver\Src\stm32f4xx_hal_tim_ex.o
                0x08003f24                HAL_TIMEx_CommutationCallback
 .text.HAL_TIMEx_BreakCallback
                0x08003f26        0x2 Drivers\STM32F4xx_HAL_Driver\Src\stm32f4xx_hal_tim_ex.o
                0x08003f26                HAL_TIMEx_BreakCallback
 .text.USB_CoreInit
                0x08003f28       0x74 Drivers\STM32F4xx_HAL_Driver\Src\stm32f4xx_ll_usb.o
                0x08003f28                USB_CoreInit
 .text.USB_EnableGlobalInt
                0x08003f9c        0xc Drivers\STM32F4xx_HAL_Driver\Src\stm32f4xx_ll_usb.o
                0x08003f9c                USB_EnableGlobalInt
 .text.USB_DisableGlobalInt
                0x08003fa8        0xc Drivers\STM32F4xx_HAL_Driver\Src\stm32f4xx_ll_usb.o
                0x08003fa8                USB_DisableGlobalInt
 .text.USB_SetCurrentMode
                0x08003fb4       0x2e Drivers\STM32F4xx_HAL_Driver\Src\stm32f4xx_ll_usb.o
                0x08003fb4                USB_SetCurrentMode
 *fill*         0x08003fe2        0x2 
 .text.USB_DevInit
                0x08003fe4      0x138 Drivers\STM32F4xx_HAL_Driver\Src\stm32f4xx_ll_usb.o
                0x08003fe4                USB_DevInit
 .text.USB_FlushTxFifo
                0x0800411c       0x24 Drivers\STM32F4xx_HAL_Driver\Src\stm32f4xx_ll_usb.o
                0x0800411c                USB_FlushTxFifo
 .text.USB_FlushRxFifo
                0x08004140       0x20 Drivers\STM32F4xx_HAL_Driver\Src\stm32f4xx_ll_usb.o
                0x08004140                USB_FlushRxFifo
 .text.USB_SetDevSpeed
                0x08004160        0xe Drivers\STM32F4xx_HAL_Driver\Src\stm32f4xx_ll_usb.o
                0x08004160                USB_SetDevSpeed
 .text.USB_GetDevSpeed
                0x0800416e       0x36 Drivers\STM32F4xx_HAL_Driver\Src\stm32f4xx_ll_usb.o
                0x0800416e                USB_GetDevSpeed
 .text.USB_ActivateEndpoint
                0x080041a4       0x7e Drivers\STM32F4xx_HAL_Driver\Src\stm32f4xx_ll_usb.o
                0x080041a4                USB_ActivateEndpoint
 .text.USB_DeactivateEndpoint
                0x08004222        0x4 Drivers\STM32F4xx_HAL_Driver\Src\stm32f4xx_ll_usb.o
                0x08004222                USB_DeactivateEndpoint
 *fill*         0x08004226        0x2 
 .text.USB_DeactivateDedicatedEndpoint
                0x08004228       0xb0 Drivers\STM32F4xx_HAL_Driver\Src\stm32f4xx_ll_usb.o
                0x08004228                USB_DeactivateDedicatedEndpoint
 .text.USB_EPStartXfer
                0x080042d8      0x18c Drivers\STM32F4xx_HAL_Driver\Src\stm32f4xx_ll_usb.o
                0x080042d8                USB_EPStartXfer
 .text.USB_EP0StartXfer
                0x08004464       0xda Drivers\STM32F4xx_HAL_Driver\Src\stm32f4xx_ll_usb.o
                0x08004464                USB_EP0StartXfer
 .text.USB_WritePacket
                0x0800453e       0x28 Drivers\STM32F4xx_HAL_Driver\Src\stm32f4xx_ll_usb.o
                0x0800453e                USB_WritePacket
 .text.USB_ReadPacket
                0x08004566       0x1c Drivers\STM32F4xx_HAL_Driver\Src\stm32f4xx_ll_usb.o
                0x08004566                USB_ReadPacket
 .text.USB_EPSetStall
                0x08004582       0x3e Drivers\STM32F4xx_HAL_Driver\Src\stm32f4xx_ll_usb.o
                0x08004582                USB_EPSetStall
 .text.USB_EPClearStall
                0x080045c0       0x32 Drivers\STM32F4xx_HAL_Driver\Src\stm32f4xx_ll_usb.o
                0x080045c0                USB_EPClearStall
 .text.USB_SetDevAddress
                0x080045f2       0x20 Drivers\STM32F4xx_HAL_Driver\Src\stm32f4xx_ll_usb.o
                0x080045f2                USB_SetDevAddress
 .text.USB_DevConnect
                0x08004612       0x18 Drivers\STM32F4xx_HAL_Driver\Src\stm32f4xx_ll_usb.o
                0x08004612                USB_DevConnect
 .text.USB_DevDisconnect
                0x0800462a       0x18 Drivers\STM32F4xx_HAL_Driver\Src\stm32f4xx_ll_usb.o
                0x0800462a                USB_DevDisconnect
 .text.USB_ReadInterrupts
                0x08004642        0x8 Drivers\STM32F4xx_HAL_Driver\Src\stm32f4xx_ll_usb.o
                0x08004642                USB_ReadInterrupts
 .text.USB_ReadDevAllOutEpInterrupt
                0x0800464a       0x10 Drivers\STM32F4xx_HAL_Driver\Src\stm32f4xx_ll_usb.o
                0x0800464a                USB_ReadDevAllOutEpInterrupt
 .text.USB_ReadDevAllInEpInterrupt
                0x0800465a       0x10 Drivers\STM32F4xx_HAL_Driver\Src\stm32f4xx_ll_usb.o
                0x0800465a                USB_ReadDevAllInEpInterrupt
 .text.USB_ReadDevOutEPInterrupt
                0x0800466a       0x14 Drivers\STM32F4xx_HAL_Driver\Src\stm32f4xx_ll_usb.o
                0x0800466a                USB_ReadDevOutEPInterrupt
 .text.USB_ReadDevInEPInterrupt
                0x0800467e       0x20 Drivers\STM32F4xx_HAL_Driver\Src\stm32f4xx_ll_usb.o
                0x0800467e                USB_ReadDevInEPInterrupt
 .text.USB_GetMode
                0x0800469e        0x8 Drivers\STM32F4xx_HAL_Driver\Src\stm32f4xx_ll_usb.o
                0x0800469e                USB_GetMode
 .text.USB_ActivateSetup
                0x080046a6       0x36 Drivers\STM32F4xx_HAL_Driver\Src\stm32f4xx_ll_usb.o
                0x080046a6                USB_ActivateSetup
 .text.USB_EP0_OutStart
                0x080046dc       0x46 Drivers\STM32F4xx_HAL_Driver\Src\stm32f4xx_ll_usb.o
                0x080046dc                USB_EP0_OutStart
 *fill*         0x08004722        0x2 
 .text.USB_CoreReset
                0x08004724       0x30 Drivers\STM32F4xx_HAL_Driver\Src\stm32f4xx_ll_usb.o
 .text.USBD_CDC_DataIn
                0x08004754       0x12 Middlewares\ST\STM32_USB_Device_Library\Class\CDC\Src\usbd_cdc.o
 .text.USBD_CDC_EP0_RxReady
                0x08004766       0x28 Middlewares\ST\STM32_USB_Device_Library\Class\CDC\Src\usbd_cdc.o
 *fill*         0x0800478e        0x2 
 .text.USBD_CDC_GetFSCfgDesc
                0x08004790        0xc Middlewares\ST\STM32_USB_Device_Library\Class\CDC\Src\usbd_cdc.o
 .text.USBD_CDC_GetHSCfgDesc
                0x0800479c        0xc Middlewares\ST\STM32_USB_Device_Library\Class\CDC\Src\usbd_cdc.o
 .text.USBD_CDC_GetOtherSpeedCfgDesc
                0x080047a8        0xc Middlewares\ST\STM32_USB_Device_Library\Class\CDC\Src\usbd_cdc.o
 .text.USBD_CDC_GetDeviceQualifierDescriptor
                0x080047b4        0xc Middlewares\ST\STM32_USB_Device_Library\Class\CDC\Src\usbd_cdc.o
                0x080047b4                USBD_CDC_GetDeviceQualifierDescriptor
 .text.USBD_CDC_DataOut
                0x080047c0       0x2e Middlewares\ST\STM32_USB_Device_Library\Class\CDC\Src\usbd_cdc.o
 *fill*         0x080047ee        0x2 
 .text.USBD_CDC_Setup
                0x080047f0       0x68 Middlewares\ST\STM32_USB_Device_Library\Class\CDC\Src\usbd_cdc.o
 .text.USBD_CDC_DeInit
                0x08004858       0x3a Middlewares\ST\STM32_USB_Device_Library\Class\CDC\Src\usbd_cdc.o
 .text.USBD_CDC_Init
                0x08004892       0x8c Middlewares\ST\STM32_USB_Device_Library\Class\CDC\Src\usbd_cdc.o
 .text.USBD_CDC_RegisterInterface
                0x0800491e        0xe Middlewares\ST\STM32_USB_Device_Library\Class\CDC\Src\usbd_cdc.o
                0x0800491e                USBD_CDC_RegisterInterface
 .text.USBD_CDC_SetTxBuffer
                0x0800492c       0x10 Middlewares\ST\STM32_USB_Device_Library\Class\CDC\Src\usbd_cdc.o
                0x0800492c                USBD_CDC_SetTxBuffer
 .text.USBD_CDC_SetRxBuffer
                0x0800493c        0xc Middlewares\ST\STM32_USB_Device_Library\Class\CDC\Src\usbd_cdc.o
                0x0800493c                USBD_CDC_SetRxBuffer
 .text.USBD_CDC_TransmitPacket
                0x08004948       0x2e Middlewares\ST\STM32_USB_Device_Library\Class\CDC\Src\usbd_cdc.o
                0x08004948                USBD_CDC_TransmitPacket
 .text.USBD_CDC_ReceivePacket
                0x08004976       0x26 Middlewares\ST\STM32_USB_Device_Library\Class\CDC\Src\usbd_cdc.o
                0x08004976                USBD_CDC_ReceivePacket
 .text.MX_USB_DEVICE_Init
                0x0800499c       0x38 Middlewares\ST\STM32_USB_Device_Library\Core\Src\usb_device.o
                0x0800499c                MX_USB_DEVICE_Init
 .text.CDC_DeInit_FS
                0x080049d4        0x4 Middlewares\ST\STM32_USB_Device_Library\Core\Src\usbd_cdc_if.o
 .text.CDC_Control_FS
                0x080049d8        0x4 Middlewares\ST\STM32_USB_Device_Library\Core\Src\usbd_cdc_if.o
 .text.CDC_Receive_FS
                0x080049dc       0x28 Middlewares\ST\STM32_USB_Device_Library\Core\Src\usbd_cdc_if.o
 .text.CDC_Init_FS
                0x08004a04       0x28 Middlewares\ST\STM32_USB_Device_Library\Core\Src\usbd_cdc_if.o
 .text.CDC_Transmit_FS
                0x08004a2c       0x2c Middlewares\ST\STM32_USB_Device_Library\Core\Src\usbd_cdc_if.o
                0x08004a2c                CDC_Transmit_FS
 .text.HAL_PCD_MspInit
                0x08004a58       0x64 Middlewares\ST\STM32_USB_Device_Library\Core\Src\usbd_conf.o
                0x08004a58                HAL_PCD_MspInit
 .text.HAL_PCD_SetupStageCallback
                0x08004abc        0xc Middlewares\ST\STM32_USB_Device_Library\Core\Src\usbd_conf.o
                0x08004abc                HAL_PCD_SetupStageCallback
 .text.HAL_PCD_DataOutStageCallback
                0x08004ac8       0x12 Middlewares\ST\STM32_USB_Device_Library\Core\Src\usbd_conf.o
                0x08004ac8                HAL_PCD_DataOutStageCallback
 .text.HAL_PCD_DataInStageCallback
                0x08004ada       0x10 Middlewares\ST\STM32_USB_Device_Library\Core\Src\usbd_conf.o
                0x08004ada                HAL_PCD_DataInStageCallback
 .text.HAL_PCD_SOFCallback
                0x08004aea        0x8 Middlewares\ST\STM32_USB_Device_Library\Core\Src\usbd_conf.o
                0x08004aea                HAL_PCD_SOFCallback
 .text.HAL_PCD_ResetCallback
                0x08004af2       0x20 Middlewares\ST\STM32_USB_Device_Library\Core\Src\usbd_conf.o
                0x08004af2                HAL_PCD_ResetCallback
 *fill*         0x08004b12        0x2 
 .text.HAL_PCD_SuspendCallback
                0x08004b14       0x30 Middlewares\ST\STM32_USB_Device_Library\Core\Src\usbd_conf.o
                0x08004b14                HAL_PCD_SuspendCallback
 .text.HAL_PCD_ResumeCallback
                0x08004b44        0x8 Middlewares\ST\STM32_USB_Device_Library\Core\Src\usbd_conf.o
                0x08004b44                HAL_PCD_ResumeCallback
 .text.HAL_PCD_ISOOUTIncompleteCallback
                0x08004b4c        0x8 Middlewares\ST\STM32_USB_Device_Library\Core\Src\usbd_conf.o
                0x08004b4c                HAL_PCD_ISOOUTIncompleteCallback
 .text.HAL_PCD_ISOINIncompleteCallback
                0x08004b54        0x8 Middlewares\ST\STM32_USB_Device_Library\Core\Src\usbd_conf.o
                0x08004b54                HAL_PCD_ISOINIncompleteCallback
 .text.HAL_PCD_ConnectCallback
                0x08004b5c        0x8 Middlewares\ST\STM32_USB_Device_Library\Core\Src\usbd_conf.o
                0x08004b5c                HAL_PCD_ConnectCallback
 .text.HAL_PCD_DisconnectCallback
                0x08004b64        0x8 Middlewares\ST\STM32_USB_Device_Library\Core\Src\usbd_conf.o
                0x08004b64                HAL_PCD_DisconnectCallback
 .text.USBD_LL_Init
                0x08004b6c       0x68 Middlewares\ST\STM32_USB_Device_Library\Core\Src\usbd_conf.o
                0x08004b6c                USBD_LL_Init
 .text.USBD_LL_Start
                0x08004bd4       0x1c Middlewares\ST\STM32_USB_Device_Library\Core\Src\usbd_conf.o
                0x08004bd4                USBD_LL_Start
 .text.USBD_LL_OpenEP
                0x08004bf0       0x20 Middlewares\ST\STM32_USB_Device_Library\Core\Src\usbd_conf.o
                0x08004bf0                USBD_LL_OpenEP
 .text.USBD_LL_CloseEP
                0x08004c10       0x1c Middlewares\ST\STM32_USB_Device_Library\Core\Src\usbd_conf.o
                0x08004c10                USBD_LL_CloseEP
 .text.USBD_LL_StallEP
                0x08004c2c       0x1c Middlewares\ST\STM32_USB_Device_Library\Core\Src\usbd_conf.o
                0x08004c2c                USBD_LL_StallEP
 .text.USBD_LL_ClearStallEP
                0x08004c48       0x1c Middlewares\ST\STM32_USB_Device_Library\Core\Src\usbd_conf.o
                0x08004c48                USBD_LL_ClearStallEP
 .text.USBD_LL_IsStallEP
                0x08004c64       0x26 Middlewares\ST\STM32_USB_Device_Library\Core\Src\usbd_conf.o
                0x08004c64                USBD_LL_IsStallEP
 *fill*         0x08004c8a        0x2 
 .text.USBD_LL_SetUSBAddress
                0x08004c8c       0x1c Middlewares\ST\STM32_USB_Device_Library\Core\Src\usbd_conf.o
                0x08004c8c                USBD_LL_SetUSBAddress
 .text.USBD_LL_Transmit
                0x08004ca8       0x1c Middlewares\ST\STM32_USB_Device_Library\Core\Src\usbd_conf.o
                0x08004ca8                USBD_LL_Transmit
 .text.USBD_LL_PrepareReceive
                0x08004cc4       0x1c Middlewares\ST\STM32_USB_Device_Library\Core\Src\usbd_conf.o
                0x08004cc4                USBD_LL_PrepareReceive
 .text.USBD_LL_GetRxDataSize
                0x08004ce0        0xc Middlewares\ST\STM32_USB_Device_Library\Core\Src\usbd_conf.o
                0x08004ce0                USBD_LL_GetRxDataSize
 .text.USBD_Init
                0x08004cec       0x2a Middlewares\ST\STM32_USB_Device_Library\Core\Src\usbd_core.o
                0x08004cec                USBD_Init
 .text.USBD_RegisterClass
                0x08004d16        0xe Middlewares\ST\STM32_USB_Device_Library\Core\Src\usbd_core.o
                0x08004d16                USBD_RegisterClass
 .text.USBD_Start
                0x08004d24        0xa Middlewares\ST\STM32_USB_Device_Library\Core\Src\usbd_core.o
                0x08004d24                USBD_Start
 .text.USBD_SetClassConfig
                0x08004d2e       0x16 Middlewares\ST\STM32_USB_Device_Library\Core\Src\usbd_core.o
                0x08004d2e                USBD_SetClassConfig
 .text.USBD_ClrClassConfig
                0x08004d44        0xe Middlewares\ST\STM32_USB_Device_Library\Core\Src\usbd_core.o
                0x08004d44                USBD_ClrClassConfig
 .text.USBD_LL_SetupStage
                0x08004d52       0x5a Middlewares\ST\STM32_USB_Device_Library\Core\Src\usbd_core.o
                0x08004d52                USBD_LL_SetupStage
 .text.USBD_LL_DataOutStage
                0x08004dac       0x64 Middlewares\ST\STM32_USB_Device_Library\Core\Src\usbd_core.o
                0x08004dac                USBD_LL_DataOutStage
 .text.USBD_LL_DataInStage
                0x08004e10       0x9e Middlewares\ST\STM32_USB_Device_Library\Core\Src\usbd_core.o
                0x08004e10                USBD_LL_DataInStage
 .text.USBD_LL_Reset
                0x08004eae       0x3e Middlewares\ST\STM32_USB_Device_Library\Core\Src\usbd_core.o
                0x08004eae                USBD_LL_Reset
 .text.USBD_LL_SetSpeed
                0x08004eec        0x6 Middlewares\ST\STM32_USB_Device_Library\Core\Src\usbd_core.o
                0x08004eec                USBD_LL_SetSpeed
 .text.USBD_LL_Suspend
                0x08004ef2       0x12 Middlewares\ST\STM32_USB_Device_Library\Core\Src\usbd_core.o
                0x08004ef2                USBD_LL_Suspend
 .text.USBD_LL_Resume
                0x08004f04        0xc Middlewares\ST\STM32_USB_Device_Library\Core\Src\usbd_core.o
                0x08004f04                USBD_LL_Resume
 .text.USBD_LL_SOF
                0x08004f10       0x18 Middlewares\ST\STM32_USB_Device_Library\Core\Src\usbd_core.o
                0x08004f10                USBD_LL_SOF
 .text.USBD_LL_IsoINIncomplete
                0x08004f28        0x4 Middlewares\ST\STM32_USB_Device_Library\Core\Src\usbd_core.o
                0x08004f28                USBD_LL_IsoINIncomplete
 .text.USBD_LL_IsoOUTIncomplete
                0x08004f2c        0x4 Middlewares\ST\STM32_USB_Device_Library\Core\Src\usbd_core.o
                0x08004f2c                USBD_LL_IsoOUTIncomplete
 .text.USBD_LL_DevConnected
                0x08004f30        0x4 Middlewares\ST\STM32_USB_Device_Library\Core\Src\usbd_core.o
                0x08004f30                USBD_LL_DevConnected
 .text.USBD_LL_DevDisconnected
                0x08004f34       0x16 Middlewares\ST\STM32_USB_Device_Library\Core\Src\usbd_core.o
                0x08004f34                USBD_LL_DevDisconnected
 .text.USBD_CtlError.constprop.0
                0x08004f4a       0x16 Middlewares\ST\STM32_USB_Device_Library\Core\Src\usbd_ctlreq.o
 .text.USBD_StdDevReq
                0x08004f60      0x1f4 Middlewares\ST\STM32_USB_Device_Library\Core\Src\usbd_ctlreq.o
                0x08004f60                USBD_StdDevReq
 .text.USBD_StdItfReq
                0x08005154       0x30 Middlewares\ST\STM32_USB_Device_Library\Core\Src\usbd_ctlreq.o
                0x08005154                USBD_StdItfReq
 .text.USBD_StdEPReq
                0x08005184       0xc6 Middlewares\ST\STM32_USB_Device_Library\Core\Src\usbd_ctlreq.o
                0x08005184                USBD_StdEPReq
 .text.USBD_ParseSetupRequest
                0x0800524a       0x28 Middlewares\ST\STM32_USB_Device_Library\Core\Src\usbd_ctlreq.o
                0x0800524a                USBD_ParseSetupRequest
 .text.USBD_GetString
                0x08005272       0x38 Middlewares\ST\STM32_USB_Device_Library\Core\Src\usbd_ctlreq.o
                0x08005272                USBD_GetString
 *fill*         0x080052aa        0x2 
 .text.USBD_FS_DeviceDescriptor
                0x080052ac        0xc Middlewares\ST\STM32_USB_Device_Library\Core\Src\usbd_desc.o
                0x080052ac                USBD_FS_DeviceDescriptor
 .text.USBD_FS_LangIDStrDescriptor
                0x080052b8        0xc Middlewares\ST\STM32_USB_Device_Library\Core\Src\usbd_desc.o
                0x080052b8                USBD_FS_LangIDStrDescriptor
 .text.USBD_FS_ManufacturerStrDescriptor
                0x080052c4       0x1c Middlewares\ST\STM32_USB_Device_Library\Core\Src\usbd_desc.o
                0x080052c4                USBD_FS_ManufacturerStrDescriptor
 .text.USBD_FS_ProductStrDescriptor
                0x080052e0       0x1c Middlewares\ST\STM32_USB_Device_Library\Core\Src\usbd_desc.o
                0x080052e0                USBD_FS_ProductStrDescriptor
 .text.USBD_FS_SerialStrDescriptor
                0x080052fc       0x1c Middlewares\ST\STM32_USB_Device_Library\Core\Src\usbd_desc.o
                0x080052fc                USBD_FS_SerialStrDescriptor
 .text.USBD_FS_ConfigStrDescriptor
                0x08005318       0x1c Middlewares\ST\STM32_USB_Device_Library\Core\Src\usbd_desc.o
                0x08005318                USBD_FS_ConfigStrDescriptor
 .text.USBD_FS_InterfaceStrDescriptor
                0x08005334       0x1c Middlewares\ST\STM32_USB_Device_Library\Core\Src\usbd_desc.o
                0x08005334                USBD_FS_InterfaceStrDescriptor
 .text.USBD_CtlSendData
                0x08005350       0x1a Middlewares\ST\STM32_USB_Device_Library\Core\Src\usbd_ioreq.o
                0x08005350                USBD_CtlSendData
 .text.USBD_CtlContinueSendData
                0x0800536a       0x10 Middlewares\ST\STM32_USB_Device_Library\Core\Src\usbd_ioreq.o
                0x0800536a                USBD_CtlContinueSendData
 .text.USBD_CtlPrepareRx
                0x0800537a       0x1e Middlewares\ST\STM32_USB_Device_Library\Core\Src\usbd_ioreq.o
                0x0800537a                USBD_CtlPrepareRx
 .text.USBD_CtlContinueRx
                0x08005398       0x10 Middlewares\ST\STM32_USB_Device_Library\Core\Src\usbd_ioreq.o
                0x08005398                USBD_CtlContinueRx
 .text.USBD_CtlSendStatus
                0x080053a8       0x16 Middlewares\ST\STM32_USB_Device_Library\Core\Src\usbd_ioreq.o
                0x080053a8                USBD_CtlSendStatus
 .text.USBD_CtlReceiveStatus
                0x080053be       0x16 Middlewares\ST\STM32_USB_Device_Library\Core\Src\usbd_ioreq.o
                0x080053be                USBD_CtlReceiveStatus
 .text.osKernelStart
                0x080053d4        0xa Middlewares\Third_Party\FreeRTOS\Source\CMSIS_RTOS\cmsis_os.o
                0x080053d4                osKernelStart
 .text.osThreadCreate
                0x080053de       0x30 Middlewares\Third_Party\FreeRTOS\Source\CMSIS_RTOS\cmsis_os.o
                0x080053de                osThreadCreate
 .text.osDelay  0x0800540e       0x10 Middlewares\Third_Party\FreeRTOS\Source\CMSIS_RTOS\cmsis_os.o
                0x0800540e                osDelay
 .text.osSystickHandler
                0x0800541e       0x14 Middlewares\Third_Party\FreeRTOS\Source\CMSIS_RTOS\cmsis_os.o
                0x0800541e                osSystickHandler
 .text.vListInitialise
                0x08005432       0x16 Middlewares\Third_Party\FreeRTOS\Source\list.o
                0x08005432                vListInitialise
 .text.vListInitialiseItem
                0x08005448        0x6 Middlewares\Third_Party\FreeRTOS\Source\list.o
                0x08005448                vListInitialiseItem
 .text.vListInsertEnd
                0x0800544e       0x18 Middlewares\Third_Party\FreeRTOS\Source\list.o
                0x0800544e                vListInsertEnd
 .text.vListInsert
                0x08005466       0x2e Middlewares\Third_Party\FreeRTOS\Source\list.o
                0x08005466                vListInsert
 .text.uxListRemove
                0x08005494       0x20 Middlewares\Third_Party\FreeRTOS\Source\list.o
                0x08005494                uxListRemove
 .text.unlikely.prvInsertBlockIntoFreeList
                0x080054b4       0x48 Middlewares\Third_Party\FreeRTOS\Source\portable\MemMang\heap_4.o
 .text.pvPortMalloc
                0x080054fc      0x11c Middlewares\Third_Party\FreeRTOS\Source\portable\MemMang\heap_4.o
                0x080054fc                pvPortMalloc
 .text.vPortFree
                0x08005618       0x70 Middlewares\Third_Party\FreeRTOS\Source\portable\MemMang\heap_4.o
                0x08005618                vPortFree
 .text.prvTaskExitError
                0x08005688       0x30 Middlewares\Third_Party\FreeRTOS\Source\portable\RVDS\ARM_CM4F\port.o
 .text.prvPortStartFirstTask
                0x080056b8       0x20 Middlewares\Third_Party\FreeRTOS\Source\portable\RVDS\ARM_CM4F\port.o
 .text.vPortEnableVFP
                0x080056d8       0x14 Middlewares\Third_Party\FreeRTOS\Source\portable\RVDS\ARM_CM4F\port.o
 .text.pxPortInitialiseStack
                0x080056ec       0x2c Middlewares\Third_Party\FreeRTOS\Source\portable\RVDS\ARM_CM4F\port.o
                0x080056ec                pxPortInitialiseStack
 *fill*         0x08005718        0x8 
 .text.SVC_Handler
                0x08005720       0x24 Middlewares\Third_Party\FreeRTOS\Source\portable\RVDS\ARM_CM4F\port.o
                0x08005720                SVC_Handler
 .text.vPortEnterCritical
                0x08005744       0x44 Middlewares\Third_Party\FreeRTOS\Source\portable\RVDS\ARM_CM4F\port.o
                0x08005744                vPortEnterCritical
 .text.vPortExitCritical
                0x08005788       0x28 Middlewares\Third_Party\FreeRTOS\Source\portable\RVDS\ARM_CM4F\port.o
                0x08005788                vPortExitCritical
 .text.PendSV_Handler
                0x080057b0       0x64 Middlewares\Third_Party\FreeRTOS\Source\portable\RVDS\ARM_CM4F\port.o
                0x080057b0                PendSV_Handler
 .text.xPortSysTickHandler
                0x08005814       0x2c Middlewares\Third_Party\FreeRTOS\Source\portable\RVDS\ARM_CM4F\port.o
                0x08005814                xPortSysTickHandler
 .text.vPortSetupTimerInterrupt
                0x08005840       0x28 Middlewares\Third_Party\FreeRTOS\Source\portable\RVDS\ARM_CM4F\port.o
                0x08005840                vPortSetupTimerInterrupt
 .text.xPortStartScheduler
                0x08005868       0xec Middlewares\Third_Party\FreeRTOS\Source\portable\RVDS\ARM_CM4F\port.o
                0x08005868                xPortStartScheduler
 .text.vPortValidateInterruptPriority
                0x08005954       0x5c Middlewares\Third_Party\FreeRTOS\Source\portable\RVDS\ARM_CM4F\port.o
                0x08005954                vPortValidateInterruptPriority
 .text.unlikely.prvCopyDataToQueue
                0x080059b0       0x66 Middlewares\Third_Party\FreeRTOS\Source\queue.o
 .text.unlikely.prvCopyDataFromQueue
                0x08005a16       0x2a Middlewares\Third_Party\FreeRTOS\Source\queue.o
 .text.prvUnlockQueue
                0x08005a40       0x70 Middlewares\Third_Party\FreeRTOS\Source\queue.o
 .text.xQueueGenericReset
                0x08005ab0       0x80 Middlewares\Third_Party\FreeRTOS\Source\queue.o
                0x08005ab0                xQueueGenericReset
 .text.xQueueGenericCreate
                0x08005b30       0x48 Middlewares\Third_Party\FreeRTOS\Source\queue.o
                0x08005b30                xQueueGenericCreate
 .text.xQueueGenericSend
                0x08005b78      0x16c Middlewares\Third_Party\FreeRTOS\Source\queue.o
                0x08005b78                xQueueGenericSend
 .text.xQueueGenericSendFromISR
                0x08005ce4       0xc4 Middlewares\Third_Party\FreeRTOS\Source\queue.o
                0x08005ce4                xQueueGenericSendFromISR
 .text.xQueueGenericReceive
                0x08005da8      0x188 Middlewares\Third_Party\FreeRTOS\Source\queue.o
                0x08005da8                xQueueGenericReceive
 .text.vQueueAddToRegistry
                0x08005f30       0x24 Middlewares\Third_Party\FreeRTOS\Source\queue.o
                0x08005f30                vQueueAddToRegistry
 .text.xTaskCreate
                0x08005f54       0x82 Middlewares\Third_Party\FreeRTOS\Source\tasks.o
                0x08005f54                xTaskCreate
 .text.prvInitialiseNewTask
                0x08005fd6      0x112 Middlewares\Third_Party\FreeRTOS\Source\tasks.o
 .text.prvAddNewTaskToReadyList
                0x080060e8       0xdc Middlewares\Third_Party\FreeRTOS\Source\tasks.o
 .text.vTaskDelay
                0x080061c4       0x68 Middlewares\Third_Party\FreeRTOS\Source\tasks.o
                0x080061c4                vTaskDelay
 .text.vTaskStartScheduler
                0x0800622c       0x90 Middlewares\Third_Party\FreeRTOS\Source\tasks.o
                0x0800622c                vTaskStartScheduler
 .text.vTaskSuspendAll
                0x080062bc       0x1c Middlewares\Third_Party\FreeRTOS\Source\tasks.o
                0x080062bc                vTaskSuspendAll
 .text.xTaskResumeAll
                0x080062d8      0x138 Middlewares\Third_Party\FreeRTOS\Source\tasks.o
                0x080062d8                xTaskResumeAll
 .text.xTaskIncrementTick
                0x08006410      0x178 Middlewares\Third_Party\FreeRTOS\Source\tasks.o
                0x08006410                xTaskIncrementTick
 .text.vTaskSwitchContext
                0x08006588       0xec Middlewares\Third_Party\FreeRTOS\Source\tasks.o
                0x08006588                vTaskSwitchContext
 .text.vTaskPlaceOnEventList
                0x08006674       0x48 Middlewares\Third_Party\FreeRTOS\Source\tasks.o
                0x08006674                vTaskPlaceOnEventList
 .text.xTaskRemoveFromEventList
                0x080066bc       0xc4 Middlewares\Third_Party\FreeRTOS\Source\tasks.o
                0x080066bc                xTaskRemoveFromEventList
 .text.vTaskSetTimeOutState
                0x08006780       0x48 Middlewares\Third_Party\FreeRTOS\Source\tasks.o
                0x08006780                vTaskSetTimeOutState
 .text.xTaskCheckForTimeOut
                0x080067c8       0xbc Middlewares\Third_Party\FreeRTOS\Source\tasks.o
                0x080067c8                xTaskCheckForTimeOut
 .text.vTaskMissedYield
                0x08006884       0x18 Middlewares\Third_Party\FreeRTOS\Source\tasks.o
                0x08006884                vTaskMissedYield
 .text.prvIdleTask
                0x0800689c       0x30 Middlewares\Third_Party\FreeRTOS\Source\tasks.o
 .text.prvInitialiseTaskLists
                0x080068cc       0x80 Middlewares\Third_Party\FreeRTOS\Source\tasks.o
 .text.prvCheckTasksWaitingTermination
                0x0800694c       0x78 Middlewares\Third_Party\FreeRTOS\Source\tasks.o
 .text.prvDeleteTCB
                0x080069c4       0x20 Middlewares\Third_Party\FreeRTOS\Source\tasks.o
 .text.prvResetNextTaskUnblockTime
                0x080069e4       0x4c Middlewares\Third_Party\FreeRTOS\Source\tasks.o
 .text.xTaskGetSchedulerState
                0x08006a30       0x3c Middlewares\Third_Party\FreeRTOS\Source\tasks.o
                0x08006a30                xTaskGetSchedulerState
 .text.vTaskPriorityInherit
                0x08006a6c       0xec Middlewares\Third_Party\FreeRTOS\Source\tasks.o
                0x08006a6c                vTaskPriorityInherit
 .text.xTaskPriorityDisinherit
                0x08006b58      0x108 Middlewares\Third_Party\FreeRTOS\Source\tasks.o
                0x08006b58                xTaskPriorityDisinherit
 .text.pvTaskIncrementMutexHeldCount
                0x08006c60       0x28 Middlewares\Third_Party\FreeRTOS\Source\tasks.o
                0x08006c60                pvTaskIncrementMutexHeldCount
 .text.prvAddCurrentTaskToDelayedList
                0x08006c88       0xcc Middlewares\Third_Party\FreeRTOS\Source\tasks.o
 .text.Reset_Handler
                0x08006d54       0x50 startup\startup_stm32f429xx.o
                0x08006d54                Reset_Handler
 .text.Default_Handler
                0x08006da4        0x2 startup\startup_stm32f429xx.o
                0x08006da4                RTC_Alarm_IRQHandler
                0x08006da4                HASH_RNG_IRQHandler
                0x08006da4                EXTI2_IRQHandler
                0x08006da4                TIM8_CC_IRQHandler
                0x08006da4                UART8_IRQHandler
                0x08006da4                SPI4_IRQHandler
                0x08006da4                TIM1_CC_IRQHandler
                0x08006da4                DMA2_Stream5_IRQHandler
                0x08006da4                DMA1_Stream5_IRQHandler
                0x08006da4                PVD_IRQHandler
                0x08006da4                SDIO_IRQHandler
                0x08006da4                TAMP_STAMP_IRQHandler
                0x08006da4                CAN2_RX1_IRQHandler
                0x08006da4                EXTI3_IRQHandler
                0x08006da4                TIM8_TRG_COM_TIM14_IRQHandler
                0x08006da4                TIM8_UP_TIM13_IRQHandler
                0x08006da4                I2C3_ER_IRQHandler
                0x08006da4                EXTI0_IRQHandler
                0x08006da4                I2C2_EV_IRQHandler
                0x08006da4                DMA1_Stream2_IRQHandler
                0x08006da4                CAN1_RX0_IRQHandler
                0x08006da4                FPU_IRQHandler
                0x08006da4                OTG_HS_WKUP_IRQHandler
                0x08006da4                LTDC_ER_IRQHandler
                0x08006da4                CAN2_SCE_IRQHandler
                0x08006da4                SPI1_IRQHandler
                0x08006da4                TIM6_DAC_IRQHandler
                0x08006da4                TIM1_BRK_TIM9_IRQHandler
                0x08006da4                DCMI_IRQHandler
                0x08006da4                CAN2_RX0_IRQHandler
                0x08006da4                DMA2_Stream3_IRQHandler
                0x08006da4                USART6_IRQHandler
                0x08006da4                USART3_IRQHandler
                0x08006da4                CAN1_RX1_IRQHandler
                0x08006da4                UART5_IRQHandler
                0x08006da4                I2C1_EV_IRQHandler
                0x08006da4                DMA1_Stream6_IRQHandler
                0x08006da4                DMA1_Stream1_IRQHandler
                0x08006da4                UART4_IRQHandler
                0x08006da4                RCC_IRQHandler
                0x08006da4                TIM8_BRK_TIM12_IRQHandler
                0x08006da4                Default_Handler
                0x08006da4                EXTI15_10_IRQHandler
                0x08006da4                DMA1_Stream7_IRQHandler
                0x08006da4                SPI5_IRQHandler
                0x08006da4                CAN2_TX_IRQHandler
                0x08006da4                TIM5_IRQHandler
                0x08006da4                DMA2_Stream7_IRQHandler
                0x08006da4                I2C3_EV_IRQHandler
                0x08006da4                EXTI9_5_IRQHandler
                0x08006da4                RTC_WKUP_IRQHandler
                0x08006da4                LTDC_IRQHandler
                0x08006da4                ETH_WKUP_IRQHandler
                0x08006da4                SPI2_IRQHandler
                0x08006da4                OTG_HS_EP1_IN_IRQHandler
                0x08006da4                DMA1_Stream0_IRQHandler
                0x08006da4                CAN1_TX_IRQHandler
                0x08006da4                EXTI4_IRQHandler
                0x08006da4                ETH_IRQHandler
                0x08006da4                OTG_HS_EP1_OUT_IRQHandler
                0x08006da4                WWDG_IRQHandler
                0x08006da4                SPI6_IRQHandler
                0x08006da4                OTG_FS_WKUP_IRQHandler
                0x08006da4                TIM1_TRG_COM_TIM11_IRQHandler
                0x08006da4                OTG_HS_IRQHandler
                0x08006da4                DMA2D_IRQHandler
                0x08006da4                EXTI1_IRQHandler
                0x08006da4                UART7_IRQHandler
                0x08006da4                USART2_IRQHandler
                0x08006da4                I2C2_ER_IRQHandler
                0x08006da4                DMA2_Stream1_IRQHandler
                0x08006da4                CAN1_SCE_IRQHandler
                0x08006da4                FLASH_IRQHandler
                0x08006da4                DMA2_Stream4_IRQHandler
                0x08006da4                USART1_IRQHandler
                0x08006da4                SPI3_IRQHandler
                0x08006da4                DMA1_Stream4_IRQHandler
                0x08006da4                I2C1_ER_IRQHandler
                0x08006da4                FMC_IRQHandler
                0x08006da4                DMA2_Stream6_IRQHandler
                0x08006da4                SAI1_IRQHandler
                0x08006da4                DMA1_Stream3_IRQHandler
 *fill*         0x08006da6        0x2 
 .text.__libc_init_array
                0x08006da8       0x48 c:/program files (x86)/atollic/truestudio for stm32 9.0.1/armtools/bin/../lib/gcc/arm-atollic-eabi/6.3.1/../../../../arm-atollic-eabi/lib/armv7e-m/fpu\libc_nano.a(lib_a-init.o)
                0x08006da8                __libc_init_array
 .text.malloc   0x08006df0       0x10 c:/program files (x86)/atollic/truestudio for stm32 9.0.1/armtools/bin/../lib/gcc/arm-atollic-eabi/6.3.1/../../../../arm-atollic-eabi/lib/armv7e-m/fpu\libc_nano.a(lib_a-malloc.o)
                0x08006df0                malloc
 .text.free     0x08006e00       0x10 c:/program files (x86)/atollic/truestudio for stm32 9.0.1/armtools/bin/../lib/gcc/arm-atollic-eabi/6.3.1/../../../../arm-atollic-eabi/lib/armv7e-m/fpu\libc_nano.a(lib_a-malloc.o)
                0x08006e00                free
 .text.memcpy   0x08006e10       0x16 c:/program files (x86)/atollic/truestudio for stm32 9.0.1/armtools/bin/../lib/gcc/arm-atollic-eabi/6.3.1/../../../../arm-atollic-eabi/lib/armv7e-m/fpu\libc_nano.a(lib_a-memcpy-stub.o)
                0x08006e10                memcpy
 .text.memset   0x08006e26       0x10 c:/program files (x86)/atollic/truestudio for stm32 9.0.1/armtools/bin/../lib/gcc/arm-atollic-eabi/6.3.1/../../../../arm-atollic-eabi/lib/armv7e-m/fpu\libc_nano.a(lib_a-memset.o)
                0x08006e26                memset
 *fill*         0x08006e36        0x2 
 .text._free_r  0x08006e38       0x9c c:/program files (x86)/atollic/truestudio for stm32 9.0.1/armtools/bin/../lib/gcc/arm-atollic-eabi/6.3.1/../../../../arm-atollic-eabi/lib/armv7e-m/fpu\libc_nano.a(lib_a-nano-freer.o)
                0x08006e38                _free_r
 .text._malloc_r
                0x08006ed4       0xbc c:/program files (x86)/atollic/truestudio for stm32 9.0.1/armtools/bin/../lib/gcc/arm-atollic-eabi/6.3.1/../../../../arm-atollic-eabi/lib/armv7e-m/fpu\libc_nano.a(lib_a-nano-mallocr.o)
                0x08006ed4                _malloc_r
 .text._sbrk_r  0x08006f90       0x20 c:/program files (x86)/atollic/truestudio for stm32 9.0.1/armtools/bin/../lib/gcc/arm-atollic-eabi/6.3.1/../../../../arm-atollic-eabi/lib/armv7e-m/fpu\libc_nano.a(lib_a-sbrkr.o)
                0x08006f90                _sbrk_r
 .text.__malloc_lock
                0x08006fb0        0x2 c:/program files (x86)/atollic/truestudio for stm32 9.0.1/armtools/bin/../lib/gcc/arm-atollic-eabi/6.3.1/../../../../arm-atollic-eabi/lib/armv7e-m/fpu\libc_nano.a(lib_a-mlock.o)
                0x08006fb0                __malloc_lock
 .text.__malloc_unlock
                0x08006fb2        0x2 c:/program files (x86)/atollic/truestudio for stm32 9.0.1/armtools/bin/../lib/gcc/arm-atollic-eabi/6.3.1/../../../../arm-atollic-eabi/lib/armv7e-m/fpu\libc_nano.a(lib_a-mlock.o)
                0x08006fb2                __malloc_unlock
 .text.log10    0x08006fb4      0x100 c:/program files (x86)/atollic/truestudio for stm32 9.0.1/armtools/bin/../lib/gcc/arm-atollic-eabi/6.3.1/../../../../arm-atollic-eabi/lib/armv7e-m/fpu\libm.a(lib_a-w_log10.o)
                0x08006fb4                log10
 *fill*         0x080070b4        0x4 
 .text.__ieee754_log10
                0x080070b8      0x11c c:/program files (x86)/atollic/truestudio for stm32 9.0.1/armtools/bin/../lib/gcc/arm-atollic-eabi/6.3.1/../../../../arm-atollic-eabi/lib/armv7e-m/fpu\libm.a(lib_a-e_log10.o)
                0x080070b8                __ieee754_log10
 .text.matherr  0x080071d4        0x4 c:/program files (x86)/atollic/truestudio for stm32 9.0.1/armtools/bin/../lib/gcc/arm-atollic-eabi/6.3.1/../../../../arm-atollic-eabi/lib/armv7e-m/fpu\libm.a(lib_a-s_matherr.o)
                0x080071d4                matherr
 .text.nan      0x080071d8       0x10 c:/program files (x86)/atollic/truestudio for stm32 9.0.1/armtools/bin/../lib/gcc/arm-atollic-eabi/6.3.1/../../../../arm-atollic-eabi/lib/armv7e-m/fpu\libm.a(lib_a-s_nan.o)
                0x080071d8                nan
 .text.__ieee754_log
                0x080071e8      0x3b0 c:/program files (x86)/atollic/truestudio for stm32 9.0.1/armtools/bin/../lib/gcc/arm-atollic-eabi/6.3.1/../../../../arm-atollic-eabi/lib/armv7e-m/fpu\libm.a(lib_a-e_log.o)
                0x080071e8                __ieee754_log
 .text.__errno  0x08007598        0xc c:/program files (x86)/atollic/truestudio for stm32 9.0.1/armtools/bin/../lib/gcc/arm-atollic-eabi/6.3.1/../../../../arm-atollic-eabi/lib/armv7e-m/fpu\libc_nano.a(lib_a-errno.o)
                0x08007598                __errno
 .text._sbrk    0x080075a4       0x1c c:/program files (x86)/atollic/truestudio for stm32 9.0.1/armtools/bin/../lib/gcc/arm-atollic-eabi/6.3.1/../../../../arm-atollic-eabi/lib/armv7e-m/fpu\libnosys.a(sbrk.o)
                0x080075a4                _sbrk
 *(.glue_7)
 .glue_7        0x080075c0        0x0 linker stubs
 *(.glue_7t)
 .glue_7t       0x080075c0        0x0 linker stubs
 *(.eh_frame)
 .eh_frame      0x080075c0        0x0 c:/program files (x86)/atollic/truestudio for stm32 9.0.1/armtools/bin/../lib/gcc/arm-atollic-eabi/6.3.1/armv7e-m/fpu/crtbegin.o
 *(.init)
 .init          0x080075c0        0x4 c:/program files (x86)/atollic/truestudio for stm32 9.0.1/armtools/bin/../lib/gcc/arm-atollic-eabi/6.3.1/armv7e-m/fpu/crti.o
                0x080075c0                _init
 .init          0x080075c4        0x8 c:/program files (x86)/atollic/truestudio for stm32 9.0.1/armtools/bin/../lib/gcc/arm-atollic-eabi/6.3.1/armv7e-m/fpu/crtn.o
 *(.fini)
 .fini          0x080075cc        0x4 c:/program files (x86)/atollic/truestudio for stm32 9.0.1/armtools/bin/../lib/gcc/arm-atollic-eabi/6.3.1/armv7e-m/fpu/crti.o
                0x080075cc                _fini
 .fini          0x080075d0        0x8 c:/program files (x86)/atollic/truestudio for stm32 9.0.1/armtools/bin/../lib/gcc/arm-atollic-eabi/6.3.1/armv7e-m/fpu/crtn.o
                0x080075d8                . = ALIGN (0x4)
                0x080075d8                _etext = .

.vfp11_veneer   0x080075d8        0x0
 .vfp11_veneer  0x080075d8        0x0 linker stubs

.v4_bx          0x080075d8        0x0
 .v4_bx         0x080075d8        0x0 linker stubs

.iplt           0x080075d8        0x0
 .iplt          0x080075d8        0x0 c:/program files (x86)/atollic/truestudio for stm32 9.0.1/armtools/bin/../lib/gcc/arm-atollic-eabi/6.3.1/armv7e-m/fpu/crtbegin.o

.rodata         0x080075d8      0x1a0
                0x080075d8                . = ALIGN (0x4)
 *(.rodata)
 .rodata        0x080075d8       0x14 Core\Src\main.o
 .rodata        0x080075ec       0x14 Core\Src\tcd1304ap.o
 .rodata        0x08007600       0x28 Drivers\BSP\src\bsp_usb.o
 .rodata        0x08007628        0x5 Middlewares\Third_Party\FreeRTOS\Source\tasks.o
 *(.rodata*)
 .rodata.str1.1
                0x0800762d        0xc Core\Src\main.o
 .rodata.AHBPrescTable
                0x08007639       0x10 Core\Src\system_stm32f4xx.o
                0x08007639                AHBPrescTable
 .rodata.APBPrescTable
                0x08007649        0x8 Core\Src\system_stm32f4xx.o
                0x08007649                APBPrescTable
 .rodata.TCD1304_Init.str1.1
                0x08007651       0x18 Core\Src\tcd1304ap.o
 .rodata.str1.1
                0x08007669        0xb Core\Src\tcd1304ap.o
 .rodata.BSP_ADC_Init.str1.1
                0x08007674       0x1d Drivers\BSP\src\bsp_adc.o
 .rodata.BSP_TIM2PWM_Init.str1.1
                0x08007691       0x20 Drivers\BSP\src\bsp_timers.o
 .rodata.BSP_Usb_Init.str1.1
                0x080076b1        0xf Drivers\BSP\src\bsp_usb.o
 .rodata.str1.1
                0x080076c0       0x14 Drivers\BSP\src\bsp_usb.o
 .rodata.flagBitshiftOffset.9547
                0x080076d4        0x8 Drivers\STM32F4xx_HAL_Driver\Src\stm32f4xx_hal_dma.o
 .rodata.CSWTCH.39
                0x080076dc        0x4 Middlewares\ST\STM32_USB_Device_Library\Core\Src\usbd_conf.o
 .rodata.USBD_LL_Init.str1.1
                0x080076e0       0x40 Middlewares\ST\STM32_USB_Device_Library\Core\Src\usbd_conf.o
 .rodata.USBD_FS_ConfigStrDescriptor.str1.1
                0x08007720        0xb Middlewares\ST\STM32_USB_Device_Library\Core\Src\usbd_desc.o
 .rodata.USBD_FS_InterfaceStrDescriptor.str1.1
                0x0800772b        0xe Middlewares\ST\STM32_USB_Device_Library\Core\Src\usbd_desc.o
 .rodata.USBD_FS_ManufacturerStrDescriptor.str1.1
                0x08007739       0x13 Middlewares\ST\STM32_USB_Device_Library\Core\Src\usbd_desc.o
 .rodata.USBD_FS_ProductStrDescriptor.str1.1
                0x0800774c       0x16 Middlewares\ST\STM32_USB_Device_Library\Core\Src\usbd_desc.o
 .rodata.USBD_FS_SerialStrDescriptor.str1.1
                0x08007762        0xd Middlewares\ST\STM32_USB_Device_Library\Core\Src\usbd_desc.o
 .rodata.log10.str1.1
                0x0800776f        0x6 c:/program files (x86)/atollic/truestudio for stm32 9.0.1/armtools/bin/../lib/gcc/arm-atollic-eabi/6.3.1/../../../../arm-atollic-eabi/lib/armv7e-m/fpu\libm.a(lib_a-w_log10.o)
                                  0x7 (size before relaxing)
                0x08007778                . = ALIGN (0x4)
 *fill*         0x08007775        0x3 

.ARM.extab
 *(.ARM.extab* .gnu.linkonce.armextab.*)

.ARM            0x08007778        0x8
                0x08007778                __exidx_start = .
 *(.ARM.exidx*)
 .ARM.exidx     0x08007778        0x8 c:/program files (x86)/atollic/truestudio for stm32 9.0.1/armtools/bin/../lib/gcc/arm-atollic-eabi/6.3.1/armv7e-m/fpu\libgcc.a(_udivmoddi4.o)
                0x08007780                __exidx_end = .

.rel.dyn        0x08007780        0x0
 .rel.iplt      0x08007780        0x0 c:/program files (x86)/atollic/truestudio for stm32 9.0.1/armtools/bin/../lib/gcc/arm-atollic-eabi/6.3.1/armv7e-m/fpu/crtbegin.o

.preinit_array  0x08007780        0x0
                0x08007780                PROVIDE (__preinit_array_start, .)
 *(.preinit_array*)
                0x08007780                PROVIDE (__preinit_array_end, .)

.init_array     0x08007780        0x4
                0x08007780                PROVIDE (__init_array_start, .)
 *(SORT(.init_array.*))
 *(.init_array*)
 .init_array    0x08007780        0x4 c:/program files (x86)/atollic/truestudio for stm32 9.0.1/armtools/bin/../lib/gcc/arm-atollic-eabi/6.3.1/armv7e-m/fpu/crtbegin.o
                0x08007784                PROVIDE (__init_array_end, .)

.fini_array     0x08007784        0x4
                [!provide]                PROVIDE (__fini_array_start, .)
 *(SORT(.fini_array.*))
 *(.fini_array*)
 .fini_array    0x08007784        0x4 c:/program files (x86)/atollic/truestudio for stm32 9.0.1/armtools/bin/../lib/gcc/arm-atollic-eabi/6.3.1/armv7e-m/fpu/crtbegin.o
                [!provide]                PROVIDE (__fini_array_end, .)
                0x08007788                _sidata = LOADADDR (.data)

.data           0x20000000      0x1c8 load address 0x08007788
                0x20000000                . = ALIGN (0x4)
                0x20000000                _sdata = .
 *(.data)
 *(.data*)
 .data.SystemCoreClock
                0x20000000        0x4 Core\Src\system_stm32f4xx.o
                0x20000000                SystemCoreClock
 .data.uwTickFreq
                0x20000004        0x1 Drivers\STM32F4xx_HAL_Driver\Src\stm32f4xx_hal.o
                0x20000004                uwTickFreq
 *fill*         0x20000005        0x3 
 .data.USBD_CDC
                0x20000008       0x38 Middlewares\ST\STM32_USB_Device_Library\Class\CDC\Src\usbd_cdc.o
                0x20000008                USBD_CDC
 .data.USBD_CDC_CfgFSDesc
                0x20000040       0x43 Middlewares\ST\STM32_USB_Device_Library\Class\CDC\Src\usbd_cdc.o
                0x20000040                USBD_CDC_CfgFSDesc
 *fill*         0x20000083        0x1 
 .data.USBD_CDC_CfgHSDesc
                0x20000084       0x43 Middlewares\ST\STM32_USB_Device_Library\Class\CDC\Src\usbd_cdc.o
                0x20000084                USBD_CDC_CfgHSDesc
 *fill*         0x200000c7        0x1 
 .data.USBD_CDC_DeviceQualifierDesc
                0x200000c8        0xa Middlewares\ST\STM32_USB_Device_Library\Class\CDC\Src\usbd_cdc.o
 *fill*         0x200000d2        0x2 
 .data.USBD_CDC_OtherSpeedCfgDesc
                0x200000d4       0x43 Middlewares\ST\STM32_USB_Device_Library\Class\CDC\Src\usbd_cdc.o
                0x200000d4                USBD_CDC_OtherSpeedCfgDesc
 *fill*         0x20000117        0x1 
 .data.USBD_Interface_fops_FS
                0x20000118       0x10 Middlewares\ST\STM32_USB_Device_Library\Core\Src\usbd_cdc_if.o
                0x20000118                USBD_Interface_fops_FS
 .data.FS_Desc  0x20000128       0x1c Middlewares\ST\STM32_USB_Device_Library\Core\Src\usbd_desc.o
                0x20000128                FS_Desc
 .data.USBD_FS_DeviceDesc
                0x20000144       0x12 Middlewares\ST\STM32_USB_Device_Library\Core\Src\usbd_desc.o
                0x20000144                USBD_FS_DeviceDesc
 *fill*         0x20000156        0x2 
 .data.USBD_LangIDDesc
                0x20000158        0x4 Middlewares\ST\STM32_USB_Device_Library\Core\Src\usbd_desc.o
                0x20000158                USBD_LangIDDesc
 .data.uxCriticalNesting
                0x2000015c        0x4 Middlewares\Third_Party\FreeRTOS\Source\portable\RVDS\ARM_CM4F\port.o
 .data._impure_ptr
                0x20000160        0x4 c:/program files (x86)/atollic/truestudio for stm32 9.0.1/armtools/bin/../lib/gcc/arm-atollic-eabi/6.3.1/../../../../arm-atollic-eabi/lib/armv7e-m/fpu\libc_nano.a(lib_a-impure.o)
                0x20000160                _impure_ptr
 .data.impure_data
                0x20000164       0x60 c:/program files (x86)/atollic/truestudio for stm32 9.0.1/armtools/bin/../lib/gcc/arm-atollic-eabi/6.3.1/../../../../arm-atollic-eabi/lib/armv7e-m/fpu\libc_nano.a(lib_a-impure.o)
 .data.__fdlib_version
                0x200001c4        0x1 c:/program files (x86)/atollic/truestudio for stm32 9.0.1/armtools/bin/../lib/gcc/arm-atollic-eabi/6.3.1/../../../../arm-atollic-eabi/lib/armv7e-m/fpu\libm.a(lib_a-s_lib_ver.o)
                0x200001c4                __fdlib_version
                0x200001c8                . = ALIGN (0x4)
 *fill*         0x200001c5        0x3 
                0x200001c8                _edata = .
                0x08007950                _siccmram = LOADADDR (.ccmram)

.igot.plt       0x200001c8        0x0 load address 0x08007950
 .igot.plt      0x200001c8        0x0 c:/program files (x86)/atollic/truestudio for stm32 9.0.1/armtools/bin/../lib/gcc/arm-atollic-eabi/6.3.1/armv7e-m/fpu/crtbegin.o

.ccmram         0x10000000     0x4010 load address 0x08007950
                0x10000000                . = ALIGN (0x4)
                0x10000000                _sccmram = .
 *(.ccmram)
 .ccmram        0x10000000     0x4010 Core\Src\process.o
 *(.ccmram*)
                0x10004010                . = ALIGN (0x4)
                0x10004010                _eccmram = .
                0x10004010                . = ALIGN (0x4)

.bss            0x200001c8    0x11dac
                0x200001c8                _sbss = .
                0x200001c8                __bss_start__ = _sbss
 *(.bss)
 .bss           0x200001c8       0x1c c:/program files (x86)/atollic/truestudio for stm32 9.0.1/armtools/bin/../lib/gcc/arm-atollic-eabi/6.3.1/armv7e-m/fpu/crtbegin.o
 *(.bss*)
 .bss.ulHighFrequencyTimerTicks
                0x200001e4        0x4 Core\Src\main.o
                0x200001e4                ulHighFrequencyTimerTicks
 .bss.hdma_adc.9451
                0x200001e8       0x60 Core\Src\stm32f4xx_hal_msp.o
 .bss.hdma_adc2.9452
                0x20000248       0x60 Core\Src\stm32f4xx_hal_msp.o
 .bss.adcTCDPack
                0x200002a8      0x804 Core\Src\tcd1304ap.o
 .bss.icgTick   0x20000aac        0x2 Core\Src\tcd1304ap.o
 .bss.tcdADCData
                0x20000aae      0x402 Core\Src\tcd1304ap.o
 .bss.xHigherPriorityTaskWoken.11694
                0x20000eb0        0x4 Core\Src\tcd1304ap.o
 .bss.UsbBufInd
                0x20000eb4        0x4 Drivers\BSP\src\bsp_usb.o
                0x20000eb4                UsbBufInd
 .bss.receiveByte.11133
                0x20000eb8        0x1 Drivers\BSP\src\bsp_usb.o
 *fill*         0x20000eb9        0x3 
 .bss.txMsg.11127
                0x20000ebc        0x8 Drivers\BSP\src\bsp_usb.o
 .bss.txMsg.11152
                0x20000ec4        0x8 Drivers\BSP\src\bsp_usb.o
 .bss.usbRxBuf  0x20000ecc       0x40 Drivers\BSP\src\bsp_usb.o
 .bss.xHigherPriorityTaskWoken.11142
                0x20000f0c        0x4 Drivers\BSP\src\bsp_usb.o
 .bss.ifalt.10358
                0x20000f10        0x1 Middlewares\ST\STM32_USB_Device_Library\Class\CDC\Src\usbd_cdc.o
 .bss.cfgidx.10363
                0x20000f11        0x1 Middlewares\ST\STM32_USB_Device_Library\Core\Src\usbd_ctlreq.o
 *fill*         0x20000f12        0x2 
 .bss.pxEnd     0x20000f14        0x4 Middlewares\Third_Party\FreeRTOS\Source\portable\MemMang\heap_4.o
 .bss.ucHeap    0x20000f18    0x10000 Middlewares\Third_Party\FreeRTOS\Source\portable\MemMang\heap_4.o
 .bss.xBlockAllocatedBit
                0x20010f18        0x4 Middlewares\Third_Party\FreeRTOS\Source\portable\MemMang\heap_4.o
 .bss.xFreeBytesRemaining
                0x20010f1c        0x4 Middlewares\Third_Party\FreeRTOS\Source\portable\MemMang\heap_4.o
 .bss.xMinimumEverFreeBytesRemaining
                0x20010f20        0x4 Middlewares\Third_Party\FreeRTOS\Source\portable\MemMang\heap_4.o
 .bss.xStart    0x20010f24        0x8 Middlewares\Third_Party\FreeRTOS\Source\portable\MemMang\heap_4.o
 .bss.ucMaxSysCallPriority
                0x20010f2c        0x1 Middlewares\Third_Party\FreeRTOS\Source\portable\RVDS\ARM_CM4F\port.o
 *fill*         0x20010f2d        0x3 
 .bss.ulMaxPRIGROUPValue
                0x20010f30        0x4 Middlewares\Third_Party\FreeRTOS\Source\portable\RVDS\ARM_CM4F\port.o
 .bss.pxCurrentTCB
                0x20010f34        0x4 Middlewares\Third_Party\FreeRTOS\Source\tasks.o
                0x20010f34                pxCurrentTCB
 .bss.pxReadyTasksLists
                0x20010f38       0x8c Middlewares\Third_Party\FreeRTOS\Source\tasks.o
 .bss.xDelayedTaskList1
                0x20010fc4       0x14 Middlewares\Third_Party\FreeRTOS\Source\tasks.o
 .bss.xDelayedTaskList2
                0x20010fd8       0x14 Middlewares\Third_Party\FreeRTOS\Source\tasks.o
 .bss.pxDelayedTaskList
                0x20010fec        0x4 Middlewares\Third_Party\FreeRTOS\Source\tasks.o
 .bss.pxOverflowDelayedTaskList
                0x20010ff0        0x4 Middlewares\Third_Party\FreeRTOS\Source\tasks.o
 .bss.xPendingReadyList
                0x20010ff4       0x14 Middlewares\Third_Party\FreeRTOS\Source\tasks.o
 .bss.xTasksWaitingTermination
                0x20011008       0x14 Middlewares\Third_Party\FreeRTOS\Source\tasks.o
 .bss.uxDeletedTasksWaitingCleanUp
                0x2001101c        0x4 Middlewares\Third_Party\FreeRTOS\Source\tasks.o
 .bss.xSuspendedTaskList
                0x20011020       0x14 Middlewares\Third_Party\FreeRTOS\Source\tasks.o
 .bss.uxCurrentNumberOfTasks
                0x20011034        0x4 Middlewares\Third_Party\FreeRTOS\Source\tasks.o
 .bss.xTickCount
                0x20011038        0x4 Middlewares\Third_Party\FreeRTOS\Source\tasks.o
 .bss.uxTopReadyPriority
                0x2001103c        0x4 Middlewares\Third_Party\FreeRTOS\Source\tasks.o
 .bss.xSchedulerRunning
                0x20011040        0x4 Middlewares\Third_Party\FreeRTOS\Source\tasks.o
 .bss.uxPendedTicks
                0x20011044        0x4 Middlewares\Third_Party\FreeRTOS\Source\tasks.o
 .bss.xYieldPending
                0x20011048        0x4 Middlewares\Third_Party\FreeRTOS\Source\tasks.o
 .bss.xNumOfOverflows
                0x2001104c        0x4 Middlewares\Third_Party\FreeRTOS\Source\tasks.o
 .bss.uxTaskNumber
                0x20011050        0x4 Middlewares\Third_Party\FreeRTOS\Source\tasks.o
 .bss.xNextTaskUnblockTime
                0x20011054        0x4 Middlewares\Third_Party\FreeRTOS\Source\tasks.o
 .bss.xIdleTaskHandle
                0x20011058        0x4 Middlewares\Third_Party\FreeRTOS\Source\tasks.o
 .bss.uxSchedulerSuspended
                0x2001105c        0x4 Middlewares\Third_Party\FreeRTOS\Source\tasks.o
 .bss.ulTaskSwitchedInTime
                0x20011060        0x4 Middlewares\Third_Party\FreeRTOS\Source\tasks.o
 .bss.ulTotalRunTime
                0x20011064        0x4 Middlewares\Third_Party\FreeRTOS\Source\tasks.o
 .bss.__malloc_free_list
                0x20011068        0x4 c:/program files (x86)/atollic/truestudio for stm32 9.0.1/armtools/bin/../lib/gcc/arm-atollic-eabi/6.3.1/../../../../arm-atollic-eabi/lib/armv7e-m/fpu\libc_nano.a(lib_a-nano-mallocr.o)
                0x20011068                __malloc_free_list
 .bss.__malloc_sbrk_start
                0x2001106c        0x4 c:/program files (x86)/atollic/truestudio for stm32 9.0.1/armtools/bin/../lib/gcc/arm-atollic-eabi/6.3.1/../../../../arm-atollic-eabi/lib/armv7e-m/fpu\libc_nano.a(lib_a-nano-mallocr.o)
                0x2001106c                __malloc_sbrk_start
 .bss.heap_end.5239
                0x20011070        0x4 c:/program files (x86)/atollic/truestudio for stm32 9.0.1/armtools/bin/../lib/gcc/arm-atollic-eabi/6.3.1/../../../../arm-atollic-eabi/lib/armv7e-m/fpu\libnosys.a(sbrk.o)
 *(COMMON)
 COMMON         0x20011074       0x44 Core\Src\main.o
                0x20011074                defaultTaskHandle
                0x20011078                defaultTaskHandle2
                0x2001107c                htim7
 COMMON         0x200110b8       0x3c Core\Src\stm32f4xx_hal_timebase_TIM.o
                0x200110b8                htim1
 COMMON         0x200110f4       0x64 Core\Src\tcd1304ap.o
                0x200110f4                sensorTaskHandle
                0x200110f8                sensorADC1DataQueue
                0x200110fc                ulADCSampleCounter
                0x20011100                sConfigPWM
                0x2001111c                Tim3PWMHandle
 COMMON         0x20011158       0xb8 Drivers\BSP\src\bsp_adc.o
                0x20011158                adcBuf_1
                0x2001115c                ADC2Handle
                0x200111a4                ADC1Config
                0x200111b4                ADC1Handle
                0x200111fc                ADC2Config
                0x2001120c                adcBuf_2
 COMMON         0x20011210       0x78 Drivers\BSP\src\bsp_timers.o
                0x20011210                Tim4ADCHandle
                0x2001124c                Tim2PWMHandle
 COMMON         0x20011288       0x10 Drivers\BSP\src\bsp_usb.o
                0x20011288                usbTaskRxHandle
                0x2001128c                usbRxDataQueue
                0x20011290                usbTxDataQueue
                0x20011294                usbTaskTxHandle
 COMMON         0x20011298        0x4 Drivers\STM32F4xx_HAL_Driver\Src\stm32f4xx_hal.o
                0x20011298                uwTick
 COMMON         0x2001129c      0x224 Middlewares\ST\STM32_USB_Device_Library\Core\Src\usb_device.o
                0x2001129c                hUsbDeviceFS
 COMMON         0x200114c0      0x480 Middlewares\ST\STM32_USB_Device_Library\Core\Src\usbd_cdc_if.o
                0x200114c0                UserRxBufferFS
                0x20011540                UserTxBufferFS
 COMMON         0x20011940      0x3f0 Middlewares\ST\STM32_USB_Device_Library\Core\Src\usbd_conf.o
                0x20011940                hpcd_USB_OTG_FS
 COMMON         0x20011d30      0x200 Middlewares\ST\STM32_USB_Device_Library\Core\Src\usbd_desc.o
                0x20011d30                USBD_StrDesc
 COMMON         0x20011f30       0x40 Middlewares\Third_Party\FreeRTOS\Source\queue.o
                0x20011f30                xQueueRegistry
 COMMON         0x20011f70        0x4 c:/program files (x86)/atollic/truestudio for stm32 9.0.1/armtools/bin/../lib/gcc/arm-atollic-eabi/6.3.1/../../../../arm-atollic-eabi/lib/armv7e-m/fpu\libc_nano.a(lib_a-reent.o)
                0x20011f70                errno
                0x20011f74                . = ALIGN (0x4)
                0x20011f74                _ebss = .
                0x20011f74                __bss_end__ = _ebss

._user_heap_stack
                0x20011f74      0x400
                0x20011f74                . = ALIGN (0x4)
                0x20011f74                PROVIDE (end, .)
                [!provide]                PROVIDE (_end, .)
                0x20011f74                . = (. + _Min_Heap_Size)
                0x20012374                . = (. + _Min_Stack_Size)
 *fill*         0x20011f74      0x400 
                0x20012374                . = ALIGN (0x4)

/DISCARD/
 libc.a(*)
 libm.a(*)
 libgcc.a(*)

.ARM.attributes
                0x00000000       0x30
 *(.ARM.attributes)
 .ARM.attributes
                0x00000000       0x22 c:/program files (x86)/atollic/truestudio for stm32 9.0.1/armtools/bin/../lib/gcc/arm-atollic-eabi/6.3.1/armv7e-m/fpu/crti.o
 .ARM.attributes
                0x00000022       0x34 c:/program files (x86)/atollic/truestudio for stm32 9.0.1/armtools/bin/../lib/gcc/arm-atollic-eabi/6.3.1/armv7e-m/fpu/crtbegin.o
 .ARM.attributes
                0x00000056       0x39 Core\Src\main.o
 .ARM.attributes
                0x0000008f       0x39 Core\Src\process.o
 .ARM.attributes
                0x000000c8       0x39 Core\Src\protocol.o
 .ARM.attributes
                0x00000101       0x39 Core\Src\stm32f4xx_hal_msp.o
 .ARM.attributes
                0x0000013a       0x39 Core\Src\stm32f4xx_hal_timebase_TIM.o
 .ARM.attributes
                0x00000173       0x39 Core\Src\stm32f4xx_it.o
 .ARM.attributes
                0x000001ac       0x39 Core\Src\system_stm32f4xx.o
 .ARM.attributes
                0x000001e5       0x39 Core\Src\tcd1304ap.o
 .ARM.attributes
                0x0000021e       0x39 Drivers\BSP\src\bsp_adc.o
 .ARM.attributes
                0x00000257       0x39 Drivers\BSP\src\bsp_timers.o
 .ARM.attributes
                0x00000290       0x39 Drivers\BSP\src\bsp_usb.o
 .ARM.attributes
                0x000002c9       0x39 Drivers\STM32F4xx_HAL_Driver\Src\stm32f4xx_hal.o
 .ARM.attributes
                0x00000302       0x39 Drivers\STM32F4xx_HAL_Driver\Src\stm32f4xx_hal_adc.o
 .ARM.attributes
                0x0000033b       0x39 Drivers\STM32F4xx_HAL_Driver\Src\stm32f4xx_hal_adc_ex.o
 .ARM.attributes
                0x00000374       0x39 Drivers\STM32F4xx_HAL_Driver\Src\stm32f4xx_hal_cortex.o
 .ARM.attributes
                0x000003ad       0x39 Drivers\STM32F4xx_HAL_Driver\Src\stm32f4xx_hal_dma.o
 .ARM.attributes
                0x000003e6       0x39 Drivers\STM32F4xx_HAL_Driver\Src\stm32f4xx_hal_gpio.o
 .ARM.attributes
                0x0000041f       0x39 Drivers\STM32F4xx_HAL_Driver\Src\stm32f4xx_hal_pcd.o
 .ARM.attributes
                0x00000458       0x39 Drivers\STM32F4xx_HAL_Driver\Src\stm32f4xx_hal_pcd_ex.o
 .ARM.attributes
                0x00000491       0x39 Drivers\STM32F4xx_HAL_Driver\Src\stm32f4xx_hal_rcc.o
 .ARM.attributes
                0x000004ca       0x39 Drivers\STM32F4xx_HAL_Driver\Src\stm32f4xx_hal_tim.o
 .ARM.attributes
                0x00000503       0x39 Drivers\STM32F4xx_HAL_Driver\Src\stm32f4xx_hal_tim_ex.o
 .ARM.attributes
                0x0000053c       0x39 Drivers\STM32F4xx_HAL_Driver\Src\stm32f4xx_ll_usb.o
 .ARM.attributes
                0x00000575       0x39 Middlewares\ST\STM32_USB_Device_Library\Class\CDC\Src\usbd_cdc.o
 .ARM.attributes
                0x000005ae       0x39 Middlewares\ST\STM32_USB_Device_Library\Core\Src\usb_device.o
 .ARM.attributes
                0x000005e7       0x39 Middlewares\ST\STM32_USB_Device_Library\Core\Src\usbd_cdc_if.o
 .ARM.attributes
                0x00000620       0x39 Middlewares\ST\STM32_USB_Device_Library\Core\Src\usbd_conf.o
 .ARM.attributes
                0x00000659       0x39 Middlewares\ST\STM32_USB_Device_Library\Core\Src\usbd_core.o
 .ARM.attributes
                0x00000692       0x39 Middlewares\ST\STM32_USB_Device_Library\Core\Src\usbd_ctlreq.o
 .ARM.attributes
                0x000006cb       0x39 Middlewares\ST\STM32_USB_Device_Library\Core\Src\usbd_desc.o
 .ARM.attributes
                0x00000704       0x39 Middlewares\ST\STM32_USB_Device_Library\Core\Src\usbd_ioreq.o
 .ARM.attributes
                0x0000073d       0x39 Middlewares\Third_Party\FreeRTOS\Source\CMSIS_RTOS\cmsis_os.o
 .ARM.attributes
                0x00000776       0x39 Middlewares\Third_Party\FreeRTOS\Source\list.o
 .ARM.attributes
                0x000007af       0x39 Middlewares\Third_Party\FreeRTOS\Source\portable\MemMang\heap_4.o
 .ARM.attributes
                0x000007e8       0x39 Middlewares\Third_Party\FreeRTOS\Source\portable\RVDS\ARM_CM4F\port.o
 .ARM.attributes
                0x00000821       0x39 Middlewares\Third_Party\FreeRTOS\Source\queue.o
 .ARM.attributes
                0x0000085a       0x39 Middlewares\Third_Party\FreeRTOS\Source\tasks.o
 .ARM.attributes
                0x00000893       0x21 startup\startup_stm32f429xx.o
 .ARM.attributes
                0x000008b4       0x34 c:/program files (x86)/atollic/truestudio for stm32 9.0.1/armtools/bin/../lib/gcc/arm-atollic-eabi/6.3.1/../../../../arm-atollic-eabi/lib/armv7e-m/fpu\libc_nano.a(lib_a-init.o)
 .ARM.attributes
                0x000008e8       0x34 c:/program files (x86)/atollic/truestudio for stm32 9.0.1/armtools/bin/../lib/gcc/arm-atollic-eabi/6.3.1/../../../../arm-atollic-eabi/lib/armv7e-m/fpu\libc_nano.a(lib_a-malloc.o)
 .ARM.attributes
                0x0000091c       0x34 c:/program files (x86)/atollic/truestudio for stm32 9.0.1/armtools/bin/../lib/gcc/arm-atollic-eabi/6.3.1/../../../../arm-atollic-eabi/lib/armv7e-m/fpu\libc_nano.a(lib_a-memcpy-stub.o)
 .ARM.attributes