Archive member included to satisfy reference by file (symbol)

c:/program files (x86)/atollic/truestudio for stm32 9.0.1/armtools/bin/../lib/gcc/arm-atollic-eabi/6.3.1/../../../../arm-atollic-eabi/lib/armv7e-m/fpu\libc_nano.a(lib_a-init.o)
                              startup\startup_stm32f429xx.o (__libc_init_array)
c:/program files (x86)/atollic/truestudio for stm32 9.0.1/armtools/bin/../lib/gcc/arm-atollic-eabi/6.3.1/../../../../arm-atollic-eabi/lib/armv7e-m/fpu\libc_nano.a(lib_a-malloc.o)
                              Middlewares\ST\STM32_USB_Device_Library\Class\CDC\Src\usbd_cdc.o (malloc)
c:/program files (x86)/atollic/truestudio for stm32 9.0.1/armtools/bin/../lib/gcc/arm-atollic-eabi/6.3.1/../../../../arm-atollic-eabi/lib/armv7e-m/fpu\libc_nano.a(lib_a-memcpy-stub.o)
                              Core\Src\process.o (memcpy)
c:/program files (x86)/atollic/truestudio for stm32 9.0.1/armtools/bin/../lib/gcc/arm-atollic-eabi/6.3.1/../../../../arm-atollic-eabi/lib/armv7e-m/fpu\libc_nano.a(lib_a-memset.o)
                              Core\Src\process.o (memset)
c:/program files (x86)/atollic/truestudio for stm32 9.0.1/armtools/bin/../lib/gcc/arm-atollic-eabi/6.3.1/../../../../arm-atollic-eabi/lib/armv7e-m/fpu\libc_nano.a(lib_a-nano-freer.o)
                              c:/program files (x86)/atollic/truestudio for stm32 9.0.1/armtools/bin/../lib/gcc/arm-atollic-eabi/6.3.1/../../../../arm-atollic-eabi/lib/armv7e-m/fpu\libc_nano.a(lib_a-malloc.o) (_free_r)
c:/program files (x86)/atollic/truestudio for stm32 9.0.1/armtools/bin/../lib/gcc/arm-atollic-eabi/6.3.1/../../../../arm-atollic-eabi/lib/armv7e-m/fpu\libc_nano.a(lib_a-nano-mallocr.o)
                              c:/program files (x86)/atollic/truestudio for stm32 9.0.1/armtools/bin/../lib/gcc/arm-atollic-eabi/6.3.1/../../../../arm-atollic-eabi/lib/armv7e-m/fpu\libc_nano.a(lib_a-malloc.o) (_malloc_r)
c:/program files (x86)/atollic/truestudio for stm32 9.0.1/armtools/bin/../lib/gcc/arm-atollic-eabi/6.3.1/../../../../arm-atollic-eabi/lib/armv7e-m/fpu\libc_nano.a(lib_a-sbrkr.o)
                              c:/program files (x86)/atollic/truestudio for stm32 9.0.1/armtools/bin/../lib/gcc/arm-atollic-eabi/6.3.1/../../../../arm-atollic-eabi/lib/armv7e-m/fpu\libc_nano.a(lib_a-nano-mallocr.o) (_sbrk_r)
c:/program files (x86)/atollic/truestudio for stm32 9.0.1/armtools/bin/../lib/gcc/arm-atollic-eabi/6.3.1/../../../../arm-atollic-eabi/lib/armv7e-m/fpu\libc_nano.a(lib_a-strlen.o)
                              Drivers\BSP\src\bsp_usb.o (strlen)
c:/program files (x86)/atollic/truestudio for stm32 9.0.1/armtools/bin/../lib/gcc/arm-atollic-eabi/6.3.1/../../../../arm-atollic-eabi/lib/armv7e-m/fpu\libc_nano.a(lib_a-impure.o)
                              c:/program files (x86)/atollic/truestudio for stm32 9.0.1/armtools/bin/../lib/gcc/arm-atollic-eabi/6.3.1/../../../../arm-atollic-eabi/lib/armv7e-m/fpu\libc_nano.a(lib_a-malloc.o) (_impure_ptr)
c:/program files (x86)/atollic/truestudio for stm32 9.0.1/armtools/bin/../lib/gcc/arm-atollic-eabi/6.3.1/../../../../arm-atollic-eabi/lib/armv7e-m/fpu\libc_nano.a(lib_a-mlock.o)
                              c:/program files (x86)/atollic/truestudio for stm32 9.0.1/armtools/bin/../lib/gcc/arm-atollic-eabi/6.3.1/../../../../arm-atollic-eabi/lib/armv7e-m/fpu\libc_nano.a(lib_a-nano-freer.o) (__malloc_lock)
c:/program files (x86)/atollic/truestudio for stm32 9.0.1/armtools/bin/../lib/gcc/arm-atollic-eabi/6.3.1/../../../../arm-atollic-eabi/lib/armv7e-m/fpu\libc_nano.a(lib_a-reent.o)
                              c:/program files (x86)/atollic/truestudio for stm32 9.0.1/armtools/bin/../lib/gcc/arm-atollic-eabi/6.3.1/../../../../arm-atollic-eabi/lib/armv7e-m/fpu\libc_nano.a(lib_a-sbrkr.o) (errno)
c:/program files (x86)/atollic/truestudio for stm32 9.0.1/armtools/bin/../lib/gcc/arm-atollic-eabi/6.3.1/../../../../arm-atollic-eabi/lib/armv7e-m/fpu\libm.a(lib_a-w_log10.o)
                              Core\Src\process.o (log10)
c:/program files (x86)/atollic/truestudio for stm32 9.0.1/armtools/bin/../lib/gcc/arm-atollic-eabi/6.3.1/../../../../arm-atollic-eabi/lib/armv7e-m/fpu\libm.a(lib_a-e_log10.o)
                              c:/program files (x86)/atollic/truestudio for stm32 9.0.1/armtools/bin/../lib/gcc/arm-atollic-eabi/6.3.1/../../../../arm-atollic-eabi/lib/armv7e-m/fpu\libm.a(lib_a-w_log10.o) (__ieee754_log10)
c:/program files (x86)/atollic/truestudio for stm32 9.0.1/armtools/bin/../lib/gcc/arm-atollic-eabi/6.3.1/../../../../arm-atollic-eabi/lib/armv7e-m/fpu\libm.a(lib_a-s_lib_ver.o)
                              c:/program files (x86)/atollic/truestudio for stm32 9.0.1/armtools/bin/../lib/gcc/arm-atollic-eabi/6.3.1/../../../../arm-atollic-eabi/lib/armv7e-m/fpu\libm.a(lib_a-w_log10.o) (__fdlib_version)
c:/program files (x86)/atollic/truestudio for stm32 9.0.1/armtools/bin/../lib/gcc/arm-atollic-eabi/6.3.1/../../../../arm-atollic-eabi/lib/armv7e-m/fpu\libm.a(lib_a-s_matherr.o)
[...]
Memory Configuration

Name             Origin             Length             Attributes
RAM              0x20000000         0x00030000         xrw
CCMRAM           0x10000000         0x00010000         rw
FLASH            0x08000000         0x000fc000         xr
USERFLASH        0x080fc000         0x00004000         xr
*default*        0x00000000         0xffffffff

Linker script and memory map

LOAD c:/program files (x86)/atollic/truestudio for stm32 9.0.1/armtools/bin/../lib/gcc/arm-atollic-eabi/6.3.1/armv7e-m/fpu/crti.o
LOAD c:/program files (x86)/atollic/truestudio for stm32 9.0.1/armtools/bin/../lib/gcc/arm-atollic-eabi/6.3.1/armv7e-m/fpu/crtbegin.o
LOAD Core\Src\main.o
LOAD Core\Src\process.o
LOAD Core\Src\protocol.o
LOAD Core\Src\stm32f4xx_hal_msp.o
LOAD Core\Src\stm32f4xx_hal_timebase_TIM.o
LOAD Core\Src\stm32f4xx_it.o
LOAD Core\Src\system_stm32f4xx.o
LOAD Core\Src\tcd1304ap.o
LOAD Drivers\BSP\src\bsp_adc.o
LOAD Drivers\BSP\src\bsp_flash.o
LOAD Drivers\BSP\src\bsp_timers.o
LOAD Drivers\BSP\src\bsp_usb.o
LOAD Drivers\STM32F4xx_HAL_Driver\Src\stm32f4xx_hal.o
LOAD Drivers\STM32F4xx_HAL_Driver\Src\stm32f4xx_hal_adc.o
LOAD Drivers\STM32F4xx_HAL_Driver\Src\stm32f4xx_hal_adc_ex.o
LOAD Drivers\STM32F4xx_HAL_Driver\Src\stm32f4xx_hal_can.o
LOAD Drivers\STM32F4xx_HAL_Driver\Src\stm32f4xx_hal_cortex.o
LOAD Drivers\STM32F4xx_HAL_Driver\Src\stm32f4xx_hal_dma.o
LOAD Drivers\STM32F4xx_HAL_Driver\Src\stm32f4xx_hal_dma_ex.o
LOAD Drivers\STM32F4xx_HAL_Driver\Src\stm32f4xx_hal_flash.o
LOAD Drivers\STM32F4xx_HAL_Driver\Src\stm32f4xx_hal_flash_ex.o
LOAD Drivers\STM32F4xx_HAL_Driver\Src\stm32f4xx_hal_flash_ramfunc.o
LOAD Drivers\STM32F4xx_HAL_Driver\Src\stm32f4xx_hal_gpio.o
LOAD Drivers\STM32F4xx_HAL_Driver\Src\stm32f4xx_hal_pcd.o
LOAD Drivers\STM32F4xx_HAL_Driver\Src\stm32f4xx_hal_pcd_ex.o
LOAD Drivers\STM32F4xx_HAL_Driver\Src\stm32f4xx_hal_pwr.o
LOAD Drivers\STM32F4xx_HAL_Driver\Src\stm32f4xx_hal_pwr_ex.o
LOAD Drivers\STM32F4xx_HAL_Driver\Src\stm32f4xx_hal_rcc.o
LOAD Drivers\STM32F4xx_HAL_Driver\Src\stm32f4xx_hal_rcc_ex.o
LOAD Drivers\STM32F4xx_HAL_Driver\Src\stm32f4xx_hal_spi.o
LOAD Drivers\STM32F4xx_HAL_Driver\Src\stm32f4xx_hal_tim.o
LOAD Drivers\STM32F4xx_HAL_Driver\Src\stm32f4xx_hal_tim_ex.o
LOAD Drivers\STM32F4xx_HAL_Driver\Src\stm32f4xx_ll_usb.o
LOAD Middlewares\ST\STM32_USB_Device_Library\Class\CDC\Src\usbd_cdc.o
LOAD Middlewares\ST\STM32_USB_Device_Library\Core\Src\usb_device.o
LOAD Middlewares\ST\STM32_USB_Device_Library\Core\Src\usbd_cdc_if.o
LOAD Middlewares\ST\STM32_USB_Device_Library\Core\Src\usbd_conf.o
LOAD Middlewares\ST\STM32_USB_Device_Library\Core\Src\usbd_core.o
LOAD Middlewares\ST\STM32_USB_Device_Library\Core\Src\usbd_ctlreq.o
LOAD Middlewares\ST\STM32_USB_Device_Library\Core\Src\usbd_desc.o
LOAD Middlewares\ST\STM32_USB_Device_Library\Core\Src\usbd_ioreq.o
LOAD Middlewares\Third_Party\FreeRTOS\Source\CMSIS_RTOS\cmsis_os.o
LOAD Middlewares\Third_Party\FreeRTOS\Source\croutine.o
LOAD Middlewares\Third_Party\FreeRTOS\Source\event_groups.o
LOAD Middlewares\Third_Party\FreeRTOS\Source\freertos.o
LOAD Middlewares\Third_Party\FreeRTOS\Source\list.o
LOAD Middlewares\Third_Party\FreeRTOS\Source\portable\MemMang\heap_4.o
LOAD Middlewares\Third_Party\FreeRTOS\Source\portable\RVDS\ARM_CM4F\port.o
LOAD Middlewares\Third_Party\FreeRTOS\Source\queue.o
LOAD Middlewares\Third_Party\FreeRTOS\Source\tasks.o
LOAD Middlewares\Third_Party\FreeRTOS\Source\timers.o
LOAD startup\startup_stm32f429xx.o
                0x00000080                malloc_getpagesize_P = 0x80
START GROUP
LOAD c:/program files (x86)/atollic/truestudio for stm32 9.0.1/armtools/bin/../lib/gcc/arm-atollic-eabi/6.3.1/../../../../arm-atollic-eabi/lib/armv7e-m/fpu\libc_nano.a
LOAD c:/program files (x86)/atollic/truestudio for stm32 9.0.1/armtools/bin/../lib/gcc/arm-atollic-eabi/6.3.1/../../../../arm-atollic-eabi/lib/armv7e-m/fpu\libm.a
END GROUP
START GROUP
LOAD c:/program files (x86)/atollic/truestudio for stm32 9.0.1/armtools/bin/../lib/gcc/arm-atollic-eabi/6.3.1/armv7e-m/fpu\libgcc.a
LOAD c:/program files (x86)/atollic/truestudio for stm32 9.0.1/armtools/bin/../lib/gcc/arm-atollic-eabi/6.3.1/../../../../arm-atollic-eabi/lib/armv7e-m/fpu\libc_nano.a
END GROUP
START GROUP
LOAD c:/program files (x86)/atollic/truestudio for stm32 9.0.1/armtools/bin/../lib/gcc/arm-atollic-eabi/6.3.1/armv7e-m/fpu\libgcc.a
LOAD c:/program files (x86)/atollic/truestudio for stm32 9.0.1/armtools/bin/../lib/gcc/arm-atollic-eabi/6.3.1/../../../../arm-atollic-eabi/lib/armv7e-m/fpu\libc_nano.a
LOAD c:/program files (x86)/atollic/truestudio for stm32 9.0.1/armtools/bin/../lib/gcc/arm-atollic-eabi/6.3.1/../../../../arm-atollic-eabi/lib/armv7e-m/fpu\libnosys.a
END GROUP
START GROUP
LOAD c:/program files (x86)/atollic/truestudio for stm32 9.0.1/armtools/bin/../lib/gcc/arm-atollic-eabi/6.3.1/armv7e-m/fpu\libgcc.a
LOAD c:/program files (x86)/atollic/truestudio for stm32 9.0.1/armtools/bin/../lib/gcc/arm-atollic-eabi/6.3.1/../../../../arm-atollic-eabi/lib/armv7e-m/fpu\libc_nano.a
LOAD c:/program files (x86)/atollic/truestudio for stm32 9.0.1/armtools/bin/../lib/gcc/arm-atollic-eabi/6.3.1/../../../../arm-atollic-eabi/lib/armv7e-m/fpu\libnosys.a
END GROUP
LOAD c:/program files (x86)/atollic/truestudio for stm32 9.0.1/armtools/bin/../lib/gcc/arm-atollic-eabi/6.3.1/armv7e-m/fpu/crtend.o
LOAD c:/program files (x86)/atollic/truestudio for stm32 9.0.1/armtools/bin/../lib/gcc/arm-atollic-eabi/6.3.1/armv7e-m/fpu/crtn.o
                0x20030000                _estack = 0x20030000
                0x00000000                _Min_Heap_Size = 0x0
                0x00000400                _Min_Stack_Size = 0x400

.isr_vector     0x08000000      0x1ac
                0x08000000                . = ALIGN (0x4)
 *(.isr_vector)
 .isr_vector    0x08000000      0x1ac startup\startup_stm32f429xx.o
                0x08000000                g_pfnVectors
                0x080001ac                . = ALIGN (0x4)

.text           0x080001b0     0x7978
                0x080001b0                . = ALIGN (0x4)
 *(.text)
 .text          0x080001b0       0x40 c:/program files (x86)/atollic/truestudio for stm32 9.0.1/armtools/bin/../lib/gcc/arm-atollic-eabi/6.3.1/armv7e-m/fpu/crtbegin.o
 .text          0x080001f0      0x370 c:/program files (x86)/atollic/truestudio for stm32 9.0.1/armtools/bin/../lib/gcc/arm-atollic-eabi/6.3.1/armv7e-m/fpu\libgcc.a(_arm_addsubdf3.o)
                0x080001f0                __aeabi_drsub
                0x080001f8                __aeabi_dsub
                0x080001f8                __subdf3
                0x080001fc                __aeabi_dadd
                0x080001fc                __adddf3
                0x08000474                __floatunsidf
                0x08000474                __aeabi_ui2d
                0x08000494                __floatsidf
                0x08000494                __aeabi_i2d
                0x080004b8                __aeabi_f2d
                0x080004b8                __extendsfdf2
                0x080004f4                __floatundidf
                0x080004f4                __aeabi_ul2d
                0x08000504                __floatdidf
                0x08000504                __aeabi_l2d
 .text          0x08000560      0x424 c:/program files (x86)/atollic/truestudio for stm32 9.0.1/armtools/bin/../lib/gcc/arm-atollic-eabi/6.3.1/armv7e-m/fpu\libgcc.a(_arm_muldivdf3.o)
                0x08000560                __aeabi_dmul
                0x08000560                __muldf3
                0x080007b4                __divdf3
                0x080007b4                __aeabi_ddiv
 .text          0x08000984      0x110 c:/program files (x86)/atollic/truestudio for stm32 9.0.1/armtools/bin/../lib/gcc/arm-atollic-eabi/6.3.1/armv7e-m/fpu\libgcc.a(_arm_cmpdf2.o)
                0x08000984                __gtdf2
                0x08000984                __gedf2
                0x0800098c                __ltdf2
                0x0800098c                __ledf2
                0x08000994                __nedf2
                0x08000994                __eqdf2
                0x08000994                __cmpdf2
                0x08000a10                __aeabi_cdrcmple
                0x08000a20                __aeabi_cdcmpeq
                0x08000a20                __aeabi_cdcmple
                0x08000a30                __aeabi_dcmpeq
                0x08000a44                __aeabi_dcmplt
                0x08000a58                __aeabi_dcmple
                0x08000a6c                __aeabi_dcmpge
                0x08000a80                __aeabi_dcmpgt
 .text          0x08000a94       0x2c c:/program files (x86)/atollic/truestudio for stm32 9.0.1/armtools/bin/../lib/gcc/arm-atollic-eabi/6.3.1/armv7e-m/fpu\libgcc.a(_arm_unorddf2.o)
                0x08000a94                __unorddf2
                0x08000a94                __aeabi_dcmpun
 .text          0x08000ac0       0xa0 c:/program files (x86)/atollic/truestudio for stm32 9.0.1/armtools/bin/../lib/gcc/arm-atollic-eabi/6.3.1/armv7e-m/fpu\libgcc.a(_arm_truncdfsf2.o)
                0x08000ac0                __truncdfsf2
                0x08000ac0                __aeabi_d2f
 .text          0x08000b60       0x30 c:/program files (x86)/atollic/truestudio for stm32 9.0.1/armtools/bin/../lib/gcc/arm-atollic-eabi/6.3.1/armv7e-m/fpu\libgcc.a(_aeabi_uldivmod.o)
                0x08000b60                __aeabi_uldivmod
 .text          0x08000b90      0x2dc c:/program files (x86)/atollic/truestudio for stm32 9.0.1/armtools/bin/../lib/gcc/arm-atollic-eabi/6.3.1/armv7e-m/fpu\libgcc.a(_udivmoddi4.o)
                0x08000b90                __udivmoddi4
 .text          0x08000e6c        0x4 c:/program files (x86)/atollic/truestudio for stm32 9.0.1/armtools/bin/../lib/gcc/arm-atollic-eabi/6.3.1/armv7e-m/fpu\libgcc.a(_dvmd_tls.o)
                0x08000e6c                __aeabi_idiv0
                0x08000e6c                __aeabi_ldiv0
 *(.text*)
 .text.mainTask
                0x08000e70       0x5a Core\Src\main.o
                0x08000e70                mainTask
 *fill*         0x08000eca        0x2 
 .text.systemClock_Config
                0x08000ecc       0xb8 Core\Src\main.o
                0x08000ecc                systemClock_Config
 .text.portClkInit
                0x08000f84       0x60 Core\Src\main.o
                0x08000f84                portClkInit
 .text.startup.main
                0x08000fe4       0x3c Core\Src\main.o
                0x08000fe4                main
 .text.HAL_TIM_PeriodElapsedCallback
                0x08001020       0x44 Core\Src\main.o
                0x08001020                HAL_TIM_PeriodElapsedCallback
 .text.GetRunTimeStatsValue
                0x08001064        0xc Core\Src\main.o
                0x08001064                GetRunTimeStatsValue
 .text.SetupRunTimeStatsTimer
                0x08001070       0x78 Core\Src\main.o
                0x08001070                SetupRunTimeStatsTimer
 .text._Error_Handler
                0x080010e8        0x2 Core\Src\main.o
                0x080010e8                _Error_Handler
 *fill*         0x080010ea        0x2 
 .text.Process_Init
                0x080010ec       0x10 Core\Src\process.o
                0x080010ec                Process_Init
 .text.Process_BackgroundUpdate
                0x080010fc       0x48 Core\Src\process.o
                0x080010fc                Process_BackgroundUpdate
 .text.Process_OpticalDensityCalculate
                0x08001144       0x7c Core\Src\process.o
                0x08001144                Process_OpticalDensityCalculate
 .text.Process_Update
                0x080011c0       0xe4 Core\Src\process.o
                0x080011c0                Process_Update
 .text.Process_GetSourcelData
                0x080012a4       0x1c Core\Src\process.o
                0x080012a4                Process_GetSourcelData
 .text.Process_GetOpticalData
                0x080012c0       0x1c Core\Src\process.o
                0x080012c0                Process_GetOpticalData
 .text.Protocol_CreatePacket
                0x080012dc       0x54 Core\Src\protocol.o
                0x080012dc                Protocol_CreatePacket
 .text.Protocol_GetPacketFromStream
                0x08001330       0xc8 Core\Src\protocol.o
                0x08001330                Protocol_GetPacketFromStream
 .text.Protocol_SendLinearSensorDataPack
                0x080013f8       0x44 Core\Src\protocol.o
                0x080013f8                Protocol_SendLinearSensorDataPack
 .text.Protocol_SendLinearSensorData
                0x0800143c       0x46 Core\Src\protocol.o
                0x0800143c                Protocol_SendLinearSensorData
 .text.Protocol_SendPingResponse
                0x08001482       0x22 Core\Src\protocol.o
                0x08001482                Protocol_SendPingResponse
 .text.Protocol_RxPackageAnalysis
                0x080014a4       0x4c Core\Src\protocol.o
                0x080014a4                Protocol_RxPackageAnalysis
 .text.HAL_MspInit
                0x080014f0       0x60 Core\Src\stm32f4xx_hal_msp.o
                0x080014f0                HAL_MspInit
 .text.HAL_TIM_PWM_MspInit
                0x08001550      0x100 Core\Src\stm32f4xx_hal_msp.o
                0x08001550                HAL_TIM_PWM_MspInit
 .text.HAL_TIM_Base_MspInit
                0x08001650       0x70 Core\Src\stm32f4xx_hal_msp.o
                0x08001650                HAL_TIM_Base_MspInit
 .text.HAL_ADC_MspInit
                0x080016c0      0x1a0 Core\Src\stm32f4xx_hal_msp.o
                0x080016c0                HAL_ADC_MspInit
 .text.HAL_InitTick
                0x08001860       0x7c Core\Src\stm32f4xx_hal_timebase_TIM.o
                0x08001860                HAL_InitTick
 .text.NMI_Handler
                0x080018dc        0x2 Core\Src\stm32f4xx_it.o
                0x080018dc                NMI_Handler
 .text.HardFault_Handler
                0x080018de        0x2 Core\Src\stm32f4xx_it.o
                0x080018de                HardFault_Handler
 .text.MemManage_Handler
                0x080018e0        0x2 Core\Src\stm32f4xx_it.o
                0x080018e0                MemManage_Handler
 .text.BusFault_Handler
                0x080018e2        0x2 Core\Src\stm32f4xx_it.o
                0x080018e2                BusFault_Handler
 .text.UsageFault_Handler
                0x080018e4        0x2 Core\Src\stm32f4xx_it.o
                0x080018e4                UsageFault_Handler
 .text.DebugMon_Handler
                0x080018e6        0x2 Core\Src\stm32f4xx_it.o
                0x080018e6                DebugMon_Handler
 .text.SysTick_Handler
                0x080018e8        0x4 Core\Src\stm32f4xx_it.o
                0x080018e8                SysTick_Handler
 .text.TIM1_UP_TIM10_IRQHandler
                0x080018ec        0xc Core\Src\stm32f4xx_it.o
                0x080018ec                TIM1_UP_TIM10_IRQHandler
 .text.OTG_FS_IRQHandler
                0x080018f8        0xc Core\Src\stm32f4xx_it.o
                0x080018f8                OTG_FS_IRQHandler
 .text.TIM7_IRQHandler
                0x08001904        0xc Core\Src\stm32f4xx_it.o
                0x08001904                TIM7_IRQHandler
 .text.TIM2_IRQHandler
                0x08001910        0xc Core\Src\stm32f4xx_it.o
                0x08001910                TIM2_IRQHandler
 .text.TIM3_IRQHandler
                0x0800191c        0xc Core\Src\stm32f4xx_it.o
                0x0800191c                TIM3_IRQHandler
 .text.TIM4_IRQHandler
                0x08001928        0xc Core\Src\stm32f4xx_it.o
                0x08001928                TIM4_IRQHandler
 .text.DMA2_Stream0_IRQHandler
                0x08001934        0xc Core\Src\stm32f4xx_it.o
                0x08001934                DMA2_Stream0_IRQHandler
 .text.DMA2_Stream2_IRQHandler
                0x08001940        0xc Core\Src\stm32f4xx_it.o
                0x08001940                DMA2_Stream2_IRQHandler
 .text.ADC_IRQHandler
                0x0800194c        0xc Core\Src\stm32f4xx_it.o
                0x0800194c                ADC_IRQHandler
 .text.SystemInit
                0x08001958       0x4c Core\Src\system_stm32f4xx.o
                0x08001958                SystemInit
 .text.TCD1304_Task
                0x080019a4       0x58 Core\Src\tcd1304ap.o
                0x080019a4                TCD1304_Task
 .text.TCD1304_Init
                0x080019fc       0x98 Core\Src\tcd1304ap.o
                0x080019fc                TCD1304_Init
 .text.TCD1304_Start
                0x08001a94       0x34 Core\Src\tcd1304ap.o
                0x08001a94                TCD1304_Start
 .text.TCD1304_DataCallback
                0x08001ac8       0x38 Core\Src\tcd1304ap.o
                0x08001ac8                TCD1304_DataCallback
 .text.HAL_TIM_PWM_PulseFinishedCallback
                0x08001b00       0x4c Core\Src\tcd1304ap.o
                0x08001b00                HAL_TIM_PWM_PulseFinishedCallback
 .text.TCD1304_SampleTimerCallback
                0x08001b4c       0x74 Core\Src\tcd1304ap.o
                0x08001b4c                TCD1304_SampleTimerCallback
 .text.BSP_ADC_Init
                0x08001bc0      0x14c Drivers\BSP\src\bsp_adc.o
                0x08001bc0                BSP_ADC_Init
 .text.BSP_ADC_Start
                0x08001d0c       0x44 Drivers\BSP\src\bsp_adc.o
                0x08001d0c                BSP_ADC_Start
 .text.HAL_ADC_ConvCpltCallback
                0x08001d50        0x2 Drivers\BSP\src\bsp_adc.o
                0x08001d50                HAL_ADC_ConvCpltCallback
 *fill*         0x08001d52        0x2 
 .text.BSP_GetADCBuf1Value
                0x08001d54        0x8 Drivers\BSP\src\bsp_adc.o
                0x08001d54                BSP_GetADCBuf1Value
 .text.BSP_GetADCBuf2Value
                0x08001d5c        0x8 Drivers\BSP\src\bsp_adc.o
                0x08001d5c                BSP_GetADCBuf2Value
 .text.BSP_Flash_Init
                0x08001d64       0x58 Drivers\BSP\src\bsp_flash.o
                0x08001d64                BSP_Flash_Init
 .text.BSP_Flash_StartWrite
                0x08001dbc       0x14 Drivers\BSP\src\bsp_flash.o
                0x08001dbc                BSP_Flash_StartWrite
 .text.BSP_Flash_WriteBlock
                0x08001dd0       0xb0 Drivers\BSP\src\bsp_flash.o
                0x08001dd0                BSP_Flash_WriteBlock
 .text.BSP_Flash_Task
                0x08001e80       0x28 Drivers\BSP\src\bsp_flash.o
                0x08001e80                BSP_Flash_Task
 .text.BSP_TIM2PWM_Start
                0x08001ea8       0x24 Drivers\BSP\src\bsp_timers.o
                0x08001ea8                BSP_TIM2PWM_Start
 .text.BSP_TIM2PWM_Init
                0x08001ecc       0x90 Drivers\BSP\src\bsp_timers.o
                0x08001ecc                BSP_TIM2PWM_Init
 .text.BSP_TIM4ADC_Init
                0x08001f5c       0x48 Drivers\BSP\src\bsp_timers.o
                0x08001f5c                BSP_TIM4ADC_Init
 .text.BSP_TIM4ADC_Start
                0x08001fa4       0x20 Drivers\BSP\src\bsp_timers.o
                0x08001fa4                BSP_TIM4ADC_Start
 .text.BSP_TIM4ADC_Stop
                0x08001fc4       0x20 Drivers\BSP\src\bsp_timers.o
                0x08001fc4                BSP_TIM4ADC_Stop
 .text.BSP_Usb_TxTask
                0x08001fe4       0x38 Drivers\BSP\src\bsp_usb.o
                0x08001fe4                BSP_Usb_TxTask
 .text.BSP_Usb_RxTask
                0x0800201c       0x48 Drivers\BSP\src\bsp_usb.o
                0x0800201c                BSP_Usb_RxTask
 .text.BSP_Usb_Init
                0x08002064       0x84 Drivers\BSP\src\bsp_usb.o
                0x08002064                BSP_Usb_Init
 .text.BSP_Usb_ReceiveCallback
                0x080020e8       0x60 Drivers\BSP\src\bsp_usb.o
                0x080020e8                BSP_Usb_ReceiveCallback
 .text.BSP_Usb_SendPackage
                0x08002148       0x24 Drivers\BSP\src\bsp_usb.o
                0x08002148                BSP_Usb_SendPackage
 .text.HAL_Init
                0x0800216c       0x34 Drivers\STM32F4xx_HAL_Driver\Src\stm32f4xx_hal.o
                0x0800216c                HAL_Init
 .text.HAL_IncTick
                0x080021a0       0x18 Drivers\STM32F4xx_HAL_Driver\Src\stm32f4xx_hal.o
                0x080021a0                HAL_IncTick
 .text.HAL_GetTick
                0x080021b8        0xc Drivers\STM32F4xx_HAL_Driver\Src\stm32f4xx_hal.o
                0x080021b8                HAL_GetTick
 .text.HAL_Delay
                0x080021c4       0x28 Drivers\STM32F4xx_HAL_Driver\Src\stm32f4xx_hal.o
                0x080021c4                HAL_Delay
 .text.HAL_ADC_Init
                0x080021ec      0x148 Drivers\STM32F4xx_HAL_Driver\Src\stm32f4xx_hal_adc.o
                0x080021ec                HAL_ADC_Init
 .text.HAL_ADC_Start_DMA
                0x08002334      0x100 Drivers\STM32F4xx_HAL_Driver\Src\stm32f4xx_hal_adc.o
                0x08002334                HAL_ADC_Start_DMA
 .text.ADC_DMAConvCplt
                0x08002434       0x60 Drivers\STM32F4xx_HAL_Driver\Src\stm32f4xx_hal_adc.o
 .text.HAL_ADC_ConvHalfCpltCallback
                0x08002494        0x2 Drivers\STM32F4xx_HAL_Driver\Src\stm32f4xx_hal_adc.o
                0x08002494                HAL_ADC_ConvHalfCpltCallback
 .text.ADC_DMAHalfConvCplt
                0x08002496        0xa Drivers\STM32F4xx_HAL_Driver\Src\stm32f4xx_hal_adc.o
 .text.HAL_ADC_LevelOutOfWindowCallback
                0x080024a0        0x2 Drivers\STM32F4xx_HAL_Driver\Src\stm32f4xx_hal_adc.o
                0x080024a0                HAL_ADC_LevelOutOfWindowCallback
 .text.HAL_ADC_ErrorCallback
                0x080024a2        0x2 Drivers\STM32F4xx_HAL_Driver\Src\stm32f4xx_hal_adc.o
                0x080024a2                HAL_ADC_ErrorCallback
 .text.HAL_ADC_IRQHandler
                0x080024a4      0x128 Drivers\STM32F4xx_HAL_Driver\Src\stm32f4xx_hal_adc.o
                0x080024a4                HAL_ADC_IRQHandler
 .text.ADC_DMAError
                0x080025cc       0x16 Drivers\STM32F4xx_HAL_Driver\Src\stm32f4xx_hal_adc.o
 *fill*         0x080025e2        0x2 
 .text.HAL_ADC_ConfigChannel
                0x080025e4      0x130 Drivers\STM32F4xx_HAL_Driver\Src\stm32f4xx_hal_adc.o
                0x080025e4                HAL_ADC_ConfigChannel
 .text.HAL_ADCEx_InjectedConvCpltCallback
                0x08002714        0x2 Drivers\STM32F4xx_HAL_Driver\Src\stm32f4xx_hal_adc_ex.o
                0x08002714                HAL_ADCEx_InjectedConvCpltCallback
 *fill*         0x08002716        0x2 
 .text.HAL_NVIC_SetPriorityGrouping
                0x08002718       0x24 Drivers\STM32F4xx_HAL_Driver\Src\stm32f4xx_hal_cortex.o
                0x08002718                HAL_NVIC_SetPriorityGrouping
 .text.HAL_NVIC_SetPriority
                0x0800273c       0x68 Drivers\STM32F4xx_HAL_Driver\Src\stm32f4xx_hal_cortex.o
                0x0800273c                HAL_NVIC_SetPriority
 .text.HAL_NVIC_EnableIRQ
                0x080027a4       0x18 Drivers\STM32F4xx_HAL_Driver\Src\stm32f4xx_hal_cortex.o
                0x080027a4                HAL_NVIC_EnableIRQ
 .text.HAL_SYSTICK_Config
                0x080027bc       0x2c Drivers\STM32F4xx_HAL_Driver\Src\stm32f4xx_hal_cortex.o
                0x080027bc                HAL_SYSTICK_Config
 .text.HAL_SYSTICK_CLKSourceConfig
                0x080027e8       0x18 Drivers\STM32F4xx_HAL_Driver\Src\stm32f4xx_hal_cortex.o
                0x080027e8                HAL_SYSTICK_CLKSourceConfig
 .text.DMA_CalcBaseAndBitshift
                0x08002800       0x2c Drivers\STM32F4xx_HAL_Driver\Src\stm32f4xx_hal_dma.o
 .text.HAL_DMA_Init
                0x0800282c       0xfc Drivers\STM32F4xx_HAL_Driver\Src\stm32f4xx_hal_dma.o
                0x0800282c                HAL_DMA_Init
 .text.HAL_DMA_Start_IT
                0x08002928       0x7c Drivers\STM32F4xx_HAL_Driver\Src\stm32f4xx_hal_dma.o
                0x08002928                HAL_DMA_Start_IT
 .text.HAL_DMA_IRQHandler
                0x080029a4      0x174 Drivers\STM32F4xx_HAL_Driver\Src\stm32f4xx_hal_dma.o
                0x080029a4                HAL_DMA_IRQHandler
 .text.FLASH_Program_DoubleWord
                0x08002b18       0x28 Drivers\STM32F4xx_HAL_Driver\Src\stm32f4xx_hal_flash.o
 .text.FLASH_Program_Word
                0x08002b40       0x24 Drivers\STM32F4xx_HAL_Driver\Src\stm32f4xx_hal_flash.o
 .text.FLASH_Program_HalfWord
                0x08002b64       0x24 Drivers\STM32F4xx_HAL_Driver\Src\stm32f4xx_hal_flash.o
 .text.FLASH_SetErrorCode
                0x08002b88       0x8c Drivers\STM32F4xx_HAL_Driver\Src\stm32f4xx_hal_flash.o
 .text.HAL_FLASH_Unlock
                0x08002c14       0x24 Drivers\STM32F4xx_HAL_Driver\Src\stm32f4xx_hal_flash.o
                0x08002c14                HAL_FLASH_Unlock
 .text.HAL_FLASH_Lock
                0x08002c38       0x14 Drivers\STM32F4xx_HAL_Driver\Src\stm32f4xx_hal_flash.o
                0x08002c38                HAL_FLASH_Lock
 .text.FLASH_WaitForLastOperation
                0x08002c4c       0x54 Drivers\STM32F4xx_HAL_Driver\Src\stm32f4xx_hal_flash.o
                0x08002c4c                FLASH_WaitForLastOperation
 .text.HAL_FLASH_Program
                0x08002ca0       0x90 Drivers\STM32F4xx_HAL_Driver\Src\stm32f4xx_hal_flash.o
                0x08002ca0                HAL_FLASH_Program
 .text.FLASH_MassErase
                0x08002d30       0x38 Drivers\STM32F4xx_HAL_Driver\Src\stm32f4xx_hal_flash_ex.o
 .text.FLASH_Erase_Sector
                0x08002d68       0x50 Drivers\STM32F4xx_HAL_Driver\Src\stm32f4xx_hal_flash_ex.o
                0x08002d68                FLASH_Erase_Sector
 .text.FLASH_FlushCaches
                0x08002db8       0x58 Drivers\STM32F4xx_HAL_Driver\Src\stm32f4xx_hal_flash_ex.o
                0x08002db8                FLASH_FlushCaches
 .text.HAL_FLASHEx_Erase
                0x08002e10       0xa4 Drivers\STM32F4xx_HAL_Driver\Src\stm32f4xx_hal_flash_ex.o
                0x08002e10                HAL_FLASHEx_Erase
 .text.HAL_GPIO_Init
                0x08002eb4      0x1d8 Drivers\STM32F4xx_HAL_Driver\Src\stm32f4xx_hal_gpio.o
                0x08002eb4                HAL_GPIO_Init
 .text.HAL_GPIO_WritePin
                0x0800308c        0xa Drivers\STM32F4xx_HAL_Driver\Src\stm32f4xx_hal_gpio.o
                0x0800308c                HAL_GPIO_WritePin
 .text.HAL_PCD_Init
                0x08003096       0xd8 Drivers\STM32F4xx_HAL_Driver\Src\stm32f4xx_hal_pcd.o
                0x08003096                HAL_PCD_Init
 .text.HAL_PCD_Start
                0x0800316e       0x2a Drivers\STM32F4xx_HAL_Driver\Src\stm32f4xx_hal_pcd.o
                0x0800316e                HAL_PCD_Start
 .text.HAL_PCD_IRQHandler
                0x08003198      0x558 Drivers\STM32F4xx_HAL_Driver\Src\stm32f4xx_hal_pcd.o
                0x08003198                HAL_PCD_IRQHandler
 .text.HAL_PCD_SetAddress
                0x080036f0       0x24 Drivers\STM32F4xx_HAL_Driver\Src\stm32f4xx_hal_pcd.o
                0x080036f0                HAL_PCD_SetAddress
 .text.HAL_PCD_EP_Open
                0x08003714       0x5c Drivers\STM32F4xx_HAL_Driver\Src\stm32f4xx_hal_pcd.o
                0x08003714                HAL_PCD_EP_Open
 .text.HAL_PCD_EP_Close
                0x08003770       0x46 Drivers\STM32F4xx_HAL_Driver\Src\stm32f4xx_hal_pcd.o
                0x08003770                HAL_PCD_EP_Close
 .text.HAL_PCD_EP_Receive
                0x080037b6       0x48 Drivers\STM32F4xx_HAL_Driver\Src\stm32f4xx_hal_pcd.o
                0x080037b6                HAL_PCD_EP_Receive
 .text.HAL_PCD_EP_GetRxCount
                0x080037fe       0x10 Drivers\STM32F4xx_HAL_Driver\Src\stm32f4xx_hal_pcd.o
                0x080037fe                HAL_PCD_EP_GetRxCount
 .text.HAL_PCD_EP_Transmit
                0x0800380e       0x40 Drivers\STM32F4xx_HAL_Driver\Src\stm32f4xx_hal_pcd.o
                0x0800380e                HAL_PCD_EP_Transmit
 .text.HAL_PCD_EP_SetStall
                0x0800384e       0x58 Drivers\STM32F4xx_HAL_Driver\Src\stm32f4xx_hal_pcd.o
                0x0800384e                HAL_PCD_EP_SetStall
 .text.HAL_PCD_EP_ClrStall
                0x080038a6       0x4a Drivers\STM32F4xx_HAL_Driver\Src\stm32f4xx_hal_pcd.o
                0x080038a6                HAL_PCD_EP_ClrStall
 .text.HAL_PCDEx_SetTxFiFo
                0x080038f0       0x42 Drivers\STM32F4xx_HAL_Driver\Src\stm32f4xx_hal_pcd_ex.o
                0x080038f0                HAL_PCDEx_SetTxFiFo
 .text.HAL_PCDEx_SetRxFiFo
                0x08003932        0x8 Drivers\STM32F4xx_HAL_Driver\Src\stm32f4xx_hal_pcd_ex.o
                0x08003932                HAL_PCDEx_SetRxFiFo
 *fill*         0x0800393a        0x2 
 .text.HAL_RCC_OscConfig
                0x0800393c      0x304 Drivers\STM32F4xx_HAL_Driver\Src\stm32f4xx_hal_rcc.o
                0x0800393c                HAL_RCC_OscConfig
 .text.HAL_RCC_MCOConfig
                0x08003c40       0x98 Drivers\STM32F4xx_HAL_Driver\Src\stm32f4xx_hal_rcc.o
                0x08003c40                HAL_RCC_MCOConfig
 .text.HAL_RCC_GetSysClockFreq
                0x08003cd8       0x5c Drivers\STM32F4xx_HAL_Driver\Src\stm32f4xx_hal_rcc.o
                0x08003cd8                HAL_RCC_GetSysClockFreq
 .text.HAL_RCC_ClockConfig
                0x08003d34      0x134 Drivers\STM32F4xx_HAL_Driver\Src\stm32f4xx_hal_rcc.o
                0x08003d34                HAL_RCC_ClockConfig
 .text.HAL_RCC_GetHCLKFreq
                0x08003e68        0xc Drivers\STM32F4xx_HAL_Driver\Src\stm32f4xx_hal_rcc.o
                0x08003e68                HAL_RCC_GetHCLKFreq
 .text.HAL_RCC_GetPCLK2Freq
                0x08003e74       0x20 Drivers\STM32F4xx_HAL_Driver\Src\stm32f4xx_hal_rcc.o
                0x08003e74                HAL_RCC_GetPCLK2Freq
 .text.HAL_RCC_GetClockConfig
                0x08003e94       0x3c Drivers\STM32F4xx_HAL_Driver\Src\stm32f4xx_hal_rcc.o
                0x08003e94                HAL_RCC_GetClockConfig
 .text.TIM_OC1_SetConfig
                0x08003ed0       0x58 Drivers\STM32F4xx_HAL_Driver\Src\stm32f4xx_hal_tim.o
 .text.TIM_OC3_SetConfig
                0x08003f28       0x60 Drivers\STM32F4xx_HAL_Driver\Src\stm32f4xx_hal_tim.o
 .text.TIM_OC4_SetConfig
                0x08003f88       0x50 Drivers\STM32F4xx_HAL_Driver\Src\stm32f4xx_hal_tim.o
 .text.HAL_TIM_Base_Start_IT
                0x08003fd8       0x16 Drivers\STM32F4xx_HAL_Driver\Src\stm32f4xx_hal_tim.o
                0x08003fd8                HAL_TIM_Base_Start_IT
 .text.HAL_TIM_Base_Stop_IT
                0x08003fee       0x2a Drivers\STM32F4xx_HAL_Driver\Src\stm32f4xx_hal_tim.o
                0x08003fee                HAL_TIM_Base_Stop_IT
 .text.HAL_TIM_OC_DelayElapsedCallback
                0x08004018        0x2 Drivers\STM32F4xx_HAL_Driver\Src\stm32f4xx_hal_tim.o
                0x08004018                HAL_TIM_OC_DelayElapsedCallback
 .text.HAL_TIM_IC_CaptureCallback
                0x0800401a        0x2 Drivers\STM32F4xx_HAL_Driver\Src\stm32f4xx_hal_tim.o
                0x0800401a                HAL_TIM_IC_CaptureCallback
 .text.HAL_TIM_TriggerCallback
                0x0800401c        0x2 Drivers\STM32F4xx_HAL_Driver\Src\stm32f4xx_hal_tim.o
                0x0800401c                HAL_TIM_TriggerCallback
 .text.HAL_TIM_IRQHandler
                0x0800401e      0x144 Drivers\STM32F4xx_HAL_Driver\Src\stm32f4xx_hal_tim.o
                0x0800401e                HAL_TIM_IRQHandler
 *fill*         0x08004162        0x2 
 .text.TIM_Base_SetConfig
                0x08004164       0xc8 Drivers\STM32F4xx_HAL_Driver\Src\stm32f4xx_hal_tim.o
                0x08004164                TIM_Base_SetConfig
 .text.HAL_TIM_Base_Init
                0x0800422c       0x34 Drivers\STM32F4xx_HAL_Driver\Src\stm32f4xx_hal_tim.o
                0x0800422c                HAL_TIM_Base_Init
 .text.HAL_TIM_PWM_Init
                0x08004260       0x34 Drivers\STM32F4xx_HAL_Driver\Src\stm32f4xx_hal_tim.o
                0x08004260                HAL_TIM_PWM_Init
 .text.TIM_OC2_SetConfig
                0x08004294       0x60 Drivers\STM32F4xx_HAL_Driver\Src\stm32f4xx_hal_tim.o
                0x08004294                TIM_OC2_SetConfig
 .text.HAL_TIM_PWM_ConfigChannel
                0x080042f4       0xc4 Drivers\STM32F4xx_HAL_Driver\Src\stm32f4xx_hal_tim.o
                0x080042f4                HAL_TIM_PWM_ConfigChannel
 .text.TIM_CCxChannelCmd
                0x080043b8       0x18 Drivers\STM32F4xx_HAL_Driver\Src\stm32f4xx_hal_tim.o
                0x080043b8                TIM_CCxChannelCmd
 .text.HAL_TIM_PWM_Start
                0x080043d0       0x34 Drivers\STM32F4xx_HAL_Driver\Src\stm32f4xx_hal_tim.o
                0x080043d0                HAL_TIM_PWM_Start
 .text.HAL_TIM_PWM_Start_IT
                0x08004404       0x74 Drivers\STM32F4xx_HAL_Driver\Src\stm32f4xx_hal_tim.o
                0x08004404                HAL_TIM_PWM_Start_IT
 .text.HAL_TIMEx_CommutationCallback
                0x08004478        0x2 Drivers\STM32F4xx_HAL_Driver\Src\stm32f4xx_hal_tim_ex.o
                0x08004478                HAL_TIMEx_CommutationCallback
 .text.HAL_TIMEx_BreakCallback
                0x0800447a        0x2 Drivers\STM32F4xx_HAL_Driver\Src\stm32f4xx_hal_tim_ex.o
                0x0800447a                HAL_TIMEx_BreakCallback
 .text.USB_CoreInit
                0x0800447c       0x74 Drivers\STM32F4xx_HAL_Driver\Src\stm32f4xx_ll_usb.o
                0x0800447c                USB_CoreInit
 .text.USB_EnableGlobalInt
                0x080044f0        0xc Drivers\STM32F4xx_HAL_Driver\Src\stm32f4xx_ll_usb.o
                0x080044f0                USB_EnableGlobalInt
 .text.USB_DisableGlobalInt
                0x080044fc        0xc Drivers\STM32F4xx_HAL_Driver\Src\stm32f4xx_ll_usb.o
                0x080044fc                USB_DisableGlobalInt
 .text.USB_SetCurrentMode
                0x08004508       0x2e Drivers\STM32F4xx_HAL_Driver\Src\stm32f4xx_ll_usb.o
                0x08004508                USB_SetCurrentMode
 *fill*         0x08004536        0x2 
 .text.USB_DevInit
                0x08004538      0x138 Drivers\STM32F4xx_HAL_Driver\Src\stm32f4xx_ll_usb.o
                0x08004538                USB_DevInit
 .text.USB_FlushTxFifo
                0x08004670       0x24 Drivers\STM32F4xx_HAL_Driver\Src\stm32f4xx_ll_usb.o
                0x08004670                USB_FlushTxFifo
 .text.USB_FlushRxFifo
                0x08004694       0x20 Drivers\STM32F4xx_HAL_Driver\Src\stm32f4xx_ll_usb.o
                0x08004694                USB_FlushRxFifo
 .text.USB_SetDevSpeed
                0x080046b4        0xe Drivers\STM32F4xx_HAL_Driver\Src\stm32f4xx_ll_usb.o
                0x080046b4                USB_SetDevSpeed
 .text.USB_GetDevSpeed
                0x080046c2       0x36 Drivers\STM32F4xx_HAL_Driver\Src\stm32f4xx_ll_usb.o
                0x080046c2                USB_GetDevSpeed
 .text.USB_ActivateEndpoint
                0x080046f8       0x7e Drivers\STM32F4xx_HAL_Driver\Src\stm32f4xx_ll_usb.o
                0x080046f8                USB_ActivateEndpoint
 .text.USB_DeactivateEndpoint
                0x08004776        0x4 Drivers\STM32F4xx_HAL_Driver\Src\stm32f4xx_ll_usb.o
                0x08004776                USB_DeactivateEndpoint
 *fill*         0x0800477a        0x2 
 .text.USB_DeactivateDedicatedEndpoint
                0x0800477c       0xb0 Drivers\STM32F4xx_HAL_Driver\Src\stm32f4xx_ll_usb.o
                0x0800477c                USB_DeactivateDedicatedEndpoint
 .text.USB_EPStartXfer
                0x0800482c      0x18c Drivers\STM32F4xx_HAL_Driver\Src\stm32f4xx_ll_usb.o
                0x0800482c                USB_EPStartXfer
 .text.USB_EP0StartXfer
                0x080049b8       0xda Drivers\STM32F4xx_HAL_Driver\Src\stm32f4xx_ll_usb.o
                0x080049b8                USB_EP0StartXfer
 .text.USB_WritePacket
                0x08004a92       0x28 Drivers\STM32F4xx_HAL_Driver\Src\stm32f4xx_ll_usb.o
                0x08004a92                USB_WritePacket
 .text.USB_ReadPacket
                0x08004aba       0x1c Drivers\STM32F4xx_HAL_Driver\Src\stm32f4xx_ll_usb.o
                0x08004aba                USB_ReadPacket
 .text.USB_EPSetStall
                0x08004ad6       0x3e Drivers\STM32F4xx_HAL_Driver\Src\stm32f4xx_ll_usb.o
                0x08004ad6                USB_EPSetStall
 .text.USB_EPClearStall
                0x08004b14       0x32 Drivers\STM32F4xx_HAL_Driver\Src\stm32f4xx_ll_usb.o
                0x08004b14                USB_EPClearStall
 .text.USB_SetDevAddress
                0x08004b46       0x20 Drivers\STM32F4xx_HAL_Driver\Src\stm32f4xx_ll_usb.o
                0x08004b46                USB_SetDevAddress
 .text.USB_DevConnect
                0x08004b66       0x18 Drivers\STM32F4xx_HAL_Driver\Src\stm32f4xx_ll_usb.o
                0x08004b66                USB_DevConnect
 .text.USB_DevDisconnect
                0x08004b7e       0x18 Drivers\STM32F4xx_HAL_Driver\Src\stm32f4xx_ll_usb.o
                0x08004b7e                USB_DevDisconnect
 .text.USB_ReadInterrupts
                0x08004b96        0x8 Drivers\STM32F4xx_HAL_Driver\Src\stm32f4xx_ll_usb.o
                0x08004b96                USB_ReadInterrupts
 .text.USB_ReadDevAllOutEpInterrupt
                0x08004b9e       0x10 Drivers\STM32F4xx_HAL_Driver\Src\stm32f4xx_ll_usb.o
                0x08004b9e                USB_ReadDevAllOutEpInterrupt
 .text.USB_ReadDevAllInEpInterrupt
                0x08004bae       0x10 Drivers\STM32F4xx_HAL_Driver\Src\stm32f4xx_ll_usb.o
                0x08004bae                USB_ReadDevAllInEpInterrupt
 .text.USB_ReadDevOutEPInterrupt
                0x08004bbe       0x14 Drivers\STM32F4xx_HAL_Driver\Src\stm32f4xx_ll_usb.o
                0x08004bbe                USB_ReadDevOutEPInterrupt
 .text.USB_ReadDevInEPInterrupt
                0x08004bd2       0x20 Drivers\STM32F4xx_HAL_Driver\Src\stm32f4xx_ll_usb.o
                0x08004bd2                USB_ReadDevInEPInterrupt
 .text.USB_GetMode
                0x08004bf2        0x8 Drivers\STM32F4xx_HAL_Driver\Src\stm32f4xx_ll_usb.o
                0x08004bf2                USB_GetMode
 .text.USB_ActivateSetup
                0x08004bfa       0x36 Drivers\STM32F4xx_HAL_Driver\Src\stm32f4xx_ll_usb.o
                0x08004bfa                USB_ActivateSetup
 .text.USB_EP0_OutStart
                0x08004c30       0x46 Drivers\STM32F4xx_HAL_Driver\Src\stm32f4xx_ll_usb.o
                0x08004c30                USB_EP0_OutStart
 *fill*         0x08004c76        0x2 
 .text.USB_CoreReset
                0x08004c78       0x30 Drivers\STM32F4xx_HAL_Driver\Src\stm32f4xx_ll_usb.o
 .text.USBD_CDC_DataIn
                0x08004ca8       0x12 Middlewares\ST\STM32_USB_Device_Library\Class\CDC\Src\usbd_cdc.o
 .text.USBD_CDC_EP0_RxReady
                0x08004cba       0x28 Middlewares\ST\STM32_USB_Device_Library\Class\CDC\Src\usbd_cdc.o
 *fill*         0x08004ce2        0x2 
 .text.USBD_CDC_GetFSCfgDesc
                0x08004ce4        0xc Middlewares\ST\STM32_USB_Device_Library\Class\CDC\Src\usbd_cdc.o
 .text.USBD_CDC_GetHSCfgDesc
                0x08004cf0        0xc Middlewares\ST\STM32_USB_Device_Library\Class\CDC\Src\usbd_cdc.o
 .text.USBD_CDC_GetOtherSpeedCfgDesc
                0x08004cfc        0xc Middlewares\ST\STM32_USB_Device_Library\Class\CDC\Src\usbd_cdc.o
 .text.USBD_CDC_GetDeviceQualifierDescriptor
                0x08004d08        0xc Middlewares\ST\STM32_USB_Device_Library\Class\CDC\Src\usbd_cdc.o
                0x08004d08                USBD_CDC_GetDeviceQualifierDescriptor
 .text.USBD_CDC_DataOut
                0x08004d14       0x2e Middlewares\ST\STM32_USB_Device_Library\Class\CDC\Src\usbd_cdc.o
 *fill*         0x08004d42        0x2 
 .text.USBD_CDC_Setup
                0x08004d44       0x68 Middlewares\ST\STM32_USB_Device_Library\Class\CDC\Src\usbd_cdc.o
 .text.USBD_CDC_DeInit
                0x08004dac       0x3a Middlewares\ST\STM32_USB_Device_Library\Class\CDC\Src\usbd_cdc.o
 .text.USBD_CDC_Init
                0x08004de6       0x8c Middlewares\ST\STM32_USB_Device_Library\Class\CDC\Src\usbd_cdc.o
 .text.USBD_CDC_RegisterInterface
                0x08004e72        0xe Middlewares\ST\STM32_USB_Device_Library\Class\CDC\Src\usbd_cdc.o
                0x08004e72                USBD_CDC_RegisterInterface
 .text.USBD_CDC_SetTxBuffer
                0x08004e80       0x10 Middlewares\ST\STM32_USB_Device_Library\Class\CDC\Src\usbd_cdc.o
                0x08004e80                USBD_CDC_SetTxBuffer
 .text.USBD_CDC_SetRxBuffer
                0x08004e90        0xc Middlewares\ST\STM32_USB_Device_Library\Class\CDC\Src\usbd_cdc.o
                0x08004e90                USBD_CDC_SetRxBuffer
 .text.USBD_CDC_TransmitPacket
                0x08004e9c       0x2e Middlewares\ST\STM32_USB_Device_Library\Class\CDC\Src\usbd_cdc.o
                0x08004e9c                USBD_CDC_TransmitPacket
 .text.USBD_CDC_ReceivePacket
                0x08004eca       0x26 Middlewares\ST\STM32_USB_Device_Library\Class\CDC\Src\usbd_cdc.o
                0x08004eca                USBD_CDC_ReceivePacket
 .text.MX_USB_DEVICE_Init
                0x08004ef0       0x38 Middlewares\ST\STM32_USB_Device_Library\Core\Src\usb_device.o
                0x08004ef0                MX_USB_DEVICE_Init
 .text.CDC_DeInit_FS
                0x08004f28        0x4 Middlewares\ST\STM32_USB_Device_Library\Core\Src\usbd_cdc_if.o
 .text.CDC_Control_FS
                0x08004f2c        0x4 Middlewares\ST\STM32_USB_Device_Library\Core\Src\usbd_cdc_if.o
 .text.CDC_Receive_FS
                0x08004f30       0x28 Middlewares\ST\STM32_USB_Device_Library\Core\Src\usbd_cdc_if.o
 .text.CDC_Init_FS
                0x08004f58       0x28 Middlewares\ST\STM32_USB_Device_Library\Core\Src\usbd_cdc_if.o
 .text.CDC_Transmit_FS
                0x08004f80       0x2c Middlewares\ST\STM32_USB_Device_Library\Core\Src\usbd_cdc_if.o
                0x08004f80                CDC_Transmit_FS
 .text.HAL_PCD_MspInit
                0x08004fac       0x64 Middlewares\ST\STM32_USB_Device_Library\Core\Src\usbd_conf.o
                0x08004fac                HAL_PCD_MspInit
 .text.HAL_PCD_SetupStageCallback
                0x08005010        0xc Middlewares\ST\STM32_USB_Device_Library\Core\Src\usbd_conf.o
                0x08005010                HAL_PCD_SetupStageCallback
 .text.HAL_PCD_DataOutStageCallback
                0x0800501c       0x12 Middlewares\ST\STM32_USB_Device_Library\Core\Src\usbd_conf.o
                0x0800501c                HAL_PCD_DataOutStageCallback
 .text.HAL_PCD_DataInStageCallback
                0x0800502e       0x10 Middlewares\ST\STM32_USB_Device_Library\Core\Src\usbd_conf.o
                0x0800502e                HAL_PCD_DataInStageCallback
 .text.HAL_PCD_SOFCallback
                0x0800503e        0x8 Middlewares\ST\STM32_USB_Device_Library\Core\Src\usbd_conf.o
                0x0800503e                HAL_PCD_SOFCallback
 .text.HAL_PCD_ResetCallback
                0x08005046       0x20 Middlewares\ST\STM32_USB_Device_Library\Core\Src\usbd_conf.o
                0x08005046                HAL_PCD_ResetCallback
 *fill*         0x08005066        0x2 
 .text.HAL_PCD_SuspendCallback
                0x08005068       0x30 Middlewares\ST\STM32_USB_Device_Library\Core\Src\usbd_conf.o
                0x08005068                HAL_PCD_SuspendCallback
 .text.HAL_PCD_ResumeCallback
                0x08005098        0x8 Middlewares\ST\STM32_USB_Device_Library\Core\Src\usbd_conf.o
                0x08005098                HAL_PCD_ResumeCallback
 .text.HAL_PCD_ISOOUTIncompleteCallback
                0x080050a0        0x8 Middlewares\ST\STM32_USB_Device_Library\Core\Src\usbd_conf.o
                0x080050a0                HAL_PCD_ISOOUTIncompleteCallback
 .text.HAL_PCD_ISOINIncompleteCallback
                0x080050a8        0x8 Middlewares\ST\STM32_USB_Device_Library\Core\Src\usbd_conf.o
                0x080050a8                HAL_PCD_ISOINIncompleteCallback
 .text.HAL_PCD_ConnectCallback
                0x080050b0        0x8 Middlewares\ST\STM32_USB_Device_Library\Core\Src\usbd_conf.o
                0x080050b0                HAL_PCD_ConnectCallback
 .text.HAL_PCD_DisconnectCallback
                0x080050b8        0x8 Middlewares\ST\STM32_USB_Device_Library\Core\Src\usbd_conf.o
                0x080050b8                HAL_PCD_DisconnectCallback
 .text.USBD_LL_Init
                0x080050c0       0x68 Middlewares\ST\STM32_USB_Device_Library\Core\Src\usbd_conf.o
                0x080050c0                USBD_LL_Init
 .text.USBD_LL_Start
                0x08005128       0x1c Middlewares\ST\STM32_USB_Device_Library\Core\Src\usbd_conf.o
                0x08005128                USBD_LL_Start
 .text.USBD_LL_OpenEP
                0x08005144       0x20 Middlewares\ST\STM32_USB_Device_Library\Core\Src\usbd_conf.o
                0x08005144                USBD_LL_OpenEP
 .text.USBD_LL_CloseEP
                0x08005164       0x1c Middlewares\ST\STM32_USB_Device_Library\Core\Src\usbd_conf.o
                0x08005164                USBD_LL_CloseEP
 .text.USBD_LL_StallEP
                0x08005180       0x1c Middlewares\ST\STM32_USB_Device_Library\Core\Src\usbd_conf.o
                0x08005180                USBD_LL_StallEP
 .text.USBD_LL_ClearStallEP
                0x0800519c       0x1c Middlewares\ST\STM32_USB_Device_Library\Core\Src\usbd_conf.o
                0x0800519c                USBD_LL_ClearStallEP
 .text.USBD_LL_IsStallEP
                0x080051b8       0x26 Middlewares\ST\STM32_USB_Device_Library\Core\Src\usbd_conf.o
                0x080051b8                USBD_LL_IsStallEP
 *fill*         0x080051de        0x2 
 .text.USBD_LL_SetUSBAddress
                0x080051e0       0x1c Middlewares\ST\STM32_USB_Device_Library\Core\Src\usbd_conf.o
                0x080051e0                USBD_LL_SetUSBAddress
 .text.USBD_LL_Transmit
                0x080051fc       0x1c Middlewares\ST\STM32_USB_Device_Library\Core\Src\usbd_conf.o
                0x080051fc                USBD_LL_Transmit
 .text.USBD_LL_PrepareReceive
                0x08005218       0x1c Middlewares\ST\STM32_USB_Device_Library\Core\Src\usbd_conf.o
                0x08005218                USBD_LL_PrepareReceive
 .text.USBD_LL_GetRxDataSize
                0x08005234        0xc Middlewares\ST\STM32_USB_Device_Library\Core\Src\usbd_conf.o
                0x08005234                USBD_LL_GetRxDataSize
 .text.USBD_Init
                0x08005240       0x2a Middlewares\ST\STM32_USB_Device_Library\Core\Src\usbd_core.o
                0x08005240                USBD_Init
 .text.USBD_RegisterClass
                0x0800526a        0xe Middlewares\ST\STM32_USB_Device_Library\Core\Src\usbd_core.o
                0x0800526a                USBD_RegisterClass
 .text.USBD_Start
                0x08005278        0xa Middlewares\ST\STM32_USB_Device_Library\Core\Src\usbd_core.o
                0x08005278                USBD_Start
 .text.USBD_SetClassConfig
                0x08005282       0x16 Middlewares\ST\STM32_USB_Device_Library\Core\Src\usbd_core.o
                0x08005282                USBD_SetClassConfig
 .text.USBD_ClrClassConfig
                0x08005298        0xe Middlewares\ST\STM32_USB_Device_Library\Core\Src\usbd_core.o
                0x08005298                USBD_ClrClassConfig
 .text.USBD_LL_SetupStage
                0x080052a6       0x5a Middlewares\ST\STM32_USB_Device_Library\Core\Src\usbd_core.o
                0x080052a6                USBD_LL_SetupStage
 .text.USBD_LL_DataOutStage
                0x08005300       0x64 Middlewares\ST\STM32_USB_Device_Library\Core\Src\usbd_core.o
                0x08005300                USBD_LL_DataOutStage
 .text.USBD_LL_DataInStage
                0x08005364       0x9e Middlewares\ST\STM32_USB_Device_Library\Core\Src\usbd_core.o
                0x08005364                USBD_LL_DataInStage
 .text.USBD_LL_Reset
                0x08005402       0x3e Middlewares\ST\STM32_USB_Device_Library\Core\Src\usbd_core.o
                0x08005402                USBD_LL_Reset
 .text.USBD_LL_SetSpeed
                0x08005440        0x6 Middlewares\ST\STM32_USB_Device_Library\Core\Src\usbd_core.o
                0x08005440                USBD_LL_SetSpeed
 .text.USBD_LL_Suspend
                0x08005446       0x12 Middlewares\ST\STM32_USB_Device_Library\Core\Src\usbd_core.o
                0x08005446                USBD_LL_Suspend
 .text.USBD_LL_Resume
                0x08005458        0xc Middlewares\ST\STM32_USB_Device_Library\Core\Src\usbd_core.o
                0x08005458                USBD_LL_Resume
 .text.USBD_LL_SOF
                0x08005464       0x18 Middlewares\ST\STM32_USB_Device_Library\Core\Src\usbd_core.o
                0x08005464                USBD_LL_SOF
 .text.USBD_LL_IsoINIncomplete
                0x0800547c        0x4 Middlewares\ST\STM32_USB_Device_Library\Core\Src\usbd_core.o
                0x0800547c                USBD_LL_IsoINIncomplete
 .text.USBD_LL_IsoOUTIncomplete
                0x08005480        0x4 Middlewares\ST\STM32_USB_Device_Library\Core\Src\usbd_core.o
                0x08005480                USBD_LL_IsoOUTIncomplete
 .text.USBD_LL_DevConnected
                0x08005484        0x4 Middlewares\ST\STM32_USB_Device_Library\Core\Src\usbd_core.o
                0x08005484                USBD_LL_DevConnected
 .text.USBD_LL_DevDisconnected
                0x08005488       0x16 Middlewares\ST\STM32_USB_Device_Library\Core\Src\usbd_core.o
                0x08005488                USBD_LL_DevDisconnected
 .text.USBD_CtlError.constprop.0
                0x0800549e       0x16 Middlewares\ST\STM32_USB_Device_Library\Core\Src\usbd_ctlreq.o
 .text.USBD_StdDevReq
                0x080054b4      0x1f4 Middlewares\ST\STM32_USB_Device_Library\Core\Src\usbd_ctlreq.o
                0x080054b4                USBD_StdDevReq
 .text.USBD_StdItfReq
                0x080056a8       0x30 Middlewares\ST\STM32_USB_Device_Library\Core\Src\usbd_ctlreq.o
                0x080056a8                USBD_StdItfReq
 .text.USBD_StdEPReq
                0x080056d8       0xc6 Middlewares\ST\STM32_USB_Device_Library\Core\Src\usbd_ctlreq.o
                0x080056d8                USBD_StdEPReq
 .text.USBD_ParseSetupRequest
                0x0800579e       0x28 Middlewares\ST\STM32_USB_Device_Library\Core\Src\usbd_ctlreq.o
                0x0800579e                USBD_ParseSetupRequest
 .text.USBD_GetString
                0x080057c6       0x38 Middlewares\ST\STM32_USB_Device_Library\Core\Src\usbd_ctlreq.o
                0x080057c6                USBD_GetString
 *fill*         0x080057fe        0x2 
 .text.USBD_FS_DeviceDescriptor
                0x08005800        0xc Middlewares\ST\STM32_USB_Device_Library\Core\Src\usbd_desc.o
                0x08005800                USBD_FS_DeviceDescriptor
 .text.USBD_FS_LangIDStrDescriptor
                0x0800580c        0xc Middlewares\ST\STM32_USB_Device_Library\Core\Src\usbd_desc.o
                0x0800580c                USBD_FS_LangIDStrDescriptor
 .text.USBD_FS_ManufacturerStrDescriptor
                0x08005818       0x1c Middlewares\ST\STM32_USB_Device_Library\Core\Src\usbd_desc.o
                0x08005818                USBD_FS_ManufacturerStrDescriptor
 .text.USBD_FS_ProductStrDescriptor
                0x08005834       0x1c Middlewares\ST\STM32_USB_Device_Library\Core\Src\usbd_desc.o
                0x08005834                USBD_FS_ProductStrDescriptor
 .text.USBD_FS_SerialStrDescriptor
                0x08005850       0x1c Middlewares\ST\STM32_USB_Device_Library\Core\Src\usbd_desc.o
                0x08005850                USBD_FS_SerialStrDescriptor
 .text.USBD_FS_ConfigStrDescriptor
                0x0800586c       0x1c Middlewares\ST\STM32_USB_Device_Library\Core\Src\usbd_desc.o
                0x0800586c                USBD_FS_ConfigStrDescriptor
 .text.USBD_FS_InterfaceStrDescriptor
                0x08005888       0x1c Middlewares\ST\STM32_USB_Device_Library\Core\Src\usbd_desc.o
                0x08005888                USBD_FS_InterfaceStrDescriptor
 .text.USBD_CtlSendData
                0x080058a4       0x1a Middlewares\ST\STM32_USB_Device_Library\Core\Src\usbd_ioreq.o
                0x080058a4                USBD_CtlSendData
 .text.USBD_CtlContinueSendData
                0x080058be       0x10 Middlewares\ST\STM32_USB_Device_Library\Core\Src\usbd_ioreq.o
                0x080058be                USBD_CtlContinueSendData
 .text.USBD_CtlPrepareRx
                0x080058ce       0x1e Middlewares\ST\STM32_USB_Device_Library\Core\Src\usbd_ioreq.o
                0x080058ce                USBD_CtlPrepareRx
 .text.USBD_CtlContinueRx
                0x080058ec       0x10 Middlewares\ST\STM32_USB_Device_Library\Core\Src\usbd_ioreq.o
                0x080058ec                USBD_CtlContinueRx
 .text.USBD_CtlSendStatus
                0x080058fc       0x16 Middlewares\ST\STM32_USB_Device_Library\Core\Src\usbd_ioreq.o
                0x080058fc                USBD_CtlSendStatus
 .text.USBD_CtlReceiveStatus
                0x08005912       0x16 Middlewares\ST\STM32_USB_Device_Library\Core\Src\usbd_ioreq.o
                0x08005912                USBD_CtlReceiveStatus
 .text.osKernelStart
                0x08005928        0xa Middlewares\Third_Party\FreeRTOS\Source\CMSIS_RTOS\cmsis_os.o
                0x08005928                osKernelStart
 .text.osThreadCreate
                0x08005932       0x30 Middlewares\Third_Party\FreeRTOS\Source\CMSIS_RTOS\cmsis_os.o
                0x08005932                osThreadCreate
 .text.osDelay  0x08005962       0x10 Middlewares\Third_Party\FreeRTOS\Source\CMSIS_RTOS\cmsis_os.o
                0x08005962                osDelay
 .text.osSystickHandler
                0x08005972       0x14 Middlewares\Third_Party\FreeRTOS\Source\CMSIS_RTOS\cmsis_os.o
                0x08005972                osSystickHandler
 .text.vListInitialise
                0x08005986       0x16 Middlewares\Third_Party\FreeRTOS\Source\list.o
                0x08005986                vListInitialise
 .text.vListInitialiseItem
                0x0800599c        0x6 Middlewares\Third_Party\FreeRTOS\Source\list.o
                0x0800599c                vListInitialiseItem
 .text.vListInsertEnd
                0x080059a2       0x18 Middlewares\Third_Party\FreeRTOS\Source\list.o
                0x080059a2                vListInsertEnd
 .text.vListInsert
                0x080059ba       0x2e Middlewares\Third_Party\FreeRTOS\Source\list.o
                0x080059ba                vListInsert
 .text.uxListRemove
                0x080059e8       0x20 Middlewares\Third_Party\FreeRTOS\Source\list.o
                0x080059e8                uxListRemove
 .text.unlikely.prvInsertBlockIntoFreeList
                0x08005a08       0x48 Middlewares\Third_Party\FreeRTOS\Source\portable\MemMang\heap_4.o
 .text.pvPortMalloc
                0x08005a50      0x11c Middlewares\Third_Party\FreeRTOS\Source\portable\MemMang\heap_4.o
                0x08005a50                pvPortMalloc
 .text.vPortFree
                0x08005b6c       0x70 Middlewares\Third_Party\FreeRTOS\Source\portable\MemMang\heap_4.o
                0x08005b6c                vPortFree
 .text.prvTaskExitError
                0x08005bdc       0x30 Middlewares\Third_Party\FreeRTOS\Source\portable\RVDS\ARM_CM4F\port.o
 .text.prvPortStartFirstTask
                0x08005c0c       0x20 Middlewares\Third_Party\FreeRTOS\Source\portable\RVDS\ARM_CM4F\port.o
 .text.vPortEnableVFP
                0x08005c2c       0x14 Middlewares\Third_Party\FreeRTOS\Source\portable\RVDS\ARM_CM4F\port.o
 .text.pxPortInitialiseStack
                0x08005c40       0x2c Middlewares\Third_Party\FreeRTOS\Source\portable\RVDS\ARM_CM4F\port.o
                0x08005c40                pxPortInitialiseStack
 *fill*         0x08005c6c        0x4 
 .text.SVC_Handler
                0x08005c70       0x24 Middlewares\Third_Party\FreeRTOS\Source\portable\RVDS\ARM_CM4F\port.o
                0x08005c70                SVC_Handler
 .text.vPortEnterCritical
                0x08005c94       0x44 Middlewares\Third_Party\FreeRTOS\Source\portable\RVDS\ARM_CM4F\port.o
                0x08005c94                vPortEnterCritical
 .text.vPortExitCritical
                0x08005cd8       0x28 Middlewares\Third_Party\FreeRTOS\Source\portable\RVDS\ARM_CM4F\port.o
                0x08005cd8                vPortExitCritical
 .text.PendSV_Handler
                0x08005d00       0x64 Middlewares\Third_Party\FreeRTOS\Source\portable\RVDS\ARM_CM4F\port.o
                0x08005d00                PendSV_Handler
 .text.xPortSysTickHandler
                0x08005d64       0x2c Middlewares\Third_Party\FreeRTOS\Source\portable\RVDS\ARM_CM4F\port.o
                0x08005d64                xPortSysTickHandler
 .text.vPortSetupTimerInterrupt
                0x08005d90       0x28 Middlewares\Third_Party\FreeRTOS\Source\portable\RVDS\ARM_CM4F\port.o
                0x08005d90                vPortSetupTimerInterrupt
 .text.xPortStartScheduler
                0x08005db8       0xec Middlewares\Third_Party\FreeRTOS\Source\portable\RVDS\ARM_CM4F\port.o
                0x08005db8                xPortStartScheduler
 .text.vPortValidateInterruptPriority
                0x08005ea4       0x5c Middlewares\Third_Party\FreeRTOS\Source\portable\RVDS\ARM_CM4F\port.o
                0x08005ea4                vPortValidateInterruptPriority
 .text.unlikely.prvCopyDataToQueue
                0x08005f00       0x66 Middlewares\Third_Party\FreeRTOS\Source\queue.o
 .text.unlikely.prvCopyDataFromQueue
                0x08005f66       0x2a Middlewares\Third_Party\FreeRTOS\Source\queue.o
 .text.prvUnlockQueue
                0x08005f90       0x70 Middlewares\Third_Party\FreeRTOS\Source\queue.o
 .text.xQueueGenericReset
                0x08006000       0x80 Middlewares\Third_Party\FreeRTOS\Source\queue.o
                0x08006000                xQueueGenericReset
 .text.xQueueGenericCreate
                0x08006080       0x48 Middlewares\Third_Party\FreeRTOS\Source\queue.o
                0x08006080                xQueueGenericCreate
 .text.xQueueGenericSend
                0x080060c8      0x16c Middlewares\Third_Party\FreeRTOS\Source\queue.o
                0x080060c8                xQueueGenericSend
 .text.xQueueGenericSendFromISR
                0x08006234       0xc4 Middlewares\Third_Party\FreeRTOS\Source\queue.o
                0x08006234                xQueueGenericSendFromISR
 .text.xQueueGenericReceive
                0x080062f8      0x188 Middlewares\Third_Party\FreeRTOS\Source\queue.o
                0x080062f8                xQueueGenericReceive
 .text.vQueueAddToRegistry
                0x08006480       0x24 Middlewares\Third_Party\FreeRTOS\Source\queue.o
                0x08006480                vQueueAddToRegistry
 .text.xTaskCreate
                0x080064a4       0x82 Middlewares\Third_Party\FreeRTOS\Source\tasks.o
                0x080064a4                xTaskCreate
 .text.prvInitialiseNewTask
                0x08006526      0x112 Middlewares\Third_Party\FreeRTOS\Source\tasks.o
 .text.prvAddNewTaskToReadyList
                0x08006638       0xdc Middlewares\Third_Party\FreeRTOS\Source\tasks.o
 .text.vTaskDelay
                0x08006714       0x68 Middlewares\Third_Party\FreeRTOS\Source\tasks.o
                0x08006714                vTaskDelay
 .text.vTaskStartScheduler
                0x0800677c       0x90 Middlewares\Third_Party\FreeRTOS\Source\tasks.o
                0x0800677c                vTaskStartScheduler
 .text.vTaskSuspendAll
                0x0800680c       0x1c Middlewares\Third_Party\FreeRTOS\Source\tasks.o
                0x0800680c                vTaskSuspendAll
 .text.xTaskResumeAll
                0x08006828      0x138 Middlewares\Third_Party\FreeRTOS\Source\tasks.o
                0x08006828                xTaskResumeAll
 .text.xTaskIncrementTick
                0x08006960      0x178 Middlewares\Third_Party\FreeRTOS\Source\tasks.o
                0x08006960                xTaskIncrementTick
 .text.vTaskSwitchContext
                0x08006ad8       0xec Middlewares\Third_Party\FreeRTOS\Source\tasks.o
                0x08006ad8                vTaskSwitchContext
 .text.vTaskPlaceOnEventList
                0x08006bc4       0x48 Middlewares\Third_Party\FreeRTOS\Source\tasks.o
                0x08006bc4                vTaskPlaceOnEventList
 .text.xTaskRemoveFromEventList
                0x08006c0c       0xc4 Middlewares\Third_Party\FreeRTOS\Source\tasks.o
                0x08006c0c                xTaskRemoveFromEventList
 .text.vTaskSetTimeOutState
                0x08006cd0       0x48 Middlewares\Third_Party\FreeRTOS\Source\tasks.o
                0x08006cd0                vTaskSetTimeOutState
 .text.xTaskCheckForTimeOut
                0x08006d18       0xbc Middlewares\Third_Party\FreeRTOS\Source\tasks.o
                0x08006d18                xTaskCheckForTimeOut
 .text.vTaskMissedYield
                0x08006dd4       0x18 Middlewares\Third_Party\FreeRTOS\Source\tasks.o
                0x08006dd4                vTaskMissedYield
 .text.prvIdleTask
                0x08006dec       0x30 Middlewares\Third_Party\FreeRTOS\Source\tasks.o
 .text.prvInitialiseTaskLists
                0x08006e1c       0x80 Middlewares\Third_Party\FreeRTOS\Source\tasks.o
 .text.prvCheckTasksWaitingTermination
                0x08006e9c       0x78 Middlewares\Third_Party\FreeRTOS\Source\tasks.o
 .text.prvDeleteTCB
                0x08006f14       0x20 Middlewares\Third_Party\FreeRTOS\Source\tasks.o
 .text.prvResetNextTaskUnblockTime
                0x08006f34       0x4c Middlewares\Third_Party\FreeRTOS\Source\tasks.o
 .text.xTaskGetSchedulerState
                0x08006f80       0x3c Middlewares\Third_Party\FreeRTOS\Source\tasks.o
                0x08006f80                xTaskGetSchedulerState
 .text.vTaskPriorityInherit
                0x08006fbc       0xec Middlewares\Third_Party\FreeRTOS\Source\tasks.o
                0x08006fbc                vTaskPriorityInherit
 .text.xTaskPriorityDisinherit
                0x080070a8      0x108 Middlewares\Third_Party\FreeRTOS\Source\tasks.o
                0x080070a8                xTaskPriorityDisinherit
 .text.pvTaskIncrementMutexHeldCount
                0x080071b0       0x28 Middlewares\Third_Party\FreeRTOS\Source\tasks.o
                0x080071b0                pvTaskIncrementMutexHeldCount
 .text.prvAddCurrentTaskToDelayedList
                0x080071d8       0xcc Middlewares\Third_Party\FreeRTOS\Source\tasks.o
 .text.Reset_Handler
                0x080072a4       0x50 startup\startup_stm32f429xx.o
                0x080072a4                Reset_Handler
 .text.Default_Handler
                0x080072f4        0x2 startup\startup_stm32f429xx.o
                0x080072f4                RTC_Alarm_IRQHandler
                0x080072f4                HASH_RNG_IRQHandler
                0x080072f4                EXTI2_IRQHandler
                0x080072f4                TIM8_CC_IRQHandler
                0x080072f4                UART8_IRQHandler
                0x080072f4                SPI4_IRQHandler
                0x080072f4                TIM1_CC_IRQHandler
                0x080072f4                DMA2_Stream5_IRQHandler
                0x080072f4                DMA1_Stream5_IRQHandler
                0x080072f4                PVD_IRQHandler
                0x080072f4                SDIO_IRQHandler
                0x080072f4                TAMP_STAMP_IRQHandler
                0x080072f4                CAN2_RX1_IRQHandler
                0x080072f4                EXTI3_IRQHandler
                0x080072f4                TIM8_TRG_COM_TIM14_IRQHandler
                0x080072f4                TIM8_UP_TIM13_IRQHandler
                0x080072f4                I2C3_ER_IRQHandler
                0x080072f4                EXTI0_IRQHandler
                0x080072f4                I2C2_EV_IRQHandler
                0x080072f4                DMA1_Stream2_IRQHandler
                0x080072f4                CAN1_RX0_IRQHandler
                0x080072f4                FPU_IRQHandler
                0x080072f4                OTG_HS_WKUP_IRQHandler
                0x080072f4                LTDC_ER_IRQHandler
                0x080072f4                CAN2_SCE_IRQHandler
                0x080072f4                SPI1_IRQHandler
                0x080072f4                TIM6_DAC_IRQHandler
                0x080072f4                TIM1_BRK_TIM9_IRQHandler
                0x080072f4                DCMI_IRQHandler
                0x080072f4                CAN2_RX0_IRQHandler
                0x080072f4                DMA2_Stream3_IRQHandler
                0x080072f4                USART6_IRQHandler
                0x080072f4                USART3_IRQHandler
                0x080072f4                CAN1_RX1_IRQHandler
                0x080072f4                UART5_IRQHandler
                0x080072f4                I2C1_EV_IRQHandler
                0x080072f4                DMA1_Stream6_IRQHandler
                0x080072f4                DMA1_Stream1_IRQHandler
                0x080072f4                UART4_IRQHandler
                0x080072f4                RCC_IRQHandler
                0x080072f4                TIM8_BRK_TIM12_IRQHandler
                0x080072f4                Default_Handler
                0x080072f4                EXTI15_10_IRQHandler
                0x080072f4                DMA1_Stream7_IRQHandler
                0x080072f4                SPI5_IRQHandler
                0x080072f4                CAN2_TX_IRQHandler
                0x080072f4                TIM5_IRQHandler
                0x080072f4                DMA2_Stream7_IRQHandler
                0x080072f4                I2C3_EV_IRQHandler
                0x080072f4                EXTI9_5_IRQHandler
                0x080072f4                RTC_WKUP_IRQHandler
                0x080072f4                LTDC_IRQHandler
                0x080072f4                ETH_WKUP_IRQHandler
                0x080072f4                SPI2_IRQHandler
                0x080072f4                OTG_HS_EP1_IN_IRQHandler
                0x080072f4                DMA1_Stream0_IRQHandler
                0x080072f4                CAN1_TX_IRQHandler
                0x080072f4                EXTI4_IRQHandler
                0x080072f4                ETH_IRQHandler
                0x080072f4                OTG_HS_EP1_OUT_IRQHandler
                0x080072f4                WWDG_IRQHandler
                0x080072f4                SPI6_IRQHandler
                0x080072f4                OTG_FS_WKUP_IRQHandler
                0x080072f4                TIM1_TRG_COM_TIM11_IRQHandler
                0x080072f4                OTG_HS_IRQHandler
                0x080072f4                DMA2D_IRQHandler
                0x080072f4                EXTI1_IRQHandler
                0x080072f4                UART7_IRQHandler
                0x080072f4                USART2_IRQHandler
                0x080072f4                I2C2_ER_IRQHandler
                0x080072f4                DMA2_Stream1_IRQHandler
                0x080072f4                CAN1_SCE_IRQHandler
                0x080072f4                FLASH_IRQHandler
                0x080072f4                DMA2_Stream4_IRQHandler
                0x080072f4                USART1_IRQHandler
                0x080072f4                SPI3_IRQHandler
                0x080072f4                DMA1_Stream4_IRQHandler
                0x080072f4                I2C1_ER_IRQHandler
                0x080072f4                FMC_IRQHandler
                0x080072f4                DMA2_Stream6_IRQHandler
                0x080072f4                SAI1_IRQHandler
                0x080072f4                DMA1_Stream3_IRQHandler
 *fill*         0x080072f6        0x2 
 .text.__libc_init_array
                0x080072f8       0x48 c:/program files (x86)/atollic/truestudio for stm32 9.0.1/armtools/bin/../lib/gcc/arm-atollic-eabi/6.3.1/../../../../arm-atollic-eabi/lib/armv7e-m/fpu\libc_nano.a(lib_a-init.o)
                0x080072f8                __libc_init_array
 .text.malloc   0x08007340       0x10 c:/program files (x86)/atollic/truestudio for stm32 9.0.1/armtools/bin/../lib/gcc/arm-atollic-eabi/6.3.1/../../../../arm-atollic-eabi/lib/armv7e-m/fpu\libc_nano.a(lib_a-malloc.o)
                0x08007340                malloc
 .text.free     0x08007350       0x10 c:/program files (x86)/atollic/truestudio for stm32 9.0.1/armtools/bin/../lib/gcc/arm-atollic-eabi/6.3.1/../../../../arm-atollic-eabi/lib/armv7e-m/fpu\libc_nano.a(lib_a-malloc.o)
                0x08007350                free
 .text.memcpy   0x08007360       0x16 c:/program files (x86)/atollic/truestudio for stm32 9.0.1/armtools/bin/../lib/gcc/arm-atollic-eabi/6.3.1/../../../../arm-atollic-eabi/lib/armv7e-m/fpu\libc_nano.a(lib_a-memcpy-stub.o)
                0x08007360                memcpy
 .text.memset   0x08007376       0x10 c:/program files (x86)/atollic/truestudio for stm32 9.0.1/armtools/bin/../lib/gcc/arm-atollic-eabi/6.3.1/../../../../arm-atollic-eabi/lib/armv7e-m/fpu\libc_nano.a(lib_a-memset.o)
                0x08007376                memset
 *fill*         0x08007386        0x2 
 .text._free_r  0x08007388       0x9c c:/program files (x86)/atollic/truestudio for stm32 9.0.1/armtools/bin/../lib/gcc/arm-atollic-eabi/6.3.1/../../../../arm-atollic-eabi/lib/armv7e-m/fpu\libc_nano.a(lib_a-nano-freer.o)
                0x08007388                _free_r
 .text._malloc_r
                0x08007424       0xbc c:/program files (x86)/atollic/truestudio for stm32 9.0.1/armtools/bin/../lib/gcc/arm-atollic-eabi/6.3.1/../../../../arm-atollic-eabi/lib/armv7e-m/fpu\libc_nano.a(lib_a-nano-mallocr.o)
                0x08007424                _malloc_r
 .text._sbrk_r  0x080074e0       0x20 c:/program files (x86)/atollic/truestudio for stm32 9.0.1/armtools/bin/../lib/gcc/arm-atollic-eabi/6.3.1/../../../../arm-atollic-eabi/lib/armv7e-m/fpu\libc_nano.a(lib_a-sbrkr.o)
                0x080074e0                _sbrk_r
 .text.__malloc_lock
                0x08007500        0x2 c:/program files (x86)/atollic/truestudio for stm32 9.0.1/armtools/bin/../lib/gcc/arm-atollic-eabi/6.3.1/../../../../arm-atollic-eabi/lib/armv7e-m/fpu\libc_nano.a(lib_a-mlock.o)
                0x08007500                __malloc_lock
 .text.__malloc_unlock
                0x08007502        0x2 c:/program files (x86)/atollic/truestudio for stm32 9.0.1/armtools/bin/../lib/gcc/arm-atollic-eabi/6.3.1/../../../../arm-atollic-eabi/lib/armv7e-m/fpu\libc_nano.a(lib_a-mlock.o)
                0x08007502                __malloc_unlock
 .text.log10    0x08007504      0x100 c:/program files (x86)/atollic/truestudio for stm32 9.0.1/armtools/bin/../lib/gcc/arm-atollic-eabi/6.3.1/../../../../arm-atollic-eabi/lib/armv7e-m/fpu\libm.a(lib_a-w_log10.o)
                0x08007504                log10
 *fill*         0x08007604        0x4 
 .text.__ieee754_log10
                0x08007608      0x11c c:/program files (x86)/atollic/truestudio for stm32 9.0.1/armtools/bin/../lib/gcc/arm-atollic-eabi/6.3.1/../../../../arm-atollic-eabi/lib/armv7e-m/fpu\libm.a(lib_a-e_log10.o)
                0x08007608                __ieee754_log10
 .text.matherr  0x08007724        0x4 c:/program files (x86)/atollic/truestudio for stm32 9.0.1/armtools/bin/../lib/gcc/arm-atollic-eabi/6.3.1/../../../../arm-atollic-eabi/lib/armv7e-m/fpu\libm.a(lib_a-s_matherr.o)
                0x08007724                matherr
 .text.nan      0x08007728       0x10 c:/program files (x86)/atollic/truestudio for stm32 9.0.1/armtools/bin/../lib/gcc/arm-atollic-eabi/6.3.1/../../../../arm-atollic-eabi/lib/armv7e-m/fpu\libm.a(lib_a-s_nan.o)
                0x08007728                nan
 .text.__ieee754_log
                0x08007738      0x3b0 c:/program files (x86)/atollic/truestudio for stm32 9.0.1/armtools/bin/../lib/gcc/arm-atollic-eabi/6.3.1/../../../../arm-atollic-eabi/lib/armv7e-m/fpu\libm.a(lib_a-e_log.o)
                0x08007738                __ieee754_log
 .text.__errno  0x08007ae8        0xc c:/program files (x86)/atollic/truestudio for stm32 9.0.1/armtools/bin/../lib/gcc/arm-atollic-eabi/6.3.1/../../../../arm-atollic-eabi/lib/armv7e-m/fpu\libc_nano.a(lib_a-errno.o)
                0x08007ae8                __errno
 .text._sbrk    0x08007af4       0x1c c:/program files (x86)/atollic/truestudio for stm32 9.0.1/armtools/bin/../lib/gcc/arm-atollic-eabi/6.3.1/../../../../arm-atollic-eabi/lib/armv7e-m/fpu\libnosys.a(sbrk.o)
                0x08007af4                _sbrk
 *(.glue_7)
 .glue_7        0x08007b10        0x0 linker stubs
 *(.glue_7t)
 .glue_7t       0x08007b10        0x0 linker stubs
 *(.eh_frame)
 .eh_frame      0x08007b10        0x0 c:/program files (x86)/atollic/truestudio for stm32 9.0.1/armtools/bin/../lib/gcc/arm-atollic-eabi/6.3.1/armv7e-m/fpu/crtbegin.o
 *(.init)
 .init          0x08007b10        0x4 c:/program files (x86)/atollic/truestudio for stm32 9.0.1/armtools/bin/../lib/gcc/arm-atollic-eabi/6.3.1/armv7e-m/fpu/crti.o
                0x08007b10                _init
 .init          0x08007b14        0x8 c:/program files (x86)/atollic/truestudio for stm32 9.0.1/armtools/bin/../lib/gcc/arm-atollic-eabi/6.3.1/armv7e-m/fpu/crtn.o
 *(.fini)
 .fini          0x08007b1c        0x4 c:/program files (x86)/atollic/truestudio for stm32 9.0.1/armtools/bin/../lib/gcc/arm-atollic-eabi/6.3.1/armv7e-m/fpu/crti.o
                0x08007b1c                _fini
 .fini          0x08007b20        0x8 c:/program files (x86)/atollic/truestudio for stm32 9.0.1/armtools/bin/../lib/gcc/arm-atollic-eabi/6.3.1/armv7e-m/fpu/crtn.o
                0x08007b28                . = ALIGN (0x4)
                0x08007b28                _etext = .

.vfp11_veneer   0x08007b28        0x0
 .vfp11_veneer  0x08007b28        0x0 linker stubs

.v4_bx          0x08007b28        0x0
 .v4_bx         0x08007b28        0x0 linker stubs

.iplt           0x08007b28        0x0
 .iplt          0x08007b28        0x0 c:/program files (x86)/atollic/truestudio for stm32 9.0.1/armtools/bin/../lib/gcc/arm-atollic-eabi/6.3.1/armv7e-m/fpu/crtbegin.o

.rodata         0x08007b28      0x1dc
                0x08007b28                . = ALIGN (0x4)
 *(.rodata)
 .rodata        0x08007b28       0x14 Core\Src\main.o
 .rodata        0x08007b3c       0x14 Core\Src\tcd1304ap.o
 .rodata        0x08007b50       0x14 Drivers\BSP\src\bsp_flash.o
 .rodata        0x08007b64       0x28 Drivers\BSP\src\bsp_usb.o
 .rodata        0x08007b8c        0x5 Middlewares\Third_Party\FreeRTOS\Source\tasks.o
 *(.rodata*)
 .rodata.str1.1
                0x08007b91        0xc Core\Src\main.o
 .rodata.AHBPrescTable
                0x08007b9d       0x10 Core\Src\system_stm32f4xx.o
                0x08007b9d                AHBPrescTable
 .rodata.APBPrescTable
                0x08007bad        0x8 Core\Src\system_stm32f4xx.o
                0x08007bad                APBPrescTable
 .rodata.TCD1304_Init.str1.1
                0x08007bb5       0x18 Core\Src\tcd1304ap.o
 .rodata.str1.1
                0x08007bcd        0xb Core\Src\tcd1304ap.o
 .rodata.BSP_ADC_Init.str1.1
                0x08007bd8       0x1d Drivers\BSP\src\bsp_adc.o
 .rodata.BSP_Flash_WriteBlock.str1.1
                0x08007bf5       0x1f Drivers\BSP\src\bsp_flash.o
 .rodata.str1.1
                0x08007c14        0xa Drivers\BSP\src\bsp_flash.o
 .rodata.BSP_TIM2PWM_Start.str1.1
                0x08007c1e       0x20 Drivers\BSP\src\bsp_timers.o
 .rodata.BSP_Usb_Init.str1.1
                0x08007c3e        0xf Drivers\BSP\src\bsp_usb.o
 .rodata.str1.1
                0x08007c4d       0x14 Drivers\BSP\src\bsp_usb.o
 .rodata.flagBitshiftOffset.9547
                0x08007c61        0x8 Drivers\STM32F4xx_HAL_Driver\Src\stm32f4xx_hal_dma.o
 .rodata.CSWTCH.39
                0x08007c69        0x4 Middlewares\ST\STM32_USB_Device_Library\Core\Src\usbd_conf.o
 .rodata.USBD_LL_Init.str1.1
                0x08007c6d       0x40 Middlewares\ST\STM32_USB_Device_Library\Core\Src\usbd_conf.o
 .rodata.USBD_FS_ConfigStrDescriptor.str1.1
                0x08007cad        0xb Middlewares\ST\STM32_USB_Device_Library\Core\Src\usbd_desc.o
 .rodata.USBD_FS_InterfaceStrDescriptor.str1.1
                0x08007cb8        0xe Middlewares\ST\STM32_USB_Device_Library\Core\Src\usbd_desc.o
 .rodata.USBD_FS_ManufacturerStrDescriptor.str1.1
                0x08007cc6       0x13 Middlewares\ST\STM32_USB_Device_Library\Core\Src\usbd_desc.o
 .rodata.USBD_FS_ProductStrDescriptor.str1.1
                0x08007cd9       0x16 Middlewares\ST\STM32_USB_Device_Library\Core\Src\usbd_desc.o
 .rodata.USBD_FS_SerialStrDescriptor.str1.1
                0x08007cef        0xd Middlewares\ST\STM32_USB_Device_Library\Core\Src\usbd_desc.o
 .rodata.log10.str1.1
                0x08007cfc        0x6 c:/program files (x86)/atollic/truestudio for stm32 9.0.1/armtools/bin/../lib/gcc/arm-atollic-eabi/6.3.1/../../../../arm-atollic-eabi/lib/armv7e-m/fpu\libm.a(lib_a-w_log10.o)
                                  0x7 (size before relaxing)
                0x08007d04                . = ALIGN (0x4)
 *fill*         0x08007d02        0x2 

.ARM.extab
 *(.ARM.extab* .gnu.linkonce.armextab.*)

.ARM            0x08007d04        0x8
                0x08007d04                __exidx_start = .
 *(.ARM.exidx*)
 .ARM.exidx     0x08007d04        0x8 c:/program files (x86)/atollic/truestudio for stm32 9.0.1/armtools/bin/../lib/gcc/arm-atollic-eabi/6.3.1/armv7e-m/fpu\libgcc.a(_udivmoddi4.o)
                0x08007d0c                __exidx_end = .

.rel.dyn        0x08007d0c        0x0
 .rel.iplt      0x08007d0c        0x0 c:/program files (x86)/atollic/truestudio for stm32 9.0.1/armtools/bin/../lib/gcc/arm-atollic-eabi/6.3.1/armv7e-m/fpu/crtbegin.o

.preinit_array  0x08007d0c        0x0
                0x08007d0c                PROVIDE (__preinit_array_start, .)
 *(.preinit_array*)
                0x08007d0c                PROVIDE (__preinit_array_end, .)

.init_array     0x08007d0c        0x4
                0x08007d0c                PROVIDE (__init_array_start, .)
 *(SORT(.init_array.*))
 *(.init_array*)
 .init_array    0x08007d0c        0x4 c:/program files (x86)/atollic/truestudio for stm32 9.0.1/armtools/bin/../lib/gcc/arm-atollic-eabi/6.3.1/armv7e-m/fpu/crtbegin.o
                0x08007d10                PROVIDE (__init_array_end, .)

.fini_array     0x08007d10        0x4
                [!provide]                PROVIDE (__fini_array_start, .)
 *(SORT(.fini_array.*))
 *(.fini_array*)
 .fini_array    0x08007d10        0x4 c:/program files (x86)/atollic/truestudio for stm32 9.0.1/armtools/bin/../lib/gcc/arm-atollic-eabi/6.3.1/armv7e-m/fpu/crtbegin.o
                [!provide]                PROVIDE (__fini_array_end, .)
                0x08007d14                _sidata = LOADADDR (.data)

.data           0x20000000      0x1c8 load address 0x08007d14
                0x20000000                . = ALIGN (0x4)
                0x20000000                _sdata = .
 *(.data)
 *(.data*)
 .data.SystemCoreClock
                0x20000000        0x4 Core\Src\system_stm32f4xx.o
                0x20000000                SystemCoreClock
 .data.uwTickFreq
                0x20000004        0x1 Drivers\STM32F4xx_HAL_Driver\Src\stm32f4xx_hal.o
                0x20000004                uwTickFreq
 *fill*         0x20000005        0x3 
 .data.USBD_CDC
                0x20000008       0x38 Middlewares\ST\STM32_USB_Device_Library\Class\CDC\Src\usbd_cdc.o
                0x20000008                USBD_CDC
 .data.USBD_CDC_CfgFSDesc
                0x20000040       0x43 Middlewares\ST\STM32_USB_Device_Library\Class\CDC\Src\usbd_cdc.o
                0x20000040                USBD_CDC_CfgFSDesc
 *fill*         0x20000083        0x1 
 .data.USBD_CDC_CfgHSDesc
                0x20000084       0x43 Middlewares\ST\STM32_USB_Device_Library\Class\CDC\Src\usbd_cdc.o
                0x20000084                USBD_CDC_CfgHSDesc
 *fill*         0x200000c7        0x1 
 .data.USBD_CDC_DeviceQualifierDesc
                0x200000c8        0xa Middlewares\ST\STM32_USB_Device_Library\Class\CDC\Src\usbd_cdc.o
 *fill*         0x200000d2        0x2 
 .data.USBD_CDC_OtherSpeedCfgDesc
                0x200000d4       0x43 Middlewares\ST\STM32_USB_Device_Library\Class\CDC\Src\usbd_cdc.o
                0x200000d4                USBD_CDC_OtherSpeedCfgDesc
 *fill*         0x20000117        0x1 
 .data.USBD_Interface_fops_FS
                0x20000118       0x10 Middlewares\ST\STM32_USB_Device_Library\Core\Src\usbd_cdc_if.o
                0x20000118                USBD_Interface_fops_FS
 .data.FS_Desc  0x20000128       0x1c Middlewares\ST\STM32_USB_Device_Library\Core\Src\usbd_desc.o
                0x20000128                FS_Desc
 .data.USBD_FS_DeviceDesc
                0x20000144       0x12 Middlewares\ST\STM32_USB_Device_Library\Core\Src\usbd_desc.o
                0x20000144                USBD_FS_DeviceDesc
 *fill*         0x20000156        0x2 
 .data.USBD_LangIDDesc
                0x20000158        0x4 Middlewares\ST\STM32_USB_Device_Library\Core\Src\usbd_desc.o
                0x20000158                USBD_LangIDDesc
 .data.uxCriticalNesting
                0x2000015c        0x4 Middlewares\Third_Party\FreeRTOS\Source\portable\RVDS\ARM_CM4F\port.o
 .data._impure_ptr
                0x20000160        0x4 c:/program files (x86)/atollic/truestudio for stm32 9.0.1/armtools/bin/../lib/gcc/arm-atollic-eabi/6.3.1/../../../../arm-atollic-eabi/lib/armv7e-m/fpu\libc_nano.a(lib_a-impure.o)
                0x20000160                _impure_ptr
 .data.impure_data
                0x20000164       0x60 c:/program files (x86)/atollic/truestudio for stm32 9.0.1/armtools/bin/../lib/gcc/arm-atollic-eabi/6.3.1/../../../../arm-atollic-eabi/lib/armv7e-m/fpu\libc_nano.a(lib_a-impure.o)
 .data.__fdlib_version
                0x200001c4        0x1 c:/program files (x86)/atollic/truestudio for stm32 9.0.1/armtools/bin/../lib/gcc/arm-atollic-eabi/6.3.1/../../../../arm-atollic-eabi/lib/armv7e-m/fpu\libm.a(lib_a-s_lib_ver.o)
                0x200001c4                __fdlib_version
                0x200001c8                . = ALIGN (0x4)
 *fill*         0x200001c5        0x3 
                0x200001c8                _edata = .
                0x08007edc                _siccmram = LOADADDR (.ccmram)

.igot.plt       0x200001c8        0x0 load address 0x08007edc
 .igot.plt      0x200001c8        0x0 c:/program files (x86)/atollic/truestudio for stm32 9.0.1/armtools/bin/../lib/gcc/arm-atollic-eabi/6.3.1/armv7e-m/fpu/crtbegin.o

.ccmram         0x10000000     0x4010 load address 0x08007edc
                0x10000000                . = ALIGN (0x4)
                0x10000000                _sccmram = .
 *(.ccmram)
 .ccmram        0x10000000     0x4010 Core\Src\process.o
 *(.ccmram*)
                0x10004010                . = ALIGN (0x4)
                0x10004010                _eccmram = .
                0x10004010                . = ALIGN (0x4)

.bss            0x200001c8    0x15ee8
                0x200001c8                _sbss = .
                0x200001c8                __bss_start__ = _sbss
 *(.bss)
 .bss           0x200001c8       0x1c c:/program files (x86)/atollic/truestudio for stm32 9.0.1/armtools/bin/../lib/gcc/arm-atollic-eabi/6.3.1/armv7e-m/fpu/crtbegin.o
 *(.bss*)
 .bss.ulHighFrequencyTimerTicks
                0x200001e4        0x4 Core\Src\main.o
                0x200001e4                ulHighFrequencyTimerTicks
 .bss.protocolOutputBuf
                0x200001e8      0x100 Core\Src\protocol.o
 .bss.hdma_adc.9452
                0x200002e8       0x60 Core\Src\stm32f4xx_hal_msp.o
 .bss.hdma_adc2.9453
                0x20000348       0x60 Core\Src\stm32f4xx_hal_msp.o
 .bss.adcTCDPack
                0x200003a8      0x804 Core\Src\tcd1304ap.o
 .bss.icgTick   0x20000bac        0x2 Core\Src\tcd1304ap.o
 .bss.tcdADCData
                0x20000bae      0x402 Core\Src\tcd1304ap.o
 .bss.xHigherPriorityTaskWoken.11694
                0x20000fb0        0x4 Core\Src\tcd1304ap.o
 .bss.EraseInitStruct
                0x20000fb4       0x14 Drivers\BSP\src\bsp_flash.o
 .bss.UsbBufInd
                0x20000fc8        0x4 Drivers\BSP\src\bsp_usb.o
                0x20000fc8                UsbBufInd
 .bss.receiveByte.11133
                0x20000fcc        0x1 Drivers\BSP\src\bsp_usb.o
 *fill*         0x20000fcd        0x3 
 .bss.txMsg.11127
                0x20000fd0        0x8 Drivers\BSP\src\bsp_usb.o
 .bss.txMsg.11152
                0x20000fd8        0x8 Drivers\BSP\src\bsp_usb.o
 .bss.usbRxBuf  0x20000fe0       0x40 Drivers\BSP\src\bsp_usb.o
 .bss.xHigherPriorityTaskWoken.11142
                0x20001020        0x4 Drivers\BSP\src\bsp_usb.o
 .bss.ifalt.10358
                0x20001024        0x1 Middlewares\ST\STM32_USB_Device_Library\Class\CDC\Src\usbd_cdc.o
 .bss.cfgidx.10363
                0x20001025        0x1 Middlewares\ST\STM32_USB_Device_Library\Core\Src\usbd_ctlreq.o
 *fill*         0x20001026        0x2 
 .bss.pxEnd     0x20001028        0x4 Middlewares\Third_Party\FreeRTOS\Source\portable\MemMang\heap_4.o
 .bss.ucHeap    0x2000102c    0x14000 Middlewares\Third_Party\FreeRTOS\Source\portable\MemMang\heap_4.o
 .bss.xBlockAllocatedBit
                0x2001502c        0x4 Middlewares\Third_Party\FreeRTOS\Source\portable\MemMang\heap_4.o
 .bss.xFreeBytesRemaining
                0x20015030        0x4 Middlewares\Third_Party\FreeRTOS\Source\portable\MemMang\heap_4.o
 .bss.xMinimumEverFreeBytesRemaining
                0x20015034        0x4 Middlewares\Third_Party\FreeRTOS\Source\portable\MemMang\heap_4.o
 .bss.xStart    0x20015038        0x8 Middlewares\Third_Party\FreeRTOS\Source\portable\MemMang\heap_4.o
 .bss.ucMaxSysCallPriority
                0x20015040        0x1 Middlewares\Third_Party\FreeRTOS\Source\portable\RVDS\ARM_CM4F\port.o
 *fill*         0x20015041        0x3 
 .bss.ulMaxPRIGROUPValue
                0x20015044        0x4 Middlewares\Third_Party\FreeRTOS\Source\portable\RVDS\ARM_CM4F\port.o
 .bss.pxCurrentTCB
                0x20015048        0x4 Middlewares\Third_Party\FreeRTOS\Source\tasks.o
                0x20015048                pxCurrentTCB
 .bss.pxReadyTasksLists
                0x2001504c       0x8c Middlewares\Third_Party\FreeRTOS\Source\tasks.o
 .bss.xDelayedTaskList1
                0x200150d8       0x14 Middlewares\Third_Party\FreeRTOS\Source\tasks.o
 .bss.xDelayedTaskList2
                0x200150ec       0x14 Middlewares\Third_Party\FreeRTOS\Source\tasks.o
 .bss.pxDelayedTaskList
                0x20015100        0x4 Middlewares\Third_Party\FreeRTOS\Source\tasks.o
 .bss.pxOverflowDelayedTaskList
                0x20015104        0x4 Middlewares\Third_Party\FreeRTOS\Source\tasks.o
 .bss.xPendingReadyList
                0x20015108       0x14 Middlewares\Third_Party\FreeRTOS\Source\tasks.o
 .bss.xTasksWaitingTermination
                0x2001511c       0x14 Middlewares\Third_Party\FreeRTOS\Source\tasks.o
 .bss.uxDeletedTasksWaitingCleanUp
                0x20015130        0x4 Middlewares\Third_Party\FreeRTOS\Source\tasks.o
 .bss.xSuspendedTaskList
                0x20015134       0x14 Middlewares\Third_Party\FreeRTOS\Source\tasks.o
 .bss.uxCurrentNumberOfTasks
                0x20015148        0x4 Middlewares\Third_Party\FreeRTOS\Source\tasks.o
 .bss.xTickCount
                0x2001514c        0x4 Middlewares\Third_Party\FreeRTOS\Source\tasks.o
 .bss.uxTopReadyPriority
                0x20015150        0x4 Middlewares\Third_Party\FreeRTOS\Source\tasks.o
 .bss.xSchedulerRunning
                0x20015154        0x4 Middlewares\Third_Party\FreeRTOS\Source\tasks.o
 .bss.uxPendedTicks
                0x20015158        0x4 Middlewares\Third_Party\FreeRTOS\Source\tasks.o
 .bss.xYieldPending
                0x2001515c        0x4 Middlewares\Third_Party\FreeRTOS\Source\tasks.o
 .bss.xNumOfOverflows
                0x20015160        0x4 Middlewares\Third_Party\FreeRTOS\Source\tasks.o
 .bss.uxTaskNumber
                0x20015164        0x4 Middlewares\Third_Party\FreeRTOS\Source\tasks.o
 .bss.xNextTaskUnblockTime
                0x20015168        0x4 Middlewares\Third_Party\FreeRTOS\Source\tasks.o
 .bss.xIdleTaskHandle
                0x2001516c        0x4 Middlewares\Third_Party\FreeRTOS\Source\tasks.o
 .bss.uxSchedulerSuspended
                0x20015170        0x4 Middlewares\Third_Party\FreeRTOS\Source\tasks.o
 .bss.ulTaskSwitchedInTime
                0x20015174        0x4 Middlewares\Third_Party\FreeRTOS\Source\tasks.o
 .bss.ulTotalRunTime
                0x20015178        0x4 Middlewares\Third_Party\FreeRTOS\Source\tasks.o
 .bss.__malloc_free_list
                0x2001517c        0x4 c:/program files (x86)/atollic/truestudio for stm32 9.0.1/armtools/bin/../lib/gcc/arm-atollic-eabi/6.3.1/../../../../arm-atollic-eabi/lib/armv7e-m/fpu\libc_nano.a(lib_a-nano-mallocr.o)
                0x2001517c                __malloc_free_list
 .bss.__malloc_sbrk_start
                0x20015180        0x4 c:/program files (x86)/atollic/truestudio for stm32 9.0.1/armtools/bin/../lib/gcc/arm-atollic-eabi/6.3.1/../../../../arm-atollic-eabi/lib/armv7e-m/fpu\libc_nano.a(lib_a-nano-mallocr.o)
                0x20015180                __malloc_sbrk_start
 .bss.heap_end.5239
                0x20015184        0x4 c:/program files (x86)/atollic/truestudio for stm32 9.0.1/armtools/bin/../lib/gcc/arm-atollic-eabi/6.3.1/../../../../arm-atollic-eabi/lib/armv7e-m/fpu\libnosys.a(sbrk.o)
 *(COMMON)
 COMMON         0x20015188       0x44 Core\Src\main.o
                0x20015188                defaultTaskHandle
                0x2001518c                defaultTaskHandle2
                0x20015190                htim7
 COMMON         0x200151cc       0x3c Core\Src\stm32f4xx_hal_timebase_TIM.o
                0x200151cc                htim1
 COMMON         0x20015208       0x64 Core\Src\tcd1304ap.o
                0x20015208                sensorTaskHandle
                0x2001520c                sensorADC1DataQueue
                0x20015210                ulADCSampleCounter
                0x20015214                sConfigPWM
                0x20015230                Tim3PWMHandle
 COMMON         0x2001526c       0xb8 Drivers\BSP\src\bsp_adc.o
                0x2001526c                adcBuf_1
                0x20015270                ADC2Handle
                0x200152b8                ADC1Config
                0x200152c8                ADC1Handle
                0x20015310                ADC2Config
                0x20015320                adcBuf_2
 COMMON         0x20015324        0x8 Drivers\BSP\src\bsp_flash.o
                0x20015324                flashTaskHandle
                0x20015328                xFlashWriteSemaphore
 COMMON         0x2001532c       0x78 Drivers\BSP\src\bsp_timers.o
                0x2001532c                Tim4ADCHandle
                0x20015368                Tim2PWMHandle
 COMMON         0x200153a4       0x10 Drivers\BSP\src\bsp_usb.o
                0x200153a4                usbTaskRxHandle
                0x200153a8                usbRxDataQueue
                0x200153ac                usbTxDataQueue
                0x200153b0                usbTaskTxHandle
 COMMON         0x200153b4        0x4 Drivers\STM32F4xx_HAL_Driver\Src\stm32f4xx_hal.o
                0x200153b4                uwTick
 COMMON         0x200153b8       0x20 Drivers\STM32F4xx_HAL_Driver\Src\stm32f4xx_hal_flash.o
                0x200153b8                pFlash
 COMMON         0x200153d8      0x224 Middlewares\ST\STM32_USB_Device_Library\Core\Src\usb_device.o
                0x200153d8                hUsbDeviceFS
 COMMON         0x200155fc      0x480 Middlewares\ST\STM32_USB_Device_Library\Core\Src\usbd_cdc_if.o
                0x200155fc                UserRxBufferFS
                0x2001567c                UserTxBufferFS
 COMMON         0x20015a7c      0x3f0 Middlewares\ST\STM32_USB_Device_Library\Core\Src\usbd_conf.o
                0x20015a7c                hpcd_USB_OTG_FS
 COMMON         0x20015e6c      0x200 Middlewares\ST\STM32_USB_Device_Library\Core\Src\usbd_desc.o
                0x20015e6c                USBD_StrDesc
 COMMON         0x2001606c       0x40 Middlewares\Third_Party\FreeRTOS\Source\queue.o
                0x2001606c                xQueueRegistry
 COMMON         0x200160ac        0x4 c:/program files (x86)/atollic/truestudio for stm32 9.0.1/armtools/bin/../lib/gcc/arm-atollic-eabi/6.3.1/../../../../arm-atollic-eabi/lib/armv7e-m/fpu\libc_nano.a(lib_a-reent.o)
                0x200160ac                errno
                0x200160b0                . = ALIGN (0x4)
                0x200160b0                _ebss = .
                0x200160b0                __bss_end__ = _ebss

._user_heap_stack
                0x200160b0      0x400
                0x200160b0                . = ALIGN (0x4)
                0x200160b0                PROVIDE (end, .)
                [!provide]                PROVIDE (_end, .)
                0x200160b0                . = (. + _Min_Heap_Size)
                0x200164b0                . = (. + _Min_Stack_Size)
 *fill*         0x200160b0      0x400 
                0x200164b0                . = ALIGN (0x4)

.user_flash     0x080fc000      0x800
 *(.user_flash)
 .user_flash    0x080fc000      0x800 Drivers\BSP\src\bsp_flash.o
                0x080fc000                SaveData

/DISCARD/
 libc.a(*)
 libm.a(*)
 libgcc.a(*)

.ARM.attributes
                0x00000000       0x30
 *(.ARM.attributes)
 .ARM.attributes
                0x00000000       0x22 c:/program files (x86)/atollic/truestudio for stm32 9.0.1/armtools/bin/../lib/gcc/arm-atollic-eabi/6.3.1/armv7e-m/fpu/crti.o
 .ARM.attributes
                0x00000022       0x34 c:/program files (x86)/atollic/truestudio for stm32 9.0.1/armtools/bin/../lib/gcc/arm-atollic-eabi/6.3.1/armv7e-m/fpu/crtbegin.o
 .ARM.attributes
                0x00000056       0x39 Core\Src\main.o
 .ARM.attributes
                0x0000008f       0x39 Core\Src\process.o
 .ARM.attributes
                0x000000c8       0x39 Core\Src\protocol.o
 .ARM.attributes
                0x00000101       0x39 Core\Src\stm32f4xx_hal_msp.o
 .ARM.attributes
                0x0000013a       0x39 Core\Src\stm32f4xx_hal_timebase_TIM.o
 .ARM.attributes
                0x00000173       0x39 Core\Src\stm32f4xx_it.o
 .ARM.attributes
                0x000001ac       0x39 Core\Src\system_stm32f4xx.o
 .ARM.attributes
                0x000001e5       0x39 Core\Src\tcd1304ap.o
 .ARM.attributes
                0x0000021e       0x39 Drivers\BSP\src\bsp_adc.o
 .ARM.attributes
                0x00000257       0x39 Drivers\BSP\src\bsp_flash.o
 .ARM.attributes
                0x00000290       0x39 Drivers\BSP\src\bsp_timers.o
 .ARM.attributes