Archive member included to satisfy reference by file (symbol)

c:/program files (x86)/atollic/truestudio for stm32 9.0.1/armtools/bin/../lib/gcc/arm-atollic-eabi/6.3.1/../../../../arm-atollic-eabi/lib/armv7e-m/fpu\libc_nano.a(lib_a-init.o)
                              startup\startup_stm32f429xx.o (__libc_init_array)
c:/program files (x86)/atollic/truestudio for stm32 9.0.1/armtools/bin/../lib/gcc/arm-atollic-eabi/6.3.1/../../../../arm-atollic-eabi/lib/armv7e-m/fpu\libc_nano.a(lib_a-malloc.o)
                              Middlewares\ST\STM32_USB_Device_Library\Class\CDC\Src\usbd_cdc.o (malloc)
c:/program files (x86)/atollic/truestudio for stm32 9.0.1/armtools/bin/../lib/gcc/arm-atollic-eabi/6.3.1/../../../../arm-atollic-eabi/lib/armv7e-m/fpu\libc_nano.a(lib_a-memcpy-stub.o)
                              Core\Src\process.o (memcpy)
c:/program files (x86)/atollic/truestudio for stm32 9.0.1/armtools/bin/../lib/gcc/arm-atollic-eabi/6.3.1/../../../../arm-atollic-eabi/lib/armv7e-m/fpu\libc_nano.a(lib_a-memset.o)
                              Core\Src\process.o (memset)
c:/program files (x86)/atollic/truestudio for stm32 9.0.1/armtools/bin/../lib/gcc/arm-atollic-eabi/6.3.1/../../../../arm-atollic-eabi/lib/armv7e-m/fpu\libc_nano.a(lib_a-nano-freer.o)
                              c:/program files (x86)/atollic/truestudio for stm32 9.0.1/armtools/bin/../lib/gcc/arm-atollic-eabi/6.3.1/../../../../arm-atollic-eabi/lib/armv7e-m/fpu\libc_nano.a(lib_a-malloc.o) (_free_r)
c:/program files (x86)/atollic/truestudio for stm32 9.0.1/armtools/bin/../lib/gcc/arm-atollic-eabi/6.3.1/../../../../arm-atollic-eabi/lib/armv7e-m/fpu\libc_nano.a(lib_a-nano-mallocr.o)
                              c:/program files (x86)/atollic/truestudio for stm32 9.0.1/armtools/bin/../lib/gcc/arm-atollic-eabi/6.3.1/../../../../arm-atollic-eabi/lib/armv7e-m/fpu\libc_nano.a(lib_a-malloc.o) (_malloc_r)
c:/program files (x86)/atollic/truestudio for stm32 9.0.1/armtools/bin/../lib/gcc/arm-atollic-eabi/6.3.1/../../../../arm-atollic-eabi/lib/armv7e-m/fpu\libc_nano.a(lib_a-sbrkr.o)
                              c:/program files (x86)/atollic/truestudio for stm32 9.0.1/armtools/bin/../lib/gcc/arm-atollic-eabi/6.3.1/../../../../arm-atollic-eabi/lib/armv7e-m/fpu\libc_nano.a(lib_a-nano-mallocr.o) (_sbrk_r)
c:/program files (x86)/atollic/truestudio for stm32 9.0.1/armtools/bin/../lib/gcc/arm-atollic-eabi/6.3.1/../../../../arm-atollic-eabi/lib/armv7e-m/fpu\libc_nano.a(lib_a-strlen.o)
                              Drivers\BSP\src\bsp_usb.o (strlen)
c:/program files (x86)/atollic/truestudio for stm32 9.0.1/armtools/bin/../lib/gcc/arm-atollic-eabi/6.3.1/../../../../arm-atollic-eabi/lib/armv7e-m/fpu\libc_nano.a(lib_a-impure.o)
                              c:/program files (x86)/atollic/truestudio for stm32 9.0.1/armtools/bin/../lib/gcc/arm-atollic-eabi/6.3.1/../../../../arm-atollic-eabi/lib/armv7e-m/fpu\libc_nano.a(lib_a-malloc.o) (_impure_ptr)
c:/program files (x86)/atollic/truestudio for stm32 9.0.1/armtools/bin/../lib/gcc/arm-atollic-eabi/6.3.1/../../../../arm-atollic-eabi/lib/armv7e-m/fpu\libc_nano.a(lib_a-mlock.o)
                              c:/program files (x86)/atollic/truestudio for stm32 9.0.1/armtools/bin/../lib/gcc/arm-atollic-eabi/6.3.1/../../../../arm-atollic-eabi/lib/armv7e-m/fpu\libc_nano.a(lib_a-nano-freer.o) (__malloc_lock)
c:/program files (x86)/atollic/truestudio for stm32 9.0.1/armtools/bin/../lib/gcc/arm-atollic-eabi/6.3.1/../../../../arm-atollic-eabi/lib/armv7e-m/fpu\libc_nano.a(lib_a-reent.o)
                              c:/program files (x86)/atollic/truestudio for stm32 9.0.1/armtools/bin/../lib/gcc/arm-atollic-eabi/6.3.1/../../../../arm-atollic-eabi/lib/armv7e-m/fpu\libc_nano.a(lib_a-sbrkr.o) (errno)
c:/program files (x86)/atollic/truestudio for stm32 9.0.1/armtools/bin/../lib/gcc/arm-atollic-eabi/6.3.1/armv7e-m/fpu\libgcc.a(_aeabi_uldivmod.o)
                              Drivers\STM32F4xx_HAL_Driver\Src\stm32f4xx_hal_rcc.o (__aeabi_uldivmod)
c:/program files (x86)/atollic/truestudio for stm32 9.0.1/armtools/bin/../lib/gcc/arm-atollic-eabi/6.3.1/armv7e-m/fpu\libgcc.a(_udivmoddi4.o)
                              c:/program files (x86)/atollic/truestudio for stm32 9.0.1/armtools/bin/../lib/gcc/arm-atollic-eabi/6.3.1/armv7e-m/fpu\libgcc.a(_aeabi_uldivmod.o) (__udivmoddi4)
c:/program files (x86)/atollic/truestudio for stm32 9.0.1/armtools/bin/../lib/gcc/arm-atollic-eabi/6.3.1/armv7e-m/fpu\libgcc.a(_dvmd_tls.o)
                              c:/program files (x86)/atollic/truestudio for stm32 9.0.1/armtools/bin/../lib/gcc/arm-atollic-eabi/6.3.1/armv7e-m/fpu\libgcc.a(_aeabi_uldivmod.o) (__aeabi_ldiv0)
c:/program files (x86)/atollic/truestudio for stm32 9.0.1/armtools/bin/../lib/gcc/arm-atollic-eabi/6.3.1/../../../../arm-atollic-eabi/lib/armv7e-m/fpu\libnosys.a(sbrk.o)
[...]
Memory Configuration

Name             Origin             Length             Attributes
RAM              0x20000000         0x00030000         xrw
CCMRAM           0x10000000         0x00010000         rw
FLASH            0x08000000         0x000fc000         xr
*default*        0x00000000         0xffffffff

Linker script and memory map

LOAD c:/program files (x86)/atollic/truestudio for stm32 9.0.1/armtools/bin/../lib/gcc/arm-atollic-eabi/6.3.1/armv7e-m/fpu/crti.o
LOAD c:/program files (x86)/atollic/truestudio for stm32 9.0.1/armtools/bin/../lib/gcc/arm-atollic-eabi/6.3.1/armv7e-m/fpu/crtbegin.o
LOAD Core\Src\main.o
LOAD Core\Src\process.o
LOAD Core\Src\protocol.o
LOAD Core\Src\stm32f4xx_hal_msp.o
LOAD Core\Src\stm32f4xx_hal_timebase_TIM.o
LOAD Core\Src\stm32f4xx_it.o
LOAD Core\Src\system_stm32f4xx.o
LOAD Core\Src\tcd1304ap.o
LOAD Drivers\BSP\src\bsp_adc.o
LOAD Drivers\BSP\src\bsp_flash.o
LOAD Drivers\BSP\src\bsp_timers.o
LOAD Drivers\BSP\src\bsp_usb.o
LOAD Drivers\STM32F4xx_HAL_Driver\Src\stm32f4xx_hal.o
LOAD Drivers\STM32F4xx_HAL_Driver\Src\stm32f4xx_hal_adc.o
LOAD Drivers\STM32F4xx_HAL_Driver\Src\stm32f4xx_hal_adc_ex.o
LOAD Drivers\STM32F4xx_HAL_Driver\Src\stm32f4xx_hal_can.o
LOAD Drivers\STM32F4xx_HAL_Driver\Src\stm32f4xx_hal_cortex.o
LOAD Drivers\STM32F4xx_HAL_Driver\Src\stm32f4xx_hal_dma.o
LOAD Drivers\STM32F4xx_HAL_Driver\Src\stm32f4xx_hal_dma_ex.o
LOAD Drivers\STM32F4xx_HAL_Driver\Src\stm32f4xx_hal_flash.o
LOAD Drivers\STM32F4xx_HAL_Driver\Src\stm32f4xx_hal_flash_ex.o
LOAD Drivers\STM32F4xx_HAL_Driver\Src\stm32f4xx_hal_flash_ramfunc.o
LOAD Drivers\STM32F4xx_HAL_Driver\Src\stm32f4xx_hal_gpio.o
LOAD Drivers\STM32F4xx_HAL_Driver\Src\stm32f4xx_hal_pcd.o
LOAD Drivers\STM32F4xx_HAL_Driver\Src\stm32f4xx_hal_pcd_ex.o
LOAD Drivers\STM32F4xx_HAL_Driver\Src\stm32f4xx_hal_pwr.o
LOAD Drivers\STM32F4xx_HAL_Driver\Src\stm32f4xx_hal_pwr_ex.o
LOAD Drivers\STM32F4xx_HAL_Driver\Src\stm32f4xx_hal_rcc.o
LOAD Drivers\STM32F4xx_HAL_Driver\Src\stm32f4xx_hal_rcc_ex.o
LOAD Drivers\STM32F4xx_HAL_Driver\Src\stm32f4xx_hal_spi.o
LOAD Drivers\STM32F4xx_HAL_Driver\Src\stm32f4xx_hal_tim.o
LOAD Drivers\STM32F4xx_HAL_Driver\Src\stm32f4xx_hal_tim_ex.o
LOAD Drivers\STM32F4xx_HAL_Driver\Src\stm32f4xx_ll_usb.o
LOAD Middlewares\ST\STM32_USB_Device_Library\Class\CDC\Src\usbd_cdc.o
LOAD Middlewares\ST\STM32_USB_Device_Library\Core\Src\usb_device.o
LOAD Middlewares\ST\STM32_USB_Device_Library\Core\Src\usbd_cdc_if.o
LOAD Middlewares\ST\STM32_USB_Device_Library\Core\Src\usbd_conf.o
LOAD Middlewares\ST\STM32_USB_Device_Library\Core\Src\usbd_core.o
LOAD Middlewares\ST\STM32_USB_Device_Library\Core\Src\usbd_ctlreq.o
LOAD Middlewares\ST\STM32_USB_Device_Library\Core\Src\usbd_desc.o
LOAD Middlewares\ST\STM32_USB_Device_Library\Core\Src\usbd_ioreq.o
LOAD Middlewares\Third_Party\FreeRTOS\Source\CMSIS_RTOS\cmsis_os.o
LOAD Middlewares\Third_Party\FreeRTOS\Source\croutine.o
LOAD Middlewares\Third_Party\FreeRTOS\Source\event_groups.o
LOAD Middlewares\Third_Party\FreeRTOS\Source\freertos.o
LOAD Middlewares\Third_Party\FreeRTOS\Source\list.o
LOAD Middlewares\Third_Party\FreeRTOS\Source\portable\MemMang\heap_4.o
LOAD Middlewares\Third_Party\FreeRTOS\Source\portable\RVDS\ARM_CM4F\port.o
LOAD Middlewares\Third_Party\FreeRTOS\Source\queue.o
LOAD Middlewares\Third_Party\FreeRTOS\Source\tasks.o
LOAD Middlewares\Third_Party\FreeRTOS\Source\timers.o
LOAD startup\startup_stm32f429xx.o
                0x00000080                malloc_getpagesize_P = 0x80
START GROUP
LOAD c:/program files (x86)/atollic/truestudio for stm32 9.0.1/armtools/bin/../lib/gcc/arm-atollic-eabi/6.3.1/../../../../arm-atollic-eabi/lib/armv7e-m/fpu\libc_nano.a
LOAD c:/program files (x86)/atollic/truestudio for stm32 9.0.1/armtools/bin/../lib/gcc/arm-atollic-eabi/6.3.1/../../../../arm-atollic-eabi/lib/armv7e-m/fpu\libm.a
END GROUP
START GROUP
LOAD c:/program files (x86)/atollic/truestudio for stm32 9.0.1/armtools/bin/../lib/gcc/arm-atollic-eabi/6.3.1/armv7e-m/fpu\libgcc.a
LOAD c:/program files (x86)/atollic/truestudio for stm32 9.0.1/armtools/bin/../lib/gcc/arm-atollic-eabi/6.3.1/../../../../arm-atollic-eabi/lib/armv7e-m/fpu\libc_nano.a
END GROUP
START GROUP
LOAD c:/program files (x86)/atollic/truestudio for stm32 9.0.1/armtools/bin/../lib/gcc/arm-atollic-eabi/6.3.1/armv7e-m/fpu\libgcc.a
LOAD c:/program files (x86)/atollic/truestudio for stm32 9.0.1/armtools/bin/../lib/gcc/arm-atollic-eabi/6.3.1/../../../../arm-atollic-eabi/lib/armv7e-m/fpu\libc_nano.a
LOAD c:/program files (x86)/atollic/truestudio for stm32 9.0.1/armtools/bin/../lib/gcc/arm-atollic-eabi/6.3.1/../../../../arm-atollic-eabi/lib/armv7e-m/fpu\libnosys.a
END GROUP
START GROUP
LOAD c:/program files (x86)/atollic/truestudio for stm32 9.0.1/armtools/bin/../lib/gcc/arm-atollic-eabi/6.3.1/armv7e-m/fpu\libgcc.a
LOAD c:/program files (x86)/atollic/truestudio for stm32 9.0.1/armtools/bin/../lib/gcc/arm-atollic-eabi/6.3.1/../../../../arm-atollic-eabi/lib/armv7e-m/fpu\libc_nano.a
LOAD c:/program files (x86)/atollic/truestudio for stm32 9.0.1/armtools/bin/../lib/gcc/arm-atollic-eabi/6.3.1/../../../../arm-atollic-eabi/lib/armv7e-m/fpu\libnosys.a
END GROUP
LOAD c:/program files (x86)/atollic/truestudio for stm32 9.0.1/armtools/bin/../lib/gcc/arm-atollic-eabi/6.3.1/armv7e-m/fpu/crtend.o
LOAD c:/program files (x86)/atollic/truestudio for stm32 9.0.1/armtools/bin/../lib/gcc/arm-atollic-eabi/6.3.1/armv7e-m/fpu/crtn.o
                0x20030000                _estack = 0x20030000
                0x00000000                _Min_Heap_Size = 0x0
                0x00000400                _Min_Stack_Size = 0x400

.isr_vector     0x08000000      0x1ac
                0x08000000                . = ALIGN (0x4)
 *(.isr_vector)
 .isr_vector    0x08000000      0x1ac startup\startup_stm32f429xx.o
                0x08000000                g_pfnVectors
                0x080001ac                . = ALIGN (0x4)

.text           0x080001b0     0x6418
                0x080001b0                . = ALIGN (0x4)
 *(.text)
 .text          0x080001b0       0x40 c:/program files (x86)/atollic/truestudio for stm32 9.0.1/armtools/bin/../lib/gcc/arm-atollic-eabi/6.3.1/armv7e-m/fpu/crtbegin.o
 .text          0x080001f0       0x30 c:/program files (x86)/atollic/truestudio for stm32 9.0.1/armtools/bin/../lib/gcc/arm-atollic-eabi/6.3.1/armv7e-m/fpu\libgcc.a(_aeabi_uldivmod.o)
                0x080001f0                __aeabi_uldivmod
 .text          0x08000220      0x2dc c:/program files (x86)/atollic/truestudio for stm32 9.0.1/armtools/bin/../lib/gcc/arm-atollic-eabi/6.3.1/armv7e-m/fpu\libgcc.a(_udivmoddi4.o)
                0x08000220                __udivmoddi4
 .text          0x080004fc        0x4 c:/program files (x86)/atollic/truestudio for stm32 9.0.1/armtools/bin/../lib/gcc/arm-atollic-eabi/6.3.1/armv7e-m/fpu\libgcc.a(_dvmd_tls.o)
                0x080004fc                __aeabi_idiv0
                0x080004fc                __aeabi_ldiv0
 *(.text*)
 .text.mainTask
                0x08000500       0x56 Core\Src\main.o
                0x08000500                mainTask
 *fill*         0x08000556        0x2 
 .text.systemClock_Config
                0x08000558       0xb8 Core\Src\main.o
                0x08000558                systemClock_Config
 .text.portClkInit
                0x08000610       0x60 Core\Src\main.o
                0x08000610                portClkInit
 .text.startup.main
                0x08000670       0x3c Core\Src\main.o
                0x08000670                main
 .text.HAL_TIM_PeriodElapsedCallback
                0x080006ac       0x44 Core\Src\main.o
                0x080006ac                HAL_TIM_PeriodElapsedCallback
 .text.GetRunTimeStatsValue
                0x080006f0        0xc Core\Src\main.o
                0x080006f0                GetRunTimeStatsValue
 .text.SetupRunTimeStatsTimer
                0x080006fc       0x78 Core\Src\main.o
                0x080006fc                SetupRunTimeStatsTimer
 .text._Error_Handler
                0x08000774        0x2 Core\Src\main.o
                0x08000774                _Error_Handler
 *fill*         0x08000776        0x2 
 .text.Process_Init
                0x08000778       0x10 Core\Src\process.o
                0x08000778                Process_Init
 .text.Process_BackgroundUpdate
                0x08000788       0x64 Core\Src\process.o
                0x08000788                Process_BackgroundUpdate
 .text.Process_Update
                0x080007ec       0xb4 Core\Src\process.o
                0x080007ec                Process_Update
 .text.Process_GetChannelData
                0x080008a0       0x1c Core\Src\process.o
                0x080008a0                Process_GetChannelData
 .text.Protocol_CreatePacket
                0x080008bc       0x54 Core\Src\protocol.o
                0x080008bc                Protocol_CreatePacket
 .text.Protocol_GetPacketFromStream
                0x08000910       0xc8 Core\Src\protocol.o
                0x08000910                Protocol_GetPacketFromStream
 .text.Protocol_SendLinearSensorDataPack
                0x080009d8       0x5c Core\Src\protocol.o
                0x080009d8                Protocol_SendLinearSensorDataPack
 .text.Protocol_SendLinearSensorData
                0x08000a34       0x46 Core\Src\protocol.o
                0x08000a34                Protocol_SendLinearSensorData
 .text.Protocol_SendPingResponse
                0x08000a7a       0x22 Core\Src\protocol.o
                0x08000a7a                Protocol_SendPingResponse
 .text.Protocol_RxPackageAnalysis
                0x08000a9c       0x4a Core\Src\protocol.o
                0x08000a9c                Protocol_RxPackageAnalysis
 .text.HAL_MspInit
                0x08000ae6       0x60 Core\Src\stm32f4xx_hal_msp.o
                0x08000ae6                HAL_MspInit
 *fill*         0x08000b46        0x2 
 .text.HAL_TIM_PWM_MspInit
                0x08000b48       0xc8 Core\Src\stm32f4xx_hal_msp.o
                0x08000b48                HAL_TIM_PWM_MspInit
 .text.HAL_TIM_Base_MspInit
                0x08000c10       0x70 Core\Src\stm32f4xx_hal_msp.o
                0x08000c10                HAL_TIM_Base_MspInit
 .text.HAL_ADC_MspInit
                0x08000c80      0x1a0 Core\Src\stm32f4xx_hal_msp.o
                0x08000c80                HAL_ADC_MspInit
 .text.HAL_InitTick
                0x08000e20       0x7c Core\Src\stm32f4xx_hal_timebase_TIM.o
                0x08000e20                HAL_InitTick
 .text.NMI_Handler
                0x08000e9c        0x2 Core\Src\stm32f4xx_it.o
                0x08000e9c                NMI_Handler
 .text.HardFault_Handler
                0x08000e9e        0x2 Core\Src\stm32f4xx_it.o
                0x08000e9e                HardFault_Handler
 .text.MemManage_Handler
                0x08000ea0        0x2 Core\Src\stm32f4xx_it.o
                0x08000ea0                MemManage_Handler
 .text.BusFault_Handler
                0x08000ea2        0x2 Core\Src\stm32f4xx_it.o
                0x08000ea2                BusFault_Handler
 .text.UsageFault_Handler
                0x08000ea4        0x2 Core\Src\stm32f4xx_it.o
                0x08000ea4                UsageFault_Handler
 .text.DebugMon_Handler
                0x08000ea6        0x2 Core\Src\stm32f4xx_it.o
                0x08000ea6                DebugMon_Handler
 .text.SysTick_Handler
                0x08000ea8        0x4 Core\Src\stm32f4xx_it.o
                0x08000ea8                SysTick_Handler
 .text.TIM1_UP_TIM10_IRQHandler
                0x08000eac        0xc Core\Src\stm32f4xx_it.o
                0x08000eac                TIM1_UP_TIM10_IRQHandler
 .text.OTG_FS_IRQHandler
                0x08000eb8        0xc Core\Src\stm32f4xx_it.o
                0x08000eb8                OTG_FS_IRQHandler
 .text.TIM7_IRQHandler
                0x08000ec4        0xc Core\Src\stm32f4xx_it.o
                0x08000ec4                TIM7_IRQHandler
 .text.TIM2_IRQHandler
                0x08000ed0        0xc Core\Src\stm32f4xx_it.o
                0x08000ed0                TIM2_IRQHandler
 .text.TIM3_IRQHandler
                0x08000edc        0xc Core\Src\stm32f4xx_it.o
                0x08000edc                TIM3_IRQHandler
 .text.TIM4_IRQHandler
                0x08000ee8        0xc Core\Src\stm32f4xx_it.o
                0x08000ee8                TIM4_IRQHandler
 .text.DMA2_Stream0_IRQHandler
                0x08000ef4        0xc Core\Src\stm32f4xx_it.o
                0x08000ef4                DMA2_Stream0_IRQHandler
 .text.DMA2_Stream2_IRQHandler
                0x08000f00        0xc Core\Src\stm32f4xx_it.o
                0x08000f00                DMA2_Stream2_IRQHandler
 .text.ADC_IRQHandler
                0x08000f0c        0xc Core\Src\stm32f4xx_it.o
                0x08000f0c                ADC_IRQHandler
 .text.SystemInit
                0x08000f18       0x4c Core\Src\system_stm32f4xx.o
                0x08000f18                SystemInit
 .text.TCD1304_Task
                0x08000f64       0x54 Core\Src\tcd1304ap.o
                0x08000f64                TCD1304_Task
 .text.TCD1304_Init
                0x08000fb8       0x98 Core\Src\tcd1304ap.o
                0x08000fb8                TCD1304_Init
 .text.TCD1304_Start
                0x08001050       0x34 Core\Src\tcd1304ap.o
                0x08001050                TCD1304_Start
 .text.TCD1304_DataCallback
                0x08001084       0x38 Core\Src\tcd1304ap.o
                0x08001084                TCD1304_DataCallback
 .text.HAL_TIM_PWM_PulseFinishedCallback
                0x080010bc       0x4c Core\Src\tcd1304ap.o
                0x080010bc                HAL_TIM_PWM_PulseFinishedCallback
 .text.TCD1304_SampleTimerCallback
                0x08001108       0x74 Core\Src\tcd1304ap.o
                0x08001108                TCD1304_SampleTimerCallback
 .text.BSP_ADC_Init
                0x0800117c      0x14c Drivers\BSP\src\bsp_adc.o
                0x0800117c                BSP_ADC_Init
 .text.BSP_ADC_Start
                0x080012c8       0x44 Drivers\BSP\src\bsp_adc.o
                0x080012c8                BSP_ADC_Start
 .text.HAL_ADC_ConvCpltCallback
                0x0800130c        0x2 Drivers\BSP\src\bsp_adc.o
                0x0800130c                HAL_ADC_ConvCpltCallback
 *fill*         0x0800130e        0x2 
 .text.BSP_GetADCBuf1Value
                0x08001310        0x8 Drivers\BSP\src\bsp_adc.o
                0x08001310                BSP_GetADCBuf1Value
 .text.BSP_GetADCBuf2Value
                0x08001318        0x8 Drivers\BSP\src\bsp_adc.o
                0x08001318                BSP_GetADCBuf2Value
 .text.BSP_TIM2PWM_Init
                0x08001320       0x90 Drivers\BSP\src\bsp_timers.o
                0x08001320                BSP_TIM2PWM_Init
 .text.BSP_TIM4ADC_Init
                0x080013b0       0x48 Drivers\BSP\src\bsp_timers.o
                0x080013b0                BSP_TIM4ADC_Init
 .text.BSP_TIM4ADC_Start
                0x080013f8       0x20 Drivers\BSP\src\bsp_timers.o
                0x080013f8                BSP_TIM4ADC_Start
 .text.BSP_TIM4ADC_Stop
                0x08001418       0x20 Drivers\BSP\src\bsp_timers.o
                0x08001418                BSP_TIM4ADC_Stop
 .text.BSP_Usb_TxTask
                0x08001438       0x40 Drivers\BSP\src\bsp_usb.o
                0x08001438                BSP_Usb_TxTask
 .text.BSP_Usb_RxTask
                0x08001478       0x48 Drivers\BSP\src\bsp_usb.o
                0x08001478                BSP_Usb_RxTask
 .text.BSP_Usb_Init
                0x080014c0       0x84 Drivers\BSP\src\bsp_usb.o
                0x080014c0                BSP_Usb_Init
 .text.BSP_Usb_ReceiveCallback
                0x08001544       0x60 Drivers\BSP\src\bsp_usb.o
                0x08001544                BSP_Usb_ReceiveCallback
 .text.BSP_Usb_SendPackage
                0x080015a4       0x24 Drivers\BSP\src\bsp_usb.o
                0x080015a4                BSP_Usb_SendPackage
 .text.HAL_Init
                0x080015c8       0x34 Drivers\STM32F4xx_HAL_Driver\Src\stm32f4xx_hal.o
                0x080015c8                HAL_Init
 .text.HAL_IncTick
                0x080015fc       0x18 Drivers\STM32F4xx_HAL_Driver\Src\stm32f4xx_hal.o
                0x080015fc                HAL_IncTick
 .text.HAL_GetTick
                0x08001614        0xc Drivers\STM32F4xx_HAL_Driver\Src\stm32f4xx_hal.o
                0x08001614                HAL_GetTick
 .text.HAL_Delay
                0x08001620       0x28 Drivers\STM32F4xx_HAL_Driver\Src\stm32f4xx_hal.o
                0x08001620                HAL_Delay
 .text.HAL_ADC_Init
                0x08001648      0x148 Drivers\STM32F4xx_HAL_Driver\Src\stm32f4xx_hal_adc.o
                0x08001648                HAL_ADC_Init
 .text.HAL_ADC_Start_DMA
                0x08001790      0x100 Drivers\STM32F4xx_HAL_Driver\Src\stm32f4xx_hal_adc.o
                0x08001790                HAL_ADC_Start_DMA
 .text.ADC_DMAConvCplt
                0x08001890       0x60 Drivers\STM32F4xx_HAL_Driver\Src\stm32f4xx_hal_adc.o
 .text.HAL_ADC_ConvHalfCpltCallback
                0x080018f0        0x2 Drivers\STM32F4xx_HAL_Driver\Src\stm32f4xx_hal_adc.o
                0x080018f0                HAL_ADC_ConvHalfCpltCallback
 .text.ADC_DMAHalfConvCplt
                0x080018f2        0xa Drivers\STM32F4xx_HAL_Driver\Src\stm32f4xx_hal_adc.o
 .text.HAL_ADC_LevelOutOfWindowCallback
                0x080018fc        0x2 Drivers\STM32F4xx_HAL_Driver\Src\stm32f4xx_hal_adc.o
                0x080018fc                HAL_ADC_LevelOutOfWindowCallback
 .text.HAL_ADC_ErrorCallback
                0x080018fe        0x2 Drivers\STM32F4xx_HAL_Driver\Src\stm32f4xx_hal_adc.o
                0x080018fe                HAL_ADC_ErrorCallback
 .text.HAL_ADC_IRQHandler
                0x08001900      0x128 Drivers\STM32F4xx_HAL_Driver\Src\stm32f4xx_hal_adc.o
                0x08001900                HAL_ADC_IRQHandler
 .text.ADC_DMAError
                0x08001a28       0x16 Drivers\STM32F4xx_HAL_Driver\Src\stm32f4xx_hal_adc.o
 *fill*         0x08001a3e        0x2 
 .text.HAL_ADC_ConfigChannel
                0x08001a40      0x130 Drivers\STM32F4xx_HAL_Driver\Src\stm32f4xx_hal_adc.o
                0x08001a40                HAL_ADC_ConfigChannel
 .text.HAL_ADCEx_InjectedConvCpltCallback
                0x08001b70        0x2 Drivers\STM32F4xx_HAL_Driver\Src\stm32f4xx_hal_adc_ex.o
                0x08001b70                HAL_ADCEx_InjectedConvCpltCallback
 *fill*         0x08001b72        0x2 
 .text.HAL_NVIC_SetPriorityGrouping
                0x08001b74       0x24 Drivers\STM32F4xx_HAL_Driver\Src\stm32f4xx_hal_cortex.o
                0x08001b74                HAL_NVIC_SetPriorityGrouping
 .text.HAL_NVIC_SetPriority
                0x08001b98       0x68 Drivers\STM32F4xx_HAL_Driver\Src\stm32f4xx_hal_cortex.o
                0x08001b98                HAL_NVIC_SetPriority
 .text.HAL_NVIC_EnableIRQ
                0x08001c00       0x18 Drivers\STM32F4xx_HAL_Driver\Src\stm32f4xx_hal_cortex.o
                0x08001c00                HAL_NVIC_EnableIRQ
 .text.HAL_SYSTICK_Config
                0x08001c18       0x2c Drivers\STM32F4xx_HAL_Driver\Src\stm32f4xx_hal_cortex.o
                0x08001c18                HAL_SYSTICK_Config
 .text.HAL_SYSTICK_CLKSourceConfig
                0x08001c44       0x18 Drivers\STM32F4xx_HAL_Driver\Src\stm32f4xx_hal_cortex.o
                0x08001c44                HAL_SYSTICK_CLKSourceConfig
 .text.DMA_CalcBaseAndBitshift
                0x08001c5c       0x2c Drivers\STM32F4xx_HAL_Driver\Src\stm32f4xx_hal_dma.o
 .text.HAL_DMA_Init
                0x08001c88       0xfc Drivers\STM32F4xx_HAL_Driver\Src\stm32f4xx_hal_dma.o
                0x08001c88                HAL_DMA_Init
 .text.HAL_DMA_Start_IT
                0x08001d84       0x7c Drivers\STM32F4xx_HAL_Driver\Src\stm32f4xx_hal_dma.o
                0x08001d84                HAL_DMA_Start_IT
 .text.HAL_DMA_IRQHandler
                0x08001e00      0x174 Drivers\STM32F4xx_HAL_Driver\Src\stm32f4xx_hal_dma.o
                0x08001e00                HAL_DMA_IRQHandler
 .text.HAL_GPIO_Init
                0x08001f74      0x1d8 Drivers\STM32F4xx_HAL_Driver\Src\stm32f4xx_hal_gpio.o
                0x08001f74                HAL_GPIO_Init
 .text.HAL_GPIO_WritePin
                0x0800214c        0xa Drivers\STM32F4xx_HAL_Driver\Src\stm32f4xx_hal_gpio.o
                0x0800214c                HAL_GPIO_WritePin
 .text.HAL_PCD_Init
                0x08002156       0xd8 Drivers\STM32F4xx_HAL_Driver\Src\stm32f4xx_hal_pcd.o
                0x08002156                HAL_PCD_Init
 .text.HAL_PCD_Start
                0x0800222e       0x2a Drivers\STM32F4xx_HAL_Driver\Src\stm32f4xx_hal_pcd.o
                0x0800222e                HAL_PCD_Start
 .text.HAL_PCD_IRQHandler
                0x08002258      0x558 Drivers\STM32F4xx_HAL_Driver\Src\stm32f4xx_hal_pcd.o
                0x08002258                HAL_PCD_IRQHandler
 .text.HAL_PCD_SetAddress
                0x080027b0       0x24 Drivers\STM32F4xx_HAL_Driver\Src\stm32f4xx_hal_pcd.o
                0x080027b0                HAL_PCD_SetAddress
 .text.HAL_PCD_EP_Open
                0x080027d4       0x5c Drivers\STM32F4xx_HAL_Driver\Src\stm32f4xx_hal_pcd.o
                0x080027d4                HAL_PCD_EP_Open
 .text.HAL_PCD_EP_Close
                0x08002830       0x46 Drivers\STM32F4xx_HAL_Driver\Src\stm32f4xx_hal_pcd.o
                0x08002830                HAL_PCD_EP_Close
 .text.HAL_PCD_EP_Receive
                0x08002876       0x48 Drivers\STM32F4xx_HAL_Driver\Src\stm32f4xx_hal_pcd.o
                0x08002876                HAL_PCD_EP_Receive
 .text.HAL_PCD_EP_GetRxCount
                0x080028be       0x10 Drivers\STM32F4xx_HAL_Driver\Src\stm32f4xx_hal_pcd.o
                0x080028be                HAL_PCD_EP_GetRxCount
 .text.HAL_PCD_EP_Transmit
                0x080028ce       0x40 Drivers\STM32F4xx_HAL_Driver\Src\stm32f4xx_hal_pcd.o
                0x080028ce                HAL_PCD_EP_Transmit
 .text.HAL_PCD_EP_SetStall
                0x0800290e       0x58 Drivers\STM32F4xx_HAL_Driver\Src\stm32f4xx_hal_pcd.o
                0x0800290e                HAL_PCD_EP_SetStall
 .text.HAL_PCD_EP_ClrStall
                0x08002966       0x4a Drivers\STM32F4xx_HAL_Driver\Src\stm32f4xx_hal_pcd.o
                0x08002966                HAL_PCD_EP_ClrStall
 .text.HAL_PCDEx_SetTxFiFo
                0x080029b0       0x42 Drivers\STM32F4xx_HAL_Driver\Src\stm32f4xx_hal_pcd_ex.o
                0x080029b0                HAL_PCDEx_SetTxFiFo
 .text.HAL_PCDEx_SetRxFiFo
                0x080029f2        0x8 Drivers\STM32F4xx_HAL_Driver\Src\stm32f4xx_hal_pcd_ex.o
                0x080029f2                HAL_PCDEx_SetRxFiFo
 *fill*         0x080029fa        0x2 
 .text.HAL_RCC_OscConfig
                0x080029fc      0x304 Drivers\STM32F4xx_HAL_Driver\Src\stm32f4xx_hal_rcc.o
                0x080029fc                HAL_RCC_OscConfig
 .text.HAL_RCC_MCOConfig
                0x08002d00       0x98 Drivers\STM32F4xx_HAL_Driver\Src\stm32f4xx_hal_rcc.o
                0x08002d00                HAL_RCC_MCOConfig
 .text.HAL_RCC_GetSysClockFreq
                0x08002d98       0x5c Drivers\STM32F4xx_HAL_Driver\Src\stm32f4xx_hal_rcc.o
                0x08002d98                HAL_RCC_GetSysClockFreq
 .text.HAL_RCC_ClockConfig
                0x08002df4      0x134 Drivers\STM32F4xx_HAL_Driver\Src\stm32f4xx_hal_rcc.o
                0x08002df4                HAL_RCC_ClockConfig
 .text.HAL_RCC_GetHCLKFreq
                0x08002f28        0xc Drivers\STM32F4xx_HAL_Driver\Src\stm32f4xx_hal_rcc.o
                0x08002f28                HAL_RCC_GetHCLKFreq
 .text.HAL_RCC_GetPCLK2Freq
                0x08002f34       0x20 Drivers\STM32F4xx_HAL_Driver\Src\stm32f4xx_hal_rcc.o
                0x08002f34                HAL_RCC_GetPCLK2Freq
 .text.HAL_RCC_GetClockConfig
                0x08002f54       0x3c Drivers\STM32F4xx_HAL_Driver\Src\stm32f4xx_hal_rcc.o
                0x08002f54                HAL_RCC_GetClockConfig
 .text.TIM_OC1_SetConfig
                0x08002f90       0x58 Drivers\STM32F4xx_HAL_Driver\Src\stm32f4xx_hal_tim.o
 .text.TIM_OC3_SetConfig
                0x08002fe8       0x60 Drivers\STM32F4xx_HAL_Driver\Src\stm32f4xx_hal_tim.o
 .text.TIM_OC4_SetConfig
                0x08003048       0x50 Drivers\STM32F4xx_HAL_Driver\Src\stm32f4xx_hal_tim.o
 .text.HAL_TIM_Base_Start_IT
                0x08003098       0x16 Drivers\STM32F4xx_HAL_Driver\Src\stm32f4xx_hal_tim.o
                0x08003098                HAL_TIM_Base_Start_IT
 .text.HAL_TIM_Base_Stop_IT
                0x080030ae       0x2a Drivers\STM32F4xx_HAL_Driver\Src\stm32f4xx_hal_tim.o
                0x080030ae                HAL_TIM_Base_Stop_IT
 .text.HAL_TIM_OC_DelayElapsedCallback
                0x080030d8        0x2 Drivers\STM32F4xx_HAL_Driver\Src\stm32f4xx_hal_tim.o
                0x080030d8                HAL_TIM_OC_DelayElapsedCallback
 .text.HAL_TIM_IC_CaptureCallback
                0x080030da        0x2 Drivers\STM32F4xx_HAL_Driver\Src\stm32f4xx_hal_tim.o
                0x080030da                HAL_TIM_IC_CaptureCallback
 .text.HAL_TIM_TriggerCallback
                0x080030dc        0x2 Drivers\STM32F4xx_HAL_Driver\Src\stm32f4xx_hal_tim.o
                0x080030dc                HAL_TIM_TriggerCallback
 .text.HAL_TIM_IRQHandler
                0x080030de      0x144 Drivers\STM32F4xx_HAL_Driver\Src\stm32f4xx_hal_tim.o
                0x080030de                HAL_TIM_IRQHandler
 *fill*         0x08003222        0x2 
 .text.TIM_Base_SetConfig
                0x08003224       0xc8 Drivers\STM32F4xx_HAL_Driver\Src\stm32f4xx_hal_tim.o
                0x08003224                TIM_Base_SetConfig
 .text.HAL_TIM_Base_Init
                0x080032ec       0x34 Drivers\STM32F4xx_HAL_Driver\Src\stm32f4xx_hal_tim.o
                0x080032ec                HAL_TIM_Base_Init
 .text.HAL_TIM_PWM_Init
                0x08003320       0x34 Drivers\STM32F4xx_HAL_Driver\Src\stm32f4xx_hal_tim.o
                0x08003320                HAL_TIM_PWM_Init
 .text.TIM_OC2_SetConfig
                0x08003354       0x60 Drivers\STM32F4xx_HAL_Driver\Src\stm32f4xx_hal_tim.o
                0x08003354                TIM_OC2_SetConfig
 .text.HAL_TIM_PWM_ConfigChannel
                0x080033b4       0xc4 Drivers\STM32F4xx_HAL_Driver\Src\stm32f4xx_hal_tim.o
                0x080033b4                HAL_TIM_PWM_ConfigChannel
 .text.TIM_CCxChannelCmd
                0x08003478       0x18 Drivers\STM32F4xx_HAL_Driver\Src\stm32f4xx_hal_tim.o
                0x08003478                TIM_CCxChannelCmd
 .text.HAL_TIM_PWM_Start_IT
                0x08003490       0x74 Drivers\STM32F4xx_HAL_Driver\Src\stm32f4xx_hal_tim.o
                0x08003490                HAL_TIM_PWM_Start_IT
 .text.HAL_TIMEx_CommutationCallback
                0x08003504        0x2 Drivers\STM32F4xx_HAL_Driver\Src\stm32f4xx_hal_tim_ex.o
                0x08003504                HAL_TIMEx_CommutationCallback
 .text.HAL_TIMEx_BreakCallback
                0x08003506        0x2 Drivers\STM32F4xx_HAL_Driver\Src\stm32f4xx_hal_tim_ex.o
                0x08003506                HAL_TIMEx_BreakCallback
 .text.USB_CoreInit
                0x08003508       0x74 Drivers\STM32F4xx_HAL_Driver\Src\stm32f4xx_ll_usb.o
                0x08003508                USB_CoreInit
 .text.USB_EnableGlobalInt
                0x0800357c        0xc Drivers\STM32F4xx_HAL_Driver\Src\stm32f4xx_ll_usb.o
                0x0800357c                USB_EnableGlobalInt
 .text.USB_DisableGlobalInt
                0x08003588        0xc Drivers\STM32F4xx_HAL_Driver\Src\stm32f4xx_ll_usb.o
                0x08003588                USB_DisableGlobalInt
 .text.USB_SetCurrentMode
                0x08003594       0x2e Drivers\STM32F4xx_HAL_Driver\Src\stm32f4xx_ll_usb.o
                0x08003594                USB_SetCurrentMode
 *fill*         0x080035c2        0x2 
 .text.USB_DevInit
                0x080035c4      0x138 Drivers\STM32F4xx_HAL_Driver\Src\stm32f4xx_ll_usb.o
                0x080035c4                USB_DevInit
 .text.USB_FlushTxFifo
                0x080036fc       0x24 Drivers\STM32F4xx_HAL_Driver\Src\stm32f4xx_ll_usb.o
                0x080036fc                USB_FlushTxFifo
 .text.USB_FlushRxFifo
                0x08003720       0x20 Drivers\STM32F4xx_HAL_Driver\Src\stm32f4xx_ll_usb.o
                0x08003720                USB_FlushRxFifo
 .text.USB_SetDevSpeed
                0x08003740        0xe Drivers\STM32F4xx_HAL_Driver\Src\stm32f4xx_ll_usb.o
                0x08003740                USB_SetDevSpeed
 .text.USB_GetDevSpeed
                0x0800374e       0x36 Drivers\STM32F4xx_HAL_Driver\Src\stm32f4xx_ll_usb.o
                0x0800374e                USB_GetDevSpeed
 .text.USB_ActivateEndpoint
                0x08003784       0x7e Drivers\STM32F4xx_HAL_Driver\Src\stm32f4xx_ll_usb.o
                0x08003784                USB_ActivateEndpoint
 .text.USB_DeactivateEndpoint
                0x08003802        0x4 Drivers\STM32F4xx_HAL_Driver\Src\stm32f4xx_ll_usb.o
                0x08003802                USB_DeactivateEndpoint
 *fill*         0x08003806        0x2 
 .text.USB_DeactivateDedicatedEndpoint
                0x08003808       0xb0 Drivers\STM32F4xx_HAL_Driver\Src\stm32f4xx_ll_usb.o
                0x08003808                USB_DeactivateDedicatedEndpoint
 .text.USB_EPStartXfer
                0x080038b8      0x18c Drivers\STM32F4xx_HAL_Driver\Src\stm32f4xx_ll_usb.o
                0x080038b8                USB_EPStartXfer
 .text.USB_EP0StartXfer
                0x08003a44       0xda Drivers\STM32F4xx_HAL_Driver\Src\stm32f4xx_ll_usb.o
                0x08003a44                USB_EP0StartXfer
 .text.USB_WritePacket
                0x08003b1e       0x28 Drivers\STM32F4xx_HAL_Driver\Src\stm32f4xx_ll_usb.o
                0x08003b1e                USB_WritePacket
 .text.USB_ReadPacket
                0x08003b46       0x1c Drivers\STM32F4xx_HAL_Driver\Src\stm32f4xx_ll_usb.o
                0x08003b46                USB_ReadPacket
 .text.USB_EPSetStall
                0x08003b62       0x3e Drivers\STM32F4xx_HAL_Driver\Src\stm32f4xx_ll_usb.o
                0x08003b62                USB_EPSetStall
 .text.USB_EPClearStall
                0x08003ba0       0x32 Drivers\STM32F4xx_HAL_Driver\Src\stm32f4xx_ll_usb.o
                0x08003ba0                USB_EPClearStall
 .text.USB_SetDevAddress
                0x08003bd2       0x20 Drivers\STM32F4xx_HAL_Driver\Src\stm32f4xx_ll_usb.o
                0x08003bd2                USB_SetDevAddress
 .text.USB_DevConnect
                0x08003bf2       0x18 Drivers\STM32F4xx_HAL_Driver\Src\stm32f4xx_ll_usb.o
                0x08003bf2                USB_DevConnect
 .text.USB_DevDisconnect
                0x08003c0a       0x18 Drivers\STM32F4xx_HAL_Driver\Src\stm32f4xx_ll_usb.o
                0x08003c0a                USB_DevDisconnect
 .text.USB_ReadInterrupts
                0x08003c22        0x8 Drivers\STM32F4xx_HAL_Driver\Src\stm32f4xx_ll_usb.o
                0x08003c22                USB_ReadInterrupts
 .text.USB_ReadDevAllOutEpInterrupt
                0x08003c2a       0x10 Drivers\STM32F4xx_HAL_Driver\Src\stm32f4xx_ll_usb.o
                0x08003c2a                USB_ReadDevAllOutEpInterrupt
 .text.USB_ReadDevAllInEpInterrupt
                0x08003c3a       0x10 Drivers\STM32F4xx_HAL_Driver\Src\stm32f4xx_ll_usb.o
                0x08003c3a                USB_ReadDevAllInEpInterrupt
 .text.USB_ReadDevOutEPInterrupt
                0x08003c4a       0x14 Drivers\STM32F4xx_HAL_Driver\Src\stm32f4xx_ll_usb.o
                0x08003c4a                USB_ReadDevOutEPInterrupt
 .text.USB_ReadDevInEPInterrupt
                0x08003c5e       0x20 Drivers\STM32F4xx_HAL_Driver\Src\stm32f4xx_ll_usb.o
                0x08003c5e                USB_ReadDevInEPInterrupt
 .text.USB_GetMode
                0x08003c7e        0x8 Drivers\STM32F4xx_HAL_Driver\Src\stm32f4xx_ll_usb.o
                0x08003c7e                USB_GetMode
 .text.USB_ActivateSetup
                0x08003c86       0x36 Drivers\STM32F4xx_HAL_Driver\Src\stm32f4xx_ll_usb.o
                0x08003c86                USB_ActivateSetup
 .text.USB_EP0_OutStart
                0x08003cbc       0x46 Drivers\STM32F4xx_HAL_Driver\Src\stm32f4xx_ll_usb.o
                0x08003cbc                USB_EP0_OutStart
 *fill*         0x08003d02        0x2 
 .text.USB_CoreReset
                0x08003d04       0x30 Drivers\STM32F4xx_HAL_Driver\Src\stm32f4xx_ll_usb.o
 .text.USBD_CDC_DataIn
                0x08003d34       0x12 Middlewares\ST\STM32_USB_Device_Library\Class\CDC\Src\usbd_cdc.o
 .text.USBD_CDC_EP0_RxReady
                0x08003d46       0x28 Middlewares\ST\STM32_USB_Device_Library\Class\CDC\Src\usbd_cdc.o
 *fill*         0x08003d6e        0x2 
 .text.USBD_CDC_GetFSCfgDesc
                0x08003d70        0xc Middlewares\ST\STM32_USB_Device_Library\Class\CDC\Src\usbd_cdc.o
 .text.USBD_CDC_GetHSCfgDesc
                0x08003d7c        0xc Middlewares\ST\STM32_USB_Device_Library\Class\CDC\Src\usbd_cdc.o
 .text.USBD_CDC_GetOtherSpeedCfgDesc
                0x08003d88        0xc Middlewares\ST\STM32_USB_Device_Library\Class\CDC\Src\usbd_cdc.o
 .text.USBD_CDC_GetDeviceQualifierDescriptor
                0x08003d94        0xc Middlewares\ST\STM32_USB_Device_Library\Class\CDC\Src\usbd_cdc.o
                0x08003d94                USBD_CDC_GetDeviceQualifierDescriptor
 .text.USBD_CDC_DataOut
                0x08003da0       0x2e Middlewares\ST\STM32_USB_Device_Library\Class\CDC\Src\usbd_cdc.o
 *fill*         0x08003dce        0x2 
 .text.USBD_CDC_Setup
                0x08003dd0       0x68 Middlewares\ST\STM32_USB_Device_Library\Class\CDC\Src\usbd_cdc.o
 .text.USBD_CDC_DeInit
                0x08003e38       0x3a Middlewares\ST\STM32_USB_Device_Library\Class\CDC\Src\usbd_cdc.o
 .text.USBD_CDC_Init
                0x08003e72       0x8c Middlewares\ST\STM32_USB_Device_Library\Class\CDC\Src\usbd_cdc.o
 .text.USBD_CDC_RegisterInterface
                0x08003efe        0xe Middlewares\ST\STM32_USB_Device_Library\Class\CDC\Src\usbd_cdc.o
                0x08003efe                USBD_CDC_RegisterInterface
 .text.USBD_CDC_SetTxBuffer
                0x08003f0c       0x10 Middlewares\ST\STM32_USB_Device_Library\Class\CDC\Src\usbd_cdc.o
                0x08003f0c                USBD_CDC_SetTxBuffer
 .text.USBD_CDC_SetRxBuffer
                0x08003f1c        0xc Middlewares\ST\STM32_USB_Device_Library\Class\CDC\Src\usbd_cdc.o
                0x08003f1c                USBD_CDC_SetRxBuffer
 .text.USBD_CDC_TransmitPacket
                0x08003f28       0x2e Middlewares\ST\STM32_USB_Device_Library\Class\CDC\Src\usbd_cdc.o
                0x08003f28                USBD_CDC_TransmitPacket
 .text.USBD_CDC_ReceivePacket
                0x08003f56       0x26 Middlewares\ST\STM32_USB_Device_Library\Class\CDC\Src\usbd_cdc.o
                0x08003f56                USBD_CDC_ReceivePacket
 .text.MX_USB_DEVICE_Init
                0x08003f7c       0x38 Middlewares\ST\STM32_USB_Device_Library\Core\Src\usb_device.o
                0x08003f7c                MX_USB_DEVICE_Init
 .text.CDC_DeInit_FS
                0x08003fb4        0x4 Middlewares\ST\STM32_USB_Device_Library\Core\Src\usbd_cdc_if.o
 .text.CDC_Control_FS
                0x08003fb8        0x4 Middlewares\ST\STM32_USB_Device_Library\Core\Src\usbd_cdc_if.o
 .text.CDC_Receive_FS
                0x08003fbc       0x28 Middlewares\ST\STM32_USB_Device_Library\Core\Src\usbd_cdc_if.o
 .text.CDC_Init_FS
                0x08003fe4       0x28 Middlewares\ST\STM32_USB_Device_Library\Core\Src\usbd_cdc_if.o
 .text.CDC_Transmit_FS
                0x0800400c       0x2c Middlewares\ST\STM32_USB_Device_Library\Core\Src\usbd_cdc_if.o
                0x0800400c                CDC_Transmit_FS
 .text.HAL_PCD_MspInit
                0x08004038       0x64 Middlewares\ST\STM32_USB_Device_Library\Core\Src\usbd_conf.o
                0x08004038                HAL_PCD_MspInit
 .text.HAL_PCD_SetupStageCallback
                0x0800409c        0xc Middlewares\ST\STM32_USB_Device_Library\Core\Src\usbd_conf.o
                0x0800409c                HAL_PCD_SetupStageCallback
 .text.HAL_PCD_DataOutStageCallback
                0x080040a8       0x12 Middlewares\ST\STM32_USB_Device_Library\Core\Src\usbd_conf.o
                0x080040a8                HAL_PCD_DataOutStageCallback
 .text.HAL_PCD_DataInStageCallback
                0x080040ba       0x10 Middlewares\ST\STM32_USB_Device_Library\Core\Src\usbd_conf.o
                0x080040ba                HAL_PCD_DataInStageCallback
 .text.HAL_PCD_SOFCallback
                0x080040ca        0x8 Middlewares\ST\STM32_USB_Device_Library\Core\Src\usbd_conf.o
                0x080040ca                HAL_PCD_SOFCallback
 .text.HAL_PCD_ResetCallback
                0x080040d2       0x20 Middlewares\ST\STM32_USB_Device_Library\Core\Src\usbd_conf.o
                0x080040d2                HAL_PCD_ResetCallback
 *fill*         0x080040f2        0x2 
 .text.HAL_PCD_SuspendCallback
                0x080040f4       0x30 Middlewares\ST\STM32_USB_Device_Library\Core\Src\usbd_conf.o
                0x080040f4                HAL_PCD_SuspendCallback
 .text.HAL_PCD_ResumeCallback
                0x08004124        0x8 Middlewares\ST\STM32_USB_Device_Library\Core\Src\usbd_conf.o
                0x08004124                HAL_PCD_ResumeCallback
 .text.HAL_PCD_ISOOUTIncompleteCallback
                0x0800412c        0x8 Middlewares\ST\STM32_USB_Device_Library\Core\Src\usbd_conf.o
                0x0800412c                HAL_PCD_ISOOUTIncompleteCallback
 .text.HAL_PCD_ISOINIncompleteCallback
                0x08004134        0x8 Middlewares\ST\STM32_USB_Device_Library\Core\Src\usbd_conf.o
                0x08004134                HAL_PCD_ISOINIncompleteCallback
 .text.HAL_PCD_ConnectCallback
                0x0800413c        0x8 Middlewares\ST\STM32_USB_Device_Library\Core\Src\usbd_conf.o
                0x0800413c                HAL_PCD_ConnectCallback
 .text.HAL_PCD_DisconnectCallback
                0x08004144        0x8 Middlewares\ST\STM32_USB_Device_Library\Core\Src\usbd_conf.o
                0x08004144                HAL_PCD_DisconnectCallback
 .text.USBD_LL_Init
                0x0800414c       0x68 Middlewares\ST\STM32_USB_Device_Library\Core\Src\usbd_conf.o
                0x0800414c                USBD_LL_Init
 .text.USBD_LL_Start
                0x080041b4       0x1c Middlewares\ST\STM32_USB_Device_Library\Core\Src\usbd_conf.o
                0x080041b4                USBD_LL_Start
 .text.USBD_LL_OpenEP
                0x080041d0       0x20 Middlewares\ST\STM32_USB_Device_Library\Core\Src\usbd_conf.o
                0x080041d0                USBD_LL_OpenEP
 .text.USBD_LL_CloseEP
                0x080041f0       0x1c Middlewares\ST\STM32_USB_Device_Library\Core\Src\usbd_conf.o
                0x080041f0                USBD_LL_CloseEP
 .text.USBD_LL_StallEP
                0x0800420c       0x1c Middlewares\ST\STM32_USB_Device_Library\Core\Src\usbd_conf.o
                0x0800420c                USBD_LL_StallEP
 .text.USBD_LL_ClearStallEP
                0x08004228       0x1c Middlewares\ST\STM32_USB_Device_Library\Core\Src\usbd_conf.o
                0x08004228                USBD_LL_ClearStallEP
 .text.USBD_LL_IsStallEP
                0x08004244       0x26 Middlewares\ST\STM32_USB_Device_Library\Core\Src\usbd_conf.o
                0x08004244                USBD_LL_IsStallEP
 *fill*         0x0800426a        0x2 
 .text.USBD_LL_SetUSBAddress
                0x0800426c       0x1c Middlewares\ST\STM32_USB_Device_Library\Core\Src\usbd_conf.o
                0x0800426c                USBD_LL_SetUSBAddress
 .text.USBD_LL_Transmit
                0x08004288       0x1c Middlewares\ST\STM32_USB_Device_Library\Core\Src\usbd_conf.o
                0x08004288                USBD_LL_Transmit
 .text.USBD_LL_PrepareReceive
                0x080042a4       0x1c Middlewares\ST\STM32_USB_Device_Library\Core\Src\usbd_conf.o
                0x080042a4                USBD_LL_PrepareReceive
 .text.USBD_LL_GetRxDataSize
                0x080042c0        0xc Middlewares\ST\STM32_USB_Device_Library\Core\Src\usbd_conf.o
                0x080042c0                USBD_LL_GetRxDataSize
 .text.USBD_Init
                0x080042cc       0x2a Middlewares\ST\STM32_USB_Device_Library\Core\Src\usbd_core.o
                0x080042cc                USBD_Init
 .text.USBD_RegisterClass
                0x080042f6        0xe Middlewares\ST\STM32_USB_Device_Library\Core\Src\usbd_core.o
                0x080042f6                USBD_RegisterClass
 .text.USBD_Start
                0x08004304        0xa Middlewares\ST\STM32_USB_Device_Library\Core\Src\usbd_core.o
                0x08004304                USBD_Start
 .text.USBD_SetClassConfig
                0x0800430e       0x16 Middlewares\ST\STM32_USB_Device_Library\Core\Src\usbd_core.o
                0x0800430e                USBD_SetClassConfig
 .text.USBD_ClrClassConfig
                0x08004324        0xe Middlewares\ST\STM32_USB_Device_Library\Core\Src\usbd_core.o
                0x08004324                USBD_ClrClassConfig
 .text.USBD_LL_SetupStage
                0x08004332       0x5a Middlewares\ST\STM32_USB_Device_Library\Core\Src\usbd_core.o
                0x08004332                USBD_LL_SetupStage
 .text.USBD_LL_DataOutStage
                0x0800438c       0x64 Middlewares\ST\STM32_USB_Device_Library\Core\Src\usbd_core.o
                0x0800438c                USBD_LL_DataOutStage
 .text.USBD_LL_DataInStage
                0x080043f0       0x9e Middlewares\ST\STM32_USB_Device_Library\Core\Src\usbd_core.o
                0x080043f0                USBD_LL_DataInStage
 .text.USBD_LL_Reset
                0x0800448e       0x3e Middlewares\ST\STM32_USB_Device_Library\Core\Src\usbd_core.o
                0x0800448e                USBD_LL_Reset
 .text.USBD_LL_SetSpeed
                0x080044cc        0x6 Middlewares\ST\STM32_USB_Device_Library\Core\Src\usbd_core.o
                0x080044cc                USBD_LL_SetSpeed
 .text.USBD_LL_Suspend
                0x080044d2       0x12 Middlewares\ST\STM32_USB_Device_Library\Core\Src\usbd_core.o
                0x080044d2                USBD_LL_Suspend
 .text.USBD_LL_Resume
                0x080044e4        0xc Middlewares\ST\STM32_USB_Device_Library\Core\Src\usbd_core.o
                0x080044e4                USBD_LL_Resume
 .text.USBD_LL_SOF
                0x080044f0       0x18 Middlewares\ST\STM32_USB_Device_Library\Core\Src\usbd_core.o
                0x080044f0                USBD_LL_SOF
 .text.USBD_LL_IsoINIncomplete
                0x08004508        0x4 Middlewares\ST\STM32_USB_Device_Library\Core\Src\usbd_core.o
                0x08004508                USBD_LL_IsoINIncomplete
 .text.USBD_LL_IsoOUTIncomplete
                0x0800450c        0x4 Middlewares\ST\STM32_USB_Device_Library\Core\Src\usbd_core.o
                0x0800450c                USBD_LL_IsoOUTIncomplete
 .text.USBD_LL_DevConnected
                0x08004510        0x4 Middlewares\ST\STM32_USB_Device_Library\Core\Src\usbd_core.o
                0x08004510                USBD_LL_DevConnected
 .text.USBD_LL_DevDisconnected
                0x08004514       0x16 Middlewares\ST\STM32_USB_Device_Library\Core\Src\usbd_core.o
                0x08004514                USBD_LL_DevDisconnected
 .text.USBD_CtlError.constprop.0
                0x0800452a       0x16 Middlewares\ST\STM32_USB_Device_Library\Core\Src\usbd_ctlreq.o
 .text.USBD_StdDevReq
                0x08004540      0x1f4 Middlewares\ST\STM32_USB_Device_Library\Core\Src\usbd_ctlreq.o
                0x08004540                USBD_StdDevReq
 .text.USBD_StdItfReq
                0x08004734       0x30 Middlewares\ST\STM32_USB_Device_Library\Core\Src\usbd_ctlreq.o
                0x08004734                USBD_StdItfReq
 .text.USBD_StdEPReq
                0x08004764       0xc6 Middlewares\ST\STM32_USB_Device_Library\Core\Src\usbd_ctlreq.o
                0x08004764                USBD_StdEPReq
 .text.USBD_ParseSetupRequest
                0x0800482a       0x28 Middlewares\ST\STM32_USB_Device_Library\Core\Src\usbd_ctlreq.o
                0x0800482a                USBD_ParseSetupRequest
 .text.USBD_GetString
                0x08004852       0x38 Middlewares\ST\STM32_USB_Device_Library\Core\Src\usbd_ctlreq.o
                0x08004852                USBD_GetString
 *fill*         0x0800488a        0x2 
 .text.USBD_FS_DeviceDescriptor
                0x0800488c        0xc Middlewares\ST\STM32_USB_Device_Library\Core\Src\usbd_desc.o
                0x0800488c                USBD_FS_DeviceDescriptor
 .text.USBD_FS_LangIDStrDescriptor
                0x08004898        0xc Middlewares\ST\STM32_USB_Device_Library\Core\Src\usbd_desc.o
                0x08004898                USBD_FS_LangIDStrDescriptor
 .text.USBD_FS_ManufacturerStrDescriptor
                0x080048a4       0x1c Middlewares\ST\STM32_USB_Device_Library\Core\Src\usbd_desc.o
                0x080048a4                USBD_FS_ManufacturerStrDescriptor
 .text.USBD_FS_ProductStrDescriptor
                0x080048c0       0x1c Middlewares\ST\STM32_USB_Device_Library\Core\Src\usbd_desc.o
                0x080048c0                USBD_FS_ProductStrDescriptor
 .text.USBD_FS_SerialStrDescriptor
                0x080048dc       0x1c Middlewares\ST\STM32_USB_Device_Library\Core\Src\usbd_desc.o
                0x080048dc                USBD_FS_SerialStrDescriptor
 .text.USBD_FS_ConfigStrDescriptor
                0x080048f8       0x1c Middlewares\ST\STM32_USB_Device_Library\Core\Src\usbd_desc.o
                0x080048f8                USBD_FS_ConfigStrDescriptor
 .text.USBD_FS_InterfaceStrDescriptor
                0x08004914       0x1c Middlewares\ST\STM32_USB_Device_Library\Core\Src\usbd_desc.o
                0x08004914                USBD_FS_InterfaceStrDescriptor
 .text.USBD_CtlSendData
                0x08004930       0x1a Middlewares\ST\STM32_USB_Device_Library\Core\Src\usbd_ioreq.o
                0x08004930                USBD_CtlSendData
 .text.USBD_CtlContinueSendData
                0x0800494a       0x10 Middlewares\ST\STM32_USB_Device_Library\Core\Src\usbd_ioreq.o
                0x0800494a                USBD_CtlContinueSendData
 .text.USBD_CtlPrepareRx
                0x0800495a       0x1e Middlewares\ST\STM32_USB_Device_Library\Core\Src\usbd_ioreq.o
                0x0800495a                USBD_CtlPrepareRx
 .text.USBD_CtlContinueRx
                0x08004978       0x10 Middlewares\ST\STM32_USB_Device_Library\Core\Src\usbd_ioreq.o
                0x08004978                USBD_CtlContinueRx
 .text.USBD_CtlSendStatus
                0x08004988       0x16 Middlewares\ST\STM32_USB_Device_Library\Core\Src\usbd_ioreq.o
                0x08004988                USBD_CtlSendStatus
 .text.USBD_CtlReceiveStatus
                0x0800499e       0x16 Middlewares\ST\STM32_USB_Device_Library\Core\Src\usbd_ioreq.o
                0x0800499e                USBD_CtlReceiveStatus
 .text.osKernelStart
                0x080049b4        0xa Middlewares\Third_Party\FreeRTOS\Source\CMSIS_RTOS\cmsis_os.o
                0x080049b4                osKernelStart
 .text.osThreadCreate
                0x080049be       0x30 Middlewares\Third_Party\FreeRTOS\Source\CMSIS_RTOS\cmsis_os.o
                0x080049be                osThreadCreate
 .text.osDelay  0x080049ee       0x10 Middlewares\Third_Party\FreeRTOS\Source\CMSIS_RTOS\cmsis_os.o
                0x080049ee                osDelay
 .text.osSystickHandler
                0x080049fe       0x14 Middlewares\Third_Party\FreeRTOS\Source\CMSIS_RTOS\cmsis_os.o
                0x080049fe                osSystickHandler
 .text.vListInitialise
                0x08004a12       0x16 Middlewares\Third_Party\FreeRTOS\Source\list.o
                0x08004a12                vListInitialise
 .text.vListInitialiseItem
                0x08004a28        0x6 Middlewares\Third_Party\FreeRTOS\Source\list.o
                0x08004a28                vListInitialiseItem
 .text.vListInsertEnd
                0x08004a2e       0x18 Middlewares\Third_Party\FreeRTOS\Source\list.o
                0x08004a2e                vListInsertEnd
 .text.vListInsert
                0x08004a46       0x2e Middlewares\Third_Party\FreeRTOS\Source\list.o
                0x08004a46                vListInsert
 .text.uxListRemove
                0x08004a74       0x20 Middlewares\Third_Party\FreeRTOS\Source\list.o
                0x08004a74                uxListRemove
 .text.unlikely.prvInsertBlockIntoFreeList
                0x08004a94       0x48 Middlewares\Third_Party\FreeRTOS\Source\portable\MemMang\heap_4.o
 .text.pvPortMalloc
                0x08004adc      0x11c Middlewares\Third_Party\FreeRTOS\Source\portable\MemMang\heap_4.o
                0x08004adc                pvPortMalloc
 .text.vPortFree
                0x08004bf8       0x70 Middlewares\Third_Party\FreeRTOS\Source\portable\MemMang\heap_4.o
                0x08004bf8                vPortFree
 .text.prvTaskExitError
                0x08004c68       0x30 Middlewares\Third_Party\FreeRTOS\Source\portable\RVDS\ARM_CM4F\port.o
 .text.prvPortStartFirstTask
                0x08004c98       0x20 Middlewares\Third_Party\FreeRTOS\Source\portable\RVDS\ARM_CM4F\port.o
 .text.vPortEnableVFP
                0x08004cb8       0x14 Middlewares\Third_Party\FreeRTOS\Source\portable\RVDS\ARM_CM4F\port.o
 .text.pxPortInitialiseStack
                0x08004ccc       0x2c Middlewares\Third_Party\FreeRTOS\Source\portable\RVDS\ARM_CM4F\port.o
                0x08004ccc                pxPortInitialiseStack
 *fill*         0x08004cf8        0x8 
 .text.SVC_Handler
                0x08004d00       0x24 Middlewares\Third_Party\FreeRTOS\Source\portable\RVDS\ARM_CM4F\port.o
                0x08004d00                SVC_Handler
 .text.vPortEnterCritical
                0x08004d24       0x44 Middlewares\Third_Party\FreeRTOS\Source\portable\RVDS\ARM_CM4F\port.o
                0x08004d24                vPortEnterCritical
 .text.vPortExitCritical
                0x08004d68       0x28 Middlewares\Third_Party\FreeRTOS\Source\portable\RVDS\ARM_CM4F\port.o
                0x08004d68                vPortExitCritical
 .text.PendSV_Handler
                0x08004d90       0x64 Middlewares\Third_Party\FreeRTOS\Source\portable\RVDS\ARM_CM4F\port.o
                0x08004d90                PendSV_Handler
 .text.xPortSysTickHandler
                0x08004df4       0x2c Middlewares\Third_Party\FreeRTOS\Source\portable\RVDS\ARM_CM4F\port.o
                0x08004df4                xPortSysTickHandler
 .text.vPortSetupTimerInterrupt
                0x08004e20       0x28 Middlewares\Third_Party\FreeRTOS\Source\portable\RVDS\ARM_CM4F\port.o
                0x08004e20                vPortSetupTimerInterrupt
 .text.xPortStartScheduler
                0x08004e48       0xec Middlewares\Third_Party\FreeRTOS\Source\portable\RVDS\ARM_CM4F\port.o
                0x08004e48                xPortStartScheduler
 .text.vPortValidateInterruptPriority
                0x08004f34       0x5c Middlewares\Third_Party\FreeRTOS\Source\portable\RVDS\ARM_CM4F\port.o
                0x08004f34                vPortValidateInterruptPriority
 .text.unlikely.prvCopyDataToQueue
                0x08004f90       0x66 Middlewares\Third_Party\FreeRTOS\Source\queue.o
 .text.unlikely.prvCopyDataFromQueue
                0x08004ff6       0x2a Middlewares\Third_Party\FreeRTOS\Source\queue.o
 .text.prvUnlockQueue
                0x08005020       0x70 Middlewares\Third_Party\FreeRTOS\Source\queue.o
 .text.xQueueGenericReset
                0x08005090       0x80 Middlewares\Third_Party\FreeRTOS\Source\queue.o
                0x08005090                xQueueGenericReset
 .text.xQueueGenericCreate
                0x08005110       0x48 Middlewares\Third_Party\FreeRTOS\Source\queue.o
                0x08005110                xQueueGenericCreate
 .text.xQueueGenericSend
                0x08005158      0x16c Middlewares\Third_Party\FreeRTOS\Source\queue.o
                0x08005158                xQueueGenericSend
 .text.xQueueGenericSendFromISR
                0x080052c4       0xc4 Middlewares\Third_Party\FreeRTOS\Source\queue.o
                0x080052c4                xQueueGenericSendFromISR
 .text.xQueueGenericReceive
                0x08005388      0x188 Middlewares\Third_Party\FreeRTOS\Source\queue.o
                0x08005388                xQueueGenericReceive
 .text.vQueueAddToRegistry
                0x08005510       0x24 Middlewares\Third_Party\FreeRTOS\Source\queue.o
                0x08005510                vQueueAddToRegistry
 .text.xTaskCreate
                0x08005534       0x82 Middlewares\Third_Party\FreeRTOS\Source\tasks.o
                0x08005534                xTaskCreate
 .text.prvInitialiseNewTask
                0x080055b6      0x112 Middlewares\Third_Party\FreeRTOS\Source\tasks.o
 .text.prvAddNewTaskToReadyList
                0x080056c8       0xdc Middlewares\Third_Party\FreeRTOS\Source\tasks.o
 .text.vTaskDelay
                0x080057a4       0x68 Middlewares\Third_Party\FreeRTOS\Source\tasks.o
                0x080057a4                vTaskDelay
 .text.vTaskStartScheduler
                0x0800580c       0x90 Middlewares\Third_Party\FreeRTOS\Source\tasks.o
                0x0800580c                vTaskStartScheduler
 .text.vTaskSuspendAll
                0x0800589c       0x1c Middlewares\Third_Party\FreeRTOS\Source\tasks.o
                0x0800589c                vTaskSuspendAll
 .text.xTaskResumeAll
                0x080058b8      0x138 Middlewares\Third_Party\FreeRTOS\Source\tasks.o
                0x080058b8                xTaskResumeAll
 .text.xTaskIncrementTick
                0x080059f0      0x178 Middlewares\Third_Party\FreeRTOS\Source\tasks.o
                0x080059f0                xTaskIncrementTick
 .text.vTaskSwitchContext
                0x08005b68       0xec Middlewares\Third_Party\FreeRTOS\Source\tasks.o
                0x08005b68                vTaskSwitchContext
 .text.vTaskPlaceOnEventList
                0x08005c54       0x48 Middlewares\Third_Party\FreeRTOS\Source\tasks.o
                0x08005c54                vTaskPlaceOnEventList
 .text.xTaskRemoveFromEventList
                0x08005c9c       0xc4 Middlewares\Third_Party\FreeRTOS\Source\tasks.o
                0x08005c9c                xTaskRemoveFromEventList
 .text.vTaskSetTimeOutState
                0x08005d60       0x48 Middlewares\Third_Party\FreeRTOS\Source\tasks.o
                0x08005d60                vTaskSetTimeOutState
 .text.xTaskCheckForTimeOut
                0x08005da8       0xbc Middlewares\Third_Party\FreeRTOS\Source\tasks.o
                0x08005da8                xTaskCheckForTimeOut
 .text.vTaskMissedYield
                0x08005e64       0x18 Middlewares\Third_Party\FreeRTOS\Source\tasks.o
                0x08005e64                vTaskMissedYield
 .text.prvIdleTask
                0x08005e7c       0x30 Middlewares\Third_Party\FreeRTOS\Source\tasks.o
 .text.prvInitialiseTaskLists
                0x08005eac       0x80 Middlewares\Third_Party\FreeRTOS\Source\tasks.o
 .text.prvCheckTasksWaitingTermination
                0x08005f2c       0x78 Middlewares\Third_Party\FreeRTOS\Source\tasks.o
 .text.prvDeleteTCB
                0x08005fa4       0x20 Middlewares\Third_Party\FreeRTOS\Source\tasks.o
 .text.prvResetNextTaskUnblockTime
                0x08005fc4       0x4c Middlewares\Third_Party\FreeRTOS\Source\tasks.o
 .text.xTaskGetSchedulerState
                0x08006010       0x3c Middlewares\Third_Party\FreeRTOS\Source\tasks.o
                0x08006010                xTaskGetSchedulerState
 .text.vTaskPriorityInherit
                0x0800604c       0xec Middlewares\Third_Party\FreeRTOS\Source\tasks.o
                0x0800604c                vTaskPriorityInherit
 .text.xTaskPriorityDisinherit
                0x08006138      0x108 Middlewares\Third_Party\FreeRTOS\Source\tasks.o
                0x08006138                xTaskPriorityDisinherit
 .text.pvTaskIncrementMutexHeldCount
                0x08006240       0x28 Middlewares\Third_Party\FreeRTOS\Source\tasks.o
                0x08006240                pvTaskIncrementMutexHeldCount
 .text.prvAddCurrentTaskToDelayedList
                0x08006268       0xcc Middlewares\Third_Party\FreeRTOS\Source\tasks.o
 .text.Reset_Handler
                0x08006334       0x50 startup\startup_stm32f429xx.o
                0x08006334                Reset_Handler
 .text.Default_Handler
                0x08006384        0x2 startup\startup_stm32f429xx.o
                0x08006384                RTC_Alarm_IRQHandler
                0x08006384                HASH_RNG_IRQHandler
                0x08006384                EXTI2_IRQHandler
                0x08006384                TIM8_CC_IRQHandler
                0x08006384                UART8_IRQHandler
                0x08006384                SPI4_IRQHandler
                0x08006384                TIM1_CC_IRQHandler
                0x08006384                DMA2_Stream5_IRQHandler
                0x08006384                DMA1_Stream5_IRQHandler
                0x08006384                PVD_IRQHandler
                0x08006384                SDIO_IRQHandler
                0x08006384                TAMP_STAMP_IRQHandler
                0x08006384                CAN2_RX1_IRQHandler
                0x08006384                EXTI3_IRQHandler
                0x08006384                TIM8_TRG_COM_TIM14_IRQHandler
                0x08006384                TIM8_UP_TIM13_IRQHandler
                0x08006384                I2C3_ER_IRQHandler
                0x08006384                EXTI0_IRQHandler
                0x08006384                I2C2_EV_IRQHandler
                0x08006384                DMA1_Stream2_IRQHandler
                0x08006384                CAN1_RX0_IRQHandler
                0x08006384                FPU_IRQHandler
                0x08006384                OTG_HS_WKUP_IRQHandler
                0x08006384                LTDC_ER_IRQHandler
                0x08006384                CAN2_SCE_IRQHandler
                0x08006384                SPI1_IRQHandler
                0x08006384                TIM6_DAC_IRQHandler
                0x08006384                TIM1_BRK_TIM9_IRQHandler
                0x08006384                DCMI_IRQHandler
                0x08006384                CAN2_RX0_IRQHandler
                0x08006384                DMA2_Stream3_IRQHandler
                0x08006384                USART6_IRQHandler
                0x08006384                USART3_IRQHandler
                0x08006384                CAN1_RX1_IRQHandler
                0x08006384                UART5_IRQHandler
                0x08006384                I2C1_EV_IRQHandler
                0x08006384                DMA1_Stream6_IRQHandler
                0x08006384                DMA1_Stream1_IRQHandler
                0x08006384                UART4_IRQHandler
                0x08006384                RCC_IRQHandler
                0x08006384                TIM8_BRK_TIM12_IRQHandler
                0x08006384                Default_Handler
                0x08006384                EXTI15_10_IRQHandler
                0x08006384                DMA1_Stream7_IRQHandler
                0x08006384                SPI5_IRQHandler
                0x08006384                CAN2_TX_IRQHandler
                0x08006384                TIM5_IRQHandler
                0x08006384                DMA2_Stream7_IRQHandler
                0x08006384                I2C3_EV_IRQHandler
                0x08006384                EXTI9_5_IRQHandler
                0x08006384                RTC_WKUP_IRQHandler
                0x08006384                LTDC_IRQHandler
                0x08006384                ETH_WKUP_IRQHandler
                0x08006384                SPI2_IRQHandler
                0x08006384                OTG_HS_EP1_IN_IRQHandler
                0x08006384                DMA1_Stream0_IRQHandler
                0x08006384                CAN1_TX_IRQHandler
                0x08006384                EXTI4_IRQHandler
                0x08006384                ETH_IRQHandler
                0x08006384                OTG_HS_EP1_OUT_IRQHandler
                0x08006384                WWDG_IRQHandler
                0x08006384                SPI6_IRQHandler
                0x08006384                OTG_FS_WKUP_IRQHandler
                0x08006384                TIM1_TRG_COM_TIM11_IRQHandler
                0x08006384                OTG_HS_IRQHandler
                0x08006384                DMA2D_IRQHandler
                0x08006384                EXTI1_IRQHandler
                0x08006384                UART7_IRQHandler
                0x08006384                USART2_IRQHandler
                0x08006384                I2C2_ER_IRQHandler
                0x08006384                DMA2_Stream1_IRQHandler
                0x08006384                CAN1_SCE_IRQHandler
                0x08006384                FLASH_IRQHandler
                0x08006384                DMA2_Stream4_IRQHandler
                0x08006384                USART1_IRQHandler
                0x08006384                SPI3_IRQHandler
                0x08006384                DMA1_Stream4_IRQHandler
                0x08006384                I2C1_ER_IRQHandler
                0x08006384                FMC_IRQHandler
                0x08006384                DMA2_Stream6_IRQHandler
                0x08006384                SAI1_IRQHandler
                0x08006384                DMA1_Stream3_IRQHandler
 *fill*         0x08006386        0x2 
 .text.__libc_init_array
                0x08006388       0x48 c:/program files (x86)/atollic/truestudio for stm32 9.0.1/armtools/bin/../lib/gcc/arm-atollic-eabi/6.3.1/../../../../arm-atollic-eabi/lib/armv7e-m/fpu\libc_nano.a(lib_a-init.o)
                0x08006388                __libc_init_array
 .text.malloc   0x080063d0       0x10 c:/program files (x86)/atollic/truestudio for stm32 9.0.1/armtools/bin/../lib/gcc/arm-atollic-eabi/6.3.1/../../../../arm-atollic-eabi/lib/armv7e-m/fpu\libc_nano.a(lib_a-malloc.o)
                0x080063d0                malloc
 .text.free     0x080063e0       0x10 c:/program files (x86)/atollic/truestudio for stm32 9.0.1/armtools/bin/../lib/gcc/arm-atollic-eabi/6.3.1/../../../../arm-atollic-eabi/lib/armv7e-m/fpu\libc_nano.a(lib_a-malloc.o)
                0x080063e0                free
 .text.memcpy   0x080063f0       0x16 c:/program files (x86)/atollic/truestudio for stm32 9.0.1/armtools/bin/../lib/gcc/arm-atollic-eabi/6.3.1/../../../../arm-atollic-eabi/lib/armv7e-m/fpu\libc_nano.a(lib_a-memcpy-stub.o)
                0x080063f0                memcpy
 .text.memset   0x08006406       0x10 c:/program files (x86)/atollic/truestudio for stm32 9.0.1/armtools/bin/../lib/gcc/arm-atollic-eabi/6.3.1/../../../../arm-atollic-eabi/lib/armv7e-m/fpu\libc_nano.a(lib_a-memset.o)
                0x08006406                memset
 *fill*         0x08006416        0x2 
 .text._free_r  0x08006418       0x9c c:/program files (x86)/atollic/truestudio for stm32 9.0.1/armtools/bin/../lib/gcc/arm-atollic-eabi/6.3.1/../../../../arm-atollic-eabi/lib/armv7e-m/fpu\libc_nano.a(lib_a-nano-freer.o)
                0x08006418                _free_r
 .text._malloc_r
                0x080064b4       0xbc c:/program files (x86)/atollic/truestudio for stm32 9.0.1/armtools/bin/../lib/gcc/arm-atollic-eabi/6.3.1/../../../../arm-atollic-eabi/lib/armv7e-m/fpu\libc_nano.a(lib_a-nano-mallocr.o)
                0x080064b4                _malloc_r
 .text._sbrk_r  0x08006570       0x20 c:/program files (x86)/atollic/truestudio for stm32 9.0.1/armtools/bin/../lib/gcc/arm-atollic-eabi/6.3.1/../../../../arm-atollic-eabi/lib/armv7e-m/fpu\libc_nano.a(lib_a-sbrkr.o)
                0x08006570                _sbrk_r
 .text.__malloc_lock
                0x08006590        0x2 c:/program files (x86)/atollic/truestudio for stm32 9.0.1/armtools/bin/../lib/gcc/arm-atollic-eabi/6.3.1/../../../../arm-atollic-eabi/lib/armv7e-m/fpu\libc_nano.a(lib_a-mlock.o)
                0x08006590                __malloc_lock
 .text.__malloc_unlock
                0x08006592        0x2 c:/program files (x86)/atollic/truestudio for stm32 9.0.1/armtools/bin/../lib/gcc/arm-atollic-eabi/6.3.1/../../../../arm-atollic-eabi/lib/armv7e-m/fpu\libc_nano.a(lib_a-mlock.o)
                0x08006592                __malloc_unlock
 .text._sbrk    0x08006594       0x1c c:/program files (x86)/atollic/truestudio for stm32 9.0.1/armtools/bin/../lib/gcc/arm-atollic-eabi/6.3.1/../../../../arm-atollic-eabi/lib/armv7e-m/fpu\libnosys.a(sbrk.o)
                0x08006594                _sbrk
 *(.glue_7)
 .glue_7        0x080065b0        0x0 linker stubs
 *(.glue_7t)
 .glue_7t       0x080065b0        0x0 linker stubs
 *(.eh_frame)
 .eh_frame      0x080065b0        0x0 c:/program files (x86)/atollic/truestudio for stm32 9.0.1/armtools/bin/../lib/gcc/arm-atollic-eabi/6.3.1/armv7e-m/fpu/crtbegin.o
 *(.init)
 .init          0x080065b0        0x4 c:/program files (x86)/atollic/truestudio for stm32 9.0.1/armtools/bin/../lib/gcc/arm-atollic-eabi/6.3.1/armv7e-m/fpu/crti.o
                0x080065b0                _init
 .init          0x080065b4        0x8 c:/program files (x86)/atollic/truestudio for stm32 9.0.1/armtools/bin/../lib/gcc/arm-atollic-eabi/6.3.1/armv7e-m/fpu/crtn.o
 *(.fini)
 .fini          0x080065bc        0x4 c:/program files (x86)/atollic/truestudio for stm32 9.0.1/armtools/bin/../lib/gcc/arm-atollic-eabi/6.3.1/armv7e-m/fpu/crti.o
                0x080065bc                _fini
 .fini          0x080065c0        0x8 c:/program files (x86)/atollic/truestudio for stm32 9.0.1/armtools/bin/../lib/gcc/arm-atollic-eabi/6.3.1/armv7e-m/fpu/crtn.o
                0x080065c8                . = ALIGN (0x4)
                0x080065c8                _etext = .

.vfp11_veneer   0x080065c8        0x0
 .vfp11_veneer  0x080065c8        0x0 linker stubs

.v4_bx          0x080065c8        0x0
 .v4_bx         0x080065c8        0x0 linker stubs

.iplt           0x080065c8        0x0
 .iplt          0x080065c8        0x0 c:/program files (x86)/atollic/truestudio for stm32 9.0.1/armtools/bin/../lib/gcc/arm-atollic-eabi/6.3.1/armv7e-m/fpu/crtbegin.o

.rodata         0x080065c8      0x198
                0x080065c8                . = ALIGN (0x4)
 *(.rodata)
 .rodata        0x080065c8       0x14 Core\Src\main.o
 .rodata        0x080065dc       0x14 Core\Src\tcd1304ap.o
 .rodata        0x080065f0       0x28 Drivers\BSP\src\bsp_usb.o
 .rodata        0x08006618        0x5 Middlewares\Third_Party\FreeRTOS\Source\tasks.o
 *(.rodata*)
 .rodata.str1.1
                0x0800661d        0xc Core\Src\main.o
 .rodata.AHBPrescTable
                0x08006629       0x10 Core\Src\system_stm32f4xx.o
                0x08006629                AHBPrescTable
 .rodata.APBPrescTable
                0x08006639        0x8 Core\Src\system_stm32f4xx.o
                0x08006639                APBPrescTable
 .rodata.TCD1304_Init.str1.1
                0x08006641       0x18 Core\Src\tcd1304ap.o
 .rodata.str1.1
                0x08006659        0xb Core\Src\tcd1304ap.o
 .rodata.BSP_ADC_Init.str1.1
                0x08006664       0x1d Drivers\BSP\src\bsp_adc.o
 .rodata.BSP_TIM2PWM_Init.str1.1
                0x08006681       0x20 Drivers\BSP\src\bsp_timers.o
 .rodata.BSP_Usb_Init.str1.1
                0x080066a1        0xf Drivers\BSP\src\bsp_usb.o
 .rodata.str1.1
                0x080066b0       0x14 Drivers\BSP\src\bsp_usb.o
 .rodata.flagBitshiftOffset.9547
                0x080066c4        0x8 Drivers\STM32F4xx_HAL_Driver\Src\stm32f4xx_hal_dma.o
 .rodata.CSWTCH.39
                0x080066cc        0x4 Middlewares\ST\STM32_USB_Device_Library\Core\Src\usbd_conf.o
 .rodata.USBD_LL_Init.str1.1
                0x080066d0       0x40 Middlewares\ST\STM32_USB_Device_Library\Core\Src\usbd_conf.o
 .rodata.USBD_FS_ConfigStrDescriptor.str1.1
                0x08006710        0xb Middlewares\ST\STM32_USB_Device_Library\Core\Src\usbd_desc.o
 .rodata.USBD_FS_InterfaceStrDescriptor.str1.1
                0x0800671b        0xe Middlewares\ST\STM32_USB_Device_Library\Core\Src\usbd_desc.o
 .rodata.USBD_FS_ManufacturerStrDescriptor.str1.1
                0x08006729       0x13 Middlewares\ST\STM32_USB_Device_Library\Core\Src\usbd_desc.o
 .rodata.USBD_FS_ProductStrDescriptor.str1.1
                0x0800673c       0x16 Middlewares\ST\STM32_USB_Device_Library\Core\Src\usbd_desc.o
 .rodata.USBD_FS_SerialStrDescriptor.str1.1
                0x08006752        0xd Middlewares\ST\STM32_USB_Device_Library\Core\Src\usbd_desc.o
                0x08006760                . = ALIGN (0x4)
 *fill*         0x0800675f        0x1 

.ARM.extab
 *(.ARM.extab* .gnu.linkonce.armextab.*)

.ARM            0x08006760        0x8
                0x08006760                __exidx_start = .
 *(.ARM.exidx*)
 .ARM.exidx     0x08006760        0x8 c:/program files (x86)/atollic/truestudio for stm32 9.0.1/armtools/bin/../lib/gcc/arm-atollic-eabi/6.3.1/armv7e-m/fpu\libgcc.a(_udivmoddi4.o)
                0x08006768                __exidx_end = .

.rel.dyn        0x08006768        0x0
 .rel.iplt      0x08006768        0x0 c:/program files (x86)/atollic/truestudio for stm32 9.0.1/armtools/bin/../lib/gcc/arm-atollic-eabi/6.3.1/armv7e-m/fpu/crtbegin.o

.preinit_array  0x08006768        0x0
                0x08006768                PROVIDE (__preinit_array_start, .)
 *(.preinit_array*)
                0x08006768                PROVIDE (__preinit_array_end, .)

.init_array     0x08006768        0x4
                0x08006768                PROVIDE (__init_array_start, .)
 *(SORT(.init_array.*))
 *(.init_array*)
 .init_array    0x08006768        0x4 c:/program files (x86)/atollic/truestudio for stm32 9.0.1/armtools/bin/../lib/gcc/arm-atollic-eabi/6.3.1/armv7e-m/fpu/crtbegin.o
                0x0800676c                PROVIDE (__init_array_end, .)

.fini_array     0x0800676c        0x4
                [!provide]                PROVIDE (__fini_array_start, .)
 *(SORT(.fini_array.*))
 *(.fini_array*)
 .fini_array    0x0800676c        0x4 c:/program files (x86)/atollic/truestudio for stm32 9.0.1/armtools/bin/../lib/gcc/arm-atollic-eabi/6.3.1/armv7e-m/fpu/crtbegin.o
                [!provide]                PROVIDE (__fini_array_end, .)
                0x08006770                _sidata = LOADADDR (.data)

.data           0x20000000      0x1c4 load address 0x08006770
                0x20000000                . = ALIGN (0x4)
                0x20000000                _sdata = .
 *(.data)
 *(.data*)
 .data.SystemCoreClock
                0x20000000        0x4 Core\Src\system_stm32f4xx.o
                0x20000000                SystemCoreClock
 .data.uwTickFreq
                0x20000004        0x1 Drivers\STM32F4xx_HAL_Driver\Src\stm32f4xx_hal.o
                0x20000004                uwTickFreq
 *fill*         0x20000005        0x3 
 .data.USBD_CDC
                0x20000008       0x38 Middlewares\ST\STM32_USB_Device_Library\Class\CDC\Src\usbd_cdc.o
                0x20000008                USBD_CDC
 .data.USBD_CDC_CfgFSDesc
                0x20000040       0x43 Middlewares\ST\STM32_USB_Device_Library\Class\CDC\Src\usbd_cdc.o
                0x20000040                USBD_CDC_CfgFSDesc
 *fill*         0x20000083        0x1 
 .data.USBD_CDC_CfgHSDesc
                0x20000084       0x43 Middlewares\ST\STM32_USB_Device_Library\Class\CDC\Src\usbd_cdc.o
                0x20000084                USBD_CDC_CfgHSDesc
 *fill*         0x200000c7        0x1 
 .data.USBD_CDC_DeviceQualifierDesc
                0x200000c8        0xa Middlewares\ST\STM32_USB_Device_Library\Class\CDC\Src\usbd_cdc.o
 *fill*         0x200000d2        0x2 
 .data.USBD_CDC_OtherSpeedCfgDesc
                0x200000d4       0x43 Middlewares\ST\STM32_USB_Device_Library\Class\CDC\Src\usbd_cdc.o
                0x200000d4                USBD_CDC_OtherSpeedCfgDesc
 *fill*         0x20000117        0x1 
 .data.USBD_Interface_fops_FS
                0x20000118       0x10 Middlewares\ST\STM32_USB_Device_Library\Core\Src\usbd_cdc_if.o
                0x20000118                USBD_Interface_fops_FS
 .data.FS_Desc  0x20000128       0x1c Middlewares\ST\STM32_USB_Device_Library\Core\Src\usbd_desc.o
                0x20000128                FS_Desc
 .data.USBD_FS_DeviceDesc
                0x20000144       0x12 Middlewares\ST\STM32_USB_Device_Library\Core\Src\usbd_desc.o
                0x20000144                USBD_FS_DeviceDesc
 *fill*         0x20000156        0x2 
 .data.USBD_LangIDDesc
                0x20000158        0x4 Middlewares\ST\STM32_USB_Device_Library\Core\Src\usbd_desc.o
                0x20000158                USBD_LangIDDesc
 .data.uxCriticalNesting
                0x2000015c        0x4 Middlewares\Third_Party\FreeRTOS\Source\portable\RVDS\ARM_CM4F\port.o
 .data._impure_ptr
                0x20000160        0x4 c:/program files (x86)/atollic/truestudio for stm32 9.0.1/armtools/bin/../lib/gcc/arm-atollic-eabi/6.3.1/../../../../arm-atollic-eabi/lib/armv7e-m/fpu\libc_nano.a(lib_a-impure.o)
                0x20000160                _impure_ptr
 .data.impure_data
                0x20000164       0x60 c:/program files (x86)/atollic/truestudio for stm32 9.0.1/armtools/bin/../lib/gcc/arm-atollic-eabi/6.3.1/../../../../arm-atollic-eabi/lib/armv7e-m/fpu\libc_nano.a(lib_a-impure.o)
                0x200001c4                . = ALIGN (0x4)
                0x200001c4                _edata = .
                0x08006934                _siccmram = LOADADDR (.ccmram)

.igot.plt       0x200001c4        0x0 load address 0x08006934
 .igot.plt      0x200001c4        0x0 c:/program files (x86)/atollic/truestudio for stm32 9.0.1/armtools/bin/../lib/gcc/arm-atollic-eabi/6.3.1/armv7e-m/fpu/crtbegin.o

.ccmram         0x10000000     0x3810 load address 0x08006934
                0x10000000                . = ALIGN (0x4)
                0x10000000                _sccmram = .
 *(.ccmram)
 .ccmram        0x10000000     0x3810 Core\Src\process.o
 *(.ccmram*)
                0x10003810                . = ALIGN (0x4)
                0x10003810                _eccmram = .
                0x10003810                . = ALIGN (0x4)

.bss            0x200001c4    0x11dac
                0x200001c4                _sbss = .
                0x200001c4                __bss_start__ = _sbss
 *(.bss)
 .bss           0x200001c4       0x1c c:/program files (x86)/atollic/truestudio for stm32 9.0.1/armtools/bin/../lib/gcc/arm-atollic-eabi/6.3.1/armv7e-m/fpu/crtbegin.o
 *(.bss*)
 .bss.ulHighFrequencyTimerTicks
                0x200001e0        0x4 Core\Src\main.o
                0x200001e0                ulHighFrequencyTimerTicks
 .bss.hdma_adc.9451
                0x200001e4       0x60 Core\Src\stm32f4xx_hal_msp.o
 .bss.hdma_adc2.9452
                0x20000244       0x60 Core\Src\stm32f4xx_hal_msp.o
 .bss.adcTCDPack
                0x200002a4      0x804 Core\Src\tcd1304ap.o
 .bss.icgTick   0x20000aa8        0x2 Core\Src\tcd1304ap.o
 .bss.tcdADCData
                0x20000aaa      0x402 Core\Src\tcd1304ap.o
 .bss.xHigherPriorityTaskWoken.11175
                0x20000eac        0x4 Core\Src\tcd1304ap.o
 .bss.UsbBufInd
                0x20000eb0        0x4 Drivers\BSP\src\bsp_usb.o
                0x20000eb0                UsbBufInd
 .bss.receiveByte.11133
                0x20000eb4        0x1 Drivers\BSP\src\bsp_usb.o
 *fill*         0x20000eb5        0x3 
 .bss.txMsg.11127
                0x20000eb8        0x8 Drivers\BSP\src\bsp_usb.o
 .bss.txMsg.11152
                0x20000ec0        0x8 Drivers\BSP\src\bsp_usb.o
 .bss.usbRxBuf  0x20000ec8       0x40 Drivers\BSP\src\bsp_usb.o
 .bss.xHigherPriorityTaskWoken.11142
                0x20000f08        0x4 Drivers\BSP\src\bsp_usb.o
 .bss.ifalt.10358
                0x20000f0c        0x1 Middlewares\ST\STM32_USB_Device_Library\Class\CDC\Src\usbd_cdc.o
 .bss.cfgidx.10363
                0x20000f0d        0x1 Middlewares\ST\STM32_USB_Device_Library\Core\Src\usbd_ctlreq.o
 *fill*         0x20000f0e        0x2 
 .bss.pxEnd     0x20000f10        0x4 Middlewares\Third_Party\FreeRTOS\Source\portable\MemMang\heap_4.o
 .bss.ucHeap    0x20000f14    0x10000 Middlewares\Third_Party\FreeRTOS\Source\portable\MemMang\heap_4.o
 .bss.xBlockAllocatedBit
                0x20010f14        0x4 Middlewares\Third_Party\FreeRTOS\Source\portable\MemMang\heap_4.o
 .bss.xFreeBytesRemaining
                0x20010f18        0x4 Middlewares\Third_Party\FreeRTOS\Source\portable\MemMang\heap_4.o
 .bss.xMinimumEverFreeBytesRemaining
                0x20010f1c        0x4 Middlewares\Third_Party\FreeRTOS\Source\portable\MemMang\heap_4.o
 .bss.xStart    0x20010f20        0x8 Middlewares\Third_Party\FreeRTOS\Source\portable\MemMang\heap_4.o
 .bss.ucMaxSysCallPriority
                0x20010f28        0x1 Middlewares\Third_Party\FreeRTOS\Source\portable\RVDS\ARM_CM4F\port.o
 *fill*         0x20010f29        0x3 
 .bss.ulMaxPRIGROUPValue
                0x20010f2c        0x4 Middlewares\Third_Party\FreeRTOS\Source\portable\RVDS\ARM_CM4F\port.o
 .bss.pxCurrentTCB
                0x20010f30        0x4 Middlewares\Third_Party\FreeRTOS\Source\tasks.o
                0x20010f30                pxCurrentTCB
 .bss.pxReadyTasksLists
                0x20010f34       0x8c Middlewares\Third_Party\FreeRTOS\Source\tasks.o
 .bss.xDelayedTaskList1
                0x20010fc0       0x14 Middlewares\Third_Party\FreeRTOS\Source\tasks.o
 .bss.xDelayedTaskList2
                0x20010fd4       0x14 Middlewares\Third_Party\FreeRTOS\Source\tasks.o
 .bss.pxDelayedTaskList
                0x20010fe8        0x4 Middlewares\Third_Party\FreeRTOS\Source\tasks.o
 .bss.pxOverflowDelayedTaskList
                0x20010fec        0x4 Middlewares\Third_Party\FreeRTOS\Source\tasks.o
 .bss.xPendingReadyList
                0x20010ff0       0x14 Middlewares\Third_Party\FreeRTOS\Source\tasks.o
 .bss.xTasksWaitingTermination
                0x20011004       0x14 Middlewares\Third_Party\FreeRTOS\Source\tasks.o
 .bss.uxDeletedTasksWaitingCleanUp
                0x20011018        0x4 Middlewares\Third_Party\FreeRTOS\Source\tasks.o
 .bss.xSuspendedTaskList
                0x2001101c       0x14 Middlewares\Third_Party\FreeRTOS\Source\tasks.o
 .bss.uxCurrentNumberOfTasks
                0x20011030        0x4 Middlewares\Third_Party\FreeRTOS\Source\tasks.o
 .bss.xTickCount
                0x20011034        0x4 Middlewares\Third_Party\FreeRTOS\Source\tasks.o
 .bss.uxTopReadyPriority
                0x20011038        0x4 Middlewares\Third_Party\FreeRTOS\Source\tasks.o
 .bss.xSchedulerRunning
                0x2001103c        0x4 Middlewares\Third_Party\FreeRTOS\Source\tasks.o
 .bss.uxPendedTicks
                0x20011040        0x4 Middlewares\Third_Party\FreeRTOS\Source\tasks.o
 .bss.xYieldPending
                0x20011044        0x4 Middlewares\Third_Party\FreeRTOS\Source\tasks.o
 .bss.xNumOfOverflows
                0x20011048        0x4 Middlewares\Third_Party\FreeRTOS\Source\tasks.o
 .bss.uxTaskNumber
                0x2001104c        0x4 Middlewares\Third_Party\FreeRTOS\Source\tasks.o
 .bss.xNextTaskUnblockTime
                0x20011050        0x4 Middlewares\Third_Party\FreeRTOS\Source\tasks.o
 .bss.xIdleTaskHandle
                0x20011054        0x4 Middlewares\Third_Party\FreeRTOS\Source\tasks.o
 .bss.uxSchedulerSuspended
                0x20011058        0x4 Middlewares\Third_Party\FreeRTOS\Source\tasks.o
 .bss.ulTaskSwitchedInTime
                0x2001105c        0x4 Middlewares\Third_Party\FreeRTOS\Source\tasks.o
 .bss.ulTotalRunTime
                0x20011060        0x4 Middlewares\Third_Party\FreeRTOS\Source\tasks.o
 .bss.__malloc_free_list
                0x20011064        0x4 c:/program files (x86)/atollic/truestudio for stm32 9.0.1/armtools/bin/../lib/gcc/arm-atollic-eabi/6.3.1/../../../../arm-atollic-eabi/lib/armv7e-m/fpu\libc_nano.a(lib_a-nano-mallocr.o)
                0x20011064                __malloc_free_list
 .bss.__malloc_sbrk_start
                0x20011068        0x4 c:/program files (x86)/atollic/truestudio for stm32 9.0.1/armtools/bin/../lib/gcc/arm-atollic-eabi/6.3.1/../../../../arm-atollic-eabi/lib/armv7e-m/fpu\libc_nano.a(lib_a-nano-mallocr.o)
                0x20011068                __malloc_sbrk_start
 .bss.heap_end.5239
                0x2001106c        0x4 c:/program files (x86)/atollic/truestudio for stm32 9.0.1/armtools/bin/../lib/gcc/arm-atollic-eabi/6.3.1/../../../../arm-atollic-eabi/lib/armv7e-m/fpu\libnosys.a(sbrk.o)
 *(COMMON)
 COMMON         0x20011070       0x44 Core\Src\main.o
                0x20011070                defaultTaskHandle
                0x20011074                defaultTaskHandle2
                0x20011078                htim7
 COMMON         0x200110b4       0x3c Core\Src\stm32f4xx_hal_timebase_TIM.o
                0x200110b4                htim1
 COMMON         0x200110f0       0x64 Core\Src\tcd1304ap.o
                0x200110f0                sensorTaskHandle
                0x200110f4                sensorADC1DataQueue
                0x200110f8                ulADCSampleCounter
                0x200110fc                sConfigPWM
                0x20011118                Tim3PWMHandle
 COMMON         0x20011154       0xb8 Drivers\BSP\src\bsp_adc.o
                0x20011154                adcBuf_1
                0x20011158                ADC2Handle
                0x200111a0                ADC1Config
                0x200111b0                ADC1Handle
                0x200111f8                ADC2Config
                0x20011208                adcBuf_2
 COMMON         0x2001120c       0x78 Drivers\BSP\src\bsp_timers.o
                0x2001120c                Tim4ADCHandle
                0x20011248                Tim2PWMHandle
 COMMON         0x20011284       0x10 Drivers\BSP\src\bsp_usb.o
                0x20011284                usbTaskRxHandle
                0x20011288                usbRxDataQueue
                0x2001128c                usbTxDataQueue
                0x20011290                usbTaskTxHandle
 COMMON         0x20011294        0x4 Drivers\STM32F4xx_HAL_Driver\Src\stm32f4xx_hal.o
                0x20011294                uwTick
 COMMON         0x20011298      0x224 Middlewares\ST\STM32_USB_Device_Library\Core\Src\usb_device.o
                0x20011298                hUsbDeviceFS
 COMMON         0x200114bc      0x480 Middlewares\ST\STM32_USB_Device_Library\Core\Src\usbd_cdc_if.o
                0x200114bc                UserRxBufferFS
                0x2001153c                UserTxBufferFS
 COMMON         0x2001193c      0x3f0 Middlewares\ST\STM32_USB_Device_Library\Core\Src\usbd_conf.o
                0x2001193c                hpcd_USB_OTG_FS
 COMMON         0x20011d2c      0x200 Middlewares\ST\STM32_USB_Device_Library\Core\Src\usbd_desc.o
                0x20011d2c                USBD_StrDesc
 COMMON         0x20011f2c       0x40 Middlewares\Third_Party\FreeRTOS\Source\queue.o
                0x20011f2c                xQueueRegistry
 COMMON         0x20011f6c        0x4 c:/program files (x86)/atollic/truestudio for stm32 9.0.1/armtools/bin/../lib/gcc/arm-atollic-eabi/6.3.1/../../../../arm-atollic-eabi/lib/armv7e-m/fpu\libc_nano.a(lib_a-reent.o)
                0x20011f6c                errno
                0x20011f70                . = ALIGN (0x4)
                0x20011f70                _ebss = .
                0x20011f70                __bss_end__ = _ebss

._user_heap_stack
                0x20011f70      0x400
                0x20011f70                . = ALIGN (0x4)
                0x20011f70                PROVIDE (end, .)
                [!provide]                PROVIDE (_end, .)
                0x20011f70                . = (. + _Min_Heap_Size)
                0x20012370                . = (. + _Min_Stack_Size)
 *fill*         0x20011f70      0x400 
                0x20012370                . = ALIGN (0x4)

/DISCARD/
 libc.a(*)
 libm.a(*)
 libgcc.a(*)

.ARM.attributes
                0x00000000       0x30
 *(.ARM.attributes)
 .ARM.attributes
                0x00000000       0x22 c:/program files (x86)/atollic/truestudio for stm32 9.0.1/armtools/bin/../lib/gcc/arm-atollic-eabi/6.3.1/armv7e-m/fpu/crti.o
 .ARM.attributes
                0x00000022       0x34 c:/program files (x86)/atollic/truestudio for stm32 9.0.1/armtools/bin/../lib/gcc/arm-atollic-eabi/6.3.1/armv7e-m/fpu/crtbegin.o
 .ARM.attributes
                0x00000056       0x39 Core\Src\main.o
 .ARM.attributes
                0x0000008f       0x39 Core\Src\process.o
 .ARM.attributes
                0x000000c8       0x39 Core\Src\protocol.o
 .ARM.attributes
                0x00000101       0x39 Core\Src\stm32f4xx_hal_msp.o
 .ARM.attributes
                0x0000013a       0x39 Core\Src\stm32f4xx_hal_timebase_TIM.o
 .ARM.attributes
                0x00000173       0x39 Core\Src\stm32f4xx_it.o
 .ARM.attributes
                0x000001ac       0x39 Core\Src\system_stm32f4xx.o
 .ARM.attributes
                0x000001e5       0x39 Core\Src\tcd1304ap.o
 .ARM.attributes
                0x0000021e       0x39 Drivers\BSP\src\bsp_adc.o
 .ARM.attributes
                0x00000257       0x39 Drivers\BSP\src\bsp_timers.o
 .ARM.attributes
                0x00000290       0x39 Drivers\BSP\src\bsp_usb.o
 .ARM.attributes
                0x000002c9       0x39 Drivers\STM32F4xx_HAL_Driver\Src\stm32f4xx_hal.o
 .ARM.attributes
                0x00000302       0x39 Drivers\STM32F4xx_HAL_Driver\Src\stm32f4xx_hal_adc.o
 .ARM.attributes
                0x0000033b       0x39 Drivers\STM32F4xx_HAL_Driver\Src\stm32f4xx_hal_adc_ex.o
 .ARM.attributes
                0x00000374       0x39 Drivers\STM32F4xx_HAL_Driver\Src\stm32f4xx_hal_cortex.o
 .ARM.attributes
                0x000003ad       0x39 Drivers\STM32F4xx_HAL_Driver\Src\stm32f4xx_hal_dma.o
 .ARM.attributes
                0x000003e6       0x39 Drivers\STM32F4xx_HAL_Driver\Src\stm32f4xx_hal_gpio.o
 .ARM.attributes
                0x0000041f       0x39 Drivers\STM32F4xx_HAL_Driver\Src\stm32f4xx_hal_pcd.o
 .ARM.attributes
                0x00000458       0x39 Drivers\STM32F4xx_HAL_Driver\Src\stm32f4xx_hal_pcd_ex.o
 .ARM.attributes
                0x00000491       0x39 Drivers\STM32F4xx_HAL_Driver\Src\stm32f4xx_hal_rcc.o
 .ARM.attributes
                0x000004ca       0x39 Drivers\STM32F4xx_HAL_Driver\Src\stm32f4xx_hal_tim.o
 .ARM.attributes
                0x00000503       0x39 Drivers\STM32F4xx_HAL_Driver\Src\stm32f4xx_hal_tim_ex.o
 .ARM.attributes
                0x0000053c       0x39 Drivers\STM32F4xx_HAL_Driver\Src\stm32f4xx_ll_usb.o
 .ARM.attributes
                0x00000575       0x39 Middlewares\ST\STM32_USB_Device_Library\Class\CDC\Src\usbd_cdc.o
 .ARM.attributes
                0x000005ae       0x39 Middlewares\ST\STM32_USB_Device_Library\Core\Src\usb_device.o
 .ARM.attributes
                0x000005e7       0x39 Middlewares\ST\STM32_USB_Device_Library\Core\Src\usbd_cdc_if.o
 .ARM.attributes
                0x00000620       0x39 Middlewares\ST\STM32_USB_Device_Library\Core\Src\usbd_conf.o
 .ARM.attributes
                0x00000659       0x39 Middlewares\ST\STM32_USB_Device_Library\Core\Src\usbd_core.o
 .ARM.attributes
                0x00000692       0x39 Middlewares\ST\STM32_USB_Device_Library\Core\Src\usbd_ctlreq.o
 .ARM.attributes
                0x000006cb       0x39 Middlewares\ST\STM32_USB_Device_Library\Core\Src\usbd_desc.o
 .ARM.attributes
                0x00000704       0x39 Middlewares\ST\STM32_USB_Device_Library\Core\Src\usbd_ioreq.o
 .ARM.attributes
                0x0000073d       0x39 Middlewares\Third_Party\FreeRTOS\Source\CMSIS_RTOS\cmsis_os.o
 .ARM.attributes
                0x00000776       0x39 Middlewares\Third_Party\FreeRTOS\Source\list.o
 .ARM.attributes
                0x000007af       0x39 Middlewares\Third_Party\FreeRTOS\Source\portable\MemMang\heap_4.o
 .ARM.attributes
                0x000007e8       0x39 Middlewares\Third_Party\FreeRTOS\Source\portable\RVDS\ARM_CM4F\port.o
 .ARM.attributes
                0x00000821       0x39 Middlewares\Third_Party\FreeRTOS\Source\queue.o
 .ARM.attributes
                0x0000085a       0x39 Middlewares\Third_Party\FreeRTOS\Source\tasks.o
 .ARM.attributes
                0x00000893       0x21 startup\startup_stm32f429xx.o
 .ARM.attributes
                0x000008b4       0x34 c:/program files (x86)/atollic/truestudio for stm32 9.0.1/armtools/bin/../lib/gcc/arm-atollic-eabi/6.3.1/../../../../arm-atollic-eabi/lib/armv7e-m/fpu\libc_nano.a(lib_a-init.o)
 .ARM.attributes
                0x000008e8       0x34 c:/program files (x86)/atollic/truestudio for stm32 9.0.1/armtools/bin/../lib/gcc/arm-atollic-eabi/6.3.1/../../../../arm-atollic-eabi/lib/armv7e-m/fpu\libc_nano.a(lib_a-malloc.o)
 .ARM.attributes
                0x0000091c       0x34 c:/program files (x86)/atollic/truestudio for stm32 9.0.1/armtools/bin/../lib/gcc/arm-atollic-eabi/6.3.1/../../../../arm-atollic-eabi/lib/armv7e-m/fpu\libc_nano.a(lib_a-memcpy-stub.o)
 .ARM.attributes
                0x00000950       0x34 c:/program files (x86)/atollic/truestudio for stm32 9.0.1/armtools/bin/../lib/gcc/arm-atollic-eabi/6.3.1/../../../../arm-atollic-eabi/lib/armv7e-m/fpu\libc_nano.a(lib_a-memset.o)
 .ARM.attributes
                0x00000984       0x34 c:/program files (x86)/atollic/truestudio for stm32 9.0.1/armtools/bin/../lib/gcc/arm-atollic-eabi/6.3.1/../../../../arm-atollic-eabi/lib/armv7e-m/fpu\libc_nano.a(lib_a-nano-freer.o)
 .ARM.attributes
                0x000009b8       0x34 c:/program files (x86)/atollic/truestudio for stm32 9.0.1/armtools/bin/../lib/gcc/arm-atollic-eabi/6.3.1/../../../../arm-atollic-eabi/lib/armv7e-m/fpu\libc_nano.a(lib_a-nano-mallocr.o)
 .ARM.attributes
                0x000009ec       0x34 c:/program files (x86)/atollic/truestudio for stm32 9.0.1/armtools/bin/../lib/gcc/arm-atollic-eabi/6.3.1/../../../../arm-atollic-eabi/lib/armv7e-m/fpu\libc_nano.a(lib_a-sbrkr.o)
 .ARM.attributes
                0x00000a20       0x34 c:/program files (x86)/atollic/truestudio for stm32 9.0.1/armtools/bin/../lib/gcc/arm-atollic-eabi/6.3.1/../../../../arm-atollic-eabi/lib/armv7e-m/fpu\libc_nano.a(lib_a-impure.o)
 .ARM.attributes
                0x00000a54       0x34 c:/program files (x86)/atollic/truestudio for stm32 9.0.1/armtools/bin/../lib/gcc/arm-atollic-eabi/6.3.1/../../../../arm-atollic-eabi/lib/armv7e-m/fpu\libc_nano.a(lib_a-mlock.o)
 .ARM.attributes
                0x00000a88       0x34 c:/program files (x86)/atollic/truestudio for stm32 9.0.1/armtools/bin/../lib/gcc/arm-atollic-eabi/6.3.1/../../../../arm-atollic-eabi/lib/armv7e-m/fpu\libc_nano.a(lib_a-reent.o)
 .ARM.attributes
                0x00000abc       0x22 c:/program files (x86)/atollic/truestudio for stm32 9.0.1/armtools/bin/../lib/gcc/arm-atollic-eabi/6.3.1/armv7e-m/fpu\libgcc.a(_aeabi_uldivmod.o)
 .ARM.attributes
                0x00000ade       0x34 c:/program files (x86)/atollic/truestudio for stm32 9.0.1/armtools/bin/../lib/gcc/arm-atollic-eabi/6.3.1/armv7e-m/fpu\libgcc.a(_udivmoddi4.o)
 .ARM.attributes
                0x00000b12       0x22 c:/program files (x86)/atollic/truestudio for stm32 9.0.1/armtools/bin/../lib/gcc/arm-atollic-eabi/6.3.1/armv7e-m/fpu\libgcc.a(_dvmd_tls.o)
 .ARM.attributes
                0x00000b34       0x34 c:/program files (x86)/atollic/truestudio for stm32 9.0.1/armtools/bin/../lib/gcc/arm-atollic-eabi/6.3.1/../../../../arm-atollic-eabi/lib/armv7e-m/fpu\libnosys.a(sbrk.o)
 .ARM.attributes
                0x00000b68       0x22 c:/program files (x86)/atollic/truestudio for stm32 9.0.1/armtools/bin/../lib/gcc/arm-atollic-eabi/6.3.1/armv7e-m/fpu/crtn.o
OUTPUT(429LinearImageSensor.elf elf32-littlearm)

.debug_info     0x00000000    0x32fb7
 .debug_info    0x00000000     0x1fad Core\Src\main.o
 .debug_info    0x00001fad      0xc6a Core\Src\process.o
 .debug_info    0x00002c17     0x145c Core\Src\protocol.o
 .debug_info    0x00004073     0x1a6a Core\Src\stm32f4xx_hal_msp.o
 .debug_info    0x00005add     0x1405 Core\Src\stm32f4xx_hal_timebase_TIM.o
 .debug_info    0x00006ee2     0x15cb Core\Src\stm32f4xx_it.o
 .debug_info    0x000084ad      0xd36 Core\Src\system_stm32f4xx.o
 .debug_info    0x000091e3     0x1a51 Core\Src\tcd1304ap.o
 .debug_info    0x0000ac34     0x1234 Drivers\BSP\src\bsp_adc.o
 .debug_info    0x0000be68     0x11a4 Drivers\BSP\src\bsp_timers.o
 .debug_info    0x0000d00c     0x1389 Drivers\BSP\src\bsp_usb.o
 .debug_info    0x0000e395     0x1260 Drivers\STM32F4xx_HAL_Driver\Src\stm32f4xx_hal.o
 .debug_info    0x0000f5f5     0x15ad Drivers\STM32F4xx_HAL_Driver\Src\stm32f4xx_hal_adc.o
 .debug_info    0x00010ba2     0x13dd Drivers\STM32F4xx_HAL_Driver\Src\stm32f4xx_hal_adc_ex.o
 .debug_info    0x00011f7f     0x177a Drivers\STM32F4xx_HAL_Driver\Src\stm32f4xx_hal_cortex.o
 .debug_info    0x000136f9     0x125c Drivers\STM32F4xx_HAL_Driver\Src\stm32f4xx_hal_dma.o
 .debug_info    0x00014955      0xfa2 Drivers\STM32F4xx_HAL_Driver\Src\stm32f4xx_hal_gpio.o
 .debug_info    0x000158f7     0x1c57 Drivers\STM32F4xx_HAL_Driver\Src\stm32f4xx_hal_pcd.o
 .debug_info    0x0001754e      0xdc5 Drivers\STM32F4xx_HAL_Driver\Src\stm32f4xx_hal_pcd_ex.o
 .debug_info    0x00018313     0x1283 Drivers\STM32F4xx_HAL_Driver\Src\stm32f4xx_hal_rcc.o
 .debug_info    0x00019596     0x3ba2 Drivers\STM32F4xx_HAL_Driver\Src\stm32f4xx_hal_tim.o
 .debug_info    0x0001d138     0x19a5 Drivers\STM32F4xx_HAL_Driver\Src\stm32f4xx_hal_tim_ex.o
 .debug_info    0x0001eadd     0x1f59 Drivers\STM32F4xx_HAL_Driver\Src\stm32f4xx_ll_usb.o
 .debug_info    0x00020a36     0x14f6 Middlewares\ST\STM32_USB_Device_Library\Class\CDC\Src\usbd_cdc.o
 .debug_info    0x00021f2c      0xe80 Middlewares\ST\STM32_USB_Device_Library\Core\Src\usb_device.o
 .debug_info    0x00022dac     0x1172 Middlewares\ST\STM32_USB_Device_Library\Core\Src\usbd_cdc_if.o
 .debug_info    0x00023f1e     0x22d2 Middlewares\ST\STM32_USB_Device_Library\Core\Src\usbd_conf.o
 .debug_info    0x000261f0     0x1466 Middlewares\ST\STM32_USB_Device_Library\Core\Src\usbd_core.o
 .debug_info    0x00027656     0x1499 Middlewares\ST\STM32_USB_Device_Library\Core\Src\usbd_ctlreq.o
 .debug_info    0x00028aef      0xd81 Middlewares\ST\STM32_USB_Device_Library\Core\Src\usbd_desc.o
 .debug_info    0x00029870      0xfc5 Middlewares\ST\STM32_USB_Device_Library\Core\Src\usbd_ioreq.o
 .debug_info    0x0002a835     0x2504 Middlewares\Third_Party\FreeRTOS\Source\CMSIS_RTOS\cmsis_os.o
 .debug_info    0x0002cd39      0xac0 Middlewares\Third_Party\FreeRTOS\Source\list.o
 .debug_info    0x0002d7f9      0xca5 Middlewares\Third_Party\FreeRTOS\Source\portable\MemMang\heap_4.o