Archive member included to satisfy reference by file (symbol)

c:/program files (x86)/atollic/truestudio for stm32 9.0.1/armtools/bin/../lib/gcc/arm-atollic-eabi/6.3.1/../../../../arm-atollic-eabi/lib/armv7e-m/fpu\libc_nano.a(lib_a-init.o)
                              startup\startup_stm32f429xx.o (__libc_init_array)
c:/program files (x86)/atollic/truestudio for stm32 9.0.1/armtools/bin/../lib/gcc/arm-atollic-eabi/6.3.1/../../../../arm-atollic-eabi/lib/armv7e-m/fpu\libc_nano.a(lib_a-malloc.o)
                              Middlewares\ST\STM32_USB_Device_Library\Class\CDC\Src\usbd_cdc.o (malloc)
c:/program files (x86)/atollic/truestudio for stm32 9.0.1/armtools/bin/../lib/gcc/arm-atollic-eabi/6.3.1/../../../../arm-atollic-eabi/lib/armv7e-m/fpu\libc_nano.a(lib_a-memcpy-stub.o)
                              Core\Src\process.o (memcpy)
c:/program files (x86)/atollic/truestudio for stm32 9.0.1/armtools/bin/../lib/gcc/arm-atollic-eabi/6.3.1/../../../../arm-atollic-eabi/lib/armv7e-m/fpu\libc_nano.a(lib_a-memset.o)
                              Core\Src\process.o (memset)
c:/program files (x86)/atollic/truestudio for stm32 9.0.1/armtools/bin/../lib/gcc/arm-atollic-eabi/6.3.1/../../../../arm-atollic-eabi/lib/armv7e-m/fpu\libc_nano.a(lib_a-nano-freer.o)
                              c:/program files (x86)/atollic/truestudio for stm32 9.0.1/armtools/bin/../lib/gcc/arm-atollic-eabi/6.3.1/../../../../arm-atollic-eabi/lib/armv7e-m/fpu\libc_nano.a(lib_a-malloc.o) (_free_r)
c:/program files (x86)/atollic/truestudio for stm32 9.0.1/armtools/bin/../lib/gcc/arm-atollic-eabi/6.3.1/../../../../arm-atollic-eabi/lib/armv7e-m/fpu\libc_nano.a(lib_a-nano-mallocr.o)
                              c:/program files (x86)/atollic/truestudio for stm32 9.0.1/armtools/bin/../lib/gcc/arm-atollic-eabi/6.3.1/../../../../arm-atollic-eabi/lib/armv7e-m/fpu\libc_nano.a(lib_a-malloc.o) (_malloc_r)
c:/program files (x86)/atollic/truestudio for stm32 9.0.1/armtools/bin/../lib/gcc/arm-atollic-eabi/6.3.1/../../../../arm-atollic-eabi/lib/armv7e-m/fpu\libc_nano.a(lib_a-sbrkr.o)
                              c:/program files (x86)/atollic/truestudio for stm32 9.0.1/armtools/bin/../lib/gcc/arm-atollic-eabi/6.3.1/../../../../arm-atollic-eabi/lib/armv7e-m/fpu\libc_nano.a(lib_a-nano-mallocr.o) (_sbrk_r)
c:/program files (x86)/atollic/truestudio for stm32 9.0.1/armtools/bin/../lib/gcc/arm-atollic-eabi/6.3.1/../../../../arm-atollic-eabi/lib/armv7e-m/fpu\libc_nano.a(lib_a-strlen.o)
                              Drivers\BSP\src\bsp_usb.o (strlen)
c:/program files (x86)/atollic/truestudio for stm32 9.0.1/armtools/bin/../lib/gcc/arm-atollic-eabi/6.3.1/../../../../arm-atollic-eabi/lib/armv7e-m/fpu\libc_nano.a(lib_a-impure.o)
                              c:/program files (x86)/atollic/truestudio for stm32 9.0.1/armtools/bin/../lib/gcc/arm-atollic-eabi/6.3.1/../../../../arm-atollic-eabi/lib/armv7e-m/fpu\libc_nano.a(lib_a-malloc.o) (_impure_ptr)
c:/program files (x86)/atollic/truestudio for stm32 9.0.1/armtools/bin/../lib/gcc/arm-atollic-eabi/6.3.1/../../../../arm-atollic-eabi/lib/armv7e-m/fpu\libc_nano.a(lib_a-mlock.o)
                              c:/program files (x86)/atollic/truestudio for stm32 9.0.1/armtools/bin/../lib/gcc/arm-atollic-eabi/6.3.1/../../../../arm-atollic-eabi/lib/armv7e-m/fpu\libc_nano.a(lib_a-nano-freer.o) (__malloc_lock)
c:/program files (x86)/atollic/truestudio for stm32 9.0.1/armtools/bin/../lib/gcc/arm-atollic-eabi/6.3.1/../../../../arm-atollic-eabi/lib/armv7e-m/fpu\libc_nano.a(lib_a-reent.o)
                              c:/program files (x86)/atollic/truestudio for stm32 9.0.1/armtools/bin/../lib/gcc/arm-atollic-eabi/6.3.1/../../../../arm-atollic-eabi/lib/armv7e-m/fpu\libc_nano.a(lib_a-sbrkr.o) (errno)
c:/program files (x86)/atollic/truestudio for stm32 9.0.1/armtools/bin/../lib/gcc/arm-atollic-eabi/6.3.1/../../../../arm-atollic-eabi/lib/armv7e-m/fpu\libm.a(lib_a-w_log10.o)
                              Core\Src\process.o (log10)
c:/program files (x86)/atollic/truestudio for stm32 9.0.1/armtools/bin/../lib/gcc/arm-atollic-eabi/6.3.1/../../../../arm-atollic-eabi/lib/armv7e-m/fpu\libm.a(lib_a-e_log10.o)
                              c:/program files (x86)/atollic/truestudio for stm32 9.0.1/armtools/bin/../lib/gcc/arm-atollic-eabi/6.3.1/../../../../arm-atollic-eabi/lib/armv7e-m/fpu\libm.a(lib_a-w_log10.o) (__ieee754_log10)
c:/program files (x86)/atollic/truestudio for stm32 9.0.1/armtools/bin/../lib/gcc/arm-atollic-eabi/6.3.1/../../../../arm-atollic-eabi/lib/armv7e-m/fpu\libm.a(lib_a-s_lib_ver.o)
                              c:/program files (x86)/atollic/truestudio for stm32 9.0.1/armtools/bin/../lib/gcc/arm-atollic-eabi/6.3.1/../../../../arm-atollic-eabi/lib/armv7e-m/fpu\libm.a(lib_a-w_log10.o) (__fdlib_version)
c:/program files (x86)/atollic/truestudio for stm32 9.0.1/armtools/bin/../lib/gcc/arm-atollic-eabi/6.3.1/../../../../arm-atollic-eabi/lib/armv7e-m/fpu\libm.a(lib_a-s_matherr.o)
[...]
Memory Configuration

Name             Origin             Length             Attributes
RAM              0x20000000         0x00030000         xrw
CCMRAM           0x10000000         0x00010000         rw
FLASH            0x08000000         0x00100000         xr
USERFLASH        0x0800c000         0x00004000         xr
*default*        0x00000000         0xffffffff

Linker script and memory map

LOAD c:/program files (x86)/atollic/truestudio for stm32 9.0.1/armtools/bin/../lib/gcc/arm-atollic-eabi/6.3.1/armv7e-m/fpu/crti.o
LOAD c:/program files (x86)/atollic/truestudio for stm32 9.0.1/armtools/bin/../lib/gcc/arm-atollic-eabi/6.3.1/armv7e-m/fpu/crtbegin.o
LOAD Core\Src\main.o
LOAD Core\Src\process.o
LOAD Core\Src\protocol.o
LOAD Core\Src\stm32f4xx_hal_msp.o
LOAD Core\Src\stm32f4xx_hal_timebase_TIM.o
LOAD Core\Src\stm32f4xx_it.o
LOAD Core\Src\system_stm32f4xx.o
LOAD Core\Src\tcd1304ap.o
LOAD Drivers\BSP\src\bsp_adc.o
LOAD Drivers\BSP\src\bsp_flash.o
LOAD Drivers\BSP\src\bsp_timers.o
LOAD Drivers\BSP\src\bsp_usb.o
LOAD Drivers\STM32F4xx_HAL_Driver\Src\stm32f4xx_hal.o
LOAD Drivers\STM32F4xx_HAL_Driver\Src\stm32f4xx_hal_adc.o
LOAD Drivers\STM32F4xx_HAL_Driver\Src\stm32f4xx_hal_adc_ex.o
LOAD Drivers\STM32F4xx_HAL_Driver\Src\stm32f4xx_hal_can.o
LOAD Drivers\STM32F4xx_HAL_Driver\Src\stm32f4xx_hal_cortex.o
LOAD Drivers\STM32F4xx_HAL_Driver\Src\stm32f4xx_hal_dma.o
LOAD Drivers\STM32F4xx_HAL_Driver\Src\stm32f4xx_hal_dma_ex.o
LOAD Drivers\STM32F4xx_HAL_Driver\Src\stm32f4xx_hal_flash.o
LOAD Drivers\STM32F4xx_HAL_Driver\Src\stm32f4xx_hal_flash_ex.o
LOAD Drivers\STM32F4xx_HAL_Driver\Src\stm32f4xx_hal_flash_ramfunc.o
LOAD Drivers\STM32F4xx_HAL_Driver\Src\stm32f4xx_hal_gpio.o
LOAD Drivers\STM32F4xx_HAL_Driver\Src\stm32f4xx_hal_pcd.o
LOAD Drivers\STM32F4xx_HAL_Driver\Src\stm32f4xx_hal_pcd_ex.o
LOAD Drivers\STM32F4xx_HAL_Driver\Src\stm32f4xx_hal_pwr.o
LOAD Drivers\STM32F4xx_HAL_Driver\Src\stm32f4xx_hal_pwr_ex.o
LOAD Drivers\STM32F4xx_HAL_Driver\Src\stm32f4xx_hal_rcc.o
LOAD Drivers\STM32F4xx_HAL_Driver\Src\stm32f4xx_hal_rcc_ex.o
LOAD Drivers\STM32F4xx_HAL_Driver\Src\stm32f4xx_hal_spi.o
LOAD Drivers\STM32F4xx_HAL_Driver\Src\stm32f4xx_hal_tim.o
LOAD Drivers\STM32F4xx_HAL_Driver\Src\stm32f4xx_hal_tim_ex.o
LOAD Drivers\STM32F4xx_HAL_Driver\Src\stm32f4xx_ll_usb.o
LOAD Middlewares\ST\STM32_USB_Device_Library\Class\CDC\Src\usbd_cdc.o
LOAD Middlewares\ST\STM32_USB_Device_Library\Core\Src\usb_device.o
LOAD Middlewares\ST\STM32_USB_Device_Library\Core\Src\usbd_cdc_if.o
LOAD Middlewares\ST\STM32_USB_Device_Library\Core\Src\usbd_conf.o
LOAD Middlewares\ST\STM32_USB_Device_Library\Core\Src\usbd_core.o
LOAD Middlewares\ST\STM32_USB_Device_Library\Core\Src\usbd_ctlreq.o
LOAD Middlewares\ST\STM32_USB_Device_Library\Core\Src\usbd_desc.o
LOAD Middlewares\ST\STM32_USB_Device_Library\Core\Src\usbd_ioreq.o
LOAD Middlewares\Third_Party\FreeRTOS\Source\CMSIS_RTOS\cmsis_os.o
LOAD Middlewares\Third_Party\FreeRTOS\Source\croutine.o
LOAD Middlewares\Third_Party\FreeRTOS\Source\event_groups.o
LOAD Middlewares\Third_Party\FreeRTOS\Source\freertos.o
LOAD Middlewares\Third_Party\FreeRTOS\Source\list.o
LOAD Middlewares\Third_Party\FreeRTOS\Source\portable\MemMang\heap_4.o
LOAD Middlewares\Third_Party\FreeRTOS\Source\portable\RVDS\ARM_CM4F\port.o
LOAD Middlewares\Third_Party\FreeRTOS\Source\queue.o
LOAD Middlewares\Third_Party\FreeRTOS\Source\tasks.o
LOAD Middlewares\Third_Party\FreeRTOS\Source\timers.o
LOAD startup\startup_stm32f429xx.o
                0x00000080                malloc_getpagesize_P = 0x80
START GROUP
LOAD c:/program files (x86)/atollic/truestudio for stm32 9.0.1/armtools/bin/../lib/gcc/arm-atollic-eabi/6.3.1/../../../../arm-atollic-eabi/lib/armv7e-m/fpu\libc_nano.a
LOAD c:/program files (x86)/atollic/truestudio for stm32 9.0.1/armtools/bin/../lib/gcc/arm-atollic-eabi/6.3.1/../../../../arm-atollic-eabi/lib/armv7e-m/fpu\libm.a
END GROUP
START GROUP
LOAD c:/program files (x86)/atollic/truestudio for stm32 9.0.1/armtools/bin/../lib/gcc/arm-atollic-eabi/6.3.1/armv7e-m/fpu\libgcc.a
LOAD c:/program files (x86)/atollic/truestudio for stm32 9.0.1/armtools/bin/../lib/gcc/arm-atollic-eabi/6.3.1/../../../../arm-atollic-eabi/lib/armv7e-m/fpu\libc_nano.a
END GROUP
START GROUP
LOAD c:/program files (x86)/atollic/truestudio for stm32 9.0.1/armtools/bin/../lib/gcc/arm-atollic-eabi/6.3.1/armv7e-m/fpu\libgcc.a
LOAD c:/program files (x86)/atollic/truestudio for stm32 9.0.1/armtools/bin/../lib/gcc/arm-atollic-eabi/6.3.1/../../../../arm-atollic-eabi/lib/armv7e-m/fpu\libc_nano.a
LOAD c:/program files (x86)/atollic/truestudio for stm32 9.0.1/armtools/bin/../lib/gcc/arm-atollic-eabi/6.3.1/../../../../arm-atollic-eabi/lib/armv7e-m/fpu\libnosys.a
END GROUP
START GROUP
LOAD c:/program files (x86)/atollic/truestudio for stm32 9.0.1/armtools/bin/../lib/gcc/arm-atollic-eabi/6.3.1/armv7e-m/fpu\libgcc.a
LOAD c:/program files (x86)/atollic/truestudio for stm32 9.0.1/armtools/bin/../lib/gcc/arm-atollic-eabi/6.3.1/../../../../arm-atollic-eabi/lib/armv7e-m/fpu\libc_nano.a
LOAD c:/program files (x86)/atollic/truestudio for stm32 9.0.1/armtools/bin/../lib/gcc/arm-atollic-eabi/6.3.1/../../../../arm-atollic-eabi/lib/armv7e-m/fpu\libnosys.a
END GROUP
LOAD c:/program files (x86)/atollic/truestudio for stm32 9.0.1/armtools/bin/../lib/gcc/arm-atollic-eabi/6.3.1/armv7e-m/fpu/crtend.o
LOAD c:/program files (x86)/atollic/truestudio for stm32 9.0.1/armtools/bin/../lib/gcc/arm-atollic-eabi/6.3.1/armv7e-m/fpu/crtn.o
                0x20030000                _estack = 0x20030000
                0x00000000                _Min_Heap_Size = 0x0
                0x00000400                _Min_Stack_Size = 0x400

.isr_vector     0x08000000      0x1ac
                0x08000000                . = ALIGN (0x4)
 *(.isr_vector)
 .isr_vector    0x08000000      0x1ac startup\startup_stm32f429xx.o
                0x08000000                g_pfnVectors
                0x080001ac                . = ALIGN (0x4)

.text           0x080001b0     0x7a48
                0x080001b0                . = ALIGN (0x4)
 *(.text)
 .text          0x080001b0       0x40 c:/program files (x86)/atollic/truestudio for stm32 9.0.1/armtools/bin/../lib/gcc/arm-atollic-eabi/6.3.1/armv7e-m/fpu/crtbegin.o
 .text          0x080001f0      0x370 c:/program files (x86)/atollic/truestudio for stm32 9.0.1/armtools/bin/../lib/gcc/arm-atollic-eabi/6.3.1/armv7e-m/fpu\libgcc.a(_arm_addsubdf3.o)
                0x080001f0                __aeabi_drsub
                0x080001f8                __aeabi_dsub
                0x080001f8                __subdf3
                0x080001fc                __aeabi_dadd
                0x080001fc                __adddf3
                0x08000474                __floatunsidf
                0x08000474                __aeabi_ui2d
                0x08000494                __floatsidf
                0x08000494                __aeabi_i2d
                0x080004b8                __aeabi_f2d
                0x080004b8                __extendsfdf2
                0x080004f4                __floatundidf
                0x080004f4                __aeabi_ul2d
                0x08000504                __floatdidf
                0x08000504                __aeabi_l2d
 .text          0x08000560      0x424 c:/program files (x86)/atollic/truestudio for stm32 9.0.1/armtools/bin/../lib/gcc/arm-atollic-eabi/6.3.1/armv7e-m/fpu\libgcc.a(_arm_muldivdf3.o)
                0x08000560                __aeabi_dmul
                0x08000560                __muldf3
                0x080007b4                __divdf3
                0x080007b4                __aeabi_ddiv
 .text          0x08000984      0x110 c:/program files (x86)/atollic/truestudio for stm32 9.0.1/armtools/bin/../lib/gcc/arm-atollic-eabi/6.3.1/armv7e-m/fpu\libgcc.a(_arm_cmpdf2.o)
                0x08000984                __gtdf2
                0x08000984                __gedf2
                0x0800098c                __ltdf2
                0x0800098c                __ledf2
                0x08000994                __nedf2
                0x08000994                __eqdf2
                0x08000994                __cmpdf2
                0x08000a10                __aeabi_cdrcmple
                0x08000a20                __aeabi_cdcmpeq
                0x08000a20                __aeabi_cdcmple
                0x08000a30                __aeabi_dcmpeq
                0x08000a44                __aeabi_dcmplt
                0x08000a58                __aeabi_dcmple
                0x08000a6c                __aeabi_dcmpge
                0x08000a80                __aeabi_dcmpgt
 .text          0x08000a94       0x2c c:/program files (x86)/atollic/truestudio for stm32 9.0.1/armtools/bin/../lib/gcc/arm-atollic-eabi/6.3.1/armv7e-m/fpu\libgcc.a(_arm_unorddf2.o)
                0x08000a94                __unorddf2
                0x08000a94                __aeabi_dcmpun
 .text          0x08000ac0       0xa0 c:/program files (x86)/atollic/truestudio for stm32 9.0.1/armtools/bin/../lib/gcc/arm-atollic-eabi/6.3.1/armv7e-m/fpu\libgcc.a(_arm_truncdfsf2.o)
                0x08000ac0                __truncdfsf2
                0x08000ac0                __aeabi_d2f
 .text          0x08000b60       0x30 c:/program files (x86)/atollic/truestudio for stm32 9.0.1/armtools/bin/../lib/gcc/arm-atollic-eabi/6.3.1/armv7e-m/fpu\libgcc.a(_aeabi_uldivmod.o)
                0x08000b60                __aeabi_uldivmod
 .text          0x08000b90      0x2dc c:/program files (x86)/atollic/truestudio for stm32 9.0.1/armtools/bin/../lib/gcc/arm-atollic-eabi/6.3.1/armv7e-m/fpu\libgcc.a(_udivmoddi4.o)
                0x08000b90                __udivmoddi4
 .text          0x08000e6c        0x4 c:/program files (x86)/atollic/truestudio for stm32 9.0.1/armtools/bin/../lib/gcc/arm-atollic-eabi/6.3.1/armv7e-m/fpu\libgcc.a(_dvmd_tls.o)
                0x08000e6c                __aeabi_idiv0
                0x08000e6c                __aeabi_ldiv0
 *(.text*)
 .text.mainTask
                0x08000e70       0x3c Core\Src\main.o
                0x08000e70                mainTask
 .text.systemClock_Config
                0x08000eac       0xb8 Core\Src\main.o
                0x08000eac                systemClock_Config
 .text.portClkInit
                0x08000f64       0x60 Core\Src\main.o
                0x08000f64                portClkInit
 .text.startup.main
                0x08000fc4       0x3c Core\Src\main.o
                0x08000fc4                main
 .text.HAL_TIM_PeriodElapsedCallback
                0x08001000       0x44 Core\Src\main.o
                0x08001000                HAL_TIM_PeriodElapsedCallback
 .text.GetRunTimeStatsValue
                0x08001044        0xc Core\Src\main.o
                0x08001044                GetRunTimeStatsValue
 .text.SetupRunTimeStatsTimer
                0x08001050       0x78 Core\Src\main.o
                0x08001050                SetupRunTimeStatsTimer
 .text._Error_Handler
                0x080010c8        0x2 Core\Src\main.o
                0x080010c8                _Error_Handler
 *fill*         0x080010ca        0x2 
 .text.Process_Init
                0x080010cc       0x10 Core\Src\process.o
                0x080010cc                Process_Init
 .text.Process_BackgroundUpdate
                0x080010dc       0x48 Core\Src\process.o
                0x080010dc                Process_BackgroundUpdate
 .text.Process_OpticalDensityCalculate
                0x08001124       0x7c Core\Src\process.o
                0x08001124                Process_OpticalDensityCalculate
 .text.Process_Update
                0x080011a0      0x108 Core\Src\process.o
                0x080011a0                Process_Update
 .text.Process_GetSourcelData
                0x080012a8       0x1c Core\Src\process.o
                0x080012a8                Process_GetSourcelData
 .text.Protocol_CreatePacket
                0x080012c4       0x54 Core\Src\protocol.o
                0x080012c4                Protocol_CreatePacket
 .text.Protocol_GetPacketFromStream
                0x08001318       0xc8 Core\Src\protocol.o
                0x08001318                Protocol_GetPacketFromStream
 .text.Protocol_SendLinearSensorDataPack
                0x080013e0       0x44 Core\Src\protocol.o
                0x080013e0                Protocol_SendLinearSensorDataPack
 .text.Protocol_SendLinearSensorData
                0x08001424       0x46 Core\Src\protocol.o
                0x08001424                Protocol_SendLinearSensorData
 .text.Protocol_SendPingResponse
                0x0800146a       0x22 Core\Src\protocol.o
                0x0800146a                Protocol_SendPingResponse
 .text.Protocol_RxPackageAnalysis
                0x0800148c      0x128 Core\Src\protocol.o
                0x0800148c                Protocol_RxPackageAnalysis
 .text.HAL_MspInit
                0x080015b4       0x60 Core\Src\stm32f4xx_hal_msp.o
                0x080015b4                HAL_MspInit
 .text.HAL_TIM_PWM_MspInit
                0x08001614      0x100 Core\Src\stm32f4xx_hal_msp.o
                0x08001614                HAL_TIM_PWM_MspInit
 .text.HAL_TIM_Base_MspInit
                0x08001714       0x70 Core\Src\stm32f4xx_hal_msp.o
                0x08001714                HAL_TIM_Base_MspInit
 .text.HAL_ADC_MspInit
                0x08001784      0x1a0 Core\Src\stm32f4xx_hal_msp.o
                0x08001784                HAL_ADC_MspInit
 .text.HAL_InitTick
                0x08001924       0x7c Core\Src\stm32f4xx_hal_timebase_TIM.o
                0x08001924                HAL_InitTick
 .text.NMI_Handler
                0x080019a0        0x2 Core\Src\stm32f4xx_it.o
                0x080019a0                NMI_Handler
 .text.HardFault_Handler
                0x080019a2        0x2 Core\Src\stm32f4xx_it.o
                0x080019a2                HardFault_Handler
 .text.MemManage_Handler
                0x080019a4        0x2 Core\Src\stm32f4xx_it.o
                0x080019a4                MemManage_Handler
 .text.BusFault_Handler
                0x080019a6        0x2 Core\Src\stm32f4xx_it.o
                0x080019a6                BusFault_Handler
 .text.UsageFault_Handler
                0x080019a8        0x2 Core\Src\stm32f4xx_it.o
                0x080019a8                UsageFault_Handler
 .text.DebugMon_Handler
                0x080019aa        0x2 Core\Src\stm32f4xx_it.o
                0x080019aa                DebugMon_Handler
 .text.SysTick_Handler
                0x080019ac        0x4 Core\Src\stm32f4xx_it.o
                0x080019ac                SysTick_Handler
 .text.TIM1_UP_TIM10_IRQHandler
                0x080019b0        0xc Core\Src\stm32f4xx_it.o
                0x080019b0                TIM1_UP_TIM10_IRQHandler
 .text.OTG_FS_IRQHandler
                0x080019bc        0xc Core\Src\stm32f4xx_it.o
                0x080019bc                OTG_FS_IRQHandler
 .text.TIM7_IRQHandler
                0x080019c8        0xc Core\Src\stm32f4xx_it.o
                0x080019c8                TIM7_IRQHandler
 .text.TIM2_IRQHandler
                0x080019d4        0xc Core\Src\stm32f4xx_it.o
                0x080019d4                TIM2_IRQHandler
 .text.TIM3_IRQHandler
                0x080019e0        0xc Core\Src\stm32f4xx_it.o
                0x080019e0                TIM3_IRQHandler
 .text.TIM4_IRQHandler
                0x080019ec        0xc Core\Src\stm32f4xx_it.o
                0x080019ec                TIM4_IRQHandler
 .text.DMA2_Stream0_IRQHandler
                0x080019f8        0xc Core\Src\stm32f4xx_it.o
                0x080019f8                DMA2_Stream0_IRQHandler
 .text.DMA2_Stream2_IRQHandler
                0x08001a04        0xc Core\Src\stm32f4xx_it.o
                0x08001a04                DMA2_Stream2_IRQHandler
 .text.ADC_IRQHandler
                0x08001a10        0xc Core\Src\stm32f4xx_it.o
                0x08001a10                ADC_IRQHandler
 .text.SystemInit
                0x08001a1c       0x4c Core\Src\system_stm32f4xx.o
                0x08001a1c                SystemInit
 .text.TCD1304_Task
                0x08001a68       0x58 Core\Src\tcd1304ap.o
                0x08001a68                TCD1304_Task
 .text.TCD1304_Init
                0x08001ac0       0x98 Core\Src\tcd1304ap.o
                0x08001ac0                TCD1304_Init
 .text.TCD1304_Start
                0x08001b58       0x34 Core\Src\tcd1304ap.o
                0x08001b58                TCD1304_Start
 .text.TCD1304_DataCallback
                0x08001b8c       0x38 Core\Src\tcd1304ap.o
                0x08001b8c                TCD1304_DataCallback
 .text.HAL_TIM_PWM_PulseFinishedCallback
                0x08001bc4       0x4c Core\Src\tcd1304ap.o
                0x08001bc4                HAL_TIM_PWM_PulseFinishedCallback
 .text.TCD1304_SampleTimerCallback
                0x08001c10       0x74 Core\Src\tcd1304ap.o
                0x08001c10                TCD1304_SampleTimerCallback
 .text.BSP_ADC_Init
                0x08001c84      0x14c Drivers\BSP\src\bsp_adc.o
                0x08001c84                BSP_ADC_Init
 .text.BSP_ADC_Start
                0x08001dd0       0x44 Drivers\BSP\src\bsp_adc.o
                0x08001dd0                BSP_ADC_Start
 .text.HAL_ADC_ConvCpltCallback
                0x08001e14        0x2 Drivers\BSP\src\bsp_adc.o
                0x08001e14                HAL_ADC_ConvCpltCallback
 *fill*         0x08001e16        0x2 
 .text.BSP_GetADCBuf1Value
                0x08001e18        0x8 Drivers\BSP\src\bsp_adc.o
                0x08001e18                BSP_GetADCBuf1Value
 .text.BSP_GetADCBuf2Value
                0x08001e20        0x8 Drivers\BSP\src\bsp_adc.o
                0x08001e20                BSP_GetADCBuf2Value
 .text.BSP_Flash_Init
                0x08001e28       0x48 Drivers\BSP\src\bsp_flash.o
                0x08001e28                BSP_Flash_Init
 .text.BSP_Flash_StartWrite
                0x08001e70       0x14 Drivers\BSP\src\bsp_flash.o
                0x08001e70                BSP_Flash_StartWrite
 .text.BSP_Flash_WriteData
                0x08001e84       0xb8 Drivers\BSP\src\bsp_flash.o
                0x08001e84                BSP_Flash_WriteData
 .text.BSP_Flash_Task
                0x08001f3c       0x2c Drivers\BSP\src\bsp_flash.o
                0x08001f3c                BSP_Flash_Task
 .text.BSP_Flash_ReadData
                0x08001f68       0x14 Drivers\BSP\src\bsp_flash.o
                0x08001f68                BSP_Flash_ReadData
 .text.BSP_TIM2PWM_Start
                0x08001f7c       0x24 Drivers\BSP\src\bsp_timers.o
                0x08001f7c                BSP_TIM2PWM_Start
 .text.BSP_TIM2PWM_Init
                0x08001fa0       0x90 Drivers\BSP\src\bsp_timers.o
                0x08001fa0                BSP_TIM2PWM_Init
 .text.BSP_TIM4ADC_Init
                0x08002030       0x48 Drivers\BSP\src\bsp_timers.o
                0x08002030                BSP_TIM4ADC_Init
 .text.BSP_TIM4ADC_Start
                0x08002078       0x20 Drivers\BSP\src\bsp_timers.o
                0x08002078                BSP_TIM4ADC_Start
 .text.BSP_TIM4ADC_Stop
                0x08002098       0x20 Drivers\BSP\src\bsp_timers.o
                0x08002098                BSP_TIM4ADC_Stop
 .text.BSP_Usb_TxTask
                0x080020b8       0x38 Drivers\BSP\src\bsp_usb.o
                0x080020b8                BSP_Usb_TxTask
 .text.BSP_Usb_RxTask
                0x080020f0       0x48 Drivers\BSP\src\bsp_usb.o
                0x080020f0                BSP_Usb_RxTask
 .text.BSP_Usb_Init
                0x08002138       0x84 Drivers\BSP\src\bsp_usb.o
                0x08002138                BSP_Usb_Init
 .text.BSP_Usb_ReceiveCallback
                0x080021bc       0x60 Drivers\BSP\src\bsp_usb.o
                0x080021bc                BSP_Usb_ReceiveCallback
 .text.BSP_Usb_SendPackage
                0x0800221c       0x24 Drivers\BSP\src\bsp_usb.o
                0x0800221c                BSP_Usb_SendPackage
 .text.HAL_Init
                0x08002240       0x34 Drivers\STM32F4xx_HAL_Driver\Src\stm32f4xx_hal.o
                0x08002240                HAL_Init
 .text.HAL_IncTick
                0x08002274       0x18 Drivers\STM32F4xx_HAL_Driver\Src\stm32f4xx_hal.o
                0x08002274                HAL_IncTick
 .text.HAL_GetTick
                0x0800228c        0xc Drivers\STM32F4xx_HAL_Driver\Src\stm32f4xx_hal.o
                0x0800228c                HAL_GetTick
 .text.HAL_Delay
                0x08002298       0x28 Drivers\STM32F4xx_HAL_Driver\Src\stm32f4xx_hal.o
                0x08002298                HAL_Delay
 .text.HAL_ADC_Init
                0x080022c0      0x148 Drivers\STM32F4xx_HAL_Driver\Src\stm32f4xx_hal_adc.o
                0x080022c0                HAL_ADC_Init
 .text.HAL_ADC_Start_DMA
                0x08002408      0x100 Drivers\STM32F4xx_HAL_Driver\Src\stm32f4xx_hal_adc.o
                0x08002408                HAL_ADC_Start_DMA
 .text.ADC_DMAConvCplt
                0x08002508       0x60 Drivers\STM32F4xx_HAL_Driver\Src\stm32f4xx_hal_adc.o
 .text.HAL_ADC_ConvHalfCpltCallback
                0x08002568        0x2 Drivers\STM32F4xx_HAL_Driver\Src\stm32f4xx_hal_adc.o
                0x08002568                HAL_ADC_ConvHalfCpltCallback
 .text.ADC_DMAHalfConvCplt
                0x0800256a        0xa Drivers\STM32F4xx_HAL_Driver\Src\stm32f4xx_hal_adc.o
 .text.HAL_ADC_LevelOutOfWindowCallback
                0x08002574        0x2 Drivers\STM32F4xx_HAL_Driver\Src\stm32f4xx_hal_adc.o
                0x08002574                HAL_ADC_LevelOutOfWindowCallback
 .text.HAL_ADC_ErrorCallback
                0x08002576        0x2 Drivers\STM32F4xx_HAL_Driver\Src\stm32f4xx_hal_adc.o
                0x08002576                HAL_ADC_ErrorCallback
 .text.HAL_ADC_IRQHandler
                0x08002578      0x128 Drivers\STM32F4xx_HAL_Driver\Src\stm32f4xx_hal_adc.o
                0x08002578                HAL_ADC_IRQHandler
 .text.ADC_DMAError
                0x080026a0       0x16 Drivers\STM32F4xx_HAL_Driver\Src\stm32f4xx_hal_adc.o
 *fill*         0x080026b6        0x2 
 .text.HAL_ADC_ConfigChannel
                0x080026b8      0x130 Drivers\STM32F4xx_HAL_Driver\Src\stm32f4xx_hal_adc.o
                0x080026b8                HAL_ADC_ConfigChannel
 .text.HAL_ADCEx_InjectedConvCpltCallback
                0x080027e8        0x2 Drivers\STM32F4xx_HAL_Driver\Src\stm32f4xx_hal_adc_ex.o
                0x080027e8                HAL_ADCEx_InjectedConvCpltCallback
 *fill*         0x080027ea        0x2 
 .text.HAL_NVIC_SetPriorityGrouping
                0x080027ec       0x24 Drivers\STM32F4xx_HAL_Driver\Src\stm32f4xx_hal_cortex.o
                0x080027ec                HAL_NVIC_SetPriorityGrouping
 .text.HAL_NVIC_SetPriority
                0x08002810       0x68 Drivers\STM32F4xx_HAL_Driver\Src\stm32f4xx_hal_cortex.o
                0x08002810                HAL_NVIC_SetPriority
 .text.HAL_NVIC_EnableIRQ
                0x08002878       0x18 Drivers\STM32F4xx_HAL_Driver\Src\stm32f4xx_hal_cortex.o
                0x08002878                HAL_NVIC_EnableIRQ
 .text.HAL_SYSTICK_Config
                0x08002890       0x2c Drivers\STM32F4xx_HAL_Driver\Src\stm32f4xx_hal_cortex.o
                0x08002890                HAL_SYSTICK_Config
 .text.HAL_SYSTICK_CLKSourceConfig
                0x080028bc       0x18 Drivers\STM32F4xx_HAL_Driver\Src\stm32f4xx_hal_cortex.o
                0x080028bc                HAL_SYSTICK_CLKSourceConfig
 .text.DMA_CalcBaseAndBitshift
                0x080028d4       0x2c Drivers\STM32F4xx_HAL_Driver\Src\stm32f4xx_hal_dma.o
 .text.HAL_DMA_Init
                0x08002900       0xfc Drivers\STM32F4xx_HAL_Driver\Src\stm32f4xx_hal_dma.o
                0x08002900                HAL_DMA_Init
 .text.HAL_DMA_Start_IT
                0x080029fc       0x7c Drivers\STM32F4xx_HAL_Driver\Src\stm32f4xx_hal_dma.o
                0x080029fc                HAL_DMA_Start_IT
 .text.HAL_DMA_IRQHandler
                0x08002a78      0x174 Drivers\STM32F4xx_HAL_Driver\Src\stm32f4xx_hal_dma.o
                0x08002a78                HAL_DMA_IRQHandler
 .text.FLASH_Program_DoubleWord
                0x08002bec       0x28 Drivers\STM32F4xx_HAL_Driver\Src\stm32f4xx_hal_flash.o
 .text.FLASH_Program_Word
                0x08002c14       0x24 Drivers\STM32F4xx_HAL_Driver\Src\stm32f4xx_hal_flash.o
 .text.FLASH_Program_HalfWord
                0x08002c38       0x24 Drivers\STM32F4xx_HAL_Driver\Src\stm32f4xx_hal_flash.o
 .text.FLASH_SetErrorCode
                0x08002c5c       0x8c Drivers\STM32F4xx_HAL_Driver\Src\stm32f4xx_hal_flash.o
 .text.HAL_FLASH_Unlock
                0x08002ce8       0x24 Drivers\STM32F4xx_HAL_Driver\Src\stm32f4xx_hal_flash.o
                0x08002ce8                HAL_FLASH_Unlock
 .text.HAL_FLASH_Lock
                0x08002d0c       0x14 Drivers\STM32F4xx_HAL_Driver\Src\stm32f4xx_hal_flash.o
                0x08002d0c                HAL_FLASH_Lock
 .text.FLASH_WaitForLastOperation
                0x08002d20       0x54 Drivers\STM32F4xx_HAL_Driver\Src\stm32f4xx_hal_flash.o
                0x08002d20                FLASH_WaitForLastOperation
 .text.HAL_FLASH_Program
                0x08002d74       0x90 Drivers\STM32F4xx_HAL_Driver\Src\stm32f4xx_hal_flash.o
                0x08002d74                HAL_FLASH_Program
 .text.FLASH_MassErase
                0x08002e04       0x38 Drivers\STM32F4xx_HAL_Driver\Src\stm32f4xx_hal_flash_ex.o
 .text.FLASH_Erase_Sector
                0x08002e3c       0x50 Drivers\STM32F4xx_HAL_Driver\Src\stm32f4xx_hal_flash_ex.o
                0x08002e3c                FLASH_Erase_Sector
 .text.FLASH_FlushCaches
                0x08002e8c       0x58 Drivers\STM32F4xx_HAL_Driver\Src\stm32f4xx_hal_flash_ex.o
                0x08002e8c                FLASH_FlushCaches
 .text.HAL_FLASHEx_Erase
                0x08002ee4       0xa4 Drivers\STM32F4xx_HAL_Driver\Src\stm32f4xx_hal_flash_ex.o
                0x08002ee4                HAL_FLASHEx_Erase
 .text.HAL_GPIO_Init
                0x08002f88      0x1d8 Drivers\STM32F4xx_HAL_Driver\Src\stm32f4xx_hal_gpio.o
                0x08002f88                HAL_GPIO_Init
 .text.HAL_GPIO_WritePin
                0x08003160        0xa Drivers\STM32F4xx_HAL_Driver\Src\stm32f4xx_hal_gpio.o
                0x08003160                HAL_GPIO_WritePin
 .text.HAL_PCD_Init
                0x0800316a       0xd8 Drivers\STM32F4xx_HAL_Driver\Src\stm32f4xx_hal_pcd.o
                0x0800316a                HAL_PCD_Init
 .text.HAL_PCD_Start
                0x08003242       0x2a Drivers\STM32F4xx_HAL_Driver\Src\stm32f4xx_hal_pcd.o
                0x08003242                HAL_PCD_Start
 .text.HAL_PCD_IRQHandler
                0x0800326c      0x558 Drivers\STM32F4xx_HAL_Driver\Src\stm32f4xx_hal_pcd.o
                0x0800326c                HAL_PCD_IRQHandler
 .text.HAL_PCD_SetAddress
                0x080037c4       0x24 Drivers\STM32F4xx_HAL_Driver\Src\stm32f4xx_hal_pcd.o
                0x080037c4                HAL_PCD_SetAddress
 .text.HAL_PCD_EP_Open
                0x080037e8       0x5c Drivers\STM32F4xx_HAL_Driver\Src\stm32f4xx_hal_pcd.o
                0x080037e8                HAL_PCD_EP_Open
 .text.HAL_PCD_EP_Close
                0x08003844       0x46 Drivers\STM32F4xx_HAL_Driver\Src\stm32f4xx_hal_pcd.o
                0x08003844                HAL_PCD_EP_Close
 .text.HAL_PCD_EP_Receive
                0x0800388a       0x48 Drivers\STM32F4xx_HAL_Driver\Src\stm32f4xx_hal_pcd.o
                0x0800388a                HAL_PCD_EP_Receive
 .text.HAL_PCD_EP_GetRxCount
                0x080038d2       0x10 Drivers\STM32F4xx_HAL_Driver\Src\stm32f4xx_hal_pcd.o
                0x080038d2                HAL_PCD_EP_GetRxCount
 .text.HAL_PCD_EP_Transmit
                0x080038e2       0x40 Drivers\STM32F4xx_HAL_Driver\Src\stm32f4xx_hal_pcd.o
                0x080038e2                HAL_PCD_EP_Transmit
 .text.HAL_PCD_EP_SetStall
                0x08003922       0x58 Drivers\STM32F4xx_HAL_Driver\Src\stm32f4xx_hal_pcd.o
                0x08003922                HAL_PCD_EP_SetStall
 .text.HAL_PCD_EP_ClrStall
                0x0800397a       0x4a Drivers\STM32F4xx_HAL_Driver\Src\stm32f4xx_hal_pcd.o
                0x0800397a                HAL_PCD_EP_ClrStall
 .text.HAL_PCDEx_SetTxFiFo
                0x080039c4       0x42 Drivers\STM32F4xx_HAL_Driver\Src\stm32f4xx_hal_pcd_ex.o
                0x080039c4                HAL_PCDEx_SetTxFiFo
 .text.HAL_PCDEx_SetRxFiFo
                0x08003a06        0x8 Drivers\STM32F4xx_HAL_Driver\Src\stm32f4xx_hal_pcd_ex.o
                0x08003a06                HAL_PCDEx_SetRxFiFo
 *fill*         0x08003a0e        0x2 
 .text.HAL_RCC_OscConfig
                0x08003a10      0x304 Drivers\STM32F4xx_HAL_Driver\Src\stm32f4xx_hal_rcc.o
                0x08003a10                HAL_RCC_OscConfig
 .text.HAL_RCC_MCOConfig
                0x08003d14       0x98 Drivers\STM32F4xx_HAL_Driver\Src\stm32f4xx_hal_rcc.o
                0x08003d14                HAL_RCC_MCOConfig
 .text.HAL_RCC_GetSysClockFreq
                0x08003dac       0x5c Drivers\STM32F4xx_HAL_Driver\Src\stm32f4xx_hal_rcc.o
                0x08003dac                HAL_RCC_GetSysClockFreq
 .text.HAL_RCC_ClockConfig
                0x08003e08      0x134 Drivers\STM32F4xx_HAL_Driver\Src\stm32f4xx_hal_rcc.o
                0x08003e08                HAL_RCC_ClockConfig
 .text.HAL_RCC_GetHCLKFreq
                0x08003f3c        0xc Drivers\STM32F4xx_HAL_Driver\Src\stm32f4xx_hal_rcc.o
                0x08003f3c                HAL_RCC_GetHCLKFreq
 .text.HAL_RCC_GetPCLK2Freq
                0x08003f48       0x20 Drivers\STM32F4xx_HAL_Driver\Src\stm32f4xx_hal_rcc.o
                0x08003f48                HAL_RCC_GetPCLK2Freq
 .text.HAL_RCC_GetClockConfig
                0x08003f68       0x3c Drivers\STM32F4xx_HAL_Driver\Src\stm32f4xx_hal_rcc.o
                0x08003f68                HAL_RCC_GetClockConfig
 .text.TIM_OC1_SetConfig
                0x08003fa4       0x58 Drivers\STM32F4xx_HAL_Driver\Src\stm32f4xx_hal_tim.o
 .text.TIM_OC3_SetConfig
                0x08003ffc       0x60 Drivers\STM32F4xx_HAL_Driver\Src\stm32f4xx_hal_tim.o
 .text.TIM_OC4_SetConfig
                0x0800405c       0x50 Drivers\STM32F4xx_HAL_Driver\Src\stm32f4xx_hal_tim.o
 .text.HAL_TIM_Base_Start_IT
                0x080040ac       0x16 Drivers\STM32F4xx_HAL_Driver\Src\stm32f4xx_hal_tim.o
                0x080040ac                HAL_TIM_Base_Start_IT
 .text.HAL_TIM_Base_Stop_IT
                0x080040c2       0x2a Drivers\STM32F4xx_HAL_Driver\Src\stm32f4xx_hal_tim.o
                0x080040c2                HAL_TIM_Base_Stop_IT
 .text.HAL_TIM_OC_DelayElapsedCallback
                0x080040ec        0x2 Drivers\STM32F4xx_HAL_Driver\Src\stm32f4xx_hal_tim.o
                0x080040ec                HAL_TIM_OC_DelayElapsedCallback
 .text.HAL_TIM_IC_CaptureCallback
                0x080040ee        0x2 Drivers\STM32F4xx_HAL_Driver\Src\stm32f4xx_hal_tim.o
                0x080040ee                HAL_TIM_IC_CaptureCallback
 .text.HAL_TIM_TriggerCallback
                0x080040f0        0x2 Drivers\STM32F4xx_HAL_Driver\Src\stm32f4xx_hal_tim.o
                0x080040f0                HAL_TIM_TriggerCallback
 .text.HAL_TIM_IRQHandler
                0x080040f2      0x144 Drivers\STM32F4xx_HAL_Driver\Src\stm32f4xx_hal_tim.o
                0x080040f2                HAL_TIM_IRQHandler
 *fill*         0x08004236        0x2 
 .text.TIM_Base_SetConfig
                0x08004238       0xc8 Drivers\STM32F4xx_HAL_Driver\Src\stm32f4xx_hal_tim.o
                0x08004238                TIM_Base_SetConfig
 .text.HAL_TIM_Base_Init
                0x08004300       0x34 Drivers\STM32F4xx_HAL_Driver\Src\stm32f4xx_hal_tim.o
                0x08004300                HAL_TIM_Base_Init
 .text.HAL_TIM_PWM_Init
                0x08004334       0x34 Drivers\STM32F4xx_HAL_Driver\Src\stm32f4xx_hal_tim.o
                0x08004334                HAL_TIM_PWM_Init
 .text.TIM_OC2_SetConfig
                0x08004368       0x60 Drivers\STM32F4xx_HAL_Driver\Src\stm32f4xx_hal_tim.o
                0x08004368                TIM_OC2_SetConfig
 .text.HAL_TIM_PWM_ConfigChannel
                0x080043c8       0xc4 Drivers\STM32F4xx_HAL_Driver\Src\stm32f4xx_hal_tim.o
                0x080043c8                HAL_TIM_PWM_ConfigChannel
 .text.TIM_CCxChannelCmd
                0x0800448c       0x18 Drivers\STM32F4xx_HAL_Driver\Src\stm32f4xx_hal_tim.o
                0x0800448c                TIM_CCxChannelCmd
 .text.HAL_TIM_PWM_Start
                0x080044a4       0x34 Drivers\STM32F4xx_HAL_Driver\Src\stm32f4xx_hal_tim.o
                0x080044a4                HAL_TIM_PWM_Start
 .text.HAL_TIM_PWM_Start_IT
                0x080044d8       0x74 Drivers\STM32F4xx_HAL_Driver\Src\stm32f4xx_hal_tim.o
                0x080044d8                HAL_TIM_PWM_Start_IT
 .text.HAL_TIMEx_CommutationCallback
                0x0800454c        0x2 Drivers\STM32F4xx_HAL_Driver\Src\stm32f4xx_hal_tim_ex.o
                0x0800454c                HAL_TIMEx_CommutationCallback
 .text.HAL_TIMEx_BreakCallback
                0x0800454e        0x2 Drivers\STM32F4xx_HAL_Driver\Src\stm32f4xx_hal_tim_ex.o
                0x0800454e                HAL_TIMEx_BreakCallback
 .text.USB_CoreInit
                0x08004550       0x74 Drivers\STM32F4xx_HAL_Driver\Src\stm32f4xx_ll_usb.o
                0x08004550                USB_CoreInit
 .text.USB_EnableGlobalInt
                0x080045c4        0xc Drivers\STM32F4xx_HAL_Driver\Src\stm32f4xx_ll_usb.o
                0x080045c4                USB_EnableGlobalInt
 .text.USB_DisableGlobalInt
                0x080045d0        0xc Drivers\STM32F4xx_HAL_Driver\Src\stm32f4xx_ll_usb.o
                0x080045d0                USB_DisableGlobalInt
 .text.USB_SetCurrentMode
                0x080045dc       0x2e Drivers\STM32F4xx_HAL_Driver\Src\stm32f4xx_ll_usb.o
                0x080045dc                USB_SetCurrentMode
 *fill*         0x0800460a        0x2 
 .text.USB_DevInit
                0x0800460c      0x138 Drivers\STM32F4xx_HAL_Driver\Src\stm32f4xx_ll_usb.o
                0x0800460c                USB_DevInit
 .text.USB_FlushTxFifo
                0x08004744       0x24 Drivers\STM32F4xx_HAL_Driver\Src\stm32f4xx_ll_usb.o
                0x08004744                USB_FlushTxFifo
 .text.USB_FlushRxFifo
                0x08004768       0x20 Drivers\STM32F4xx_HAL_Driver\Src\stm32f4xx_ll_usb.o
                0x08004768                USB_FlushRxFifo
 .text.USB_SetDevSpeed
                0x08004788        0xe Drivers\STM32F4xx_HAL_Driver\Src\stm32f4xx_ll_usb.o
                0x08004788                USB_SetDevSpeed
 .text.USB_GetDevSpeed
                0x08004796       0x36 Drivers\STM32F4xx_HAL_Driver\Src\stm32f4xx_ll_usb.o
                0x08004796                USB_GetDevSpeed
 .text.USB_ActivateEndpoint
                0x080047cc       0x7e Drivers\STM32F4xx_HAL_Driver\Src\stm32f4xx_ll_usb.o
                0x080047cc                USB_ActivateEndpoint
 .text.USB_DeactivateEndpoint
                0x0800484a        0x4 Drivers\STM32F4xx_HAL_Driver\Src\stm32f4xx_ll_usb.o
                0x0800484a                USB_DeactivateEndpoint
 *fill*         0x0800484e        0x2 
 .text.USB_DeactivateDedicatedEndpoint
                0x08004850       0xb0 Drivers\STM32F4xx_HAL_Driver\Src\stm32f4xx_ll_usb.o
                0x08004850                USB_DeactivateDedicatedEndpoint
 .text.USB_EPStartXfer
                0x08004900      0x18c Drivers\STM32F4xx_HAL_Driver\Src\stm32f4xx_ll_usb.o
                0x08004900                USB_EPStartXfer
 .text.USB_EP0StartXfer
                0x08004a8c       0xda Drivers\STM32F4xx_HAL_Driver\Src\stm32f4xx_ll_usb.o
                0x08004a8c                USB_EP0StartXfer
 .text.USB_WritePacket
                0x08004b66       0x28 Drivers\STM32F4xx_HAL_Driver\Src\stm32f4xx_ll_usb.o
                0x08004b66                USB_WritePacket
 .text.USB_ReadPacket
                0x08004b8e       0x1c Drivers\STM32F4xx_HAL_Driver\Src\stm32f4xx_ll_usb.o
                0x08004b8e                USB_ReadPacket
 .text.USB_EPSetStall
                0x08004baa       0x3e Drivers\STM32F4xx_HAL_Driver\Src\stm32f4xx_ll_usb.o
                0x08004baa                USB_EPSetStall
 .text.USB_EPClearStall
                0x08004be8       0x32 Drivers\STM32F4xx_HAL_Driver\Src\stm32f4xx_ll_usb.o
                0x08004be8                USB_EPClearStall
 .text.USB_SetDevAddress
                0x08004c1a       0x20 Drivers\STM32F4xx_HAL_Driver\Src\stm32f4xx_ll_usb.o
                0x08004c1a                USB_SetDevAddress
 .text.USB_DevConnect
                0x08004c3a       0x18 Drivers\STM32F4xx_HAL_Driver\Src\stm32f4xx_ll_usb.o
                0x08004c3a                USB_DevConnect
 .text.USB_DevDisconnect
                0x08004c52       0x18 Drivers\STM32F4xx_HAL_Driver\Src\stm32f4xx_ll_usb.o
                0x08004c52                USB_DevDisconnect
 .text.USB_ReadInterrupts
                0x08004c6a        0x8 Drivers\STM32F4xx_HAL_Driver\Src\stm32f4xx_ll_usb.o
                0x08004c6a                USB_ReadInterrupts
 .text.USB_ReadDevAllOutEpInterrupt
                0x08004c72       0x10 Drivers\STM32F4xx_HAL_Driver\Src\stm32f4xx_ll_usb.o
                0x08004c72                USB_ReadDevAllOutEpInterrupt
 .text.USB_ReadDevAllInEpInterrupt
                0x08004c82       0x10 Drivers\STM32F4xx_HAL_Driver\Src\stm32f4xx_ll_usb.o
                0x08004c82                USB_ReadDevAllInEpInterrupt
 .text.USB_ReadDevOutEPInterrupt
                0x08004c92       0x14 Drivers\STM32F4xx_HAL_Driver\Src\stm32f4xx_ll_usb.o
                0x08004c92                USB_ReadDevOutEPInterrupt
 .text.USB_ReadDevInEPInterrupt
                0x08004ca6       0x20 Drivers\STM32F4xx_HAL_Driver\Src\stm32f4xx_ll_usb.o
                0x08004ca6                USB_ReadDevInEPInterrupt
 .text.USB_GetMode
                0x08004cc6        0x8 Drivers\STM32F4xx_HAL_Driver\Src\stm32f4xx_ll_usb.o
                0x08004cc6                USB_GetMode
 .text.USB_ActivateSetup
                0x08004cce       0x36 Drivers\STM32F4xx_HAL_Driver\Src\stm32f4xx_ll_usb.o
                0x08004cce                USB_ActivateSetup
 .text.USB_EP0_OutStart
                0x08004d04       0x46 Drivers\STM32F4xx_HAL_Driver\Src\stm32f4xx_ll_usb.o
                0x08004d04                USB_EP0_OutStart
 *fill*         0x08004d4a        0x2 
 .text.USB_CoreReset
                0x08004d4c       0x30 Drivers\STM32F4xx_HAL_Driver\Src\stm32f4xx_ll_usb.o
 .text.USBD_CDC_DataIn
                0x08004d7c       0x12 Middlewares\ST\STM32_USB_Device_Library\Class\CDC\Src\usbd_cdc.o
 .text.USBD_CDC_EP0_RxReady
                0x08004d8e       0x28 Middlewares\ST\STM32_USB_Device_Library\Class\CDC\Src\usbd_cdc.o
 *fill*         0x08004db6        0x2 
 .text.USBD_CDC_GetFSCfgDesc
                0x08004db8        0xc Middlewares\ST\STM32_USB_Device_Library\Class\CDC\Src\usbd_cdc.o
 .text.USBD_CDC_GetHSCfgDesc
                0x08004dc4        0xc Middlewares\ST\STM32_USB_Device_Library\Class\CDC\Src\usbd_cdc.o
 .text.USBD_CDC_GetOtherSpeedCfgDesc
                0x08004dd0        0xc Middlewares\ST\STM32_USB_Device_Library\Class\CDC\Src\usbd_cdc.o
 .text.USBD_CDC_GetDeviceQualifierDescriptor
                0x08004ddc        0xc Middlewares\ST\STM32_USB_Device_Library\Class\CDC\Src\usbd_cdc.o
                0x08004ddc                USBD_CDC_GetDeviceQualifierDescriptor
 .text.USBD_CDC_DataOut
                0x08004de8       0x2e Middlewares\ST\STM32_USB_Device_Library\Class\CDC\Src\usbd_cdc.o
 *fill*         0x08004e16        0x2 
 .text.USBD_CDC_Setup
                0x08004e18       0x68 Middlewares\ST\STM32_USB_Device_Library\Class\CDC\Src\usbd_cdc.o
 .text.USBD_CDC_DeInit
                0x08004e80       0x3a Middlewares\ST\STM32_USB_Device_Library\Class\CDC\Src\usbd_cdc.o
 .text.USBD_CDC_Init
                0x08004eba       0x8c Middlewares\ST\STM32_USB_Device_Library\Class\CDC\Src\usbd_cdc.o
 .text.USBD_CDC_RegisterInterface
                0x08004f46        0xe Middlewares\ST\STM32_USB_Device_Library\Class\CDC\Src\usbd_cdc.o
                0x08004f46                USBD_CDC_RegisterInterface
 .text.USBD_CDC_SetTxBuffer
                0x08004f54       0x10 Middlewares\ST\STM32_USB_Device_Library\Class\CDC\Src\usbd_cdc.o
                0x08004f54                USBD_CDC_SetTxBuffer
 .text.USBD_CDC_SetRxBuffer
                0x08004f64        0xc Middlewares\ST\STM32_USB_Device_Library\Class\CDC\Src\usbd_cdc.o
                0x08004f64                USBD_CDC_SetRxBuffer
 .text.USBD_CDC_TransmitPacket
                0x08004f70       0x2e Middlewares\ST\STM32_USB_Device_Library\Class\CDC\Src\usbd_cdc.o
                0x08004f70                USBD_CDC_TransmitPacket
 .text.USBD_CDC_ReceivePacket
                0x08004f9e       0x26 Middlewares\ST\STM32_USB_Device_Library\Class\CDC\Src\usbd_cdc.o
                0x08004f9e                USBD_CDC_ReceivePacket
 .text.MX_USB_DEVICE_Init
                0x08004fc4       0x38 Middlewares\ST\STM32_USB_Device_Library\Core\Src\usb_device.o
                0x08004fc4                MX_USB_DEVICE_Init
 .text.CDC_DeInit_FS
                0x08004ffc        0x4 Middlewares\ST\STM32_USB_Device_Library\Core\Src\usbd_cdc_if.o
 .text.CDC_Control_FS
                0x08005000        0x4 Middlewares\ST\STM32_USB_Device_Library\Core\Src\usbd_cdc_if.o
 .text.CDC_Receive_FS
                0x08005004       0x28 Middlewares\ST\STM32_USB_Device_Library\Core\Src\usbd_cdc_if.o
 .text.CDC_Init_FS
                0x0800502c       0x28 Middlewares\ST\STM32_USB_Device_Library\Core\Src\usbd_cdc_if.o
 .text.CDC_Transmit_FS
                0x08005054       0x2c Middlewares\ST\STM32_USB_Device_Library\Core\Src\usbd_cdc_if.o
                0x08005054                CDC_Transmit_FS
 .text.HAL_PCD_MspInit
                0x08005080       0x64 Middlewares\ST\STM32_USB_Device_Library\Core\Src\usbd_conf.o
                0x08005080                HAL_PCD_MspInit
 .text.HAL_PCD_SetupStageCallback
                0x080050e4        0xc Middlewares\ST\STM32_USB_Device_Library\Core\Src\usbd_conf.o
                0x080050e4                HAL_PCD_SetupStageCallback
 .text.HAL_PCD_DataOutStageCallback
                0x080050f0       0x12 Middlewares\ST\STM32_USB_Device_Library\Core\Src\usbd_conf.o
                0x080050f0                HAL_PCD_DataOutStageCallback
 .text.HAL_PCD_DataInStageCallback
                0x08005102       0x10 Middlewares\ST\STM32_USB_Device_Library\Core\Src\usbd_conf.o
                0x08005102                HAL_PCD_DataInStageCallback
 .text.HAL_PCD_SOFCallback
                0x08005112        0x8 Middlewares\ST\STM32_USB_Device_Library\Core\Src\usbd_conf.o
                0x08005112                HAL_PCD_SOFCallback
 .text.HAL_PCD_ResetCallback
                0x0800511a       0x20 Middlewares\ST\STM32_USB_Device_Library\Core\Src\usbd_conf.o
                0x0800511a                HAL_PCD_ResetCallback
 *fill*         0x0800513a        0x2 
 .text.HAL_PCD_SuspendCallback
                0x0800513c       0x30 Middlewares\ST\STM32_USB_Device_Library\Core\Src\usbd_conf.o
                0x0800513c                HAL_PCD_SuspendCallback
 .text.HAL_PCD_ResumeCallback
                0x0800516c        0x8 Middlewares\ST\STM32_USB_Device_Library\Core\Src\usbd_conf.o
                0x0800516c                HAL_PCD_ResumeCallback
 .text.HAL_PCD_ISOOUTIncompleteCallback
                0x08005174        0x8 Middlewares\ST\STM32_USB_Device_Library\Core\Src\usbd_conf.o
                0x08005174                HAL_PCD_ISOOUTIncompleteCallback
 .text.HAL_PCD_ISOINIncompleteCallback
                0x0800517c        0x8 Middlewares\ST\STM32_USB_Device_Library\Core\Src\usbd_conf.o
                0x0800517c                HAL_PCD_ISOINIncompleteCallback
 .text.HAL_PCD_ConnectCallback
                0x08005184        0x8 Middlewares\ST\STM32_USB_Device_Library\Core\Src\usbd_conf.o
                0x08005184                HAL_PCD_ConnectCallback
 .text.HAL_PCD_DisconnectCallback
                0x0800518c        0x8 Middlewares\ST\STM32_USB_Device_Library\Core\Src\usbd_conf.o
                0x0800518c                HAL_PCD_DisconnectCallback
 .text.USBD_LL_Init
                0x08005194       0x68 Middlewares\ST\STM32_USB_Device_Library\Core\Src\usbd_conf.o
                0x08005194                USBD_LL_Init
 .text.USBD_LL_Start
                0x080051fc       0x1c Middlewares\ST\STM32_USB_Device_Library\Core\Src\usbd_conf.o
                0x080051fc                USBD_LL_Start
 .text.USBD_LL_OpenEP
                0x08005218       0x20 Middlewares\ST\STM32_USB_Device_Library\Core\Src\usbd_conf.o
                0x08005218                USBD_LL_OpenEP
 .text.USBD_LL_CloseEP
                0x08005238       0x1c Middlewares\ST\STM32_USB_Device_Library\Core\Src\usbd_conf.o
                0x08005238                USBD_LL_CloseEP
 .text.USBD_LL_StallEP
                0x08005254       0x1c Middlewares\ST\STM32_USB_Device_Library\Core\Src\usbd_conf.o
                0x08005254                USBD_LL_StallEP
 .text.USBD_LL_ClearStallEP
                0x08005270       0x1c Middlewares\ST\STM32_USB_Device_Library\Core\Src\usbd_conf.o
                0x08005270                USBD_LL_ClearStallEP
 .text.USBD_LL_IsStallEP
                0x0800528c       0x26 Middlewares\ST\STM32_USB_Device_Library\Core\Src\usbd_conf.o
                0x0800528c                USBD_LL_IsStallEP
 *fill*         0x080052b2        0x2 
 .text.USBD_LL_SetUSBAddress
                0x080052b4       0x1c Middlewares\ST\STM32_USB_Device_Library\Core\Src\usbd_conf.o
                0x080052b4                USBD_LL_SetUSBAddress
 .text.USBD_LL_Transmit
                0x080052d0       0x1c Middlewares\ST\STM32_USB_Device_Library\Core\Src\usbd_conf.o
                0x080052d0                USBD_LL_Transmit
 .text.USBD_LL_PrepareReceive
                0x080052ec       0x1c Middlewares\ST\STM32_USB_Device_Library\Core\Src\usbd_conf.o
                0x080052ec                USBD_LL_PrepareReceive
 .text.USBD_LL_GetRxDataSize
                0x08005308        0xc Middlewares\ST\STM32_USB_Device_Library\Core\Src\usbd_conf.o
                0x08005308                USBD_LL_GetRxDataSize
 .text.USBD_Init
                0x08005314       0x2a Middlewares\ST\STM32_USB_Device_Library\Core\Src\usbd_core.o
                0x08005314                USBD_Init
 .text.USBD_RegisterClass
                0x0800533e        0xe Middlewares\ST\STM32_USB_Device_Library\Core\Src\usbd_core.o
                0x0800533e                USBD_RegisterClass
 .text.USBD_Start
                0x0800534c        0xa Middlewares\ST\STM32_USB_Device_Library\Core\Src\usbd_core.o
                0x0800534c                USBD_Start
 .text.USBD_SetClassConfig
                0x08005356       0x16 Middlewares\ST\STM32_USB_Device_Library\Core\Src\usbd_core.o
                0x08005356                USBD_SetClassConfig
 .text.USBD_ClrClassConfig
                0x0800536c        0xe Middlewares\ST\STM32_USB_Device_Library\Core\Src\usbd_core.o
                0x0800536c                USBD_ClrClassConfig
 .text.USBD_LL_SetupStage
                0x0800537a       0x5a Middlewares\ST\STM32_USB_Device_Library\Core\Src\usbd_core.o
                0x0800537a                USBD_LL_SetupStage
 .text.USBD_LL_DataOutStage
                0x080053d4       0x64 Middlewares\ST\STM32_USB_Device_Library\Core\Src\usbd_core.o
                0x080053d4                USBD_LL_DataOutStage
 .text.USBD_LL_DataInStage
                0x08005438       0x9e Middlewares\ST\STM32_USB_Device_Library\Core\Src\usbd_core.o
                0x08005438                USBD_LL_DataInStage
 .text.USBD_LL_Reset
                0x080054d6       0x3e Middlewares\ST\STM32_USB_Device_Library\Core\Src\usbd_core.o
                0x080054d6                USBD_LL_Reset
 .text.USBD_LL_SetSpeed
                0x08005514        0x6 Middlewares\ST\STM32_USB_Device_Library\Core\Src\usbd_core.o
                0x08005514                USBD_LL_SetSpeed
 .text.USBD_LL_Suspend
                0x0800551a       0x12 Middlewares\ST\STM32_USB_Device_Library\Core\Src\usbd_core.o
                0x0800551a                USBD_LL_Suspend
 .text.USBD_LL_Resume
                0x0800552c        0xc Middlewares\ST\STM32_USB_Device_Library\Core\Src\usbd_core.o
                0x0800552c                USBD_LL_Resume
 .text.USBD_LL_SOF
                0x08005538       0x18 Middlewares\ST\STM32_USB_Device_Library\Core\Src\usbd_core.o
                0x08005538                USBD_LL_SOF
 .text.USBD_LL_IsoINIncomplete
                0x08005550        0x4 Middlewares\ST\STM32_USB_Device_Library\Core\Src\usbd_core.o
                0x08005550                USBD_LL_IsoINIncomplete
 .text.USBD_LL_IsoOUTIncomplete
                0x08005554        0x4 Middlewares\ST\STM32_USB_Device_Library\Core\Src\usbd_core.o
                0x08005554                USBD_LL_IsoOUTIncomplete
 .text.USBD_LL_DevConnected
                0x08005558        0x4 Middlewares\ST\STM32_USB_Device_Library\Core\Src\usbd_core.o
                0x08005558                USBD_LL_DevConnected
 .text.USBD_LL_DevDisconnected
                0x0800555c       0x16 Middlewares\ST\STM32_USB_Device_Library\Core\Src\usbd_core.o
                0x0800555c                USBD_LL_DevDisconnected
 .text.USBD_CtlError.constprop.0
                0x08005572       0x16 Middlewares\ST\STM32_USB_Device_Library\Core\Src\usbd_ctlreq.o
 .text.USBD_StdDevReq
                0x08005588      0x1f4 Middlewares\ST\STM32_USB_Device_Library\Core\Src\usbd_ctlreq.o
                0x08005588                USBD_StdDevReq
 .text.USBD_StdItfReq
                0x0800577c       0x30 Middlewares\ST\STM32_USB_Device_Library\Core\Src\usbd_ctlreq.o
                0x0800577c                USBD_StdItfReq
 .text.USBD_StdEPReq
                0x080057ac       0xc6 Middlewares\ST\STM32_USB_Device_Library\Core\Src\usbd_ctlreq.o
                0x080057ac                USBD_StdEPReq
 .text.USBD_ParseSetupRequest
                0x08005872       0x28 Middlewares\ST\STM32_USB_Device_Library\Core\Src\usbd_ctlreq.o
                0x08005872                USBD_ParseSetupRequest
 .text.USBD_GetString
                0x0800589a       0x38 Middlewares\ST\STM32_USB_Device_Library\Core\Src\usbd_ctlreq.o
                0x0800589a                USBD_GetString
 *fill*         0x080058d2        0x2 
 .text.USBD_FS_DeviceDescriptor
                0x080058d4        0xc Middlewares\ST\STM32_USB_Device_Library\Core\Src\usbd_desc.o
                0x080058d4                USBD_FS_DeviceDescriptor
 .text.USBD_FS_LangIDStrDescriptor
                0x080058e0        0xc Middlewares\ST\STM32_USB_Device_Library\Core\Src\usbd_desc.o
                0x080058e0                USBD_FS_LangIDStrDescriptor
 .text.USBD_FS_ManufacturerStrDescriptor
                0x080058ec       0x1c Middlewares\ST\STM32_USB_Device_Library\Core\Src\usbd_desc.o
                0x080058ec                USBD_FS_ManufacturerStrDescriptor
 .text.USBD_FS_ProductStrDescriptor
                0x08005908       0x1c Middlewares\ST\STM32_USB_Device_Library\Core\Src\usbd_desc.o
                0x08005908                USBD_FS_ProductStrDescriptor
 .text.USBD_FS_SerialStrDescriptor
                0x08005924       0x1c Middlewares\ST\STM32_USB_Device_Library\Core\Src\usbd_desc.o
                0x08005924                USBD_FS_SerialStrDescriptor
 .text.USBD_FS_ConfigStrDescriptor
                0x08005940       0x1c Middlewares\ST\STM32_USB_Device_Library\Core\Src\usbd_desc.o
                0x08005940                USBD_FS_ConfigStrDescriptor
 .text.USBD_FS_InterfaceStrDescriptor
                0x0800595c       0x1c Middlewares\ST\STM32_USB_Device_Library\Core\Src\usbd_desc.o
                0x0800595c                USBD_FS_InterfaceStrDescriptor
 .text.USBD_CtlSendData
                0x08005978       0x1a Middlewares\ST\STM32_USB_Device_Library\Core\Src\usbd_ioreq.o
                0x08005978                USBD_CtlSendData
 .text.USBD_CtlContinueSendData
                0x08005992       0x10 Middlewares\ST\STM32_USB_Device_Library\Core\Src\usbd_ioreq.o
                0x08005992                USBD_CtlContinueSendData
 .text.USBD_CtlPrepareRx
                0x080059a2       0x1e Middlewares\ST\STM32_USB_Device_Library\Core\Src\usbd_ioreq.o
                0x080059a2                USBD_CtlPrepareRx
 .text.USBD_CtlContinueRx
                0x080059c0       0x10 Middlewares\ST\STM32_USB_Device_Library\Core\Src\usbd_ioreq.o
                0x080059c0                USBD_CtlContinueRx
 .text.USBD_CtlSendStatus
                0x080059d0       0x16 Middlewares\ST\STM32_USB_Device_Library\Core\Src\usbd_ioreq.o
                0x080059d0                USBD_CtlSendStatus
 .text.USBD_CtlReceiveStatus
                0x080059e6       0x16 Middlewares\ST\STM32_USB_Device_Library\Core\Src\usbd_ioreq.o
                0x080059e6                USBD_CtlReceiveStatus
 .text.osKernelStart
                0x080059fc        0xa Middlewares\Third_Party\FreeRTOS\Source\CMSIS_RTOS\cmsis_os.o
                0x080059fc                osKernelStart
 .text.osThreadCreate
                0x08005a06       0x30 Middlewares\Third_Party\FreeRTOS\Source\CMSIS_RTOS\cmsis_os.o
                0x08005a06                osThreadCreate
 .text.osDelay  0x08005a36       0x10 Middlewares\Third_Party\FreeRTOS\Source\CMSIS_RTOS\cmsis_os.o
                0x08005a36                osDelay
 .text.osSystickHandler
                0x08005a46       0x14 Middlewares\Third_Party\FreeRTOS\Source\CMSIS_RTOS\cmsis_os.o
                0x08005a46                osSystickHandler
 .text.vListInitialise
                0x08005a5a       0x16 Middlewares\Third_Party\FreeRTOS\Source\list.o
                0x08005a5a                vListInitialise
 .text.vListInitialiseItem
                0x08005a70        0x6 Middlewares\Third_Party\FreeRTOS\Source\list.o
                0x08005a70                vListInitialiseItem
 .text.vListInsertEnd
                0x08005a76       0x18 Middlewares\Third_Party\FreeRTOS\Source\list.o
                0x08005a76                vListInsertEnd
 .text.vListInsert
                0x08005a8e       0x2e Middlewares\Third_Party\FreeRTOS\Source\list.o
                0x08005a8e                vListInsert
 .text.uxListRemove
                0x08005abc       0x20 Middlewares\Third_Party\FreeRTOS\Source\list.o
                0x08005abc                uxListRemove
 .text.unlikely.prvInsertBlockIntoFreeList
                0x08005adc       0x48 Middlewares\Third_Party\FreeRTOS\Source\portable\MemMang\heap_4.o
 .text.pvPortMalloc
                0x08005b24      0x11c Middlewares\Third_Party\FreeRTOS\Source\portable\MemMang\heap_4.o
                0x08005b24                pvPortMalloc
 .text.vPortFree
                0x08005c40       0x70 Middlewares\Third_Party\FreeRTOS\Source\portable\MemMang\heap_4.o
                0x08005c40                vPortFree
 .text.prvTaskExitError
                0x08005cb0       0x30 Middlewares\Third_Party\FreeRTOS\Source\portable\RVDS\ARM_CM4F\port.o
 .text.prvPortStartFirstTask
                0x08005ce0       0x20 Middlewares\Third_Party\FreeRTOS\Source\portable\RVDS\ARM_CM4F\port.o
 .text.vPortEnableVFP
                0x08005d00       0x14 Middlewares\Third_Party\FreeRTOS\Source\portable\RVDS\ARM_CM4F\port.o
 .text.pxPortInitialiseStack
                0x08005d14       0x2c Middlewares\Third_Party\FreeRTOS\Source\portable\RVDS\ARM_CM4F\port.o
                0x08005d14                pxPortInitialiseStack
 .text.SVC_Handler
                0x08005d40       0x24 Middlewares\Third_Party\FreeRTOS\Source\portable\RVDS\ARM_CM4F\port.o
                0x08005d40                SVC_Handler
 .text.vPortEnterCritical
                0x08005d64       0x44 Middlewares\Third_Party\FreeRTOS\Source\portable\RVDS\ARM_CM4F\port.o
                0x08005d64                vPortEnterCritical
 .text.vPortExitCritical
                0x08005da8       0x28 Middlewares\Third_Party\FreeRTOS\Source\portable\RVDS\ARM_CM4F\port.o
                0x08005da8                vPortExitCritical
 .text.PendSV_Handler
                0x08005dd0       0x64 Middlewares\Third_Party\FreeRTOS\Source\portable\RVDS\ARM_CM4F\port.o
                0x08005dd0                PendSV_Handler
 .text.xPortSysTickHandler
                0x08005e34       0x2c Middlewares\Third_Party\FreeRTOS\Source\portable\RVDS\ARM_CM4F\port.o
                0x08005e34                xPortSysTickHandler
 .text.vPortSetupTimerInterrupt
                0x08005e60       0x28 Middlewares\Third_Party\FreeRTOS\Source\portable\RVDS\ARM_CM4F\port.o
                0x08005e60                vPortSetupTimerInterrupt
 .text.xPortStartScheduler
                0x08005e88       0xec Middlewares\Third_Party\FreeRTOS\Source\portable\RVDS\ARM_CM4F\port.o
                0x08005e88                xPortStartScheduler
 .text.vPortValidateInterruptPriority
                0x08005f74       0x5c Middlewares\Third_Party\FreeRTOS\Source\portable\RVDS\ARM_CM4F\port.o
                0x08005f74                vPortValidateInterruptPriority
 .text.unlikely.prvCopyDataToQueue
                0x08005fd0       0x66 Middlewares\Third_Party\FreeRTOS\Source\queue.o
 .text.unlikely.prvCopyDataFromQueue
                0x08006036       0x2a Middlewares\Third_Party\FreeRTOS\Source\queue.o
 .text.prvUnlockQueue
                0x08006060       0x70 Middlewares\Third_Party\FreeRTOS\Source\queue.o
 .text.xQueueGenericReset
                0x080060d0       0x80 Middlewares\Third_Party\FreeRTOS\Source\queue.o
                0x080060d0                xQueueGenericReset
 .text.xQueueGenericCreate
                0x08006150       0x48 Middlewares\Third_Party\FreeRTOS\Source\queue.o
                0x08006150                xQueueGenericCreate
 .text.xQueueGenericSend
                0x08006198      0x16c Middlewares\Third_Party\FreeRTOS\Source\queue.o
                0x08006198                xQueueGenericSend
 .text.xQueueGenericSendFromISR
                0x08006304       0xc4 Middlewares\Third_Party\FreeRTOS\Source\queue.o
                0x08006304                xQueueGenericSendFromISR
 .text.xQueueGenericReceive
                0x080063c8      0x188 Middlewares\Third_Party\FreeRTOS\Source\queue.o
                0x080063c8                xQueueGenericReceive
 .text.vQueueAddToRegistry
                0x08006550       0x24 Middlewares\Third_Party\FreeRTOS\Source\queue.o
                0x08006550                vQueueAddToRegistry
 .text.xTaskCreate
                0x08006574       0x82 Middlewares\Third_Party\FreeRTOS\Source\tasks.o
                0x08006574                xTaskCreate
 .text.prvInitialiseNewTask
                0x080065f6      0x112 Middlewares\Third_Party\FreeRTOS\Source\tasks.o
 .text.prvAddNewTaskToReadyList
                0x08006708       0xdc Middlewares\Third_Party\FreeRTOS\Source\tasks.o
 .text.vTaskDelay
                0x080067e4       0x68 Middlewares\Third_Party\FreeRTOS\Source\tasks.o
                0x080067e4                vTaskDelay
 .text.vTaskStartScheduler
                0x0800684c       0x90 Middlewares\Third_Party\FreeRTOS\Source\tasks.o
                0x0800684c                vTaskStartScheduler
 .text.vTaskSuspendAll
                0x080068dc       0x1c Middlewares\Third_Party\FreeRTOS\Source\tasks.o
                0x080068dc                vTaskSuspendAll
 .text.xTaskResumeAll
                0x080068f8      0x138 Middlewares\Third_Party\FreeRTOS\Source\tasks.o
                0x080068f8                xTaskResumeAll
 .text.xTaskIncrementTick
                0x08006a30      0x178 Middlewares\Third_Party\FreeRTOS\Source\tasks.o
                0x08006a30                xTaskIncrementTick
 .text.vTaskSwitchContext
                0x08006ba8       0xec Middlewares\Third_Party\FreeRTOS\Source\tasks.o
                0x08006ba8                vTaskSwitchContext
 .text.vTaskPlaceOnEventList
                0x08006c94       0x48 Middlewares\Third_Party\FreeRTOS\Source\tasks.o
                0x08006c94                vTaskPlaceOnEventList
 .text.xTaskRemoveFromEventList
                0x08006cdc       0xc4 Middlewares\Third_Party\FreeRTOS\Source\tasks.o
                0x08006cdc                xTaskRemoveFromEventList
 .text.vTaskSetTimeOutState
                0x08006da0       0x48 Middlewares\Third_Party\FreeRTOS\Source\tasks.o
                0x08006da0                vTaskSetTimeOutState
 .text.xTaskCheckForTimeOut
                0x08006de8       0xbc Middlewares\Third_Party\FreeRTOS\Source\tasks.o
                0x08006de8                xTaskCheckForTimeOut
 .text.vTaskMissedYield
                0x08006ea4       0x18 Middlewares\Third_Party\FreeRTOS\Source\tasks.o
                0x08006ea4                vTaskMissedYield
 .text.prvIdleTask
                0x08006ebc       0x30 Middlewares\Third_Party\FreeRTOS\Source\tasks.o
 .text.prvInitialiseTaskLists
                0x08006eec       0x80 Middlewares\Third_Party\FreeRTOS\Source\tasks.o
 .text.prvCheckTasksWaitingTermination
                0x08006f6c       0x78 Middlewares\Third_Party\FreeRTOS\Source\tasks.o
 .text.prvDeleteTCB
                0x08006fe4       0x20 Middlewares\Third_Party\FreeRTOS\Source\tasks.o
 .text.prvResetNextTaskUnblockTime
                0x08007004       0x4c Middlewares\Third_Party\FreeRTOS\Source\tasks.o
 .text.xTaskGetSchedulerState
                0x08007050       0x3c Middlewares\Third_Party\FreeRTOS\Source\tasks.o
                0x08007050                xTaskGetSchedulerState
 .text.vTaskPriorityInherit
                0x0800708c       0xec Middlewares\Third_Party\FreeRTOS\Source\tasks.o
                0x0800708c                vTaskPriorityInherit
 .text.xTaskPriorityDisinherit
                0x08007178      0x108 Middlewares\Third_Party\FreeRTOS\Source\tasks.o
                0x08007178                xTaskPriorityDisinherit
 .text.pvTaskIncrementMutexHeldCount
                0x08007280       0x28 Middlewares\Third_Party\FreeRTOS\Source\tasks.o
                0x08007280                pvTaskIncrementMutexHeldCount
 .text.prvAddCurrentTaskToDelayedList
                0x080072a8       0xcc Middlewares\Third_Party\FreeRTOS\Source\tasks.o
 .text.Reset_Handler
                0x08007374       0x50 startup\startup_stm32f429xx.o
                0x08007374                Reset_Handler
 .text.Default_Handler
                0x080073c4        0x2 startup\startup_stm32f429xx.o
                0x080073c4                RTC_Alarm_IRQHandler
                0x080073c4                HASH_RNG_IRQHandler
                0x080073c4                EXTI2_IRQHandler
                0x080073c4                TIM8_CC_IRQHandler
                0x080073c4                UART8_IRQHandler
                0x080073c4                SPI4_IRQHandler
                0x080073c4                TIM1_CC_IRQHandler
                0x080073c4                DMA2_Stream5_IRQHandler
                0x080073c4                DMA1_Stream5_IRQHandler
                0x080073c4                PVD_IRQHandler
                0x080073c4                SDIO_IRQHandler
                0x080073c4                TAMP_STAMP_IRQHandler
                0x080073c4                CAN2_RX1_IRQHandler
                0x080073c4                EXTI3_IRQHandler
                0x080073c4                TIM8_TRG_COM_TIM14_IRQHandler
                0x080073c4                TIM8_UP_TIM13_IRQHandler
                0x080073c4                I2C3_ER_IRQHandler
                0x080073c4                EXTI0_IRQHandler
                0x080073c4                I2C2_EV_IRQHandler
                0x080073c4                DMA1_Stream2_IRQHandler
                0x080073c4                CAN1_RX0_IRQHandler
                0x080073c4                FPU_IRQHandler
                0x080073c4                OTG_HS_WKUP_IRQHandler
                0x080073c4                LTDC_ER_IRQHandler
                0x080073c4                CAN2_SCE_IRQHandler
                0x080073c4                SPI1_IRQHandler
                0x080073c4                TIM6_DAC_IRQHandler
                0x080073c4                TIM1_BRK_TIM9_IRQHandler
                0x080073c4                DCMI_IRQHandler
                0x080073c4                CAN2_RX0_IRQHandler
                0x080073c4                DMA2_Stream3_IRQHandler
                0x080073c4                USART6_IRQHandler
                0x080073c4                USART3_IRQHandler
                0x080073c4                CAN1_RX1_IRQHandler
                0x080073c4                UART5_IRQHandler
                0x080073c4                I2C1_EV_IRQHandler
                0x080073c4                DMA1_Stream6_IRQHandler
                0x080073c4                DMA1_Stream1_IRQHandler
                0x080073c4                UART4_IRQHandler
                0x080073c4                RCC_IRQHandler
                0x080073c4                TIM8_BRK_TIM12_IRQHandler
                0x080073c4                Default_Handler
                0x080073c4                EXTI15_10_IRQHandler
                0x080073c4                DMA1_Stream7_IRQHandler
                0x080073c4                SPI5_IRQHandler
                0x080073c4                CAN2_TX_IRQHandler
                0x080073c4                TIM5_IRQHandler
                0x080073c4                DMA2_Stream7_IRQHandler
                0x080073c4                I2C3_EV_IRQHandler
                0x080073c4                EXTI9_5_IRQHandler
                0x080073c4                RTC_WKUP_IRQHandler
                0x080073c4                LTDC_IRQHandler
                0x080073c4                ETH_WKUP_IRQHandler
                0x080073c4                SPI2_IRQHandler
                0x080073c4                OTG_HS_EP1_IN_IRQHandler
                0x080073c4                DMA1_Stream0_IRQHandler
                0x080073c4                CAN1_TX_IRQHandler
                0x080073c4                EXTI4_IRQHandler
                0x080073c4                ETH_IRQHandler
                0x080073c4                OTG_HS_EP1_OUT_IRQHandler
                0x080073c4                WWDG_IRQHandler
                0x080073c4                SPI6_IRQHandler
                0x080073c4                OTG_FS_WKUP_IRQHandler
                0x080073c4                TIM1_TRG_COM_TIM11_IRQHandler
                0x080073c4                OTG_HS_IRQHandler
                0x080073c4                DMA2D_IRQHandler
                0x080073c4                EXTI1_IRQHandler
                0x080073c4                UART7_IRQHandler
                0x080073c4                USART2_IRQHandler
                0x080073c4                I2C2_ER_IRQHandler
                0x080073c4                DMA2_Stream1_IRQHandler
                0x080073c4                CAN1_SCE_IRQHandler
                0x080073c4                FLASH_IRQHandler
                0x080073c4                DMA2_Stream4_IRQHandler
                0x080073c4                USART1_IRQHandler
                0x080073c4                SPI3_IRQHandler
                0x080073c4                DMA1_Stream4_IRQHandler
                0x080073c4                I2C1_ER_IRQHandler
                0x080073c4                FMC_IRQHandler
                0x080073c4                DMA2_Stream6_IRQHandler
                0x080073c4                SAI1_IRQHandler
                0x080073c4                DMA1_Stream3_IRQHandler
 *fill*         0x080073c6        0x2 
 .text.__libc_init_array
                0x080073c8       0x48 c:/program files (x86)/atollic/truestudio for stm32 9.0.1/armtools/bin/../lib/gcc/arm-atollic-eabi/6.3.1/../../../../arm-atollic-eabi/lib/armv7e-m/fpu\libc_nano.a(lib_a-init.o)
                0x080073c8                __libc_init_array
 .text.malloc   0x08007410       0x10 c:/program files (x86)/atollic/truestudio for stm32 9.0.1/armtools/bin/../lib/gcc/arm-atollic-eabi/6.3.1/../../../../arm-atollic-eabi/lib/armv7e-m/fpu\libc_nano.a(lib_a-malloc.o)
                0x08007410                malloc
 .text.free     0x08007420       0x10 c:/program files (x86)/atollic/truestudio for stm32 9.0.1/armtools/bin/../lib/gcc/arm-atollic-eabi/6.3.1/../../../../arm-atollic-eabi/lib/armv7e-m/fpu\libc_nano.a(lib_a-malloc.o)
                0x08007420                free
 .text.memcpy   0x08007430       0x16 c:/program files (x86)/atollic/truestudio for stm32 9.0.1/armtools/bin/../lib/gcc/arm-atollic-eabi/6.3.1/../../../../arm-atollic-eabi/lib/armv7e-m/fpu\libc_nano.a(lib_a-memcpy-stub.o)
                0x08007430                memcpy
 .text.memset   0x08007446       0x10 c:/program files (x86)/atollic/truestudio for stm32 9.0.1/armtools/bin/../lib/gcc/arm-atollic-eabi/6.3.1/../../../../arm-atollic-eabi/lib/armv7e-m/fpu\libc_nano.a(lib_a-memset.o)
                0x08007446                memset
 *fill*         0x08007456        0x2 
 .text._free_r  0x08007458       0x9c c:/program files (x86)/atollic/truestudio for stm32 9.0.1/armtools/bin/../lib/gcc/arm-atollic-eabi/6.3.1/../../../../arm-atollic-eabi/lib/armv7e-m/fpu\libc_nano.a(lib_a-nano-freer.o)
                0x08007458                _free_r
 .text._malloc_r
                0x080074f4       0xbc c:/program files (x86)/atollic/truestudio for stm32 9.0.1/armtools/bin/../lib/gcc/arm-atollic-eabi/6.3.1/../../../../arm-atollic-eabi/lib/armv7e-m/fpu\libc_nano.a(lib_a-nano-mallocr.o)
                0x080074f4                _malloc_r
 .text._sbrk_r  0x080075b0       0x20 c:/program files (x86)/atollic/truestudio for stm32 9.0.1/armtools/bin/../lib/gcc/arm-atollic-eabi/6.3.1/../../../../arm-atollic-eabi/lib/armv7e-m/fpu\libc_nano.a(lib_a-sbrkr.o)
                0x080075b0                _sbrk_r
 .text.__malloc_lock
                0x080075d0        0x2 c:/program files (x86)/atollic/truestudio for stm32 9.0.1/armtools/bin/../lib/gcc/arm-atollic-eabi/6.3.1/../../../../arm-atollic-eabi/lib/armv7e-m/fpu\libc_nano.a(lib_a-mlock.o)
                0x080075d0                __malloc_lock
 .text.__malloc_unlock
                0x080075d2        0x2 c:/program files (x86)/atollic/truestudio for stm32 9.0.1/armtools/bin/../lib/gcc/arm-atollic-eabi/6.3.1/../../../../arm-atollic-eabi/lib/armv7e-m/fpu\libc_nano.a(lib_a-mlock.o)
                0x080075d2                __malloc_unlock
 .text.log10    0x080075d4      0x100 c:/program files (x86)/atollic/truestudio for stm32 9.0.1/armtools/bin/../lib/gcc/arm-atollic-eabi/6.3.1/../../../../arm-atollic-eabi/lib/armv7e-m/fpu\libm.a(lib_a-w_log10.o)
                0x080075d4                log10
 *fill*         0x080076d4        0x4 
 .text.__ieee754_log10
                0x080076d8      0x11c c:/program files (x86)/atollic/truestudio for stm32 9.0.1/armtools/bin/../lib/gcc/arm-atollic-eabi/6.3.1/../../../../arm-atollic-eabi/lib/armv7e-m/fpu\libm.a(lib_a-e_log10.o)
                0x080076d8                __ieee754_log10
 .text.matherr  0x080077f4        0x4 c:/program files (x86)/atollic/truestudio for stm32 9.0.1/armtools/bin/../lib/gcc/arm-atollic-eabi/6.3.1/../../../../arm-atollic-eabi/lib/armv7e-m/fpu\libm.a(lib_a-s_matherr.o)
                0x080077f4                matherr
 .text.nan      0x080077f8       0x10 c:/program files (x86)/atollic/truestudio for stm32 9.0.1/armtools/bin/../lib/gcc/arm-atollic-eabi/6.3.1/../../../../arm-atollic-eabi/lib/armv7e-m/fpu\libm.a(lib_a-s_nan.o)
                0x080077f8                nan
 .text.__ieee754_log
                0x08007808      0x3b0 c:/program files (x86)/atollic/truestudio for stm32 9.0.1/armtools/bin/../lib/gcc/arm-atollic-eabi/6.3.1/../../../../arm-atollic-eabi/lib/armv7e-m/fpu\libm.a(lib_a-e_log.o)
                0x08007808                __ieee754_log
 .text.__errno  0x08007bb8        0xc c:/program files (x86)/atollic/truestudio for stm32 9.0.1/armtools/bin/../lib/gcc/arm-atollic-eabi/6.3.1/../../../../arm-atollic-eabi/lib/armv7e-m/fpu\libc_nano.a(lib_a-errno.o)
                0x08007bb8                __errno
 .text._sbrk    0x08007bc4       0x1c c:/program files (x86)/atollic/truestudio for stm32 9.0.1/armtools/bin/../lib/gcc/arm-atollic-eabi/6.3.1/../../../../arm-atollic-eabi/lib/armv7e-m/fpu\libnosys.a(sbrk.o)
                0x08007bc4                _sbrk
 *(.glue_7)
 .glue_7        0x08007be0        0x0 linker stubs
 *(.glue_7t)
 .glue_7t       0x08007be0        0x0 linker stubs
 *(.eh_frame)
 .eh_frame      0x08007be0        0x0 c:/program files (x86)/atollic/truestudio for stm32 9.0.1/armtools/bin/../lib/gcc/arm-atollic-eabi/6.3.1/armv7e-m/fpu/crtbegin.o
 *(.init)
 .init          0x08007be0        0x4 c:/program files (x86)/atollic/truestudio for stm32 9.0.1/armtools/bin/../lib/gcc/arm-atollic-eabi/6.3.1/armv7e-m/fpu/crti.o
                0x08007be0                _init
 .init          0x08007be4        0x8 c:/program files (x86)/atollic/truestudio for stm32 9.0.1/armtools/bin/../lib/gcc/arm-atollic-eabi/6.3.1/armv7e-m/fpu/crtn.o
 *(.fini)
 .fini          0x08007bec        0x4 c:/program files (x86)/atollic/truestudio for stm32 9.0.1/armtools/bin/../lib/gcc/arm-atollic-eabi/6.3.1/armv7e-m/fpu/crti.o
                0x08007bec                _fini
 .fini          0x08007bf0        0x8 c:/program files (x86)/atollic/truestudio for stm32 9.0.1/armtools/bin/../lib/gcc/arm-atollic-eabi/6.3.1/armv7e-m/fpu/crtn.o
                0x08007bf8                . = ALIGN (0x4)
                0x08007bf8                _etext = .

.vfp11_veneer   0x08007bf8        0x0
 .vfp11_veneer  0x08007bf8        0x0 linker stubs

.v4_bx          0x08007bf8        0x0
 .v4_bx         0x08007bf8        0x0 linker stubs

.iplt           0x08007bf8        0x0
 .iplt          0x08007bf8        0x0 c:/program files (x86)/atollic/truestudio for stm32 9.0.1/armtools/bin/../lib/gcc/arm-atollic-eabi/6.3.1/armv7e-m/fpu/crtbegin.o

.rodata         0x08007bf8      0x1ec
                0x08007bf8                . = ALIGN (0x4)
 *(.rodata)
 .rodata        0x08007bf8       0x14 Core\Src\main.o
 .rodata        0x08007c0c       0x14 Core\Src\tcd1304ap.o
 .rodata        0x08007c20       0x14 Drivers\BSP\src\bsp_flash.o
 .rodata        0x08007c34       0x28 Drivers\BSP\src\bsp_usb.o
 .rodata        0x08007c5c        0x5 Middlewares\Third_Party\FreeRTOS\Source\tasks.o
 *(.rodata*)
 .rodata.str1.1
                0x08007c61        0xc Core\Src\main.o
 .rodata.AHBPrescTable
                0x08007c6d       0x10 Core\Src\system_stm32f4xx.o
                0x08007c6d                AHBPrescTable
 .rodata.APBPrescTable
                0x08007c7d        0x8 Core\Src\system_stm32f4xx.o
                0x08007c7d                APBPrescTable
 .rodata.TCD1304_Init.str1.1
                0x08007c85       0x18 Core\Src\tcd1304ap.o
 .rodata.str1.1
                0x08007c9d        0xb Core\Src\tcd1304ap.o
 .rodata.BSP_ADC_Init.str1.1
                0x08007ca8       0x1d Drivers\BSP\src\bsp_adc.o
 .rodata.BSP_Flash_WriteData.str1.1
                0x08007cc5       0x1f Drivers\BSP\src\bsp_flash.o
 .rodata.CSWTCH.10
                0x08007ce4       0x10 Drivers\BSP\src\bsp_flash.o
 .rodata.str1.1
                0x08007cf4        0xa Drivers\BSP\src\bsp_flash.o
 .rodata.BSP_TIM2PWM_Start.str1.1
                0x08007cfe       0x20 Drivers\BSP\src\bsp_timers.o
 .rodata.BSP_Usb_Init.str1.1
                0x08007d1e        0xf Drivers\BSP\src\bsp_usb.o
 .rodata.str1.1
                0x08007d2d       0x14 Drivers\BSP\src\bsp_usb.o
 .rodata.flagBitshiftOffset.9547
                0x08007d41        0x8 Drivers\STM32F4xx_HAL_Driver\Src\stm32f4xx_hal_dma.o
 .rodata.CSWTCH.39
                0x08007d49        0x4 Middlewares\ST\STM32_USB_Device_Library\Core\Src\usbd_conf.o
 .rodata.USBD_LL_Init.str1.1
                0x08007d4d       0x40 Middlewares\ST\STM32_USB_Device_Library\Core\Src\usbd_conf.o
 .rodata.USBD_FS_ConfigStrDescriptor.str1.1
                0x08007d8d        0xb Middlewares\ST\STM32_USB_Device_Library\Core\Src\usbd_desc.o
 .rodata.USBD_FS_InterfaceStrDescriptor.str1.1
                0x08007d98        0xe Middlewares\ST\STM32_USB_Device_Library\Core\Src\usbd_desc.o
 .rodata.USBD_FS_ManufacturerStrDescriptor.str1.1
                0x08007da6       0x13 Middlewares\ST\STM32_USB_Device_Library\Core\Src\usbd_desc.o
 .rodata.USBD_FS_ProductStrDescriptor.str1.1
                0x08007db9       0x16 Middlewares\ST\STM32_USB_Device_Library\Core\Src\usbd_desc.o
 .rodata.USBD_FS_SerialStrDescriptor.str1.1
                0x08007dcf        0xd Middlewares\ST\STM32_USB_Device_Library\Core\Src\usbd_desc.o
 .rodata.log10.str1.1
                0x08007ddc        0x6 c:/program files (x86)/atollic/truestudio for stm32 9.0.1/armtools/bin/../lib/gcc/arm-atollic-eabi/6.3.1/../../../../arm-atollic-eabi/lib/armv7e-m/fpu\libm.a(lib_a-w_log10.o)
                                  0x7 (size before relaxing)
                0x08007de4                . = ALIGN (0x4)
 *fill*         0x08007de2        0x2 

.ARM.extab
 *(.ARM.extab* .gnu.linkonce.armextab.*)

.ARM            0x08007de4        0x8
                0x08007de4                __exidx_start = .
 *(.ARM.exidx*)
 .ARM.exidx     0x08007de4        0x8 c:/program files (x86)/atollic/truestudio for stm32 9.0.1/armtools/bin/../lib/gcc/arm-atollic-eabi/6.3.1/armv7e-m/fpu\libgcc.a(_udivmoddi4.o)
                0x08007dec                __exidx_end = .

.rel.dyn        0x08007dec        0x0
 .rel.iplt      0x08007dec        0x0 c:/program files (x86)/atollic/truestudio for stm32 9.0.1/armtools/bin/../lib/gcc/arm-atollic-eabi/6.3.1/armv7e-m/fpu/crtbegin.o

.preinit_array  0x08007dec        0x0
                0x08007dec                PROVIDE (__preinit_array_start, .)
 *(.preinit_array*)
                0x08007dec                PROVIDE (__preinit_array_end, .)

.init_array     0x08007dec        0x4
                0x08007dec                PROVIDE (__init_array_start, .)
 *(SORT(.init_array.*))
 *(.init_array*)
 .init_array    0x08007dec        0x4 c:/program files (x86)/atollic/truestudio for stm32 9.0.1/armtools/bin/../lib/gcc/arm-atollic-eabi/6.3.1/armv7e-m/fpu/crtbegin.o
                0x08007df0                PROVIDE (__init_array_end, .)

.fini_array     0x08007df0        0x4
                [!provide]                PROVIDE (__fini_array_start, .)
 *(SORT(.fini_array.*))
 *(.fini_array*)
 .fini_array    0x08007df0        0x4 c:/program files (x86)/atollic/truestudio for stm32 9.0.1/armtools/bin/../lib/gcc/arm-atollic-eabi/6.3.1/armv7e-m/fpu/crtbegin.o
                [!provide]                PROVIDE (__fini_array_end, .)
                0x08007df4                _sidata = LOADADDR (.data)

.data           0x20000000      0x1c8 load address 0x08007df4
                0x20000000                . = ALIGN (0x4)
                0x20000000                _sdata = .
 *(.data)
 *(.data*)
 .data.SystemCoreClock
                0x20000000        0x4 Core\Src\system_stm32f4xx.o
                0x20000000                SystemCoreClock
 .data.uwTickFreq
                0x20000004        0x1 Drivers\STM32F4xx_HAL_Driver\Src\stm32f4xx_hal.o
                0x20000004                uwTickFreq
 *fill*         0x20000005        0x3 
 .data.USBD_CDC
                0x20000008       0x38 Middlewares\ST\STM32_USB_Device_Library\Class\CDC\Src\usbd_cdc.o
                0x20000008                USBD_CDC
 .data.USBD_CDC_CfgFSDesc
                0x20000040       0x43 Middlewares\ST\STM32_USB_Device_Library\Class\CDC\Src\usbd_cdc.o
                0x20000040                USBD_CDC_CfgFSDesc
 *fill*         0x20000083        0x1 
 .data.USBD_CDC_CfgHSDesc
                0x20000084       0x43 Middlewares\ST\STM32_USB_Device_Library\Class\CDC\Src\usbd_cdc.o
                0x20000084                USBD_CDC_CfgHSDesc
 *fill*         0x200000c7        0x1 
 .data.USBD_CDC_DeviceQualifierDesc
                0x200000c8        0xa Middlewares\ST\STM32_USB_Device_Library\Class\CDC\Src\usbd_cdc.o
 *fill*         0x200000d2        0x2 
 .data.USBD_CDC_OtherSpeedCfgDesc
                0x200000d4       0x43 Middlewares\ST\STM32_USB_Device_Library\Class\CDC\Src\usbd_cdc.o
                0x200000d4                USBD_CDC_OtherSpeedCfgDesc
 *fill*         0x20000117        0x1 
 .data.USBD_Interface_fops_FS
                0x20000118       0x10 Middlewares\ST\STM32_USB_Device_Library\Core\Src\usbd_cdc_if.o
                0x20000118                USBD_Interface_fops_FS
 .data.FS_Desc  0x20000128       0x1c Middlewares\ST\STM32_USB_Device_Library\Core\Src\usbd_desc.o
                0x20000128                FS_Desc
 .data.USBD_FS_DeviceDesc
                0x20000144       0x12 Middlewares\ST\STM32_USB_Device_Library\Core\Src\usbd_desc.o
                0x20000144                USBD_FS_DeviceDesc
 *fill*         0x20000156        0x2 
 .data.USBD_LangIDDesc
                0x20000158        0x4 Middlewares\ST\STM32_USB_Device_Library\Core\Src\usbd_desc.o
                0x20000158                USBD_LangIDDesc
 .data.uxCriticalNesting
                0x2000015c        0x4 Middlewares\Third_Party\FreeRTOS\Source\portable\RVDS\ARM_CM4F\port.o
 .data._impure_ptr
                0x20000160        0x4 c:/program files (x86)/atollic/truestudio for stm32 9.0.1/armtools/bin/../lib/gcc/arm-atollic-eabi/6.3.1/../../../../arm-atollic-eabi/lib/armv7e-m/fpu\libc_nano.a(lib_a-impure.o)
                0x20000160                _impure_ptr
 .data.impure_data
                0x20000164       0x60 c:/program files (x86)/atollic/truestudio for stm32 9.0.1/armtools/bin/../lib/gcc/arm-atollic-eabi/6.3.1/../../../../arm-atollic-eabi/lib/armv7e-m/fpu\libc_nano.a(lib_a-impure.o)
 .data.__fdlib_version
                0x200001c4        0x1 c:/program files (x86)/atollic/truestudio for stm32 9.0.1/armtools/bin/../lib/gcc/arm-atollic-eabi/6.3.1/../../../../arm-atollic-eabi/lib/armv7e-m/fpu\libm.a(lib_a-s_lib_ver.o)
                0x200001c4                __fdlib_version
                0x200001c8                . = ALIGN (0x4)
 *fill*         0x200001c5        0x3 
                0x200001c8                _edata = .
                0x08007fbc                _siccmram = LOADADDR (.ccmram)

.igot.plt       0x200001c8        0x0 load address 0x08007fbc
 .igot.plt      0x200001c8        0x0 c:/program files (x86)/atollic/truestudio for stm32 9.0.1/armtools/bin/../lib/gcc/arm-atollic-eabi/6.3.1/armv7e-m/fpu/crtbegin.o

.ccmram         0x10000000     0x4010 load address 0x08007fbc
                0x10000000                . = ALIGN (0x4)
                0x10000000                _sccmram = .
 *(.ccmram)
 .ccmram        0x10000000     0x4010 Core\Src\process.o
 *(.ccmram*)
                0x10004010                . = ALIGN (0x4)
                0x10004010                _eccmram = .
                0x10004010                . = ALIGN (0x4)

.bss            0x200001c8    0x15ee8
                0x200001c8                _sbss = .
                0x200001c8                __bss_start__ = _sbss
 *(.bss)
 .bss           0x200001c8       0x1c c:/program files (x86)/atollic/truestudio for stm32 9.0.1/armtools/bin/../lib/gcc/arm-atollic-eabi/6.3.1/armv7e-m/fpu/crtbegin.o
 *(.bss*)
 .bss.ulHighFrequencyTimerTicks
                0x200001e4        0x4 Core\Src\main.o
                0x200001e4                ulHighFrequencyTimerTicks
 .bss.protocolOutputBuf
                0x200001e8      0x100 Core\Src\protocol.o
 .bss.hdma_adc.9452
                0x200002e8       0x60 Core\Src\stm32f4xx_hal_msp.o
 .bss.hdma_adc2.9453
                0x20000348       0x60 Core\Src\stm32f4xx_hal_msp.o
 .bss.adcTCDPack
                0x200003a8      0x804 Core\Src\tcd1304ap.o
 .bss.icgTick   0x20000bac        0x2 Core\Src\tcd1304ap.o
 .bss.tcdADCData
                0x20000bae      0x402 Core\Src\tcd1304ap.o
 .bss.xHigherPriorityTaskWoken.11694
                0x20000fb0        0x4 Core\Src\tcd1304ap.o
 .bss.EraseInitStruct
                0x20000fb4       0x14 Drivers\BSP\src\bsp_flash.o
 .bss.UsbBufInd
                0x20000fc8        0x4 Drivers\BSP\src\bsp_usb.o
                0x20000fc8                UsbBufInd
 .bss.receiveByte.11133
                0x20000fcc        0x1 Drivers\BSP\src\bsp_usb.o
 *fill*         0x20000fcd        0x3 
 .bss.txMsg.11127
                0x20000fd0        0x8 Drivers\BSP\src\bsp_usb.o
 .bss.txMsg.11152
                0x20000fd8        0x8 Drivers\BSP\src\bsp_usb.o
 .bss.usbRxBuf  0x20000fe0       0x40 Drivers\BSP\src\bsp_usb.o
 .bss.xHigherPriorityTaskWoken.11142
                0x20001020        0x4 Drivers\BSP\src\bsp_usb.o
 .bss.ifalt.10358
                0x20001024        0x1 Middlewares\ST\STM32_USB_Device_Library\Class\CDC\Src\usbd_cdc.o
 .bss.cfgidx.10363
                0x20001025        0x1 Middlewares\ST\STM32_USB_Device_Library\Core\Src\usbd_ctlreq.o
 *fill*         0x20001026        0x2 
 .bss.pxEnd     0x20001028        0x4 Middlewares\Third_Party\FreeRTOS\Source\portable\MemMang\heap_4.o
 .bss.ucHeap    0x2000102c    0x14000 Middlewares\Third_Party\FreeRTOS\Source\portable\MemMang\heap_4.o
 .bss.xBlockAllocatedBit
                0x2001502c        0x4 Middlewares\Third_Party\FreeRTOS\Source\portable\MemMang\heap_4.o
 .bss.xFreeBytesRemaining
                0x20015030        0x4 Middlewares\Third_Party\FreeRTOS\Source\portable\MemMang\heap_4.o
 .bss.xMinimumEverFreeBytesRemaining
                0x20015034        0x4 Middlewares\Third_Party\FreeRTOS\Source\portable\MemMang\heap_4.o
 .bss.xStart    0x20015038        0x8 Middlewares\Third_Party\FreeRTOS\Source\portable\MemMang\heap_4.o
 .bss.ucMaxSysCallPriority
                0x20015040        0x1 Middlewares\Third_Party\FreeRTOS\Source\portable\RVDS\ARM_CM4F\port.o
 *fill*         0x20015041        0x3 
 .bss.ulMaxPRIGROUPValue
                0x20015044        0x4 Middlewares\Third_Party\FreeRTOS\Source\portable\RVDS\ARM_CM4F\port.o
 .bss.pxCurrentTCB
                0x20015048        0x4 Middlewares\Third_Party\FreeRTOS\Source\tasks.o
                0x20015048                pxCurrentTCB
 .bss.pxReadyTasksLists
                0x2001504c       0x8c Middlewares\Third_Party\FreeRTOS\Source\tasks.o
 .bss.xDelayedTaskList1
                0x200150d8       0x14 Middlewares\Third_Party\FreeRTOS\Source\tasks.o
 .bss.xDelayedTaskList2
                0x200150ec       0x14 Middlewares\Third_Party\FreeRTOS\Source\tasks.o
 .bss.pxDelayedTaskList
                0x20015100        0x4 Middlewares\Third_Party\FreeRTOS\Source\tasks.o
 .bss.pxOverflowDelayedTaskList
                0x20015104        0x4 Middlewares\Third_Party\FreeRTOS\Source\tasks.o
 .bss.xPendingReadyList
                0x20015108       0x14 Middlewares\Third_Party\FreeRTOS\Source\tasks.o
 .bss.xTasksWaitingTermination
                0x2001511c       0x14 Middlewares\Third_Party\FreeRTOS\Source\tasks.o
 .bss.uxDeletedTasksWaitingCleanUp
                0x20015130        0x4 Middlewares\Third_Party\FreeRTOS\Source\tasks.o
 .bss.xSuspendedTaskList
                0x20015134       0x14 Middlewares\Third_Party\FreeRTOS\Source\tasks.o
 .bss.uxCurrentNumberOfTasks
                0x20015148        0x4 Middlewares\Third_Party\FreeRTOS\Source\tasks.o
 .bss.xTickCount
                0x2001514c        0x4 Middlewares\Third_Party\FreeRTOS\Source\tasks.o
 .bss.uxTopReadyPriority
                0x20015150        0x4 Middlewares\Third_Party\FreeRTOS\Source\tasks.o
 .bss.xSchedulerRunning
                0x20015154        0x4 Middlewares\Third_Party\FreeRTOS\Source\tasks.o
 .bss.uxPendedTicks
                0x20015158        0x4 Middlewares\Third_Party\FreeRTOS\Source\tasks.o
 .bss.xYieldPending
                0x2001515c        0x4 Middlewares\Third_Party\FreeRTOS\Source\tasks.o
 .bss.xNumOfOverflows
                0x20015160        0x4 Middlewares\Third_Party\FreeRTOS\Source\tasks.o
 .bss.uxTaskNumber
                0x20015164        0x4 Middlewares\Third_Party\FreeRTOS\Source\tasks.o
 .bss.xNextTaskUnblockTime
                0x20015168        0x4 Middlewares\Third_Party\FreeRTOS\Source\tasks.o
 .bss.xIdleTaskHandle
                0x2001516c        0x4 Middlewares\Third_Party\FreeRTOS\Source\tasks.o
 .bss.uxSchedulerSuspended
                0x20015170        0x4 Middlewares\Third_Party\FreeRTOS\Source\tasks.o
 .bss.ulTaskSwitchedInTime
                0x20015174        0x4 Middlewares\Third_Party\FreeRTOS\Source\tasks.o
 .bss.ulTotalRunTime
                0x20015178        0x4 Middlewares\Third_Party\FreeRTOS\Source\tasks.o
 .bss.__malloc_free_list
                0x2001517c        0x4 c:/program files (x86)/atollic/truestudio for stm32 9.0.1/armtools/bin/../lib/gcc/arm-atollic-eabi/6.3.1/../../../../arm-atollic-eabi/lib/armv7e-m/fpu\libc_nano.a(lib_a-nano-mallocr.o)
                0x2001517c                __malloc_free_list
 .bss.__malloc_sbrk_start
                0x20015180        0x4 c:/program files (x86)/atollic/truestudio for stm32 9.0.1/armtools/bin/../lib/gcc/arm-atollic-eabi/6.3.1/../../../../arm-atollic-eabi/lib/armv7e-m/fpu\libc_nano.a(lib_a-nano-mallocr.o)
                0x20015180                __malloc_sbrk_start
 .bss.heap_end.5239
                0x20015184        0x4 c:/program files (x86)/atollic/truestudio for stm32 9.0.1/armtools/bin/../lib/gcc/arm-atollic-eabi/6.3.1/../../../../arm-atollic-eabi/lib/armv7e-m/fpu\libnosys.a(sbrk.o)
 *(COMMON)
 COMMON         0x20015188       0x44 Core\Src\main.o
                0x20015188                defaultTaskHandle
                0x2001518c                defaultTaskHandle2
                0x20015190                htim7
 COMMON         0x200151cc       0x3c Core\Src\stm32f4xx_hal_timebase_TIM.o
                0x200151cc                htim1
 COMMON         0x20015208       0x64 Core\Src\tcd1304ap.o
                0x20015208                sensorTaskHandle
                0x2001520c                sensorADC1DataQueue
                0x20015210                ulADCSampleCounter
                0x20015214                sConfigPWM
                0x20015230                Tim3PWMHandle
 COMMON         0x2001526c       0xb8 Drivers\BSP\src\bsp_adc.o
                0x2001526c                adcBuf_1
                0x20015270                ADC2Handle
                0x200152b8                ADC1Config
                0x200152c8                ADC1Handle
                0x20015310                ADC2Config
                0x20015320                adcBuf_2
 COMMON         0x20015324        0x8 Drivers\BSP\src\bsp_flash.o
                0x20015324                flashTaskHandle
                0x20015328                xFlashWriteSemaphore
 COMMON         0x2001532c       0x78 Drivers\BSP\src\bsp_timers.o
                0x2001532c                Tim4ADCHandle
                0x20015368                Tim2PWMHandle
 COMMON         0x200153a4       0x10 Drivers\BSP\src\bsp_usb.o
                0x200153a4                usbTaskRxHandle
                0x200153a8                usbRxDataQueue
                0x200153ac                usbTxDataQueue
                0x200153b0                usbTaskTxHandle
 COMMON         0x200153b4        0x4 Drivers\STM32F4xx_HAL_Driver\Src\stm32f4xx_hal.o
                0x200153b4                uwTick
 COMMON         0x200153b8       0x20 Drivers\STM32F4xx_HAL_Driver\Src\stm32f4xx_hal_flash.o
                0x200153b8                pFlash
 COMMON         0x200153d8      0x224 Middlewares\ST\STM32_USB_Device_Library\Core\Src\usb_device.o
                0x200153d8                hUsbDeviceFS
 COMMON         0x200155fc      0x480 Middlewares\ST\STM32_USB_Device_Library\Core\Src\usbd_cdc_if.o
                0x200155fc                UserRxBufferFS
                0x2001567c                UserTxBufferFS
 COMMON         0x20015a7c      0x3f0 Middlewares\ST\STM32_USB_Device_Library\Core\Src\usbd_conf.o
                0x20015a7c                hpcd_USB_OTG_FS
 COMMON         0x20015e6c      0x200 Middlewares\ST\STM32_USB_Device_Library\Core\Src\usbd_desc.o
                0x20015e6c                USBD_StrDesc
 COMMON         0x2001606c       0x40 Middlewares\Third_Party\FreeRTOS\Source\queue.o
                0x2001606c                xQueueRegistry
 COMMON         0x200160ac        0x4 c:/program files (x86)/atollic/truestudio for stm32 9.0.1/armtools/bin/../lib/gcc/arm-atollic-eabi/6.3.1/../../../../arm-atollic-eabi/lib/armv7e-m/fpu\libc_nano.a(lib_a-reent.o)
                0x200160ac                errno
                0x200160b0                . = ALIGN (0x4)
                0x200160b0                _ebss = .
                0x200160b0                __bss_end__ = _ebss

._user_heap_stack
                0x200160b0      0x400
                0x200160b0                . = ALIGN (0x4)
                0x200160b0                PROVIDE (end, .)
                [!provide]                PROVIDE (_end, .)
                0x200160b0                . = (. + _Min_Heap_Size)
                0x200164b0                . = (. + _Min_Stack_Size)
 *fill*         0x200160b0      0x400 
                0x200164b0                . = ALIGN (0x4)

.user_flash
 *(.user_flash)

/DISCARD/
 libc.a(*)
 libm.a(*)
 libgcc.a(*)

.ARM.attributes
                0x00000000       0x30
 *(.ARM.attributes)
 .ARM.attributes
                0x00000000       0x22 c:/program files (x86)/atollic/truestudio for stm32 9.0.1/armtools/bin/../lib/gcc/arm-atollic-eabi/6.3.1/armv7e-m/fpu/crti.o
 .ARM.attributes
                0x00000022       0x34 c:/program files (x86)/atollic/truestudio for stm32 9.0.1/armtools/bin/../lib/gcc/arm-atollic-eabi/6.3.1/armv7e-m/fpu/crtbegin.o
 .ARM.attributes
                0x00000056       0x39 Core\Src\main.o
 .ARM.attributes
                0x0000008f       0x39 Core\Src\process.o
 .ARM.attributes
                0x000000c8       0x39 Core\Src\protocol.o
 .ARM.attributes
                0x00000101       0x39 Core\Src\stm32f4xx_hal_msp.o
 .ARM.attributes
                0x0000013a       0x39 Core\Src\stm32f4xx_hal_timebase_TIM.o
 .ARM.attributes
                0x00000173       0x39 Core\Src\stm32f4xx_it.o
 .ARM.attributes
                0x000001ac       0x39 Core\Src\system_stm32f4xx.o
 .ARM.attributes
                0x000001e5       0x39 Core\Src\tcd1304ap.o
 .ARM.attributes
                0x0000021e       0x39 Drivers\BSP\src\bsp_adc.o
 .ARM.attributes
                0x00000257       0x39 Drivers\BSP\src\bsp_flash.o
 .ARM.attributes
                0x00000290       0x39 Drivers\BSP\src\bsp_timers.o
 .ARM.attributes
                0x000002c9       0x39 Drivers\BSP\src\bsp_usb.o
 .ARM.attributes
                0x00000302       0x39 Drivers\STM32F4xx_HAL_Driver\Src\stm32f4xx_hal.o
 .ARM.attributes