Archive member included to satisfy reference by file (symbol)

c:/program files (x86)/atollic/truestudio for stm32 9.0.1/armtools/bin/../lib/gcc/arm-atollic-eabi/6.3.1/../../../../arm-atollic-eabi/lib/armv7e-m/fpu\libc_nano.a(lib_a-init.o)
                              startup\startup_stm32f429xx.o (__libc_init_array)
c:/program files (x86)/atollic/truestudio for stm32 9.0.1/armtools/bin/../lib/gcc/arm-atollic-eabi/6.3.1/../../../../arm-atollic-eabi/lib/armv7e-m/fpu\libc_nano.a(lib_a-malloc.o)
                              Middlewares\ST\STM32_USB_Device_Library\Class\CDC\Src\usbd_cdc.o (malloc)
c:/program files (x86)/atollic/truestudio for stm32 9.0.1/armtools/bin/../lib/gcc/arm-atollic-eabi/6.3.1/../../../../arm-atollic-eabi/lib/armv7e-m/fpu\libc_nano.a(lib_a-memcpy-stub.o)
                              Drivers\BSP\src\bsp_canbus.o (memcpy)
c:/program files (x86)/atollic/truestudio for stm32 9.0.1/armtools/bin/../lib/gcc/arm-atollic-eabi/6.3.1/../../../../arm-atollic-eabi/lib/armv7e-m/fpu\libc_nano.a(lib_a-memset.o)
                              Middlewares\Third_Party\FreeRTOS\Source\tasks.o (memset)
c:/program files (x86)/atollic/truestudio for stm32 9.0.1/armtools/bin/../lib/gcc/arm-atollic-eabi/6.3.1/../../../../arm-atollic-eabi/lib/armv7e-m/fpu\libc_nano.a(lib_a-nano-freer.o)
                              c:/program files (x86)/atollic/truestudio for stm32 9.0.1/armtools/bin/../lib/gcc/arm-atollic-eabi/6.3.1/../../../../arm-atollic-eabi/lib/armv7e-m/fpu\libc_nano.a(lib_a-malloc.o) (_free_r)
c:/program files (x86)/atollic/truestudio for stm32 9.0.1/armtools/bin/../lib/gcc/arm-atollic-eabi/6.3.1/../../../../arm-atollic-eabi/lib/armv7e-m/fpu\libc_nano.a(lib_a-nano-mallocr.o)
                              c:/program files (x86)/atollic/truestudio for stm32 9.0.1/armtools/bin/../lib/gcc/arm-atollic-eabi/6.3.1/../../../../arm-atollic-eabi/lib/armv7e-m/fpu\libc_nano.a(lib_a-malloc.o) (_malloc_r)
c:/program files (x86)/atollic/truestudio for stm32 9.0.1/armtools/bin/../lib/gcc/arm-atollic-eabi/6.3.1/../../../../arm-atollic-eabi/lib/armv7e-m/fpu\libc_nano.a(lib_a-sbrkr.o)
                              c:/program files (x86)/atollic/truestudio for stm32 9.0.1/armtools/bin/../lib/gcc/arm-atollic-eabi/6.3.1/../../../../arm-atollic-eabi/lib/armv7e-m/fpu\libc_nano.a(lib_a-nano-mallocr.o) (_sbrk_r)
c:/program files (x86)/atollic/truestudio for stm32 9.0.1/armtools/bin/../lib/gcc/arm-atollic-eabi/6.3.1/../../../../arm-atollic-eabi/lib/armv7e-m/fpu\libc_nano.a(lib_a-sprintf.o)
                              Drivers\BSP\src\bsp_canbus.o (sprintf)
c:/program files (x86)/atollic/truestudio for stm32 9.0.1/armtools/bin/../lib/gcc/arm-atollic-eabi/6.3.1/../../../../arm-atollic-eabi/lib/armv7e-m/fpu\libc_nano.a(lib_a-strcat.o)
                              Drivers\BSP\src\bsp_sdcard.o (strcat)
c:/program files (x86)/atollic/truestudio for stm32 9.0.1/armtools/bin/../lib/gcc/arm-atollic-eabi/6.3.1/../../../../arm-atollic-eabi/lib/armv7e-m/fpu\libc_nano.a(lib_a-strlen.o)
                              Drivers\BSP\src\bsp_usb.o (strlen)
c:/program files (x86)/atollic/truestudio for stm32 9.0.1/armtools/bin/../lib/gcc/arm-atollic-eabi/6.3.1/../../../../arm-atollic-eabi/lib/armv7e-m/fpu\libc_nano.a(lib_a-impure.o)
                              c:/program files (x86)/atollic/truestudio for stm32 9.0.1/armtools/bin/../lib/gcc/arm-atollic-eabi/6.3.1/../../../../arm-atollic-eabi/lib/armv7e-m/fpu\libc_nano.a(lib_a-malloc.o) (_impure_ptr)
c:/program files (x86)/atollic/truestudio for stm32 9.0.1/armtools/bin/../lib/gcc/arm-atollic-eabi/6.3.1/../../../../arm-atollic-eabi/lib/armv7e-m/fpu\libc_nano.a(lib_a-mlock.o)
                              c:/program files (x86)/atollic/truestudio for stm32 9.0.1/armtools/bin/../lib/gcc/arm-atollic-eabi/6.3.1/../../../../arm-atollic-eabi/lib/armv7e-m/fpu\libc_nano.a(lib_a-nano-freer.o) (__malloc_lock)
c:/program files (x86)/atollic/truestudio for stm32 9.0.1/armtools/bin/../lib/gcc/arm-atollic-eabi/6.3.1/../../../../arm-atollic-eabi/lib/armv7e-m/fpu\libc_nano.a(lib_a-nano-svfprintf.o)
                              c:/program files (x86)/atollic/truestudio for stm32 9.0.1/armtools/bin/../lib/gcc/arm-atollic-eabi/6.3.1/../../../../arm-atollic-eabi/lib/armv7e-m/fpu\libc_nano.a(lib_a-sprintf.o) (_svfprintf_r)
c:/program files (x86)/atollic/truestudio for stm32 9.0.1/armtools/bin/../lib/gcc/arm-atollic-eabi/6.3.1/../../../../arm-atollic-eabi/lib/armv7e-m/fpu\libc_nano.a(lib_a-nano-vfprintf_i.o)
                              c:/program files (x86)/atollic/truestudio for stm32 9.0.1/armtools/bin/../lib/gcc/arm-atollic-eabi/6.3.1/../../../../arm-atollic-eabi/lib/armv7e-m/fpu\libc_nano.a(lib_a-nano-svfprintf.o) (_printf_i)
c:/program files (x86)/atollic/truestudio for stm32 9.0.1/armtools/bin/../lib/gcc/arm-atollic-eabi/6.3.1/../../../../arm-atollic-eabi/lib/armv7e-m/fpu\libc_nano.a(lib_a-reent.o)
[...]
Memory Configuration

Name             Origin             Length             Attributes
RAM              0x20000000         0x00030000         xrw
CCMRAM           0x10000000         0x00010000         rw
FLASH            0x08000000         0x00100000         xr
*default*        0x00000000         0xffffffff

Linker script and memory map

LOAD c:/program files (x86)/atollic/truestudio for stm32 9.0.1/armtools/bin/../lib/gcc/arm-atollic-eabi/6.3.1/armv7e-m/fpu/crti.o
LOAD c:/program files (x86)/atollic/truestudio for stm32 9.0.1/armtools/bin/../lib/gcc/arm-atollic-eabi/6.3.1/armv7e-m/fpu/crtbegin.o
LOAD Core\Src\devices.o
LOAD Core\Src\main.o
LOAD Core\Src\stm32f4xx_hal_msp.o
LOAD Core\Src\stm32f4xx_hal_timebase_TIM.o
LOAD Core\Src\stm32f4xx_it.o
LOAD Core\Src\system_stm32f4xx.o
LOAD Drivers\BSP\src\bsp_canbus.o
LOAD Drivers\BSP\src\bsp_manchester.o
LOAD Drivers\BSP\src\bsp_sdcard.o
LOAD Drivers\BSP\src\bsp_usb.o
LOAD Drivers\STM32F4xx_HAL_Driver\Src\stm32f4xx_hal.o
LOAD Drivers\STM32F4xx_HAL_Driver\Src\stm32f4xx_hal_can.o
LOAD Drivers\STM32F4xx_HAL_Driver\Src\stm32f4xx_hal_cortex.o
LOAD Drivers\STM32F4xx_HAL_Driver\Src\stm32f4xx_hal_dma.o
LOAD Drivers\STM32F4xx_HAL_Driver\Src\stm32f4xx_hal_dma_ex.o
LOAD Drivers\STM32F4xx_HAL_Driver\Src\stm32f4xx_hal_flash.o
LOAD Drivers\STM32F4xx_HAL_Driver\Src\stm32f4xx_hal_flash_ex.o
LOAD Drivers\STM32F4xx_HAL_Driver\Src\stm32f4xx_hal_flash_ramfunc.o
LOAD Drivers\STM32F4xx_HAL_Driver\Src\stm32f4xx_hal_gpio.o
LOAD Drivers\STM32F4xx_HAL_Driver\Src\stm32f4xx_hal_pcd.o
LOAD Drivers\STM32F4xx_HAL_Driver\Src\stm32f4xx_hal_pcd_ex.o
LOAD Drivers\STM32F4xx_HAL_Driver\Src\stm32f4xx_hal_pwr.o
LOAD Drivers\STM32F4xx_HAL_Driver\Src\stm32f4xx_hal_pwr_ex.o
LOAD Drivers\STM32F4xx_HAL_Driver\Src\stm32f4xx_hal_rcc.o
LOAD Drivers\STM32F4xx_HAL_Driver\Src\stm32f4xx_hal_rcc_ex.o
LOAD Drivers\STM32F4xx_HAL_Driver\Src\stm32f4xx_hal_spi.o
LOAD Drivers\STM32F4xx_HAL_Driver\Src\stm32f4xx_hal_tim.o
LOAD Drivers\STM32F4xx_HAL_Driver\Src\stm32f4xx_hal_tim_ex.o
LOAD Drivers\STM32F4xx_HAL_Driver\Src\stm32f4xx_ll_usb.o
LOAD Middlewares\ST\STM32_USB_Device_Library\Class\CDC\Src\usbd_cdc.o
LOAD Middlewares\ST\STM32_USB_Device_Library\Core\Src\usb_device.o
LOAD Middlewares\ST\STM32_USB_Device_Library\Core\Src\usbd_cdc_if.o
LOAD Middlewares\ST\STM32_USB_Device_Library\Core\Src\usbd_conf.o
LOAD Middlewares\ST\STM32_USB_Device_Library\Core\Src\usbd_core.o
LOAD Middlewares\ST\STM32_USB_Device_Library\Core\Src\usbd_ctlreq.o
LOAD Middlewares\ST\STM32_USB_Device_Library\Core\Src\usbd_desc.o
LOAD Middlewares\ST\STM32_USB_Device_Library\Core\Src\usbd_ioreq.o
LOAD Middlewares\Third_Party\FatFs\src\diskio.o
LOAD Middlewares\Third_Party\FatFs\src\fatfs.o
LOAD Middlewares\Third_Party\FatFs\src\ff.o
LOAD Middlewares\Third_Party\FatFs\src\ff_gen_drv.o
LOAD Middlewares\Third_Party\FatFs\src\option\syscall.o
LOAD Middlewares\Third_Party\FatFs\src\sd_diskio.o
LOAD Middlewares\Third_Party\FreeRTOS\Source\CMSIS_RTOS\cmsis_os.o
LOAD Middlewares\Third_Party\FreeRTOS\Source\croutine.o
LOAD Middlewares\Third_Party\FreeRTOS\Source\event_groups.o
LOAD Middlewares\Third_Party\FreeRTOS\Source\freertos.o
LOAD Middlewares\Third_Party\FreeRTOS\Source\list.o
LOAD Middlewares\Third_Party\FreeRTOS\Source\portable\MemMang\heap_4.o
LOAD Middlewares\Third_Party\FreeRTOS\Source\portable\RVDS\ARM_CM4F\port.o
LOAD Middlewares\Third_Party\FreeRTOS\Source\queue.o
LOAD Middlewares\Third_Party\FreeRTOS\Source\tasks.o
LOAD Middlewares\Third_Party\FreeRTOS\Source\timers.o
LOAD startup\startup_stm32f429xx.o
                0x00000080                malloc_getpagesize_P = 0x80
START GROUP
LOAD c:/program files (x86)/atollic/truestudio for stm32 9.0.1/armtools/bin/../lib/gcc/arm-atollic-eabi/6.3.1/../../../../arm-atollic-eabi/lib/armv7e-m/fpu\libc_nano.a
LOAD c:/program files (x86)/atollic/truestudio for stm32 9.0.1/armtools/bin/../lib/gcc/arm-atollic-eabi/6.3.1/../../../../arm-atollic-eabi/lib/armv7e-m/fpu\libm.a
END GROUP
START GROUP
LOAD c:/program files (x86)/atollic/truestudio for stm32 9.0.1/armtools/bin/../lib/gcc/arm-atollic-eabi/6.3.1/armv7e-m/fpu\libgcc.a
LOAD c:/program files (x86)/atollic/truestudio for stm32 9.0.1/armtools/bin/../lib/gcc/arm-atollic-eabi/6.3.1/../../../../arm-atollic-eabi/lib/armv7e-m/fpu\libc_nano.a
END GROUP
START GROUP
LOAD c:/program files (x86)/atollic/truestudio for stm32 9.0.1/armtools/bin/../lib/gcc/arm-atollic-eabi/6.3.1/armv7e-m/fpu\libgcc.a
LOAD c:/program files (x86)/atollic/truestudio for stm32 9.0.1/armtools/bin/../lib/gcc/arm-atollic-eabi/6.3.1/../../../../arm-atollic-eabi/lib/armv7e-m/fpu\libc_nano.a
LOAD c:/program files (x86)/atollic/truestudio for stm32 9.0.1/armtools/bin/../lib/gcc/arm-atollic-eabi/6.3.1/../../../../arm-atollic-eabi/lib/armv7e-m/fpu\libnosys.a
END GROUP
START GROUP
LOAD c:/program files (x86)/atollic/truestudio for stm32 9.0.1/armtools/bin/../lib/gcc/arm-atollic-eabi/6.3.1/armv7e-m/fpu\libgcc.a
LOAD c:/program files (x86)/atollic/truestudio for stm32 9.0.1/armtools/bin/../lib/gcc/arm-atollic-eabi/6.3.1/../../../../arm-atollic-eabi/lib/armv7e-m/fpu\libc_nano.a
LOAD c:/program files (x86)/atollic/truestudio for stm32 9.0.1/armtools/bin/../lib/gcc/arm-atollic-eabi/6.3.1/../../../../arm-atollic-eabi/lib/armv7e-m/fpu\libnosys.a
END GROUP
LOAD c:/program files (x86)/atollic/truestudio for stm32 9.0.1/armtools/bin/../lib/gcc/arm-atollic-eabi/6.3.1/armv7e-m/fpu/crtend.o
LOAD c:/program files (x86)/atollic/truestudio for stm32 9.0.1/armtools/bin/../lib/gcc/arm-atollic-eabi/6.3.1/armv7e-m/fpu/crtn.o
                0x20030000                _estack = 0x20030000
                0x00000500                _Min_Heap_Size = 0x500
                0x00000400                _Min_Stack_Size = 0x400

.isr_vector     0x08000000      0x1ac
                0x08000000                . = ALIGN (0x4)
 *(.isr_vector)
 .isr_vector    0x08000000      0x1ac startup\startup_stm32f429xx.o
                0x08000000                g_pfnVectors
                0x080001ac                . = ALIGN (0x4)

.text           0x080001b0     0x8474
                0x080001b0                . = ALIGN (0x4)
 *(.text)
 .text          0x080001b0       0x40 c:/program files (x86)/atollic/truestudio for stm32 9.0.1/armtools/bin/../lib/gcc/arm-atollic-eabi/6.3.1/armv7e-m/fpu/crtbegin.o
 .text          0x080001f0       0x10 c:/program files (x86)/atollic/truestudio for stm32 9.0.1/armtools/bin/../lib/gcc/arm-atollic-eabi/6.3.1/../../../../arm-atollic-eabi/lib/armv7e-m/fpu\libc_nano.a(lib_a-strlen.o)
                0x080001f0                strlen
 .text          0x08000200       0xa0 c:/program files (x86)/atollic/truestudio for stm32 9.0.1/armtools/bin/../lib/gcc/arm-atollic-eabi/6.3.1/../../../../arm-atollic-eabi/lib/armv7e-m/fpu\libc_nano.a(lib_a-memchr.o)
                0x08000200                memchr
 .text          0x080002a0       0x30 c:/program files (x86)/atollic/truestudio for stm32 9.0.1/armtools/bin/../lib/gcc/arm-atollic-eabi/6.3.1/armv7e-m/fpu\libgcc.a(_aeabi_uldivmod.o)
                0x080002a0                __aeabi_uldivmod
 .text          0x080002d0      0x2dc c:/program files (x86)/atollic/truestudio for stm32 9.0.1/armtools/bin/../lib/gcc/arm-atollic-eabi/6.3.1/armv7e-m/fpu\libgcc.a(_udivmoddi4.o)
                0x080002d0                __udivmoddi4
 .text          0x080005ac        0x4 c:/program files (x86)/atollic/truestudio for stm32 9.0.1/armtools/bin/../lib/gcc/arm-atollic-eabi/6.3.1/armv7e-m/fpu\libgcc.a(_dvmd_tls.o)
                0x080005ac                __aeabi_idiv0
                0x080005ac                __aeabi_ldiv0
 *(.text*)
 .text.Devices_PackageAnalysis
                0x080005b0       0x98 Core\Src\devices.o
                0x080005b0                Devices_PackageAnalysis
 .text.Devices_SensorsDataRequest
                0x08000648       0x10 Core\Src\devices.o
                0x08000648                Devices_SensorsDataRequest
 .text.mainTask
                0x08000658       0x28 Core\Src\main.o
                0x08000658                mainTask
 .text.systemClock_Config
                0x08000680       0xac Core\Src\main.o
                0x08000680                systemClock_Config
 .text.portClkInit
                0x0800072c       0x60 Core\Src\main.o
                0x0800072c                portClkInit
 .text.startup.main
                0x0800078c       0x3c Core\Src\main.o
                0x0800078c                main
 .text.HAL_TIM_PeriodElapsedCallback
                0x080007c8       0x30 Core\Src\main.o
                0x080007c8                HAL_TIM_PeriodElapsedCallback
 .text.GetRunTimeStatsValue
                0x080007f8        0xc Core\Src\main.o
                0x080007f8                GetRunTimeStatsValue
 .text.SetupRunTimeStatsTimer
                0x08000804       0x78 Core\Src\main.o
                0x08000804                SetupRunTimeStatsTimer
 .text._Error_Handler
                0x0800087c        0x2 Core\Src\main.o
                0x0800087c                _Error_Handler
 .text.HAL_MspInit
                0x0800087e       0x60 Core\Src\stm32f4xx_hal_msp.o
                0x0800087e                HAL_MspInit
 *fill*         0x080008de        0x2 
 .text.HAL_SPI_MspInit
                0x080008e0       0x8c Core\Src\stm32f4xx_hal_msp.o
                0x080008e0                HAL_SPI_MspInit
 .text.HAL_CAN_MspInit
                0x0800096c       0x64 Core\Src\stm32f4xx_hal_msp.o
                0x0800096c                HAL_CAN_MspInit
 .text.HAL_InitTick
                0x080009d0       0x7c Core\Src\stm32f4xx_hal_timebase_TIM.o
                0x080009d0                HAL_InitTick
 .text.NMI_Handler
                0x08000a4c        0x2 Core\Src\stm32f4xx_it.o
                0x08000a4c                NMI_Handler
 .text.HardFault_Handler
                0x08000a4e        0x2 Core\Src\stm32f4xx_it.o
                0x08000a4e                HardFault_Handler
 .text.MemManage_Handler
                0x08000a50        0x2 Core\Src\stm32f4xx_it.o
                0x08000a50                MemManage_Handler
 .text.BusFault_Handler
                0x08000a52        0x2 Core\Src\stm32f4xx_it.o
                0x08000a52                BusFault_Handler
 .text.UsageFault_Handler
                0x08000a54        0x2 Core\Src\stm32f4xx_it.o
                0x08000a54                UsageFault_Handler
 .text.DebugMon_Handler
                0x08000a56        0x2 Core\Src\stm32f4xx_it.o
                0x08000a56                DebugMon_Handler
 .text.SysTick_Handler
                0x08000a58        0x4 Core\Src\stm32f4xx_it.o
                0x08000a58                SysTick_Handler
 .text.TIM1_UP_TIM10_IRQHandler
                0x08000a5c        0xc Core\Src\stm32f4xx_it.o
                0x08000a5c                TIM1_UP_TIM10_IRQHandler
 .text.OTG_FS_IRQHandler
                0x08000a68        0xc Core\Src\stm32f4xx_it.o
                0x08000a68                OTG_FS_IRQHandler
 .text.TIM7_IRQHandler
                0x08000a74        0xc Core\Src\stm32f4xx_it.o
                0x08000a74                TIM7_IRQHandler
 .text.CAN1_RX0_IRQHandler
                0x08000a80        0xc Core\Src\stm32f4xx_it.o
                0x08000a80                CAN1_RX0_IRQHandler
 .text.SystemInit
                0x08000a8c       0x4c Core\Src\system_stm32f4xx.o
                0x08000a8c                SystemInit
 .text.BSP_CanBus_TxTask
                0x08000ad8       0x44 Drivers\BSP\src\bsp_canbus.o
 .text.BSP_CanBus_RxTask
                0x08000b1c       0x54 Drivers\BSP\src\bsp_canbus.o
 .text.BSP_CanBus_Init
                0x08000b70       0xf0 Drivers\BSP\src\bsp_canbus.o
                0x08000b70                BSP_CanBus_Init
 .text.BSP_CanBus_SendData
                0x08000c60       0x4c Drivers\BSP\src\bsp_canbus.o
                0x08000c60                BSP_CanBus_SendData
 .text.HAL_CAN_RxFifo0MsgPendingCallback
                0x08000cac       0x64 Drivers\BSP\src\bsp_canbus.o
                0x08000cac                HAL_CAN_RxFifo0MsgPendingCallback
 .text.BSP_Manchester_SendByte
                0x08000d10       0x20 Drivers\BSP\src\bsp_manchester.o
                0x08000d10                BSP_Manchester_SendByte
 .text.BSP_Manchester_TxEnd_Callback
                0x08000d30       0x38 Drivers\BSP\src\bsp_manchester.o
                0x08000d30                BSP_Manchester_TxEnd_Callback
 .text.BSP_ByteToManEncode
                0x08000d68       0x30 Drivers\BSP\src\bsp_manchester.o
                0x08000d68                BSP_ByteToManEncode
 .text.BSP_ManToByteDecode
                0x08000d98       0x28 Drivers\BSP\src\bsp_manchester.o
                0x08000d98                BSP_ManToByteDecode
 .text.BSP_Manchester_RxEndCallback
                0x08000dc0       0x2c Drivers\BSP\src\bsp_manchester.o
                0x08000dc0                BSP_Manchester_RxEndCallback
 .text.TIM6_DAC_IRQHandler
                0x08000dec       0x6c Drivers\BSP\src\bsp_manchester.o
                0x08000dec                TIM6_DAC_IRQHandler
 .text.TIM5_IRQHandler
                0x08000e58       0x78 Drivers\BSP\src\bsp_manchester.o
                0x08000e58                TIM5_IRQHandler
 .text.BSP_SDCard_Init
                0x08000ed0       0x88 Drivers\BSP\src\bsp_sdcard.o
                0x08000ed0                BSP_SDCard_Init
 .text.BSP_SDCard_WriteSensorsData
                0x08000f58       0x14 Drivers\BSP\src\bsp_sdcard.o
                0x08000f58                BSP_SDCard_WriteSensorsData
 .text.BSP_SDCard_GetFileNumbers
                0x08000f6c       0x3c Drivers\BSP\src\bsp_sdcard.o
                0x08000f6c                BSP_SDCard_GetFileNumbers
 .text.BSP_SDCard_Task
                0x08000fa8       0xdc Drivers\BSP\src\bsp_sdcard.o
                0x08000fa8                BSP_SDCard_Task
 .text.BSP_Usb_RxTask
                0x08001084        0x2 Drivers\BSP\src\bsp_usb.o
                0x08001084                BSP_Usb_RxTask
 *fill*         0x08001086        0x2 
 .text.BSP_Usb_TxTask
                0x08001088       0x34 Drivers\BSP\src\bsp_usb.o
                0x08001088                BSP_Usb_TxTask
 .text.BSP_Usb_Init
                0x080010bc       0x7c Drivers\BSP\src\bsp_usb.o
                0x080010bc                BSP_Usb_Init
 .text.BSP_Usb_SendPackage
                0x08001138       0x24 Drivers\BSP\src\bsp_usb.o
                0x08001138                BSP_Usb_SendPackage
 .text.BSP_Usb_SendString
                0x0800115c       0x1c Drivers\BSP\src\bsp_usb.o
                0x0800115c                BSP_Usb_SendString
 .text.HAL_Init
                0x08001178       0x34 Drivers\STM32F4xx_HAL_Driver\Src\stm32f4xx_hal.o
                0x08001178                HAL_Init
 .text.HAL_IncTick
                0x080011ac       0x18 Drivers\STM32F4xx_HAL_Driver\Src\stm32f4xx_hal.o
                0x080011ac                HAL_IncTick
 .text.HAL_GetTick
                0x080011c4        0xc Drivers\STM32F4xx_HAL_Driver\Src\stm32f4xx_hal.o
                0x080011c4                HAL_GetTick
 .text.HAL_Delay
                0x080011d0       0x28 Drivers\STM32F4xx_HAL_Driver\Src\stm32f4xx_hal.o
                0x080011d0                HAL_Delay
 .text.HAL_CAN_Init
                0x080011f8       0xf6 Drivers\STM32F4xx_HAL_Driver\Src\stm32f4xx_hal_can.o
                0x080011f8                HAL_CAN_Init
 *fill*         0x080012ee        0x2 
 .text.HAL_CAN_ConfigFilter
                0x080012f0      0x114 Drivers\STM32F4xx_HAL_Driver\Src\stm32f4xx_hal_can.o
                0x080012f0                HAL_CAN_ConfigFilter
 .text.HAL_CAN_Start
                0x08001404       0x56 Drivers\STM32F4xx_HAL_Driver\Src\stm32f4xx_hal_can.o
                0x08001404                HAL_CAN_Start
 .text.HAL_CAN_AddTxMessage
                0x0800145a       0x9e Drivers\STM32F4xx_HAL_Driver\Src\stm32f4xx_hal_can.o
                0x0800145a                HAL_CAN_AddTxMessage
 .text.HAL_CAN_GetRxMessage
                0x080014f8       0xfc Drivers\STM32F4xx_HAL_Driver\Src\stm32f4xx_hal_can.o
                0x080014f8                HAL_CAN_GetRxMessage
 .text.HAL_CAN_ActivateNotification
                0x080015f4       0x28 Drivers\STM32F4xx_HAL_Driver\Src\stm32f4xx_hal_can.o
                0x080015f4                HAL_CAN_ActivateNotification
 .text.HAL_CAN_TxMailbox0CompleteCallback
                0x0800161c        0x2 Drivers\STM32F4xx_HAL_Driver\Src\stm32f4xx_hal_can.o
                0x0800161c                HAL_CAN_TxMailbox0CompleteCallback
 .text.HAL_CAN_TxMailbox1CompleteCallback
                0x0800161e        0x2 Drivers\STM32F4xx_HAL_Driver\Src\stm32f4xx_hal_can.o
                0x0800161e                HAL_CAN_TxMailbox1CompleteCallback
 .text.HAL_CAN_TxMailbox2CompleteCallback
                0x08001620        0x2 Drivers\STM32F4xx_HAL_Driver\Src\stm32f4xx_hal_can.o
                0x08001620                HAL_CAN_TxMailbox2CompleteCallback
 .text.HAL_CAN_TxMailbox0AbortCallback
                0x08001622        0x2 Drivers\STM32F4xx_HAL_Driver\Src\stm32f4xx_hal_can.o
                0x08001622                HAL_CAN_TxMailbox0AbortCallback
 .text.HAL_CAN_TxMailbox1AbortCallback
                0x08001624        0x2 Drivers\STM32F4xx_HAL_Driver\Src\stm32f4xx_hal_can.o
                0x08001624                HAL_CAN_TxMailbox1AbortCallback
 .text.HAL_CAN_TxMailbox2AbortCallback
                0x08001626        0x2 Drivers\STM32F4xx_HAL_Driver\Src\stm32f4xx_hal_can.o
                0x08001626                HAL_CAN_TxMailbox2AbortCallback
 .text.HAL_CAN_RxFifo0FullCallback
                0x08001628        0x2 Drivers\STM32F4xx_HAL_Driver\Src\stm32f4xx_hal_can.o
                0x08001628                HAL_CAN_RxFifo0FullCallback
 .text.HAL_CAN_RxFifo1MsgPendingCallback
                0x0800162a        0x2 Drivers\STM32F4xx_HAL_Driver\Src\stm32f4xx_hal_can.o
                0x0800162a                HAL_CAN_RxFifo1MsgPendingCallback
 .text.HAL_CAN_RxFifo1FullCallback
                0x0800162c        0x2 Drivers\STM32F4xx_HAL_Driver\Src\stm32f4xx_hal_can.o
                0x0800162c                HAL_CAN_RxFifo1FullCallback
 .text.HAL_CAN_SleepCallback
                0x0800162e        0x2 Drivers\STM32F4xx_HAL_Driver\Src\stm32f4xx_hal_can.o
                0x0800162e                HAL_CAN_SleepCallback
 .text.HAL_CAN_WakeUpFromRxMsgCallback
                0x08001630        0x2 Drivers\STM32F4xx_HAL_Driver\Src\stm32f4xx_hal_can.o
                0x08001630                HAL_CAN_WakeUpFromRxMsgCallback
 .text.HAL_CAN_ErrorCallback
                0x08001632        0x2 Drivers\STM32F4xx_HAL_Driver\Src\stm32f4xx_hal_can.o
                0x08001632                HAL_CAN_ErrorCallback
 .text.HAL_CAN_IRQHandler
                0x08001634      0x1fc Drivers\STM32F4xx_HAL_Driver\Src\stm32f4xx_hal_can.o
                0x08001634                HAL_CAN_IRQHandler
 .text.HAL_NVIC_SetPriorityGrouping
                0x08001830       0x24 Drivers\STM32F4xx_HAL_Driver\Src\stm32f4xx_hal_cortex.o
                0x08001830                HAL_NVIC_SetPriorityGrouping
 .text.HAL_NVIC_SetPriority
                0x08001854       0x68 Drivers\STM32F4xx_HAL_Driver\Src\stm32f4xx_hal_cortex.o
                0x08001854                HAL_NVIC_SetPriority
 .text.HAL_NVIC_EnableIRQ
                0x080018bc       0x18 Drivers\STM32F4xx_HAL_Driver\Src\stm32f4xx_hal_cortex.o
                0x080018bc                HAL_NVIC_EnableIRQ
 .text.HAL_SYSTICK_Config
                0x080018d4       0x2c Drivers\STM32F4xx_HAL_Driver\Src\stm32f4xx_hal_cortex.o
                0x080018d4                HAL_SYSTICK_Config
 .text.HAL_SYSTICK_CLKSourceConfig
                0x08001900       0x18 Drivers\STM32F4xx_HAL_Driver\Src\stm32f4xx_hal_cortex.o
                0x08001900                HAL_SYSTICK_CLKSourceConfig
 .text.HAL_GPIO_Init
                0x08001918      0x1d8 Drivers\STM32F4xx_HAL_Driver\Src\stm32f4xx_hal_gpio.o
                0x08001918                HAL_GPIO_Init
 .text.HAL_PCD_Init
                0x08001af0       0xd8 Drivers\STM32F4xx_HAL_Driver\Src\stm32f4xx_hal_pcd.o
                0x08001af0                HAL_PCD_Init
 .text.HAL_PCD_Start
                0x08001bc8       0x2a Drivers\STM32F4xx_HAL_Driver\Src\stm32f4xx_hal_pcd.o
                0x08001bc8                HAL_PCD_Start
 *fill*         0x08001bf2        0x2 
 .text.HAL_PCD_IRQHandler
                0x08001bf4      0x558 Drivers\STM32F4xx_HAL_Driver\Src\stm32f4xx_hal_pcd.o
                0x08001bf4                HAL_PCD_IRQHandler
 .text.HAL_PCD_SetAddress
                0x0800214c       0x24 Drivers\STM32F4xx_HAL_Driver\Src\stm32f4xx_hal_pcd.o
                0x0800214c                HAL_PCD_SetAddress
 .text.HAL_PCD_EP_Open
                0x08002170       0x5c Drivers\STM32F4xx_HAL_Driver\Src\stm32f4xx_hal_pcd.o
                0x08002170                HAL_PCD_EP_Open
 .text.HAL_PCD_EP_Close
                0x080021cc       0x46 Drivers\STM32F4xx_HAL_Driver\Src\stm32f4xx_hal_pcd.o
                0x080021cc                HAL_PCD_EP_Close
 .text.HAL_PCD_EP_Receive
                0x08002212       0x48 Drivers\STM32F4xx_HAL_Driver\Src\stm32f4xx_hal_pcd.o
                0x08002212                HAL_PCD_EP_Receive
 .text.HAL_PCD_EP_GetRxCount
                0x0800225a       0x10 Drivers\STM32F4xx_HAL_Driver\Src\stm32f4xx_hal_pcd.o
                0x0800225a                HAL_PCD_EP_GetRxCount
 .text.HAL_PCD_EP_Transmit
                0x0800226a       0x40 Drivers\STM32F4xx_HAL_Driver\Src\stm32f4xx_hal_pcd.o
                0x0800226a                HAL_PCD_EP_Transmit
 .text.HAL_PCD_EP_SetStall
                0x080022aa       0x58 Drivers\STM32F4xx_HAL_Driver\Src\stm32f4xx_hal_pcd.o
                0x080022aa                HAL_PCD_EP_SetStall
 .text.HAL_PCD_EP_ClrStall
                0x08002302       0x4a Drivers\STM32F4xx_HAL_Driver\Src\stm32f4xx_hal_pcd.o
                0x08002302                HAL_PCD_EP_ClrStall
 .text.HAL_PCDEx_SetTxFiFo
                0x0800234c       0x42 Drivers\STM32F4xx_HAL_Driver\Src\stm32f4xx_hal_pcd_ex.o
                0x0800234c                HAL_PCDEx_SetTxFiFo
 .text.HAL_PCDEx_SetRxFiFo
                0x0800238e        0x8 Drivers\STM32F4xx_HAL_Driver\Src\stm32f4xx_hal_pcd_ex.o
                0x0800238e                HAL_PCDEx_SetRxFiFo
 *fill*         0x08002396        0x2 
 .text.HAL_RCC_OscConfig
                0x08002398      0x304 Drivers\STM32F4xx_HAL_Driver\Src\stm32f4xx_hal_rcc.o
                0x08002398                HAL_RCC_OscConfig
 .text.HAL_RCC_GetSysClockFreq
                0x0800269c       0x5c Drivers\STM32F4xx_HAL_Driver\Src\stm32f4xx_hal_rcc.o
                0x0800269c                HAL_RCC_GetSysClockFreq
 .text.HAL_RCC_ClockConfig
                0x080026f8      0x134 Drivers\STM32F4xx_HAL_Driver\Src\stm32f4xx_hal_rcc.o
                0x080026f8                HAL_RCC_ClockConfig
 .text.HAL_RCC_GetHCLKFreq
                0x0800282c        0xc Drivers\STM32F4xx_HAL_Driver\Src\stm32f4xx_hal_rcc.o
                0x0800282c                HAL_RCC_GetHCLKFreq
 .text.HAL_RCC_GetPCLK2Freq
                0x08002838       0x20 Drivers\STM32F4xx_HAL_Driver\Src\stm32f4xx_hal_rcc.o
                0x08002838                HAL_RCC_GetPCLK2Freq
 .text.HAL_RCC_GetClockConfig
                0x08002858       0x3c Drivers\STM32F4xx_HAL_Driver\Src\stm32f4xx_hal_rcc.o
                0x08002858                HAL_RCC_GetClockConfig
 .text.SPI_WaitFlagStateUntilTimeout
                0x08002894       0x8e Drivers\STM32F4xx_HAL_Driver\Src\stm32f4xx_hal_spi.o
 .text.SPI_CheckFlag_BSY
                0x08002922       0x20 Drivers\STM32F4xx_HAL_Driver\Src\stm32f4xx_hal_spi.o
 .text.HAL_SPI_Init
                0x08002942       0x7a Drivers\STM32F4xx_HAL_Driver\Src\stm32f4xx_hal_spi.o
                0x08002942                HAL_SPI_Init
 .text.HAL_SPI_Transmit
                0x080029bc      0x152 Drivers\STM32F4xx_HAL_Driver\Src\stm32f4xx_hal_spi.o
                0x080029bc                HAL_SPI_Transmit
 .text.HAL_SPI_TransmitReceive
                0x08002b0e      0x1f8 Drivers\STM32F4xx_HAL_Driver\Src\stm32f4xx_hal_spi.o
                0x08002b0e                HAL_SPI_TransmitReceive
 .text.HAL_SPI_GetState
                0x08002d06        0x6 Drivers\STM32F4xx_HAL_Driver\Src\stm32f4xx_hal_spi.o
                0x08002d06                HAL_SPI_GetState
 .text.HAL_TIM_Base_MspInit
                0x08002d0c        0x2 Drivers\STM32F4xx_HAL_Driver\Src\stm32f4xx_hal_tim.o
                0x08002d0c                HAL_TIM_Base_MspInit
 .text.HAL_TIM_Base_Start_IT
                0x08002d0e       0x16 Drivers\STM32F4xx_HAL_Driver\Src\stm32f4xx_hal_tim.o
                0x08002d0e                HAL_TIM_Base_Start_IT
 .text.HAL_TIM_OC_DelayElapsedCallback
                0x08002d24        0x2 Drivers\STM32F4xx_HAL_Driver\Src\stm32f4xx_hal_tim.o
                0x08002d24                HAL_TIM_OC_DelayElapsedCallback
 .text.HAL_TIM_IC_CaptureCallback
                0x08002d26        0x2 Drivers\STM32F4xx_HAL_Driver\Src\stm32f4xx_hal_tim.o
                0x08002d26                HAL_TIM_IC_CaptureCallback
 .text.HAL_TIM_PWM_PulseFinishedCallback
                0x08002d28        0x2 Drivers\STM32F4xx_HAL_Driver\Src\stm32f4xx_hal_tim.o
                0x08002d28                HAL_TIM_PWM_PulseFinishedCallback
 .text.HAL_TIM_TriggerCallback
                0x08002d2a        0x2 Drivers\STM32F4xx_HAL_Driver\Src\stm32f4xx_hal_tim.o
                0x08002d2a                HAL_TIM_TriggerCallback
 .text.HAL_TIM_IRQHandler
                0x08002d2c      0x144 Drivers\STM32F4xx_HAL_Driver\Src\stm32f4xx_hal_tim.o
                0x08002d2c                HAL_TIM_IRQHandler
 .text.TIM_Base_SetConfig
                0x08002e70       0xc8 Drivers\STM32F4xx_HAL_Driver\Src\stm32f4xx_hal_tim.o
                0x08002e70                TIM_Base_SetConfig
 .text.HAL_TIM_Base_Init
                0x08002f38       0x34 Drivers\STM32F4xx_HAL_Driver\Src\stm32f4xx_hal_tim.o
                0x08002f38                HAL_TIM_Base_Init
 .text.HAL_TIMEx_CommutationCallback
                0x08002f6c        0x2 Drivers\STM32F4xx_HAL_Driver\Src\stm32f4xx_hal_tim_ex.o
                0x08002f6c                HAL_TIMEx_CommutationCallback
 .text.HAL_TIMEx_BreakCallback
                0x08002f6e        0x2 Drivers\STM32F4xx_HAL_Driver\Src\stm32f4xx_hal_tim_ex.o
                0x08002f6e                HAL_TIMEx_BreakCallback
 .text.USB_CoreInit
                0x08002f70       0x74 Drivers\STM32F4xx_HAL_Driver\Src\stm32f4xx_ll_usb.o
                0x08002f70                USB_CoreInit
 .text.USB_EnableGlobalInt
                0x08002fe4        0xc Drivers\STM32F4xx_HAL_Driver\Src\stm32f4xx_ll_usb.o
                0x08002fe4                USB_EnableGlobalInt
 .text.USB_DisableGlobalInt
                0x08002ff0        0xc Drivers\STM32F4xx_HAL_Driver\Src\stm32f4xx_ll_usb.o
                0x08002ff0                USB_DisableGlobalInt
 .text.USB_SetCurrentMode
                0x08002ffc       0x2e Drivers\STM32F4xx_HAL_Driver\Src\stm32f4xx_ll_usb.o
                0x08002ffc                USB_SetCurrentMode
 *fill*         0x0800302a        0x2 
 .text.USB_DevInit
                0x0800302c      0x138 Drivers\STM32F4xx_HAL_Driver\Src\stm32f4xx_ll_usb.o
                0x0800302c                USB_DevInit
 .text.USB_FlushTxFifo
                0x08003164       0x24 Drivers\STM32F4xx_HAL_Driver\Src\stm32f4xx_ll_usb.o
                0x08003164                USB_FlushTxFifo
 .text.USB_FlushRxFifo
                0x08003188       0x20 Drivers\STM32F4xx_HAL_Driver\Src\stm32f4xx_ll_usb.o
                0x08003188                USB_FlushRxFifo
 .text.USB_SetDevSpeed
                0x080031a8        0xe Drivers\STM32F4xx_HAL_Driver\Src\stm32f4xx_ll_usb.o
                0x080031a8                USB_SetDevSpeed
 .text.USB_GetDevSpeed
                0x080031b6       0x36 Drivers\STM32F4xx_HAL_Driver\Src\stm32f4xx_ll_usb.o
                0x080031b6                USB_GetDevSpeed
 .text.USB_ActivateEndpoint
                0x080031ec       0x7e Drivers\STM32F4xx_HAL_Driver\Src\stm32f4xx_ll_usb.o
                0x080031ec                USB_ActivateEndpoint
 .text.USB_DeactivateEndpoint
                0x0800326a        0x4 Drivers\STM32F4xx_HAL_Driver\Src\stm32f4xx_ll_usb.o
                0x0800326a                USB_DeactivateEndpoint
 *fill*         0x0800326e        0x2 
 .text.USB_DeactivateDedicatedEndpoint
                0x08003270       0xb0 Drivers\STM32F4xx_HAL_Driver\Src\stm32f4xx_ll_usb.o
                0x08003270                USB_DeactivateDedicatedEndpoint
 .text.USB_EPStartXfer
                0x08003320      0x18c Drivers\STM32F4xx_HAL_Driver\Src\stm32f4xx_ll_usb.o
                0x08003320                USB_EPStartXfer
 .text.USB_EP0StartXfer
                0x080034ac       0xda Drivers\STM32F4xx_HAL_Driver\Src\stm32f4xx_ll_usb.o
                0x080034ac                USB_EP0StartXfer
 .text.USB_WritePacket
                0x08003586       0x28 Drivers\STM32F4xx_HAL_Driver\Src\stm32f4xx_ll_usb.o
                0x08003586                USB_WritePacket
 .text.USB_ReadPacket
                0x080035ae       0x1c Drivers\STM32F4xx_HAL_Driver\Src\stm32f4xx_ll_usb.o
                0x080035ae                USB_ReadPacket
 .text.USB_EPSetStall
                0x080035ca       0x3e Drivers\STM32F4xx_HAL_Driver\Src\stm32f4xx_ll_usb.o
                0x080035ca                USB_EPSetStall
 .text.USB_EPClearStall
                0x08003608       0x32 Drivers\STM32F4xx_HAL_Driver\Src\stm32f4xx_ll_usb.o
                0x08003608                USB_EPClearStall
 .text.USB_SetDevAddress
                0x0800363a       0x20 Drivers\STM32F4xx_HAL_Driver\Src\stm32f4xx_ll_usb.o
                0x0800363a                USB_SetDevAddress
 .text.USB_DevConnect
                0x0800365a       0x18 Drivers\STM32F4xx_HAL_Driver\Src\stm32f4xx_ll_usb.o
                0x0800365a                USB_DevConnect
 .text.USB_DevDisconnect
                0x08003672       0x18 Drivers\STM32F4xx_HAL_Driver\Src\stm32f4xx_ll_usb.o
                0x08003672                USB_DevDisconnect
 .text.USB_ReadInterrupts
                0x0800368a        0x8 Drivers\STM32F4xx_HAL_Driver\Src\stm32f4xx_ll_usb.o
                0x0800368a                USB_ReadInterrupts
 .text.USB_ReadDevAllOutEpInterrupt
                0x08003692       0x10 Drivers\STM32F4xx_HAL_Driver\Src\stm32f4xx_ll_usb.o
                0x08003692                USB_ReadDevAllOutEpInterrupt
 .text.USB_ReadDevAllInEpInterrupt
                0x080036a2       0x10 Drivers\STM32F4xx_HAL_Driver\Src\stm32f4xx_ll_usb.o
                0x080036a2                USB_ReadDevAllInEpInterrupt
 .text.USB_ReadDevOutEPInterrupt
                0x080036b2       0x14 Drivers\STM32F4xx_HAL_Driver\Src\stm32f4xx_ll_usb.o
                0x080036b2                USB_ReadDevOutEPInterrupt
 .text.USB_ReadDevInEPInterrupt
                0x080036c6       0x20 Drivers\STM32F4xx_HAL_Driver\Src\stm32f4xx_ll_usb.o
                0x080036c6                USB_ReadDevInEPInterrupt
 .text.USB_GetMode
                0x080036e6        0x8 Drivers\STM32F4xx_HAL_Driver\Src\stm32f4xx_ll_usb.o
                0x080036e6                USB_GetMode
 .text.USB_ActivateSetup
                0x080036ee       0x36 Drivers\STM32F4xx_HAL_Driver\Src\stm32f4xx_ll_usb.o
                0x080036ee                USB_ActivateSetup
 .text.USB_EP0_OutStart
                0x08003724       0x46 Drivers\STM32F4xx_HAL_Driver\Src\stm32f4xx_ll_usb.o
                0x08003724                USB_EP0_OutStart
 *fill*         0x0800376a        0x2 
 .text.USB_CoreReset
                0x0800376c       0x30 Drivers\STM32F4xx_HAL_Driver\Src\stm32f4xx_ll_usb.o
 .text.USBD_CDC_DataIn
                0x0800379c       0x12 Middlewares\ST\STM32_USB_Device_Library\Class\CDC\Src\usbd_cdc.o
 .text.USBD_CDC_EP0_RxReady
                0x080037ae       0x28 Middlewares\ST\STM32_USB_Device_Library\Class\CDC\Src\usbd_cdc.o
 *fill*         0x080037d6        0x2 
 .text.USBD_CDC_GetFSCfgDesc
                0x080037d8        0xc Middlewares\ST\STM32_USB_Device_Library\Class\CDC\Src\usbd_cdc.o
 .text.USBD_CDC_GetHSCfgDesc
                0x080037e4        0xc Middlewares\ST\STM32_USB_Device_Library\Class\CDC\Src\usbd_cdc.o
 .text.USBD_CDC_GetOtherSpeedCfgDesc
                0x080037f0        0xc Middlewares\ST\STM32_USB_Device_Library\Class\CDC\Src\usbd_cdc.o
 .text.USBD_CDC_GetDeviceQualifierDescriptor
                0x080037fc        0xc Middlewares\ST\STM32_USB_Device_Library\Class\CDC\Src\usbd_cdc.o
                0x080037fc                USBD_CDC_GetDeviceQualifierDescriptor
 .text.USBD_CDC_DataOut
                0x08003808       0x2e Middlewares\ST\STM32_USB_Device_Library\Class\CDC\Src\usbd_cdc.o
 *fill*         0x08003836        0x2 
 .text.USBD_CDC_Setup
                0x08003838       0x68 Middlewares\ST\STM32_USB_Device_Library\Class\CDC\Src\usbd_cdc.o
 .text.USBD_CDC_DeInit
                0x080038a0       0x3a Middlewares\ST\STM32_USB_Device_Library\Class\CDC\Src\usbd_cdc.o
 .text.USBD_CDC_Init
                0x080038da       0x8c Middlewares\ST\STM32_USB_Device_Library\Class\CDC\Src\usbd_cdc.o
 .text.USBD_CDC_RegisterInterface
                0x08003966        0xe Middlewares\ST\STM32_USB_Device_Library\Class\CDC\Src\usbd_cdc.o
                0x08003966                USBD_CDC_RegisterInterface
 .text.USBD_CDC_SetTxBuffer
                0x08003974       0x10 Middlewares\ST\STM32_USB_Device_Library\Class\CDC\Src\usbd_cdc.o
                0x08003974                USBD_CDC_SetTxBuffer
 .text.USBD_CDC_SetRxBuffer
                0x08003984        0xc Middlewares\ST\STM32_USB_Device_Library\Class\CDC\Src\usbd_cdc.o
                0x08003984                USBD_CDC_SetRxBuffer
 .text.USBD_CDC_TransmitPacket
                0x08003990       0x2e Middlewares\ST\STM32_USB_Device_Library\Class\CDC\Src\usbd_cdc.o
                0x08003990                USBD_CDC_TransmitPacket
 .text.USBD_CDC_ReceivePacket
                0x080039be       0x26 Middlewares\ST\STM32_USB_Device_Library\Class\CDC\Src\usbd_cdc.o
                0x080039be                USBD_CDC_ReceivePacket
 .text.MX_USB_DEVICE_Init
                0x080039e4       0x38 Middlewares\ST\STM32_USB_Device_Library\Core\Src\usb_device.o
                0x080039e4                MX_USB_DEVICE_Init
 .text.CDC_DeInit_FS
                0x08003a1c        0x4 Middlewares\ST\STM32_USB_Device_Library\Core\Src\usbd_cdc_if.o
 .text.CDC_Control_FS
                0x08003a20        0x4 Middlewares\ST\STM32_USB_Device_Library\Core\Src\usbd_cdc_if.o
 .text.CDC_Receive_FS
                0x08003a24       0x1c Middlewares\ST\STM32_USB_Device_Library\Core\Src\usbd_cdc_if.o
 .text.CDC_Init_FS
                0x08003a40       0x28 Middlewares\ST\STM32_USB_Device_Library\Core\Src\usbd_cdc_if.o
 .text.CDC_Transmit_FS
                0x08003a68       0x2c Middlewares\ST\STM32_USB_Device_Library\Core\Src\usbd_cdc_if.o
                0x08003a68                CDC_Transmit_FS
 .text.HAL_PCD_MspInit
                0x08003a94       0x64 Middlewares\ST\STM32_USB_Device_Library\Core\Src\usbd_conf.o
                0x08003a94                HAL_PCD_MspInit
 .text.HAL_PCD_SetupStageCallback
                0x08003af8        0xc Middlewares\ST\STM32_USB_Device_Library\Core\Src\usbd_conf.o
                0x08003af8                HAL_PCD_SetupStageCallback
 .text.HAL_PCD_DataOutStageCallback
                0x08003b04       0x12 Middlewares\ST\STM32_USB_Device_Library\Core\Src\usbd_conf.o
                0x08003b04                HAL_PCD_DataOutStageCallback
 .text.HAL_PCD_DataInStageCallback
                0x08003b16       0x10 Middlewares\ST\STM32_USB_Device_Library\Core\Src\usbd_conf.o
                0x08003b16                HAL_PCD_DataInStageCallback
 .text.HAL_PCD_SOFCallback
                0x08003b26        0x8 Middlewares\ST\STM32_USB_Device_Library\Core\Src\usbd_conf.o
                0x08003b26                HAL_PCD_SOFCallback
 .text.HAL_PCD_ResetCallback
                0x08003b2e       0x20 Middlewares\ST\STM32_USB_Device_Library\Core\Src\usbd_conf.o
                0x08003b2e                HAL_PCD_ResetCallback
 *fill*         0x08003b4e        0x2 
 .text.HAL_PCD_SuspendCallback
                0x08003b50       0x30 Middlewares\ST\STM32_USB_Device_Library\Core\Src\usbd_conf.o
                0x08003b50                HAL_PCD_SuspendCallback
 .text.HAL_PCD_ResumeCallback
                0x08003b80        0x8 Middlewares\ST\STM32_USB_Device_Library\Core\Src\usbd_conf.o
                0x08003b80                HAL_PCD_ResumeCallback
 .text.HAL_PCD_ISOOUTIncompleteCallback
                0x08003b88        0x8 Middlewares\ST\STM32_USB_Device_Library\Core\Src\usbd_conf.o
                0x08003b88                HAL_PCD_ISOOUTIncompleteCallback
 .text.HAL_PCD_ISOINIncompleteCallback
                0x08003b90        0x8 Middlewares\ST\STM32_USB_Device_Library\Core\Src\usbd_conf.o
                0x08003b90                HAL_PCD_ISOINIncompleteCallback
 .text.HAL_PCD_ConnectCallback
                0x08003b98        0x8 Middlewares\ST\STM32_USB_Device_Library\Core\Src\usbd_conf.o
                0x08003b98                HAL_PCD_ConnectCallback
 .text.HAL_PCD_DisconnectCallback
                0x08003ba0        0x8 Middlewares\ST\STM32_USB_Device_Library\Core\Src\usbd_conf.o
                0x08003ba0                HAL_PCD_DisconnectCallback
 .text.USBD_LL_Init
                0x08003ba8       0x68 Middlewares\ST\STM32_USB_Device_Library\Core\Src\usbd_conf.o
                0x08003ba8                USBD_LL_Init
 .text.USBD_LL_Start
                0x08003c10       0x1c Middlewares\ST\STM32_USB_Device_Library\Core\Src\usbd_conf.o
                0x08003c10                USBD_LL_Start
 .text.USBD_LL_OpenEP
                0x08003c2c       0x20 Middlewares\ST\STM32_USB_Device_Library\Core\Src\usbd_conf.o
                0x08003c2c                USBD_LL_OpenEP
 .text.USBD_LL_CloseEP
                0x08003c4c       0x1c Middlewares\ST\STM32_USB_Device_Library\Core\Src\usbd_conf.o
                0x08003c4c                USBD_LL_CloseEP
 .text.USBD_LL_StallEP
                0x08003c68       0x1c Middlewares\ST\STM32_USB_Device_Library\Core\Src\usbd_conf.o
                0x08003c68                USBD_LL_StallEP
 .text.USBD_LL_ClearStallEP
                0x08003c84       0x1c Middlewares\ST\STM32_USB_Device_Library\Core\Src\usbd_conf.o
                0x08003c84                USBD_LL_ClearStallEP
 .text.USBD_LL_IsStallEP
                0x08003ca0       0x26 Middlewares\ST\STM32_USB_Device_Library\Core\Src\usbd_conf.o
                0x08003ca0                USBD_LL_IsStallEP
 *fill*         0x08003cc6        0x2 
 .text.USBD_LL_SetUSBAddress
                0x08003cc8       0x1c Middlewares\ST\STM32_USB_Device_Library\Core\Src\usbd_conf.o
                0x08003cc8                USBD_LL_SetUSBAddress
 .text.USBD_LL_Transmit
                0x08003ce4       0x1c Middlewares\ST\STM32_USB_Device_Library\Core\Src\usbd_conf.o
                0x08003ce4                USBD_LL_Transmit
 .text.USBD_LL_PrepareReceive
                0x08003d00       0x1c Middlewares\ST\STM32_USB_Device_Library\Core\Src\usbd_conf.o
                0x08003d00                USBD_LL_PrepareReceive
 .text.USBD_LL_GetRxDataSize
                0x08003d1c        0xc Middlewares\ST\STM32_USB_Device_Library\Core\Src\usbd_conf.o
                0x08003d1c                USBD_LL_GetRxDataSize
 .text.USBD_Init
                0x08003d28       0x2a Middlewares\ST\STM32_USB_Device_Library\Core\Src\usbd_core.o
                0x08003d28                USBD_Init
 .text.USBD_RegisterClass
                0x08003d52        0xe Middlewares\ST\STM32_USB_Device_Library\Core\Src\usbd_core.o
                0x08003d52                USBD_RegisterClass
 .text.USBD_Start
                0x08003d60        0xa Middlewares\ST\STM32_USB_Device_Library\Core\Src\usbd_core.o
                0x08003d60                USBD_Start
 .text.USBD_SetClassConfig
                0x08003d6a       0x16 Middlewares\ST\STM32_USB_Device_Library\Core\Src\usbd_core.o
                0x08003d6a                USBD_SetClassConfig
 .text.USBD_ClrClassConfig
                0x08003d80        0xe Middlewares\ST\STM32_USB_Device_Library\Core\Src\usbd_core.o
                0x08003d80                USBD_ClrClassConfig
 .text.USBD_LL_SetupStage
                0x08003d8e       0x5a Middlewares\ST\STM32_USB_Device_Library\Core\Src\usbd_core.o
                0x08003d8e                USBD_LL_SetupStage
 .text.USBD_LL_DataOutStage
                0x08003de8       0x64 Middlewares\ST\STM32_USB_Device_Library\Core\Src\usbd_core.o
                0x08003de8                USBD_LL_DataOutStage
 .text.USBD_LL_DataInStage
                0x08003e4c       0x9e Middlewares\ST\STM32_USB_Device_Library\Core\Src\usbd_core.o
                0x08003e4c                USBD_LL_DataInStage
 .text.USBD_LL_Reset
                0x08003eea       0x3e Middlewares\ST\STM32_USB_Device_Library\Core\Src\usbd_core.o
                0x08003eea                USBD_LL_Reset
 .text.USBD_LL_SetSpeed
                0x08003f28        0x6 Middlewares\ST\STM32_USB_Device_Library\Core\Src\usbd_core.o
                0x08003f28                USBD_LL_SetSpeed
 .text.USBD_LL_Suspend
                0x08003f2e       0x12 Middlewares\ST\STM32_USB_Device_Library\Core\Src\usbd_core.o
                0x08003f2e                USBD_LL_Suspend
 .text.USBD_LL_Resume
                0x08003f40        0xc Middlewares\ST\STM32_USB_Device_Library\Core\Src\usbd_core.o
                0x08003f40                USBD_LL_Resume
 .text.USBD_LL_SOF
                0x08003f4c       0x18 Middlewares\ST\STM32_USB_Device_Library\Core\Src\usbd_core.o
                0x08003f4c                USBD_LL_SOF
 .text.USBD_LL_IsoINIncomplete
                0x08003f64        0x4 Middlewares\ST\STM32_USB_Device_Library\Core\Src\usbd_core.o
                0x08003f64                USBD_LL_IsoINIncomplete
 .text.USBD_LL_IsoOUTIncomplete
                0x08003f68        0x4 Middlewares\ST\STM32_USB_Device_Library\Core\Src\usbd_core.o
                0x08003f68                USBD_LL_IsoOUTIncomplete
 .text.USBD_LL_DevConnected
                0x08003f6c        0x4 Middlewares\ST\STM32_USB_Device_Library\Core\Src\usbd_core.o
                0x08003f6c                USBD_LL_DevConnected
 .text.USBD_LL_DevDisconnected
                0x08003f70       0x16 Middlewares\ST\STM32_USB_Device_Library\Core\Src\usbd_core.o
                0x08003f70                USBD_LL_DevDisconnected
 .text.USBD_CtlError.constprop.0
                0x08003f86       0x16 Middlewares\ST\STM32_USB_Device_Library\Core\Src\usbd_ctlreq.o
 .text.USBD_StdDevReq
                0x08003f9c      0x1f4 Middlewares\ST\STM32_USB_Device_Library\Core\Src\usbd_ctlreq.o
                0x08003f9c                USBD_StdDevReq
 .text.USBD_StdItfReq
                0x08004190       0x30 Middlewares\ST\STM32_USB_Device_Library\Core\Src\usbd_ctlreq.o
                0x08004190                USBD_StdItfReq
 .text.USBD_StdEPReq
                0x080041c0       0xc6 Middlewares\ST\STM32_USB_Device_Library\Core\Src\usbd_ctlreq.o
                0x080041c0                USBD_StdEPReq
 .text.USBD_ParseSetupRequest
                0x08004286       0x28 Middlewares\ST\STM32_USB_Device_Library\Core\Src\usbd_ctlreq.o
                0x08004286                USBD_ParseSetupRequest
 .text.USBD_GetString
                0x080042ae       0x38 Middlewares\ST\STM32_USB_Device_Library\Core\Src\usbd_ctlreq.o
                0x080042ae                USBD_GetString
 *fill*         0x080042e6        0x2 
 .text.USBD_FS_DeviceDescriptor
                0x080042e8        0xc Middlewares\ST\STM32_USB_Device_Library\Core\Src\usbd_desc.o
                0x080042e8                USBD_FS_DeviceDescriptor
 .text.USBD_FS_LangIDStrDescriptor
                0x080042f4        0xc Middlewares\ST\STM32_USB_Device_Library\Core\Src\usbd_desc.o
                0x080042f4                USBD_FS_LangIDStrDescriptor
 .text.USBD_FS_ManufacturerStrDescriptor
                0x08004300       0x1c Middlewares\ST\STM32_USB_Device_Library\Core\Src\usbd_desc.o
                0x08004300                USBD_FS_ManufacturerStrDescriptor
 .text.USBD_FS_ProductStrDescriptor
                0x0800431c       0x1c Middlewares\ST\STM32_USB_Device_Library\Core\Src\usbd_desc.o
                0x0800431c                USBD_FS_ProductStrDescriptor
 .text.USBD_FS_SerialStrDescriptor
                0x08004338       0x1c Middlewares\ST\STM32_USB_Device_Library\Core\Src\usbd_desc.o
                0x08004338                USBD_FS_SerialStrDescriptor
 .text.USBD_FS_ConfigStrDescriptor
                0x08004354       0x1c Middlewares\ST\STM32_USB_Device_Library\Core\Src\usbd_desc.o
                0x08004354                USBD_FS_ConfigStrDescriptor
 .text.USBD_FS_InterfaceStrDescriptor
                0x08004370       0x1c Middlewares\ST\STM32_USB_Device_Library\Core\Src\usbd_desc.o
                0x08004370                USBD_FS_InterfaceStrDescriptor
 .text.USBD_CtlSendData
                0x0800438c       0x1a Middlewares\ST\STM32_USB_Device_Library\Core\Src\usbd_ioreq.o
                0x0800438c                USBD_CtlSendData
 .text.USBD_CtlContinueSendData
                0x080043a6       0x10 Middlewares\ST\STM32_USB_Device_Library\Core\Src\usbd_ioreq.o
                0x080043a6                USBD_CtlContinueSendData
 .text.USBD_CtlPrepareRx
                0x080043b6       0x1e Middlewares\ST\STM32_USB_Device_Library\Core\Src\usbd_ioreq.o
                0x080043b6                USBD_CtlPrepareRx
 .text.USBD_CtlContinueRx
                0x080043d4       0x10 Middlewares\ST\STM32_USB_Device_Library\Core\Src\usbd_ioreq.o
                0x080043d4                USBD_CtlContinueRx
 .text.USBD_CtlSendStatus
                0x080043e4       0x16 Middlewares\ST\STM32_USB_Device_Library\Core\Src\usbd_ioreq.o
                0x080043e4                USBD_CtlSendStatus
 .text.USBD_CtlReceiveStatus
                0x080043fa       0x16 Middlewares\ST\STM32_USB_Device_Library\Core\Src\usbd_ioreq.o
                0x080043fa                USBD_CtlReceiveStatus
 .text.disk_status
                0x08004410       0x14 Middlewares\Third_Party\FatFs\src\diskio.o
                0x08004410                disk_status
 .text.disk_initialize
                0x08004424       0x20 Middlewares\Third_Party\FatFs\src\diskio.o
                0x08004424                disk_initialize
 .text.disk_read
                0x08004444       0x1c Middlewares\Third_Party\FatFs\src\diskio.o
                0x08004444                disk_read
 .text.disk_write
                0x08004460       0x1c Middlewares\Third_Party\FatFs\src\diskio.o
                0x08004460                disk_write
 .text.disk_ioctl
                0x0800447c       0x1c Middlewares\Third_Party\FatFs\src\diskio.o
                0x0800447c                disk_ioctl
 .text.get_fattime
                0x08004498        0x4 Middlewares\Third_Party\FatFs\src\fatfs.o
                0x08004498                get_fattime
 .text.ld_dword
                0x0800449c       0x10 Middlewares\Third_Party\FatFs\src\ff.o
 .text.st_dword
                0x080044ac       0x10 Middlewares\Third_Party\FatFs\src\ff.o
 .text.mem_set  0x080044bc        0xc Middlewares\Third_Party\FatFs\src\ff.o
 .text.chk_lock
                0x080044c8       0x5c Middlewares\Third_Party\FatFs\src\ff.o
 .text.inc_lock
                0x08004524       0x78 Middlewares\Third_Party\FatFs\src\ff.o
 .text.dec_lock
                0x0800459c       0x30 Middlewares\Third_Party\FatFs\src\ff.o
 .text.clust2sect
                0x080045cc       0x16 Middlewares\Third_Party\FatFs\src\ff.o
 .text.clmt_clust
                0x080045e2       0x22 Middlewares\Third_Party\FatFs\src\ff.o
 .text.get_ldnumber
                0x08004604       0x30 Middlewares\Third_Party\FatFs\src\ff.o
 .text.mem_cpy.part.0
                0x08004634       0x12 Middlewares\Third_Party\FatFs\src\ff.o
 .text.ld_clust.isra.1
                0x08004646       0x1c Middlewares\Third_Party\FatFs\src\ff.o
 .text.st_clust.isra.2
                0x08004662       0x18 Middlewares\Third_Party\FatFs\src\ff.o
 .text.get_fileinfo.part.3
                0x0800467a       0x56 Middlewares\Third_Party\FatFs\src\ff.o
 .text.sync_window.part.5
                0x080046d0       0x46 Middlewares\Third_Party\FatFs\src\ff.o
 .text.sync_window
                0x08004716        0xc Middlewares\Third_Party\FatFs\src\ff.o
 .text.sync_fs  0x08004722       0x96 Middlewares\Third_Party\FatFs\src\ff.o
 .text.move_window
                0x080047b8       0x36 Middlewares\Third_Party\FatFs\src\ff.o
 *fill*         0x080047ee        0x2 
 .text.check_fs
                0x080047f0       0x80 Middlewares\Third_Party\FatFs\src\ff.o
 .text.find_volume
                0x08004870      0x2b8 Middlewares\Third_Party\FatFs\src\ff.o
 .text.put_fat  0x08004b28       0xf8 Middlewares\Third_Party\FatFs\src\ff.o
 .text.get_fat.isra.9
                0x08004c20       0xb4 Middlewares\Third_Party\FatFs\src\ff.o
 .text.create_chain
                0x08004cd4       0xb0 Middlewares\Third_Party\FatFs\src\ff.o
 .text.remove_chain
                0x08004d84       0x6c Middlewares\Third_Party\FatFs\src\ff.o
 .text.unlock_fs
                0x08004df0       0x16 Middlewares\Third_Party\FatFs\src\ff.o
 .text.dir_sdi.constprop.13
                0x08004e06       0x66 Middlewares\Third_Party\FatFs\src\ff.o
 .text.dir_next
                0x08004e6c       0xf2 Middlewares\Third_Party\FatFs\src\ff.o
 *fill*         0x08004f5e        0x2 
 .text.follow_path
                0x08004f60      0x188 Middlewares\Third_Party\FatFs\src\ff.o
 .text.dir_read.constprop.11
                0x080050e8       0x54 Middlewares\Third_Party\FatFs\src\ff.o
 .text.dir_register
                0x0800513c       0x62 Middlewares\Third_Party\FatFs\src\ff.o
 .text.validate
                0x0800519e       0x48 Middlewares\Third_Party\FatFs\src\ff.o
 *fill*         0x080051e6        0x2 
 .text.f_mount  0x080051e8       0x94 Middlewares\Third_Party\FatFs\src\ff.o
                0x080051e8                f_mount
 .text.f_open   0x0800527c      0x22c Middlewares\Third_Party\FatFs\src\ff.o
                0x0800527c                f_open
 .text.f_write  0x080054a8      0x1a6 Middlewares\Third_Party\FatFs\src\ff.o
                0x080054a8                f_write
 .text.putc_bfd
                0x0800564e       0x44 Middlewares\Third_Party\FatFs\src\ff.o
 .text.putc_flush
                0x08005692       0x2e Middlewares\Third_Party\FatFs\src\ff.o
 .text.f_sync   0x080056c0       0xa0 Middlewares\Third_Party\FatFs\src\ff.o
                0x080056c0                f_sync
 .text.f_close  0x08005760       0x32 Middlewares\Third_Party\FatFs\src\ff.o
                0x08005760                f_close
 .text.f_opendir
                0x08005792       0x8e Middlewares\Third_Party\FatFs\src\ff.o
                0x08005792                f_opendir
 .text.f_closedir
                0x08005820       0x2e Middlewares\Third_Party\FatFs\src\ff.o
                0x08005820                f_closedir
 .text.f_readdir
                0x0800584e       0x54 Middlewares\Third_Party\FatFs\src\ff.o
                0x0800584e                f_readdir
 .text.f_printf
                0x080058a2      0x1f2 Middlewares\Third_Party\FatFs\src\ff.o
                0x080058a2                f_printf
 .text.FATFS_LinkDriverEx
                0x08005a94       0x44 Middlewares\Third_Party\FatFs\src\ff_gen_drv.o
                0x08005a94                FATFS_LinkDriverEx
 .text.FATFS_LinkDriver
                0x08005ad8        0x6 Middlewares\Third_Party\FatFs\src\ff_gen_drv.o
                0x08005ad8                FATFS_LinkDriver
 .text.ff_cre_syncobj
                0x08005ade       0x1e Middlewares\Third_Party\FatFs\src\option\syscall.o
                0x08005ade                ff_cre_syncobj
 .text.ff_del_syncobj
                0x08005afc        0xa Middlewares\Third_Party\FatFs\src\option\syscall.o
                0x08005afc                ff_del_syncobj
 .text.ff_req_grant
                0x08005b06       0x12 Middlewares\Third_Party\FatFs\src\option\syscall.o
                0x08005b06                ff_req_grant
 .text.ff_rel_grant
                0x08005b18        0x4 Middlewares\Third_Party\FatFs\src\option\syscall.o
                0x08005b18                ff_rel_grant
 .text.USER_status
                0x08005b1c       0x14 Middlewares\Third_Party\FatFs\src\sd_diskio.o
                0x08005b1c                USER_status
 .text.xmit_spi
                0x08005b30       0x2c Middlewares\Third_Party\FatFs\src\sd_diskio.o
 .text.rcvr_spi
                0x08005b5c       0x3c Middlewares\Third_Party\FatFs\src\sd_diskio.o
 .text.power_on
                0x08005b98       0x60 Middlewares\Third_Party\FatFs\src\sd_diskio.o
 .text.wait_ready
                0x08005bf8       0x20 Middlewares\Third_Party\FatFs\src\sd_diskio.o
 .text.xmit_datablock
                0x08005c18       0x68 Middlewares\Third_Party\FatFs\src\sd_diskio.o
 .text.send_cmd
                0x08005c80       0x64 Middlewares\Third_Party\FatFs\src\sd_diskio.o
 .text.USER_initialize
                0x08005ce4      0x13c Middlewares\Third_Party\FatFs\src\sd_diskio.o
                0x08005ce4                USER_initialize
 .text.USER_write
                0x08005e20       0xa8 Middlewares\Third_Party\FatFs\src\sd_diskio.o
                0x08005e20                USER_write
 .text.rcvr_datablock
                0x08005ec8       0x54 Middlewares\Third_Party\FatFs\src\sd_diskio.o
 .text.USER_read
                0x08005f1c       0x80 Middlewares\Third_Party\FatFs\src\sd_diskio.o
                0x08005f1c                USER_read
 .text.USER_ioctl
                0x08005f9c      0x13c Middlewares\Third_Party\FatFs\src\sd_diskio.o
                0x08005f9c                USER_ioctl
 .text.osKernelStart
                0x080060d8        0xa Middlewares\Third_Party\FreeRTOS\Source\CMSIS_RTOS\cmsis_os.o
                0x080060d8                osKernelStart
 .text.osThreadCreate
                0x080060e2       0x30 Middlewares\Third_Party\FreeRTOS\Source\CMSIS_RTOS\cmsis_os.o
                0x080060e2                osThreadCreate
 .text.osDelay  0x08006112       0x10 Middlewares\Third_Party\FreeRTOS\Source\CMSIS_RTOS\cmsis_os.o
                0x08006112                osDelay
 .text.osSemaphoreCreate
                0x08006122       0x26 Middlewares\Third_Party\FreeRTOS\Source\CMSIS_RTOS\cmsis_os.o
                0x08006122                osSemaphoreCreate
 .text.osSemaphoreWait
                0x08006148       0x50 Middlewares\Third_Party\FreeRTOS\Source\CMSIS_RTOS\cmsis_os.o
                0x08006148                osSemaphoreWait
 .text.osSemaphoreRelease
                0x08006198       0x48 Middlewares\Third_Party\FreeRTOS\Source\CMSIS_RTOS\cmsis_os.o
                0x08006198                osSemaphoreRelease
 .text.osSystickHandler
                0x080061e0       0x14 Middlewares\Third_Party\FreeRTOS\Source\CMSIS_RTOS\cmsis_os.o
                0x080061e0                osSystickHandler
 .text.osMessageDelete
                0x080061f4       0x14 Middlewares\Third_Party\FreeRTOS\Source\CMSIS_RTOS\cmsis_os.o
                0x080061f4                osMessageDelete
 .text.osSemaphoreDelete
                0x08006208        0x4 Middlewares\Third_Party\FreeRTOS\Source\CMSIS_RTOS\cmsis_os.o
                0x08006208                osSemaphoreDelete
 .text.vListInitialise
                0x0800620c       0x16 Middlewares\Third_Party\FreeRTOS\Source\list.o
                0x0800620c                vListInitialise
 .text.vListInitialiseItem
                0x08006222        0x6 Middlewares\Third_Party\FreeRTOS\Source\list.o
                0x08006222                vListInitialiseItem
 .text.vListInsertEnd
                0x08006228       0x18 Middlewares\Third_Party\FreeRTOS\Source\list.o
                0x08006228                vListInsertEnd
 .text.vListInsert
                0x08006240       0x2e Middlewares\Third_Party\FreeRTOS\Source\list.o
                0x08006240                vListInsert
 .text.uxListRemove
                0x0800626e       0x20 Middlewares\Third_Party\FreeRTOS\Source\list.o
                0x0800626e                uxListRemove
 *fill*         0x0800628e        0x2 
 .text.unlikely.prvInsertBlockIntoFreeList
                0x08006290       0x48 Middlewares\Third_Party\FreeRTOS\Source\portable\MemMang\heap_4.o
 .text.pvPortMalloc
                0x080062d8      0x11c Middlewares\Third_Party\FreeRTOS\Source\portable\MemMang\heap_4.o
                0x080062d8                pvPortMalloc
 .text.vPortFree
                0x080063f4       0x70 Middlewares\Third_Party\FreeRTOS\Source\portable\MemMang\heap_4.o
                0x080063f4                vPortFree
 .text.prvTaskExitError
                0x08006464       0x30 Middlewares\Third_Party\FreeRTOS\Source\portable\RVDS\ARM_CM4F\port.o
 .text.prvPortStartFirstTask
                0x08006494       0x20 Middlewares\Third_Party\FreeRTOS\Source\portable\RVDS\ARM_CM4F\port.o
 .text.vPortEnableVFP
                0x080064b4       0x14 Middlewares\Third_Party\FreeRTOS\Source\portable\RVDS\ARM_CM4F\port.o
 .text.pxPortInitialiseStack
                0x080064c8       0x2c Middlewares\Third_Party\FreeRTOS\Source\portable\RVDS\ARM_CM4F\port.o
                0x080064c8                pxPortInitialiseStack
 *fill*         0x080064f4        0xc 
 .text.SVC_Handler
                0x08006500       0x24 Middlewares\Third_Party\FreeRTOS\Source\portable\RVDS\ARM_CM4F\port.o
                0x08006500                SVC_Handler
 .text.vPortEnterCritical
                0x08006524       0x44 Middlewares\Third_Party\FreeRTOS\Source\portable\RVDS\ARM_CM4F\port.o
                0x08006524                vPortEnterCritical
 .text.vPortExitCritical
                0x08006568       0x28 Middlewares\Third_Party\FreeRTOS\Source\portable\RVDS\ARM_CM4F\port.o
                0x08006568                vPortExitCritical
 .text.PendSV_Handler
                0x08006590       0x64 Middlewares\Third_Party\FreeRTOS\Source\portable\RVDS\ARM_CM4F\port.o
                0x08006590                PendSV_Handler
 .text.xPortSysTickHandler
                0x080065f4       0x2c Middlewares\Third_Party\FreeRTOS\Source\portable\RVDS\ARM_CM4F\port.o
                0x080065f4                xPortSysTickHandler
 .text.vPortSetupTimerInterrupt
                0x08006620       0x28 Middlewares\Third_Party\FreeRTOS\Source\portable\RVDS\ARM_CM4F\port.o
                0x08006620                vPortSetupTimerInterrupt
 .text.xPortStartScheduler
                0x08006648       0xec Middlewares\Third_Party\FreeRTOS\Source\portable\RVDS\ARM_CM4F\port.o
                0x08006648                xPortStartScheduler
 .text.vPortValidateInterruptPriority
                0x08006734       0x5c Middlewares\Third_Party\FreeRTOS\Source\portable\RVDS\ARM_CM4F\port.o
                0x08006734                vPortValidateInterruptPriority
 .text.unlikely.prvCopyDataToQueue
                0x08006790       0x66 Middlewares\Third_Party\FreeRTOS\Source\queue.o
 .text.unlikely.prvCopyDataFromQueue
                0x080067f6       0x2a Middlewares\Third_Party\FreeRTOS\Source\queue.o
 .text.prvUnlockQueue
                0x08006820       0x70 Middlewares\Third_Party\FreeRTOS\Source\queue.o
 .text.xQueueGenericReset
                0x08006890       0x80 Middlewares\Third_Party\FreeRTOS\Source\queue.o
                0x08006890                xQueueGenericReset
 .text.xQueueGenericCreate
                0x08006910       0x48 Middlewares\Third_Party\FreeRTOS\Source\queue.o
                0x08006910                xQueueGenericCreate
 .text.xQueueGenericSend
                0x08006958      0x16c Middlewares\Third_Party\FreeRTOS\Source\queue.o
                0x08006958                xQueueGenericSend
 .text.xQueueGenericSendFromISR
                0x08006ac4       0xc4 Middlewares\Third_Party\FreeRTOS\Source\queue.o
                0x08006ac4                xQueueGenericSendFromISR
 .text.xQueueGiveFromISR
                0x08006b88       0xa8 Middlewares\Third_Party\FreeRTOS\Source\queue.o
                0x08006b88                xQueueGiveFromISR
 .text.xQueueGenericReceive
                0x08006c30      0x188 Middlewares\Third_Party\FreeRTOS\Source\queue.o
                0x08006c30                xQueueGenericReceive
 .text.xQueueReceiveFromISR
                0x08006db8       0xa0 Middlewares\Third_Party\FreeRTOS\Source\queue.o
                0x08006db8                xQueueReceiveFromISR
 .text.vQueueAddToRegistry
                0x08006e58       0x24 Middlewares\Third_Party\FreeRTOS\Source\queue.o
                0x08006e58                vQueueAddToRegistry
 .text.vQueueUnregisterQueue
                0x08006e7c       0x28 Middlewares\Third_Party\FreeRTOS\Source\queue.o
                0x08006e7c                vQueueUnregisterQueue
 .text.vQueueDelete
                0x08006ea4       0x26 Middlewares\Third_Party\FreeRTOS\Source\queue.o
                0x08006ea4                vQueueDelete
 .text.xTaskCreate
                0x08006eca       0x82 Middlewares\Third_Party\FreeRTOS\Source\tasks.o
                0x08006eca                xTaskCreate
 .text.prvInitialiseNewTask
                0x08006f4c      0x112 Middlewares\Third_Party\FreeRTOS\Source\tasks.o
 *fill*         0x0800705e        0x2 
 .text.prvAddNewTaskToReadyList
                0x08007060       0xdc Middlewares\Third_Party\FreeRTOS\Source\tasks.o
 .text.vTaskDelay
                0x0800713c       0x68 Middlewares\Third_Party\FreeRTOS\Source\tasks.o
                0x0800713c                vTaskDelay
 .text.vTaskStartScheduler
                0x080071a4       0x90 Middlewares\Third_Party\FreeRTOS\Source\tasks.o
                0x080071a4                vTaskStartScheduler
 .text.vTaskSuspendAll
                0x08007234       0x1c Middlewares\Third_Party\FreeRTOS\Source\tasks.o
                0x08007234                vTaskSuspendAll
 .text.xTaskResumeAll
                0x08007250      0x138 Middlewares\Third_Party\FreeRTOS\Source\tasks.o
                0x08007250                xTaskResumeAll
 .text.xTaskIncrementTick
                0x08007388      0x178 Middlewares\Third_Party\FreeRTOS\Source\tasks.o
                0x08007388                xTaskIncrementTick
 .text.vTaskSwitchContext
                0x08007500       0xec Middlewares\Third_Party\FreeRTOS\Source\tasks.o
                0x08007500                vTaskSwitchContext
 .text.vTaskPlaceOnEventList
                0x080075ec       0x48 Middlewares\Third_Party\FreeRTOS\Source\tasks.o
                0x080075ec                vTaskPlaceOnEventList
 .text.xTaskRemoveFromEventList
                0x08007634       0xc4 Middlewares\Third_Party\FreeRTOS\Source\tasks.o
                0x08007634                xTaskRemoveFromEventList
 .text.vTaskSetTimeOutState
                0x080076f8       0x48 Middlewares\Third_Party\FreeRTOS\Source\tasks.o
                0x080076f8                vTaskSetTimeOutState
 .text.xTaskCheckForTimeOut
                0x08007740       0xbc Middlewares\Third_Party\FreeRTOS\Source\tasks.o
                0x08007740                xTaskCheckForTimeOut
 .text.vTaskMissedYield
                0x080077fc       0x18 Middlewares\Third_Party\FreeRTOS\Source\tasks.o
                0x080077fc                vTaskMissedYield
 .text.prvIdleTask
                0x08007814       0x30 Middlewares\Third_Party\FreeRTOS\Source\tasks.o
 .text.prvInitialiseTaskLists
                0x08007844       0x80 Middlewares\Third_Party\FreeRTOS\Source\tasks.o
 .text.prvCheckTasksWaitingTermination
                0x080078c4       0x78 Middlewares\Third_Party\FreeRTOS\Source\tasks.o
 .text.prvDeleteTCB
                0x0800793c       0x20 Middlewares\Third_Party\FreeRTOS\Source\tasks.o
 .text.prvResetNextTaskUnblockTime
                0x0800795c       0x4c Middlewares\Third_Party\FreeRTOS\Source\tasks.o
 .text.xTaskGetSchedulerState
                0x080079a8       0x3c Middlewares\Third_Party\FreeRTOS\Source\tasks.o
                0x080079a8                xTaskGetSchedulerState
 .text.vTaskPriorityInherit
                0x080079e4       0xec Middlewares\Third_Party\FreeRTOS\Source\tasks.o
                0x080079e4                vTaskPriorityInherit
 .text.xTaskPriorityDisinherit
                0x08007ad0      0x108 Middlewares\Third_Party\FreeRTOS\Source\tasks.o
                0x08007ad0                xTaskPriorityDisinherit
 .text.pvTaskIncrementMutexHeldCount
                0x08007bd8       0x28 Middlewares\Third_Party\FreeRTOS\Source\tasks.o
                0x08007bd8                pvTaskIncrementMutexHeldCount
 .text.prvAddCurrentTaskToDelayedList
                0x08007c00       0xcc Middlewares\Third_Party\FreeRTOS\Source\tasks.o
 .text.Reset_Handler
                0x08007ccc       0x50 startup\startup_stm32f429xx.o
                0x08007ccc                Reset_Handler
 .text.Default_Handler
                0x08007d1c        0x2 startup\startup_stm32f429xx.o
                0x08007d1c                RTC_Alarm_IRQHandler
                0x08007d1c                HASH_RNG_IRQHandler
                0x08007d1c                EXTI2_IRQHandler
                0x08007d1c                TIM8_CC_IRQHandler
                0x08007d1c                UART8_IRQHandler
                0x08007d1c                SPI4_IRQHandler
                0x08007d1c                TIM1_CC_IRQHandler
                0x08007d1c                DMA2_Stream5_IRQHandler
                0x08007d1c                DMA1_Stream5_IRQHandler
                0x08007d1c                PVD_IRQHandler
                0x08007d1c                SDIO_IRQHandler
                0x08007d1c                TAMP_STAMP_IRQHandler
                0x08007d1c                CAN2_RX1_IRQHandler
                0x08007d1c                EXTI3_IRQHandler
                0x08007d1c                TIM8_TRG_COM_TIM14_IRQHandler
                0x08007d1c                TIM8_UP_TIM13_IRQHandler
                0x08007d1c                I2C3_ER_IRQHandler
                0x08007d1c                EXTI0_IRQHandler
                0x08007d1c                I2C2_EV_IRQHandler
                0x08007d1c                DMA1_Stream2_IRQHandler
                0x08007d1c                FPU_IRQHandler
                0x08007d1c                OTG_HS_WKUP_IRQHandler
                0x08007d1c                LTDC_ER_IRQHandler
                0x08007d1c                CAN2_SCE_IRQHandler
                0x08007d1c                DMA2_Stream2_IRQHandler
                0x08007d1c                SPI1_IRQHandler
                0x08007d1c                TIM1_BRK_TIM9_IRQHandler
                0x08007d1c                DCMI_IRQHandler
                0x08007d1c                CAN2_RX0_IRQHandler
                0x08007d1c                DMA2_Stream3_IRQHandler
                0x08007d1c                USART6_IRQHandler
                0x08007d1c                USART3_IRQHandler
                0x08007d1c                CAN1_RX1_IRQHandler
                0x08007d1c                UART5_IRQHandler
                0x08007d1c                DMA2_Stream0_IRQHandler
                0x08007d1c                TIM4_IRQHandler
                0x08007d1c                I2C1_EV_IRQHandler
                0x08007d1c                DMA1_Stream6_IRQHandler
                0x08007d1c                DMA1_Stream1_IRQHandler
                0x08007d1c                UART4_IRQHandler
                0x08007d1c                TIM3_IRQHandler
                0x08007d1c                RCC_IRQHandler
                0x08007d1c                TIM8_BRK_TIM12_IRQHandler
                0x08007d1c                Default_Handler
                0x08007d1c                EXTI15_10_IRQHandler
                0x08007d1c                ADC_IRQHandler
                0x08007d1c                DMA1_Stream7_IRQHandler
                0x08007d1c                SPI5_IRQHandler
                0x08007d1c                CAN2_TX_IRQHandler
                0x08007d1c                DMA2_Stream7_IRQHandler
                0x08007d1c                I2C3_EV_IRQHandler
                0x08007d1c                EXTI9_5_IRQHandler
                0x08007d1c                RTC_WKUP_IRQHandler
                0x08007d1c                LTDC_IRQHandler
                0x08007d1c                ETH_WKUP_IRQHandler
                0x08007d1c                SPI2_IRQHandler
                0x08007d1c                OTG_HS_EP1_IN_IRQHandler
                0x08007d1c                DMA1_Stream0_IRQHandler
                0x08007d1c                CAN1_TX_IRQHandler
                0x08007d1c                EXTI4_IRQHandler
                0x08007d1c                ETH_IRQHandler
                0x08007d1c                OTG_HS_EP1_OUT_IRQHandler
                0x08007d1c                WWDG_IRQHandler
                0x08007d1c                SPI6_IRQHandler
                0x08007d1c                TIM2_IRQHandler
                0x08007d1c                OTG_FS_WKUP_IRQHandler
                0x08007d1c                TIM1_TRG_COM_TIM11_IRQHandler
                0x08007d1c                OTG_HS_IRQHandler
                0x08007d1c                DMA2D_IRQHandler
                0x08007d1c                EXTI1_IRQHandler
                0x08007d1c                UART7_IRQHandler
                0x08007d1c                USART2_IRQHandler
                0x08007d1c                I2C2_ER_IRQHandler
                0x08007d1c                DMA2_Stream1_IRQHandler
                0x08007d1c                CAN1_SCE_IRQHandler
                0x08007d1c                FLASH_IRQHandler
                0x08007d1c                DMA2_Stream4_IRQHandler
                0x08007d1c                USART1_IRQHandler
                0x08007d1c                SPI3_IRQHandler
                0x08007d1c                DMA1_Stream4_IRQHandler
                0x08007d1c                I2C1_ER_IRQHandler
                0x08007d1c                FMC_IRQHandler
                0x08007d1c                DMA2_Stream6_IRQHandler
                0x08007d1c                SAI1_IRQHandler
                0x08007d1c                DMA1_Stream3_IRQHandler
 *fill*         0x08007d1e        0x2 
 .text.__libc_init_array
                0x08007d20       0x48 c:/program files (x86)/atollic/truestudio for stm32 9.0.1/armtools/bin/../lib/gcc/arm-atollic-eabi/6.3.1/../../../../arm-atollic-eabi/lib/armv7e-m/fpu\libc_nano.a(lib_a-init.o)
                0x08007d20                __libc_init_array
 .text.malloc   0x08007d68       0x10 c:/program files (x86)/atollic/truestudio for stm32 9.0.1/armtools/bin/../lib/gcc/arm-atollic-eabi/6.3.1/../../../../arm-atollic-eabi/lib/armv7e-m/fpu\libc_nano.a(lib_a-malloc.o)
                0x08007d68                malloc
 .text.free     0x08007d78       0x10 c:/program files (x86)/atollic/truestudio for stm32 9.0.1/armtools/bin/../lib/gcc/arm-atollic-eabi/6.3.1/../../../../arm-atollic-eabi/lib/armv7e-m/fpu\libc_nano.a(lib_a-malloc.o)
                0x08007d78                free
 .text.memcpy   0x08007d88       0x16 c:/program files (x86)/atollic/truestudio for stm32 9.0.1/armtools/bin/../lib/gcc/arm-atollic-eabi/6.3.1/../../../../arm-atollic-eabi/lib/armv7e-m/fpu\libc_nano.a(lib_a-memcpy-stub.o)
                0x08007d88                memcpy
 .text.memset   0x08007d9e       0x10 c:/program files (x86)/atollic/truestudio for stm32 9.0.1/armtools/bin/../lib/gcc/arm-atollic-eabi/6.3.1/../../../../arm-atollic-eabi/lib/armv7e-m/fpu\libc_nano.a(lib_a-memset.o)
                0x08007d9e                memset
 *fill*         0x08007dae        0x2 
 .text._free_r  0x08007db0       0x9c c:/program files (x86)/atollic/truestudio for stm32 9.0.1/armtools/bin/../lib/gcc/arm-atollic-eabi/6.3.1/../../../../arm-atollic-eabi/lib/armv7e-m/fpu\libc_nano.a(lib_a-nano-freer.o)
                0x08007db0                _free_r
 .text._malloc_r
                0x08007e4c       0xbc c:/program files (x86)/atollic/truestudio for stm32 9.0.1/armtools/bin/../lib/gcc/arm-atollic-eabi/6.3.1/../../../../arm-atollic-eabi/lib/armv7e-m/fpu\libc_nano.a(lib_a-nano-mallocr.o)
                0x08007e4c                _malloc_r
 .text._sbrk_r  0x08007f08       0x20 c:/program files (x86)/atollic/truestudio for stm32 9.0.1/armtools/bin/../lib/gcc/arm-atollic-eabi/6.3.1/../../../../arm-atollic-eabi/lib/armv7e-m/fpu\libc_nano.a(lib_a-sbrkr.o)
                0x08007f08                _sbrk_r
 .text.sprintf  0x08007f28       0x48 c:/program files (x86)/atollic/truestudio for stm32 9.0.1/armtools/bin/../lib/gcc/arm-atollic-eabi/6.3.1/../../../../arm-atollic-eabi/lib/armv7e-m/fpu\libc_nano.a(lib_a-sprintf.o)
                0x08007f28                siprintf
                0x08007f28                sprintf
 .text.strcat   0x08007f70       0x1e c:/program files (x86)/atollic/truestudio for stm32 9.0.1/armtools/bin/../lib/gcc/arm-atollic-eabi/6.3.1/../../../../arm-atollic-eabi/lib/armv7e-m/fpu\libc_nano.a(lib_a-strcat.o)
                0x08007f70                strcat
 .text.__malloc_lock
                0x08007f8e        0x2 c:/program files (x86)/atollic/truestudio for stm32 9.0.1/armtools/bin/../lib/gcc/arm-atollic-eabi/6.3.1/../../../../arm-atollic-eabi/lib/armv7e-m/fpu\libc_nano.a(lib_a-mlock.o)
                0x08007f8e                __malloc_lock
 .text.__malloc_unlock
                0x08007f90        0x2 c:/program files (x86)/atollic/truestudio for stm32 9.0.1/armtools/bin/../lib/gcc/arm-atollic-eabi/6.3.1/../../../../arm-atollic-eabi/lib/armv7e-m/fpu\libc_nano.a(lib_a-mlock.o)
                0x08007f90                __malloc_unlock
 .text.__ssputs_r
                0x08007f92       0xb6 c:/program files (x86)/atollic/truestudio for stm32 9.0.1/armtools/bin/../lib/gcc/arm-atollic-eabi/6.3.1/../../../../arm-atollic-eabi/lib/armv7e-m/fpu\libc_nano.a(lib_a-nano-svfprintf.o)
                0x08007f92                __ssputs_r
 .text._svfprintf_r
                0x08008048      0x1e8 c:/program files (x86)/atollic/truestudio for stm32 9.0.1/armtools/bin/../lib/gcc/arm-atollic-eabi/6.3.1/../../../../arm-atollic-eabi/lib/armv7e-m/fpu\libc_nano.a(lib_a-nano-svfprintf.o)
                0x08008048                _svfiprintf_r
                0x08008048                _svfprintf_r
 .text._printf_common
                0x08008230       0xec c:/program files (x86)/atollic/truestudio for stm32 9.0.1/armtools/bin/../lib/gcc/arm-atollic-eabi/6.3.1/../../../../arm-atollic-eabi/lib/armv7e-m/fpu\libc_nano.a(lib_a-nano-vfprintf_i.o)
                0x08008230                _printf_common
 .text._printf_i
                0x0800831c      0x240 c:/program files (x86)/atollic/truestudio for stm32 9.0.1/armtools/bin/../lib/gcc/arm-atollic-eabi/6.3.1/../../../../arm-atollic-eabi/lib/armv7e-m/fpu\libc_nano.a(lib_a-nano-vfprintf_i.o)
                0x0800831c                _printf_i
 .text.memmove  0x0800855c       0x34 c:/program files (x86)/atollic/truestudio for stm32 9.0.1/armtools/bin/../lib/gcc/arm-atollic-eabi/6.3.1/../../../../arm-atollic-eabi/lib/armv7e-m/fpu\libc_nano.a(lib_a-memmove.o)
                0x0800855c                memmove
 .text._realloc_r
                0x08008590       0x4c c:/program files (x86)/atollic/truestudio for stm32 9.0.1/armtools/bin/../lib/gcc/arm-atollic-eabi/6.3.1/../../../../arm-atollic-eabi/lib/armv7e-m/fpu\libc_nano.a(lib_a-nano-reallocr.o)
                0x08008590                _realloc_r
 .text._malloc_usable_size_r
                0x080085dc       0x12 c:/program files (x86)/atollic/truestudio for stm32 9.0.1/armtools/bin/../lib/gcc/arm-atollic-eabi/6.3.1/../../../../arm-atollic-eabi/lib/armv7e-m/fpu\libc_nano.a(lib_a-nano-msizer.o)
                0x080085dc                _malloc_usable_size_r
 *fill*         0x080085ee        0x2 
 .text._sbrk    0x080085f0       0x1c c:/program files (x86)/atollic/truestudio for stm32 9.0.1/armtools/bin/../lib/gcc/arm-atollic-eabi/6.3.1/../../../../arm-atollic-eabi/lib/armv7e-m/fpu\libnosys.a(sbrk.o)
                0x080085f0                _sbrk
 *(.glue_7)
 .glue_7        0x0800860c        0x0 linker stubs
 *(.glue_7t)
 .glue_7t       0x0800860c        0x0 linker stubs
 *(.eh_frame)
 .eh_frame      0x0800860c        0x0 c:/program files (x86)/atollic/truestudio for stm32 9.0.1/armtools/bin/../lib/gcc/arm-atollic-eabi/6.3.1/armv7e-m/fpu/crtbegin.o
 *(.init)
 .init          0x0800860c        0x4 c:/program files (x86)/atollic/truestudio for stm32 9.0.1/armtools/bin/../lib/gcc/arm-atollic-eabi/6.3.1/armv7e-m/fpu/crti.o
                0x0800860c                _init
 .init          0x08008610        0x8 c:/program files (x86)/atollic/truestudio for stm32 9.0.1/armtools/bin/../lib/gcc/arm-atollic-eabi/6.3.1/armv7e-m/fpu/crtn.o
 *(.fini)
 .fini          0x08008618        0x4 c:/program files (x86)/atollic/truestudio for stm32 9.0.1/armtools/bin/../lib/gcc/arm-atollic-eabi/6.3.1/armv7e-m/fpu/crti.o
                0x08008618                _fini
 .fini          0x0800861c        0x8 c:/program files (x86)/atollic/truestudio for stm32 9.0.1/armtools/bin/../lib/gcc/arm-atollic-eabi/6.3.1/armv7e-m/fpu/crtn.o
                0x08008624                . = ALIGN (0x4)
                0x08008624                _etext = .

.vfp11_veneer   0x08008624        0x0
 .vfp11_veneer  0x08008624        0x0 linker stubs

.v4_bx          0x08008624        0x0
 .v4_bx         0x08008624        0x0 linker stubs

.iplt           0x08008624        0x0
 .iplt          0x08008624        0x0 c:/program files (x86)/atollic/truestudio for stm32 9.0.1/armtools/bin/../lib/gcc/arm-atollic-eabi/6.3.1/armv7e-m/fpu/crtbegin.o

.rodata         0x08008624      0x35c
                0x08008624                . = ALIGN (0x4)
 *(.rodata)
 .rodata        0x08008624       0x14 Core\Src\main.o
 .rodata        0x08008638       0x28 Drivers\BSP\src\bsp_canbus.o
 .rodata        0x08008660       0x14 Drivers\BSP\src\bsp_sdcard.o
 .rodata        0x08008674       0x28 Drivers\BSP\src\bsp_usb.o
 .rodata        0x0800869c        0x5 Middlewares\Third_Party\FreeRTOS\Source\tasks.o
 *(.rodata*)
 .rodata.sensorRequestArray
                0x080086a1        0x1 Core\Src\devices.o
 .rodata.mainTask.str1.1
                0x080086a2       0x11 Core\Src\main.o
 .rodata.str1.1
                0x080086b3        0xc Core\Src\main.o
 .rodata.AHBPrescTable
                0x080086bf       0x10 Core\Src\system_stm32f4xx.o
                0x080086bf                AHBPrescTable
 .rodata.APBPrescTable
                0x080086cf        0x8 Core\Src\system_stm32f4xx.o
                0x080086cf                APBPrescTable
 .rodata.BSP_CanBus_Init.str1.1
                0x080086d7       0x20 Drivers\BSP\src\bsp_canbus.o
 .rodata.BSP_CanBus_RxTask.str1.1
                0x080086f7       0x21 Drivers\BSP\src\bsp_canbus.o
 .rodata.BSP_CanBus_TxTask.str1.1
                0x08008718       0x18 Drivers\BSP\src\bsp_canbus.o
 .rodata.str1.1
                0x08008730       0x1a Drivers\BSP\src\bsp_canbus.o
 .rodata.BSP_SDCard_GetFileNumbers.str1.1
                0x0800874a       0x1a Drivers\BSP\src\bsp_sdcard.o
                                  0x1 (size before relaxing)
 .rodata.BSP_SDCard_Init.str1.1
                0x0800874a       0x20 Drivers\BSP\src\bsp_sdcard.o
 .rodata.BSP_SDCard_Task.str1.1
                0x0800876a       0x3f Drivers\BSP\src\bsp_sdcard.o
 .rodata.SD_Write.str1.1
                0x080087a9       0x51 Drivers\BSP\src\bsp_sdcard.o
 .rodata.str1.1
                0x080087fa        0xb Drivers\BSP\src\bsp_sdcard.o
 .rodata.BSP_Usb_Init.str1.1
                0x08008805        0xf Drivers\BSP\src\bsp_usb.o
 .rodata.str1.1
                0x08008814       0x14 Drivers\BSP\src\bsp_usb.o
 .rodata.CSWTCH.39
                0x08008828        0x4 Middlewares\ST\STM32_USB_Device_Library\Core\Src\usbd_conf.o
 .rodata.USBD_LL_Init.str1.1
                0x0800882c       0x40 Middlewares\ST\STM32_USB_Device_Library\Core\Src\usbd_conf.o
 .rodata.USBD_FS_ConfigStrDescriptor.str1.1
                0x0800886c        0xb Middlewares\ST\STM32_USB_Device_Library\Core\Src\usbd_desc.o
 .rodata.USBD_FS_InterfaceStrDescriptor.str1.1
                0x08008877        0xe Middlewares\ST\STM32_USB_Device_Library\Core\Src\usbd_desc.o
 .rodata.USBD_FS_ManufacturerStrDescriptor.str1.1
                0x08008885       0x13 Middlewares\ST\STM32_USB_Device_Library\Core\Src\usbd_desc.o
 .rodata.USBD_FS_ProductStrDescriptor.str1.1
                0x08008898       0x16 Middlewares\ST\STM32_USB_Device_Library\Core\Src\usbd_desc.o
 .rodata.USBD_FS_SerialStrDescriptor.str1.1
                0x080088ae        0xd Middlewares\ST\STM32_USB_Device_Library\Core\Src\usbd_desc.o
 .rodata.ExCvt  0x080088bb       0x80 Middlewares\Third_Party\FatFs\src\ff.o
 .rodata.follow_path.str1.1
                0x0800893b        0xf Middlewares\Third_Party\FatFs\src\ff.o
 .rodata._svfprintf_r.str1.1
                0x0800894a       0x11 c:/program files (x86)/atollic/truestudio for stm32 9.0.1/armtools/bin/../lib/gcc/arm-atollic-eabi/6.3.1/../../../../arm-atollic-eabi/lib/armv7e-m/fpu\libc_nano.a(lib_a-nano-svfprintf.o)
 .rodata._printf_i.str1.1
                0x0800895b       0x22 c:/program files (x86)/atollic/truestudio for stm32 9.0.1/armtools/bin/../lib/gcc/arm-atollic-eabi/6.3.1/../../../../arm-atollic-eabi/lib/armv7e-m/fpu\libc_nano.a(lib_a-nano-vfprintf_i.o)
                0x08008980                . = ALIGN (0x4)
 *fill*         0x0800897d        0x3 

.ARM.extab
 *(.ARM.extab* .gnu.linkonce.armextab.*)

.ARM            0x08008980        0x8
                0x08008980                __exidx_start = .
 *(.ARM.exidx*)
 .ARM.exidx     0x08008980        0x8 c:/program files (x86)/atollic/truestudio for stm32 9.0.1/armtools/bin/../lib/gcc/arm-atollic-eabi/6.3.1/armv7e-m/fpu\libgcc.a(_udivmoddi4.o)
                0x08008988                __exidx_end = .

.rel.dyn        0x08008988        0x0
 .rel.iplt      0x08008988        0x0 c:/program files (x86)/atollic/truestudio for stm32 9.0.1/armtools/bin/../lib/gcc/arm-atollic-eabi/6.3.1/armv7e-m/fpu/crtbegin.o

.preinit_array  0x08008988        0x0
                0x08008988                PROVIDE (__preinit_array_start, .)
 *(.preinit_array*)
                0x08008988                PROVIDE (__preinit_array_end, .)

.init_array     0x08008988        0x4
                0x08008988                PROVIDE (__init_array_start, .)
 *(SORT(.init_array.*))
 *(.init_array*)
 .init_array    0x08008988        0x4 c:/program files (x86)/atollic/truestudio for stm32 9.0.1/armtools/bin/../lib/gcc/arm-atollic-eabi/6.3.1/armv7e-m/fpu/crtbegin.o
                0x0800898c                PROVIDE (__init_array_end, .)

.fini_array     0x0800898c        0x4
                [!provide]                PROVIDE (__fini_array_start, .)
 *(SORT(.fini_array.*))
 *(.fini_array*)
 .fini_array    0x0800898c        0x4 c:/program files (x86)/atollic/truestudio for stm32 9.0.1/armtools/bin/../lib/gcc/arm-atollic-eabi/6.3.1/armv7e-m/fpu/crtbegin.o
                [!provide]                PROVIDE (__fini_array_end, .)
                0x08008990                _sidata = LOADADDR (.data)

.data           0x20000000      0x1dc load address 0x08008990
                0x20000000                . = ALIGN (0x4)
                0x20000000                _sdata = .
 *(.data)
 *(.data*)
 .data.SystemCoreClock
                0x20000000        0x4 Core\Src\system_stm32f4xx.o
                0x20000000                SystemCoreClock
 .data.uwTickFreq
                0x20000004        0x1 Drivers\STM32F4xx_HAL_Driver\Src\stm32f4xx_hal.o
                0x20000004                uwTickFreq
 *fill*         0x20000005        0x3 
 .data.USBD_CDC
                0x20000008       0x38 Middlewares\ST\STM32_USB_Device_Library\Class\CDC\Src\usbd_cdc.o
                0x20000008                USBD_CDC
 .data.USBD_CDC_CfgFSDesc
                0x20000040       0x43 Middlewares\ST\STM32_USB_Device_Library\Class\CDC\Src\usbd_cdc.o
                0x20000040                USBD_CDC_CfgFSDesc
 *fill*         0x20000083        0x1 
 .data.USBD_CDC_CfgHSDesc
                0x20000084       0x43 Middlewares\ST\STM32_USB_Device_Library\Class\CDC\Src\usbd_cdc.o
                0x20000084                USBD_CDC_CfgHSDesc
 *fill*         0x200000c7        0x1 
 .data.USBD_CDC_DeviceQualifierDesc
                0x200000c8        0xa Middlewares\ST\STM32_USB_Device_Library\Class\CDC\Src\usbd_cdc.o
 *fill*         0x200000d2        0x2 
 .data.USBD_CDC_OtherSpeedCfgDesc
                0x200000d4       0x43 Middlewares\ST\STM32_USB_Device_Library\Class\CDC\Src\usbd_cdc.o
                0x200000d4                USBD_CDC_OtherSpeedCfgDesc
 *fill*         0x20000117        0x1 
 .data.USBD_Interface_fops_FS
                0x20000118       0x10 Middlewares\ST\STM32_USB_Device_Library\Core\Src\usbd_cdc_if.o
                0x20000118                USBD_Interface_fops_FS
 .data.FS_Desc  0x20000128       0x1c Middlewares\ST\STM32_USB_Device_Library\Core\Src\usbd_desc.o
                0x20000128                FS_Desc
 .data.USBD_FS_DeviceDesc
                0x20000144       0x12 Middlewares\ST\STM32_USB_Device_Library\Core\Src\usbd_desc.o
                0x20000144                USBD_FS_DeviceDesc
 *fill*         0x20000156        0x2 
 .data.USBD_LangIDDesc
                0x20000158        0x4 Middlewares\ST\STM32_USB_Device_Library\Core\Src\usbd_desc.o
                0x20000158                USBD_LangIDDesc
 .data.SD_Driver
                0x2000015c       0x14 Middlewares\Third_Party\FatFs\src\sd_diskio.o
                0x2000015c                SD_Driver
 .data.Stat     0x20000170        0x1 Middlewares\Third_Party\FatFs\src\sd_diskio.o
 *fill*         0x20000171        0x3 
 .data.uxCriticalNesting
                0x20000174        0x4 Middlewares\Third_Party\FreeRTOS\Source\portable\RVDS\ARM_CM4F\port.o
 .data._impure_ptr
                0x20000178        0x4 c:/program files (x86)/atollic/truestudio for stm32 9.0.1/armtools/bin/../lib/gcc/arm-atollic-eabi/6.3.1/../../../../arm-atollic-eabi/lib/armv7e-m/fpu\libc_nano.a(lib_a-impure.o)
                0x20000178                _impure_ptr
 .data.impure_data
                0x2000017c       0x60 c:/program files (x86)/atollic/truestudio for stm32 9.0.1/armtools/bin/../lib/gcc/arm-atollic-eabi/6.3.1/../../../../arm-atollic-eabi/lib/armv7e-m/fpu\libc_nano.a(lib_a-impure.o)
                0x200001dc                . = ALIGN (0x4)
                0x200001dc                _edata = .
                0x08008b6c                _siccmram = LOADADDR (.ccmram)

.igot.plt       0x200001dc        0x0 load address 0x08008b6c
 .igot.plt      0x200001dc        0x0 c:/program files (x86)/atollic/truestudio for stm32 9.0.1/armtools/bin/../lib/gcc/arm-atollic-eabi/6.3.1/armv7e-m/fpu/crtbegin.o

.ccmram         0x10000000        0x0 load address 0x08008b6c
                0x10000000                . = ALIGN (0x4)
                0x10000000                _sccmram = .
 *(.ccmram)
 *(.ccmram*)
                0x10000000                . = ALIGN (0x4)
                0x10000000                _eccmram = .
                0x10000000                . = ALIGN (0x4)

.bss            0x200001dc    0x117b4
                0x200001dc                _sbss = .
                0x200001dc                __bss_start__ = _sbss
 *(.bss)
 .bss           0x200001dc       0x1c c:/program files (x86)/atollic/truestudio for stm32 9.0.1/armtools/bin/../lib/gcc/arm-atollic-eabi/6.3.1/armv7e-m/fpu/crtbegin.o
 *(.bss*)
 .bss.curCameraData
                0x200001f8        0x8 Core\Src\devices.o
 .bss.curSensorData
                0x20000200        0xa Core\Src\devices.o
 *fill*         0x2000020a        0x2 
 .bss.ulHighFrequencyTimerTicks
                0x2000020c        0x4 Core\Src\main.o
                0x2000020c                ulHighFrequencyTimerTicks
 .bss.RxMessage.11030
                0x20000210       0x24 Drivers\BSP\src\bsp_canbus.o
 .bss.TxMessage.11023
                0x20000234       0x20 Drivers\BSP\src\bsp_canbus.o
 .bss.xHigherPriorityTaskWoken.11045
                0x20000254        0x4 Drivers\BSP\src\bsp_canbus.o
 .bss.pManDataBuf
                0x20000258        0x4 Drivers\BSP\src\bsp_manchester.o
 .bss.rxManData
                0x2000025c        0x8 Drivers\BSP\src\bsp_manchester.o
 .bss.testRxInd
                0x20000264        0x1 Drivers\BSP\src\bsp_manchester.o
                0x20000264                testRxInd
 *fill*         0x20000265        0x1 
 .bss.txManData
                0x20000266        0x2 Drivers\BSP\src\bsp_manchester.o
 .bss.uManTxBufLen
                0x20000268        0x1 Drivers\BSP\src\bsp_manchester.o
 .bss.uManTxByteIndex
                0x20000269        0x1 Drivers\BSP\src\bsp_manchester.o
 *fill*         0x2000026a        0x2 
 .bss.fileSystem
                0x2000026c      0x234 Drivers\BSP\src\bsp_sdcard.o
 .bss.sensorData
                0x200004a0        0xa Drivers\BSP\src\bsp_sdcard.o
 *fill*         0x200004aa        0x2 
 .bss.txMsg.10965
                0x200004ac        0x8 Drivers\BSP\src\bsp_usb.o
 .bss.txMsg.10980
                0x200004b4        0x8 Drivers\BSP\src\bsp_usb.o
 .bss.ifalt.10220
                0x200004bc        0x1 Middlewares\ST\STM32_USB_Device_Library\Class\CDC\Src\usbd_cdc.o
 .bss.cfgidx.10225
                0x200004bd        0x1 Middlewares\ST\STM32_USB_Device_Library\Core\Src\usbd_ctlreq.o
 *fill*         0x200004be        0x2 
 .bss.FatFs     0x200004c0        0x4 Middlewares\Third_Party\FatFs\src\ff.o
 .bss.Files     0x200004c4       0x20 Middlewares\Third_Party\FatFs\src\ff.o
 .bss.Fsid      0x200004e4        0x2 Middlewares\Third_Party\FatFs\src\ff.o
 *fill*         0x200004e6        0x2 
 .bss.disk      0x200004e8        0xc Middlewares\Third_Party\FatFs\src\ff_gen_drv.o
                0x200004e8                disk
 .bss.CardType  0x200004f4        0x1 Middlewares\Third_Party\FatFs\src\sd_diskio.o
 .bss.PowerFlag
                0x200004f5        0x1 Middlewares\Third_Party\FatFs\src\sd_diskio.o
 .bss.Timer1    0x200004f6        0x1 Middlewares\Third_Party\FatFs\src\sd_diskio.o
 .bss.Timer2    0x200004f7        0x1 Middlewares\Third_Party\FatFs\src\sd_diskio.o
 .bss.pxEnd     0x200004f8        0x4 Middlewares\Third_Party\FreeRTOS\Source\portable\MemMang\heap_4.o
 .bss.ucHeap    0x200004fc    0x10000 Middlewares\Third_Party\FreeRTOS\Source\portable\MemMang\heap_4.o
 .bss.xBlockAllocatedBit
                0x200104fc        0x4 Middlewares\Third_Party\FreeRTOS\Source\portable\MemMang\heap_4.o
 .bss.xFreeBytesRemaining
                0x20010500        0x4 Middlewares\Third_Party\FreeRTOS\Source\portable\MemMang\heap_4.o
 .bss.xMinimumEverFreeBytesRemaining
                0x20010504        0x4 Middlewares\Third_Party\FreeRTOS\Source\portable\MemMang\heap_4.o
 .bss.xStart    0x20010508        0x8 Middlewares\Third_Party\FreeRTOS\Source\portable\MemMang\heap_4.o
 .bss.ucMaxSysCallPriority
                0x20010510        0x1 Middlewares\Third_Party\FreeRTOS\Source\portable\RVDS\ARM_CM4F\port.o
 *fill*         0x20010511        0x3 
 .bss.ulMaxPRIGROUPValue
                0x20010514        0x4 Middlewares\Third_Party\FreeRTOS\Source\portable\RVDS\ARM_CM4F\port.o
 .bss.pxCurrentTCB
                0x20010518        0x4 Middlewares\Third_Party\FreeRTOS\Source\tasks.o
                0x20010518                pxCurrentTCB
 .bss.pxReadyTasksLists
                0x2001051c       0x8c Middlewares\Third_Party\FreeRTOS\Source\tasks.o
 .bss.xDelayedTaskList1
                0x200105a8       0x14 Middlewares\Third_Party\FreeRTOS\Source\tasks.o
 .bss.xDelayedTaskList2
                0x200105bc       0x14 Middlewares\Third_Party\FreeRTOS\Source\tasks.o
 .bss.pxDelayedTaskList
                0x200105d0        0x4 Middlewares\Third_Party\FreeRTOS\Source\tasks.o
 .bss.pxOverflowDelayedTaskList
                0x200105d4        0x4 Middlewares\Third_Party\FreeRTOS\Source\tasks.o
 .bss.xPendingReadyList
                0x200105d8       0x14 Middlewares\Third_Party\FreeRTOS\Source\tasks.o
 .bss.xTasksWaitingTermination
                0x200105ec       0x14 Middlewares\Third_Party\FreeRTOS\Source\tasks.o
 .bss.uxDeletedTasksWaitingCleanUp
                0x20010600        0x4 Middlewares\Third_Party\FreeRTOS\Source\tasks.o
 .bss.xSuspendedTaskList
                0x20010604       0x14 Middlewares\Third_Party\FreeRTOS\Source\tasks.o
 .bss.uxCurrentNumberOfTasks
                0x20010618        0x4 Middlewares\Third_Party\FreeRTOS\Source\tasks.o
 .bss.xTickCount
                0x2001061c        0x4 Middlewares\Third_Party\FreeRTOS\Source\tasks.o
 .bss.uxTopReadyPriority
                0x20010620        0x4 Middlewares\Third_Party\FreeRTOS\Source\tasks.o
 .bss.xSchedulerRunning
                0x20010624        0x4 Middlewares\Third_Party\FreeRTOS\Source\tasks.o
 .bss.uxPendedTicks
                0x20010628        0x4 Middlewares\Third_Party\FreeRTOS\Source\tasks.o
 .bss.xYieldPending
                0x2001062c        0x4 Middlewares\Third_Party\FreeRTOS\Source\tasks.o
 .bss.xNumOfOverflows
                0x20010630        0x4 Middlewares\Third_Party\FreeRTOS\Source\tasks.o
 .bss.uxTaskNumber
                0x20010634        0x4 Middlewares\Third_Party\FreeRTOS\Source\tasks.o
 .bss.xNextTaskUnblockTime
                0x20010638        0x4 Middlewares\Third_Party\FreeRTOS\Source\tasks.o
 .bss.xIdleTaskHandle
                0x2001063c        0x4 Middlewares\Third_Party\FreeRTOS\Source\tasks.o
 .bss.uxSchedulerSuspended
                0x20010640        0x4 Middlewares\Third_Party\FreeRTOS\Source\tasks.o
 .bss.ulTaskSwitchedInTime
                0x20010644        0x4 Middlewares\Third_Party\FreeRTOS\Source\tasks.o
 .bss.ulTotalRunTime
                0x20010648        0x4 Middlewares\Third_Party\FreeRTOS\Source\tasks.o
 .bss.__malloc_free_list
                0x2001064c        0x4 c:/program files (x86)/atollic/truestudio for stm32 9.0.1/armtools/bin/../lib/gcc/arm-atollic-eabi/6.3.1/../../../../arm-atollic-eabi/lib/armv7e-m/fpu\libc_nano.a(lib_a-nano-mallocr.o)
                0x2001064c                __malloc_free_list
 .bss.__malloc_sbrk_start